Time[ps]      Etot[eV]     Epot[eV]     Ekin[eV]    T[K]      ---------------------- stress [GPa] -----------------------
0.0000       -29981.428   -29989.590        8.162   327.2      0.159     -0.313     -0.612     -0.544      0.551      0.284
0.0500       -29981.438   -29988.998        7.560   303.0     -0.756     -0.662      0.186      0.468      0.150      0.613
0.1000       -29981.309   -29989.211        7.902   316.7     -1.061     -1.032     -0.292     -0.104      0.406      0.444
0.1500       -29981.386   -29989.564        8.179   327.8     -0.535     -0.659     -0.599      0.224      0.272     -0.212
0.2000       -29981.347   -29989.434        8.087   324.1      0.303      1.030      0.298     -0.300     -0.785      0.083
0.2500       -29981.415   -29989.543        8.128   325.8      0.398     -0.106     -0.032      0.118      0.629     -0.278
0.3000       -29980.937   -29988.713        7.776   311.7     -1.207      0.457     -0.343     -0.070      0.122      0.414
0.3500       -29981.377   -29988.811        7.434   298.0     -0.617     -0.187     -0.335      0.076     -0.509     -0.610
0.4000       -29981.167   -29989.471        8.304   332.9     -0.748     -0.953     -0.928      0.563      0.224     -0.004
0.4500       -29981.387   -29988.934        7.547   302.5     -0.447     -0.826     -0.757     -0.656     -0.536     -0.257
0.5000       -29981.463   -29989.543        8.080   323.9     -0.382     -0.439     -0.019     -0.247      0.378     -0.099
0.5500       -29981.196   -29989.619        8.423   337.6      0.205     -0.952     -0.182     -0.210      0.028     -0.087
0.6000       -29981.061   -29989.617        8.556   343.0      0.229     -0.182     -0.891      0.123     -0.267      0.659
0.6500       -29981.578   -29989.211        7.633   306.0     -0.560     -0.939     -1.673     -0.368      0.608     -0.006
0.7000       -29981.497   -29989.055        7.558   303.0      0.106     -0.439     -0.237     -0.123     -0.575     -0.109
0.7500       -29981.210   -29989.016        7.805   312.9     -0.157     -0.183      0.250      0.076     -0.726      0.384
0.8000       -29980.687   -29988.881        8.193   328.4      0.207      0.096      0.073      0.408      0.366      0.831
0.8500       -29980.965   -29988.643        7.678   307.8     -0.114      0.087     -0.021     -0.190     -0.247     -0.486
0.9000       -29981.279   -29988.711        7.432   297.9      0.070      0.343      0.374      0.444      0.289      0.213
0.9500       -29981.124   -29989.473        8.349   334.7     -0.620     -1.022     -0.152      0.026     -0.274      0.343
1.0000       -29981.208   -29989.178        7.970   319.5     -0.259     -1.090     -0.873     -0.490     -0.190     -0.030
1.0500       -29981.251   -29989.486        8.235   330.1      0.034     -0.110      0.766     -0.088     -0.010     -0.434
1.1000       -29981.000   -29989.361        8.361   335.2      0.125     -0.567     -0.225      0.166     -0.061     -0.005
1.1500       -29981.470   -29989.133        7.663   307.2     -0.576     -0.146     -0.669      0.145     -0.048     -0.052
1.2000       -29981.520   -29989.355        7.835   314.1      0.037     -0.604      0.348      0.270     -0.594      0.012
1.2500       -29980.811   -29989.439        8.628   345.9      0.148     -0.614     -1.235      0.150      0.138     -0.400
1.3000       -29980.187   -29988.715        8.528   341.9     -1.363     -1.202     -0.382     -0.481     -0.200      0.309
1.3500       -29980.185   -29988.936        8.751   350.8     -0.149     -1.304     -0.984      0.314      0.151      0.071
1.4000       -29980.142   -29988.943        8.802   352.8     -0.436     -1.064     -0.175      0.169     -0.151     -0.524
1.4500       -29980.374   -29988.621        8.247   330.6     -0.161     -0.349     -0.367     -0.266      0.391      0.710
1.5000       -29980.048   -29989.021        8.973   359.7     -0.938     -0.323      0.071      0.410      0.139     -0.199
1.5500       -29979.696   -29988.709        9.013   361.3      1.173      0.279     -0.206     -0.059      0.235      0.279
1.6000       -29980.043   -29988.564        8.521   341.6     -0.625     -0.542      0.199      0.089     -0.075      0.502
1.6500       -29980.103   -29988.373        8.270   331.5     -1.310     -0.504     -1.805      0.033      0.044     -0.537
1.7000       -29980.157   -29988.078        7.921   317.5      0.651      0.517      0.399     -0.133     -0.141     -0.261
1.7500       -29980.533   -29988.703        8.170   327.5     -0.488     -0.309      0.218     -0.051     -0.224     -0.009
1.8000       -29981.253   -29989.281        8.028   321.8     -0.074      0.046     -0.358      0.117      0.156     -0.616
1.8500       -29981.329   -29989.371        8.042   322.3      0.104      0.085      0.092     -0.003      0.251     -0.013
1.9000       -29980.882   -29989.252        8.370   335.5     -0.283      0.067     -0.532     -0.308     -0.145     -0.489
1.9500       -29981.127   -29988.885        7.758   311.0     -0.996     -0.322     -0.642      0.235     -0.017     -0.314
2.0000       -29981.252   -29988.973        7.720   309.5      0.244     -0.997      0.508     -0.219      0.313      0.159
2.0500       -29981.246   -29989.336        8.090   324.3     -0.352     -1.114     -1.770      0.302      0.264      0.133
2.1000       -29981.105   -29989.367        8.262   331.2     -0.231     -0.506      0.858     -0.109      0.274     -0.041
2.1500       -29981.637   -29989.391        7.754   310.8      0.028     -0.276      0.496     -0.381     -0.054     -0.424
2.2000       -29981.713   -29989.322        7.609   305.0     -0.139     -0.204     -1.039      0.016      0.474      0.099
2.2500       -29981.218   -29988.617        7.399   296.6      0.273     -0.044      0.244      0.162     -0.098      0.003
2.3000       -29980.954   -29989.082        8.128   325.8     -0.220     -0.205     -0.891      0.143      0.756     -0.091
2.3500       -29980.806   -29989.174        8.368   335.4      0.401      0.078      0.195     -0.546     -0.077      0.737
2.4000       -29981.464   -29989.713        8.249   330.7      0.310     -0.451     -0.343      0.431      0.114     -0.453
2.4500       -29981.029   -29989.115        8.086   324.1     -0.664     -0.420     -0.295     -0.136      0.043     -0.054
2.5000       -29981.176   -29989.371        8.196   328.5      0.009     -0.269     -0.026      0.205     -0.045     -0.063
2.5500       -29980.952   -29989.041        8.089   324.2      0.019      0.337      0.079      0.060      0.256      0.022
2.6000       -29980.461   -29989.338        8.877   355.8     -0.165      0.145     -0.360      0.081     -0.176      0.517
2.6500       -29980.406   -29988.457        8.051   322.7      0.085      0.495     -0.247     -0.164     -0.878      0.024
2.7000       -29980.009   -29987.793        7.784   312.0     -0.223     -0.781     -1.409     -0.167      0.692      0.150
2.7500       -29979.811   -29988.482        8.671   347.6     -0.604     -0.669      0.376     -0.168     -0.174     -0.343
2.8000       -29979.895   -29988.951        9.056   363.0      0.079     -0.807     -0.030     -0.318      0.366      0.321
2.8500       -29980.193   -29988.223        8.029   321.8     -0.149      0.544     -0.597      0.369     -0.312      0.074
2.9000       -29979.798   -29988.688        8.890   356.3      0.211     -0.078      0.451      0.469      0.272     -0.130
2.9500       -29979.351   -29989.018        9.666   387.5     -0.950     -0.008     -0.289     -0.309     -0.188     -0.592
3.0000       -29979.127   -29988.967        9.840   394.4     -0.270     -0.271     -0.231     -0.060     -0.005      0.344
3.0500       -29979.243   -29987.633        8.390   336.3     -0.711     -0.346      0.594     -0.044     -0.037      0.232
3.1000       -29978.920   -29987.357        8.438   338.2     -0.389     -0.064     -0.079      0.990     -0.423     -0.792
3.1500       -29979.356   -29987.814        8.459   339.1     -0.216      0.319     -0.506     -0.856     -0.092     -0.014
3.2000       -29979.401   -29987.689        8.289   332.3     -0.398     -0.438     -0.803     -0.101      0.110     -0.303
3.2500       -29979.828   -29988.004        8.176   327.7     -0.121     -0.601     -0.226      0.264     -0.631      0.135
3.3000       -29979.552   -29987.641        8.088   324.2      0.698      0.294     -0.333     -0.264      0.248      0.056
3.3500       -29979.523   -29988.750        9.227   369.9     -0.162      0.317      0.834      0.080     -0.148     -0.059
3.4000       -29979.899   -29988.721        8.822   353.6     -0.079      0.080     -0.326      0.045      0.228     -0.469
3.4500       -29979.858   -29988.740        8.882   356.0     -0.642     -0.814     -0.840      0.518     -0.077      0.540
3.5000       -29980.312   -29988.785        8.473   339.7     -1.039     -0.642     -0.852      0.552     -0.160     -0.208
3.5500       -29980.545   -29988.637        8.092   324.4     -0.192     -0.065      0.011      0.430     -0.383      0.108
3.6000       -29980.879   -29988.518        7.639   306.2      0.041      0.359     -0.248      0.005      0.020     -0.109
3.6500       -29980.932   -29988.830        7.898   316.6      0.803      0.314      0.475      0.033     -0.380      0.364
3.7000       -29981.333   -29989.885        8.552   342.8     -0.443     -0.032     -0.539     -0.229      0.312     -0.061
3.7500       -29982.004   -29990.277        8.273   331.6      1.350      0.961     -0.089     -0.346     -0.123      0.093
3.8000       -29981.659   -29989.111        7.452   298.7     -0.147     -0.095      0.597      0.337     -0.272      0.164
3.8500       -29980.971   -29989.422        8.451   338.8     -0.186      0.005     -0.615     -0.448      0.307     -0.286
3.9000       -29980.736   -29988.477        7.741   310.3     -0.253     -0.129     -0.416      0.853      0.080     -0.018
3.9500       -29980.348   -29988.988        8.641   346.4     -0.553     -0.752     -0.177     -0.045     -0.544      0.202
4.0000       -29980.425   -29988.652        8.228   329.8     -1.227     -0.568     -1.307      0.043      0.149      0.322
4.0500       -29980.602   -29989.092        8.489   340.3      0.629     -0.910     -0.395     -0.033      0.287     -0.160
4.1000       -29980.439   -29989.256        8.817   353.4     -0.291     -0.020     -0.618      0.428      0.020     -0.290
4.1500       -29980.637   -29988.396        7.760   311.0      0.122     -0.421     -0.458     -0.317     -0.561      0.584
4.2000       -29980.738   -29988.426        7.687   308.2      0.125     -0.531      0.744      0.133      0.152     -0.045
4.2500       -29980.933   -29989.398        8.466   339.3     -0.358     -0.212     -0.135      0.255      0.126      0.526
4.3000       -29980.959   -29989.531        8.573   343.6     -0.134     -0.609     -0.000      0.007      0.426     -0.289
4.3500       -29981.013   -29989.389        8.376   335.7     -0.180     -0.349      0.546      0.101     -0.084     -0.358
4.4000       -29980.539   -29989.412        8.873   355.7     -0.394      0.143     -0.239     -0.074      0.107      0.537
4.4500       -29980.195   -29989.193        8.998   360.7      0.187     -0.442     -0.641      0.083      0.450     -0.022
4.5000       -29980.305   -29988.699        8.394   336.5     -0.169     -0.628     -0.061      0.054     -0.198      0.749
4.5500       -29980.687   -29988.379        7.692   308.3      0.466      1.102     -0.779      0.654      0.098     -0.698
4.6000       -29980.608   -29988.881        8.272   331.6     -0.025     -0.973     -0.835     -0.523     -0.163     -0.184
4.6500       -29981.002   -29988.740        7.738   310.2     -0.201     -0.824      0.151      0.026     -0.239      0.652
4.7000       -29981.673   -29988.688        7.014   281.2      0.175     -0.042     -0.266     -0.240     -0.322      0.096
4.7500       -29981.553   -29989.758        8.205   328.9     -0.036      0.170     -0.521     -0.390     -0.275     -0.002
4.8000       -29981.679   -29990.172        8.493   340.4      0.099     -0.221     -0.518      0.354      0.128     -0.174
4.8500       -29981.462   -29989.406        7.944   318.4      0.354     -0.719     -1.042      0.128      0.256     -0.098
4.9000       -29981.648   -29990.434        8.785   352.2     -1.002     -0.078     -0.799      0.071     -0.529      0.027
4.9500       -29981.834   -29989.832        7.998   320.6      0.161     -0.042     -0.680     -0.089     -0.796      0.194
5.0000       -29981.427   -29989.354        7.926   317.7     -0.507     -0.558     -0.432      0.053      0.252      0.055
5.0500       -29981.178   -29989.250        8.072   323.6      0.011      0.042     -0.296      0.552      0.001     -0.010
5.1000       -29981.190   -29989.254        8.064   323.2     -1.632      0.196     -0.866     -0.007     -0.134     -0.051
5.1500       -29980.912   -29989.309        8.396   336.6     -0.620     -0.340     -0.369      0.588      0.544     -0.671
5.2000       -29980.983   -29989.260        8.277   331.8      0.039     -0.825      0.039     -0.104     -0.082      0.327
5.2500       -29980.788   -29989.156        8.368   335.4     -0.194      0.258     -0.810     -0.198     -0.341      0.175
5.3000       -29980.603   -29988.834        8.231   329.9     -0.232     -0.205      0.095      0.633      0.111     -0.477
5.3500       -29981.235   -29988.771        7.537   302.1      0.108     -0.604     -0.472     -0.434      0.479      0.521
5.4000       -29981.014   -29989.295        8.281   331.9     -0.619     -0.560     -0.472      0.348     -0.155     -0.107
5.4500       -29981.083   -29989.230        8.147   326.6     -0.461     -0.169     -1.139     -0.177     -0.566     -0.009
5.5000       -29981.116   -29989.225        8.109   325.0      0.338      0.085      0.104     -0.210     -0.011     -0.094
5.5500       -29981.581   -29989.602        8.020   321.5     -0.408     -0.451     -1.686     -0.297      0.332     -0.080
5.6000       -29981.630   -29989.506        7.876   315.7     -0.653     -0.194     -0.830      0.721     -0.116     -0.033
5.6500       -29981.516   -29989.668        8.152   326.8     -0.487     -0.645     -0.714     -0.361     -0.016     -0.270
5.7000       -29981.591   -29989.627        8.036   322.1     -0.336     -0.881     -0.455      0.210      0.057     -0.260
5.7500       -29981.703   -29989.459        7.756   310.9     -1.720     -1.138     -0.889     -0.089     -0.251     -0.868
5.8000       -29981.411   -29988.967        7.556   302.9     -0.944      0.019     -1.699      0.716     -0.499     -0.364
5.8500       -29981.776   -29989.695        7.919   317.4     -0.276     -0.572     -0.668     -0.163      0.125     -0.288
5.9000       -29981.410   -29989.633        8.223   329.6     -1.194      0.029     -0.790     -0.109      0.101      0.244
5.9500       -29981.045   -29989.373        8.328   333.8     -0.389     -0.573     -0.052     -0.486      0.042      0.148
6.0000       -29980.648   -29988.578        7.931   317.9     -0.485      0.806      0.330      0.103     -0.160     -0.106
6.0500       -29980.946   -29988.596        7.649   306.6     -0.825     -0.678      0.543      0.182     -0.367      0.073
6.1000       -29980.934   -29989.051        8.117   325.4     -0.556     -0.270     -0.340     -0.368      0.027      0.194
6.1500       -29981.125   -29990.090        8.965   359.3     -0.375     -0.923      0.332      0.268      0.729     -0.454
6.2000       -29980.988   -29989.574        8.586   344.2     -0.340     -0.405     -1.409     -0.189     -0.361     -0.140
6.2500       -29980.675   -29988.756        8.081   323.9     -0.135      0.514     -0.178      0.184     -0.049      0.791
6.3000       -29980.527   -29988.473        7.946   318.5     -0.035     -1.129      0.062     -0.029      0.214     -0.327
6.3500       -29980.653   -29988.414        7.761   311.1     -0.565      0.108     -0.569     -0.037     -0.386     -0.304
6.4000       -29980.403   -29988.654        8.252   330.8     -0.021     -0.219     -0.398      0.133      0.005      0.089
6.4500       -29980.731   -29989.072        8.341   334.4     -0.477      0.289     -0.066     -0.226     -0.217      0.277
6.5000       -29981.237   -29988.881        7.644   306.4     -0.440     -1.340     -0.715     -0.232     -0.041      0.271
6.5500       -29980.794   -29988.936        8.141   326.3     -0.630     -0.397     -0.553     -0.031      0.309     -0.023
6.6000       -29980.788   -29988.518        7.729   309.8     -0.058      0.691      0.247     -0.404      0.251      0.187
6.6500       -29980.715   -29989.223        8.507   341.0     -0.702     -0.367     -0.170      0.071      0.583     -0.108
6.7000       -29981.215   -29989.523        8.308   333.0     -0.194      0.368      0.105     -0.314      0.085      0.078
6.7500       -29981.477   -29989.758        8.281   331.9      0.850      0.257     -0.450     -0.225      0.185      0.277
6.8000       -29981.015   -29989.479        8.463   339.3     -0.173     -0.297      0.372      0.294      0.115     -0.817
6.8500       -29980.442   -29988.461        8.019   321.5     -1.655     -1.179     -0.439     -0.571      0.472     -0.011
6.9000       -29980.331   -29988.145        7.814   313.2      0.524     -0.189     -0.499      0.110      0.286      0.208
6.9500       -29980.295   -29988.352        8.057   323.0     -0.667      0.078     -0.064     -0.263     -0.093     -0.092
7.0000       -29979.919   -29988.373        8.454   338.9     -0.501      0.204     -0.833     -0.007     -0.044      0.235
7.0500       -29980.301   -29988.266        7.965   319.3     -0.921     -0.600     -0.227      0.226      0.248      0.025
7.1000       -29980.009   -29988.354        8.344   334.5     -1.134      0.323     -0.640      0.528     -0.064     -0.147
7.1500       -29980.311   -29988.549        8.238   330.2     -0.045     -0.270     -0.480      0.541     -0.329     -0.035
7.2000       -29980.633   -29988.699        8.066   323.3      0.540     -0.181     -0.113     -0.031      0.090      0.141
7.2500       -29980.570   -29988.049        7.479   299.8     -0.916     -0.808     -0.669      0.707     -0.610     -0.043
7.3000       -29980.341   -29988.361        8.020   321.5      0.293     -0.812      0.394      0.285      0.693      0.157
7.3500       -29980.131   -29988.957        8.826   353.8     -0.268     -0.695      0.189      0.152      0.169      0.018
7.4000       -29980.099   -29988.443        8.345   334.5     -1.001     -0.864     -0.246      0.168     -0.472     -0.506
7.4500       -29980.551   -29988.742        8.191   328.3     -0.095     -0.665      0.364      0.128      0.779      0.515
7.5000       -29980.648   -29988.660        8.012   321.2      0.405      0.335     -0.655      0.143     -0.141      0.039
7.5500       -29980.589   -29988.203        7.615   305.2     -0.704     -0.278     -0.695     -0.196     -0.377      0.080
7.6000       -29979.579   -29988.066        8.487   340.2     -0.472     -0.270     -0.544     -0.421     -0.112      0.180
7.6500       -29980.427   -29988.605        8.178   327.8      0.137     -0.014     -0.198      0.164      0.446      0.161
7.7000       -29980.224   -29988.594        8.370   335.5      0.869      0.429      0.335      0.129     -0.643     -0.256
7.7500       -29980.287   -29988.164        7.877   315.8     -0.628      0.258     -0.992      0.192      0.146     -0.362
7.8000       -29980.156   -29989.014        8.858   355.1      0.099      0.132      0.231      0.144      0.464      0.032
7.8500       -29979.836   -29988.570        8.734   350.1     -0.292     -0.568     -0.916     -0.316      0.001     -0.163
7.9000       -29979.654   -29988.424        8.769   351.5     -0.658     -0.859     -0.838     -0.511      0.113     -0.472
7.9500       -29979.588   -29988.383        8.795   352.5     -1.028     -0.915     -0.446      0.343     -0.331     -0.505
8.0000       -29979.682   -29988.178        8.495   340.5      0.650      0.768     -0.476      0.643     -0.132      0.196
8.0500       -29979.456   -29987.943        8.488   340.2     -0.328     -0.263     -0.728      0.036      0.422     -0.276
8.1000       -29979.837   -29988.248        8.411   337.2     -0.016      0.840     -0.552      0.173      0.651      0.458
8.1500       -29979.937   -29988.172        8.235   330.1      0.360     -0.327      0.446     -0.375      0.319     -0.347
8.2000       -29980.339   -29988.412        8.073   323.6     -0.689      0.556     -0.308      0.049      0.361     -0.043
8.2500       -29980.458   -29988.174        7.716   309.3      0.170     -1.297     -0.576     -1.118      0.388      0.384
8.3000       -29980.081   -29988.211        8.130   325.9     -0.905      0.595      0.997      0.678      0.468     -0.233
8.3500       -29980.599   -29988.688        8.089   324.2      1.276      0.576      0.666     -0.925     -0.222      0.818
8.4000       -29980.495   -29988.490        7.995   320.5      0.732     -0.222      0.656     -0.713     -0.094     -0.069
8.4500       -29979.950   -29988.830        8.880   355.9      0.349      0.254      0.444     -0.417     -0.447     -0.587
8.5000       -29979.984   -29988.695        8.711   349.2      0.396      0.611      0.148     -0.204     -0.044      0.026
8.5500       -29980.597   -29989.141        8.544   342.5      1.207     -0.721      0.463      0.428      0.138     -0.017
8.6000       -29980.156   -29988.516        8.359   335.1     -0.958     -0.734     -0.899     -0.142      0.090      0.108
8.6500       -29980.474   -29988.639        8.165   327.3     -0.434      0.241     -1.087     -0.291     -0.184     -0.137
8.7000       -29980.559   -29988.678        8.119   325.5     -0.034     -0.137     -0.716      0.014     -0.273      0.284
8.7500       -29980.466   -29989.340        8.873   355.7     -0.550      0.245     -0.487     -0.579     -0.016     -0.527
8.8000       -29980.758   -29988.686        7.928   317.8     -0.509     -0.655     -0.499     -0.149      0.290      0.395
8.8500       -29981.147   -29988.988        7.841   314.3     -0.248     -0.087      0.040     -0.036      0.346      0.657
8.9000       -29981.022   -29988.967        7.944   318.5     -0.182     -0.865      0.422     -0.250     -0.054     -0.378
8.9500       -29981.264   -29989.029        7.765   311.3      0.082     -0.351      0.093      0.481      0.221     -0.596
9.0000       -29981.376   -29989.004        7.628   305.8     -0.195      0.222     -0.567     -0.189     -0.378      0.172
9.0500       -29980.827   -29989.186        8.359   335.0      1.113     -0.461      0.219     -0.181     -0.120     -0.127
9.1000       -29980.583   -29988.293        7.709   309.0     -0.295     -0.257     -0.595     -0.117     -0.207      0.175
9.1500       -29980.826   -29989.168        8.342   334.4     -0.471     -0.875     -0.258      0.087     -0.030     -0.346
9.2000       -29981.099   -29989.479        8.379   335.9     -0.667      0.159     -0.231      0.032      0.412     -0.184
9.2500       -29981.656   -29989.465        7.809   313.0     -0.996     -1.195     -1.133      0.034      0.190     -0.343
9.3000       -29981.962   -29989.275        7.314   293.2     -0.322     -0.605     -0.448      0.355     -0.045     -0.155
9.3500       -29982.260   -29989.805        7.544   302.4     -0.106      0.196     -0.339     -0.540     -0.221     -0.026
9.4000       -29982.391   -29989.279        6.888   276.1     -0.025      0.298      0.324     -0.044      0.635     -0.429
9.4500       -29982.331   -29990.076        7.745   310.4     -0.192      0.513     -0.861     -0.407     -0.280      0.033
9.5000       -29981.949   -29990.119        8.170   327.5     -0.027      0.259     -0.224     -0.163     -0.240      0.318
9.5500       -29981.454   -29989.293        7.839   314.2     -0.097      0.027     -0.122     -0.176     -0.697     -0.081
9.6000       -29981.531   -29989.791        8.260   331.1     -0.664     -0.895     -1.002     -0.096      0.348     -0.428
9.6500       -29982.273   -29990.043        7.770   311.5     -0.736     -0.465     -0.933      0.170     -0.459      0.424
9.7000       -29982.119   -29989.570        7.451   298.7     -1.545     -1.186     -0.938     -0.194      0.274     -0.175
9.7500       -29981.395   -29988.871        7.476   299.7     -0.713     -1.190     -0.533      0.528      0.234      0.012
9.8000       -29981.353   -29988.605        7.252   290.7      0.443      0.040     -0.381     -0.316      0.580     -0.289
9.8500       -29981.463   -29989.096        7.633   306.0      0.133      0.872     -0.169      0.499     -0.402     -0.024
9.9000       -29981.426   -29988.855        7.430   297.8     -0.226     -1.400     -0.074     -0.291     -0.634      0.559
9.9500       -29981.047   -29989.303        8.256   330.9      0.318     -0.210     -0.629      0.294      0.315     -0.179
10.0000      -29981.358   -29988.928        7.569   303.4     -0.305      0.800      0.615     -0.323      0.420     -0.297
