Time[ps]      Etot[eV]     Epot[eV]     Ekin[eV]    T[K]      ---------------------- stress [GPa] -----------------------
0.0000       -29982.262   -29989.832        7.570   303.4      0.561     -0.240     -0.195     -0.583     -0.268      0.202
0.0500       -29982.551   -29990.768        8.217   329.4     -0.786     -0.760     -0.840      0.278     -0.239     -0.414
0.1000       -29982.542   -29990.367        7.826   313.7      0.324     -0.512      0.203      0.464     -0.086      0.904
0.1500       -29981.885   -29989.674        7.789   312.2     -0.134     -0.209      0.038      0.206     -0.440     -0.107
0.2000       -29982.051   -29990.162        8.111   325.1      0.347     -0.513     -0.469     -0.335      0.128     -0.395
0.2500       -29982.083   -29989.508        7.425   297.6      0.247      0.256     -0.050      0.399     -0.051     -0.216
0.3000       -29982.552   -29990.285        7.734   310.0      0.328      0.650      0.013     -0.431      0.169      0.365
0.3500       -29982.759   -29990.191        7.433   297.9     -0.074      0.011     -0.422      0.641     -0.022      0.105
0.4000       -29982.421   -29989.709        7.288   292.1     -0.130     -0.012     -0.765     -0.254     -0.363      0.288
0.4500       -29982.558   -29990.365        7.807   313.0      0.377     -0.514     -0.504      0.248      0.218      0.338
0.5000       -29982.683   -29990.396        7.714   309.2     -0.952     -0.452      0.073     -0.157      0.045      0.234
0.5500       -29982.236   -29989.959        7.723   309.6     -0.797     -0.361     -0.861     -0.217     -0.281     -0.044
0.6000       -29982.011   -29989.635        7.624   305.6     -0.704     -1.198     -0.652     -0.044     -0.146      0.172
0.6500       -29982.068   -29990.064        7.996   320.5      0.258     -0.700     -0.173     -0.091      0.341     -0.158
0.7000       -29981.973   -29989.812        7.839   314.2     -0.696     -0.045      0.522      0.012     -0.016     -0.032
0.7500       -29981.887   -29990.115        8.228   329.8     -0.301     -0.391     -0.631     -0.420      0.185     -0.191
0.8000       -29981.886   -29989.781        7.895   316.5     -0.020     -0.370     -0.199      0.058     -0.143     -0.019
0.8500       -29982.032   -29989.951        7.919   317.4     -0.226      0.596     -0.226     -0.153     -0.280      0.141
0.9000       -29981.826   -29989.139        7.313   293.1      0.071     -0.023      0.150     -0.397     -0.207      0.026
0.9500       -29981.668   -29989.195        7.527   301.7     -0.454      0.060     -0.525     -0.012     -0.274      0.496
1.0000       -29981.353   -29989.094        7.741   310.3      0.220     -0.640     -0.237     -0.118     -0.036     -0.160
1.0500       -29981.980   -29989.822        7.842   314.4      0.026      0.161      0.291     -0.177      0.119     -0.190
1.1000       -29981.665   -29989.576        7.911   317.1     -0.254      0.250     -0.055      0.151      0.073      0.156
1.1500       -29981.804   -29989.938        8.134   326.0      0.277     -0.225     -0.628      0.031     -0.302     -0.190
1.2000       -29981.794   -29990.037        8.243   330.4     -0.047      0.199      0.787      0.188     -0.779     -0.089
1.2500       -29981.717   -29990.215        8.498   340.6      0.481     -0.654      0.160      0.091      0.221      0.037
1.3000       -29981.773   -29989.486        7.714   309.2     -0.212      0.112     -0.380     -0.023     -0.587     -0.034
1.3500       -29981.807   -29989.609        7.802   312.8     -1.095      0.537      0.474      0.055     -0.070     -0.046
1.4000       -29981.892   -29989.969        8.077   323.8      0.027     -1.582     -0.723      0.050     -0.304      0.174
1.4500       -29982.301   -29990.055        7.754   310.8     -0.240      0.728     -0.706      0.082      0.299      0.225
1.5000       -29982.180   -29990.330        8.150   326.7     -0.406     -0.852     -0.099     -0.224     -0.227     -0.546
1.5500       -29981.979   -29990.580        8.601   344.8      0.844      0.312     -0.162      0.443      0.738     -0.024
1.6000       -29982.018   -29990.141        8.122   325.6      0.081     -0.027     -0.085      0.346     -0.130      0.235
1.6500       -29981.842   -29990.068        8.226   329.7     -0.928     -0.648      0.198      0.252     -0.294      0.413
1.7000       -29981.745   -29989.297        7.552   302.7      0.007     -0.086     -1.135     -0.069     -0.069     -0.011
1.7500       -29982.234   -29990.027        7.794   312.4     -0.107     -0.203     -0.030      0.027     -0.405      0.038
1.8000       -29981.891   -29990.002        8.111   325.1     -1.443     -1.081     -0.483     -0.349      0.332      0.396
1.8500       -29981.936   -29990.227        8.291   332.3      0.118     -0.968     -0.193      0.118     -0.104      0.107
1.9000       -29982.486   -29990.480        7.994   320.5      0.025      0.165      0.461      0.121     -0.010      0.376
1.9500       -29982.150   -29990.021        7.871   315.5     -0.307     -0.558     -0.313     -0.397     -0.473     -0.067
2.0000       -29982.119   -29990.584        8.465   339.3     -0.410      0.459      0.165      0.660      0.182     -0.294
2.0500       -29981.577   -29989.846        8.269   331.4     -0.061      0.356     -0.121     -0.039      0.183      0.257
2.1000       -29981.078   -29989.381        8.303   332.8      0.635     -0.030      0.256     -0.522     -0.189     -0.148
2.1500       -29981.458   -29989.715        8.256   331.0      0.120     -0.480     -0.221      0.338      0.265      0.203
2.2000       -29981.236   -29989.227        7.990   320.3     -0.842     -0.445      0.490      0.025     -0.034      0.400
2.2500       -29981.720   -29990.359        8.639   346.3      0.321     -0.504     -1.017      0.071      0.097      0.245
2.3000       -29981.721   -29989.896        8.175   327.7     -0.240     -0.795     -0.074      0.100      0.680      0.292
2.3500       -29981.576   -29990.400        8.824   353.7     -0.576     -0.926     -0.806     -0.020     -0.322      0.291
2.4000       -29981.381   -29989.889        8.508   341.0      0.336     -0.239     -0.409     -0.031     -0.209      0.081
2.4500       -29981.565   -29990.100        8.535   342.1     -0.115     -0.287      0.426      0.628     -0.467      0.493
2.5000       -29981.738   -29989.406        7.669   307.4     -0.256      0.033     -0.590      0.497     -0.028      0.177
2.5500       -29981.548   -29989.672        8.123   325.6     -0.179     -0.798      0.138     -0.124      0.312      0.307
2.6000       -29981.796   -29990.062        8.266   331.4     -0.945     -0.062      0.253      0.298     -0.049     -0.161
2.6500       -29982.057   -29990.166        8.109   325.0      0.120     -0.671     -0.572      0.181     -0.215      0.528
2.7000       -29982.026   -29990.240        8.214   329.3      0.243     -0.720     -1.320      0.252      0.002      0.091
2.7500       -29981.880   -29989.863        7.983   320.0     -0.867     -0.073     -0.439     -0.626      0.731      0.377
2.8000       -29981.970   -29989.842        7.872   315.5     -0.571     -0.045      0.666      0.430      0.543      0.507
2.8500       -29982.047   -29989.781        7.734   310.0     -1.208     -0.435     -0.353     -0.656      0.275      0.301
2.9000       -29981.953   -29989.762        7.809   313.0     -0.011     -0.031      0.575     -0.541      0.224     -0.245
2.9500       -29981.971   -29989.848        7.877   315.7     -0.563     -0.156     -0.504     -0.419     -0.041      0.271
3.0000       -29981.821   -29989.154        7.333   294.0      0.468     -0.646     -0.053      0.233     -0.159     -0.180
3.0500       -29981.192   -29989.428        8.235   330.1     -0.104     -0.461     -0.206     -0.157      0.134      0.773
3.1000       -29981.324   -29989.383        8.059   323.0     -0.846     -0.490     -1.633      0.247      0.203      0.089
3.1500       -29981.834   -29989.812        7.979   319.8     -0.435      0.376     -0.206     -0.167     -0.164      0.034
3.2000       -29982.275   -29989.975        7.700   308.6     -0.170     -0.324      0.147      0.513      0.176      0.004
3.2500       -29982.629   -29989.852        7.223   289.5     -0.032     -0.127     -0.115     -0.772      0.348      0.324
3.3000       -29982.103   -29989.949        7.847   314.5      0.375      0.411     -0.650      0.348     -0.048      0.009
3.3500       -29981.609   -29988.842        7.233   289.9      0.666      0.060      0.572     -0.224     -0.274     -0.345
3.4000       -29981.552   -29989.764        8.212   329.2      0.033     -0.966     -0.600      0.137      0.155      0.374
3.4500       -29981.312   -29988.809        7.496   300.5     -0.294      0.795     -0.033      0.159     -0.040     -0.246
3.5000       -29981.844   -29989.467        7.623   305.6     -0.367     -0.496      0.440     -0.276     -0.155      0.530
3.5500       -29981.583   -29989.424        7.841   314.3     -1.055     -1.318      0.213      0.232     -0.198     -0.175
3.6000       -29981.595   -29989.295        7.700   308.7     -0.225      0.001     -1.148      0.924     -0.046      0.442
3.6500       -29981.377   -29989.277        7.900   316.7     -0.418      0.903     -0.105     -0.263     -0.525     -0.149
3.7000       -29981.594   -29989.316        7.722   309.5     -0.206     -0.253     -0.122      0.373      0.633     -0.165
3.7500       -29981.137   -29989.371        8.234   330.1     -0.019      0.023     -0.691     -0.255      0.293      0.357
3.8000       -29981.003   -29989.084        8.081   323.9     -0.898     -1.500     -1.309     -0.091     -0.041     -0.067
3.8500       -29981.183   -29989.102        7.919   317.4     -0.377     -0.298     -0.755     -0.300      0.014      0.084
3.9000       -29980.799   -29988.904        8.105   324.9      0.970      0.142     -0.660      0.466      0.082     -0.042
3.9500       -29981.078   -29989.209        8.131   325.9      1.286     -0.479      0.309      0.042     -0.463     -0.156
4.0000       -29981.023   -29989.895        8.872   355.6      0.110      0.534      0.344      0.126     -0.215      0.085
4.0500       -29981.046   -29989.428        8.382   336.0      0.040     -0.270     -0.220      0.302     -0.012     -0.115
4.1000       -29981.608   -29989.211        7.603   304.8     -0.640     -0.373     -0.662     -0.244     -0.404     -0.638
4.1500       -29981.585   -29989.543        7.958   319.0     -0.268     -0.633      0.213      0.517      0.086      0.459
4.2000       -29981.345   -29989.135        7.790   312.3     -0.927     -0.477     -0.538      0.173     -0.320      0.096
4.2500       -29981.479   -29988.736        7.257   290.9     -0.184     -0.260     -0.182     -0.620     -0.333      0.486
4.3000       -29980.957   -29989.279        8.322   333.6     -0.054      0.446      0.306      0.256      0.453     -0.255
4.3500       -29981.359   -29989.561        8.201   328.7     -0.710      0.043     -1.166     -0.494     -0.510     -0.202
4.4000       -29981.445   -29989.258        7.813   313.2     -0.545     -1.434     -0.425     -0.093      0.091     -0.728
4.4500       -29981.096   -29988.791        7.695   308.4      0.496     -0.541     -0.133      0.127     -0.082      0.029
4.5000       -29980.824   -29988.945        8.121   325.5     -0.289     -0.738     -0.597     -0.579      0.431      0.688
4.5500       -29980.734   -29988.398        7.665   307.2      1.115      0.109     -0.699     -0.046     -0.257     -0.233
4.6000       -29980.229   -29989.088        8.859   355.1     -0.576     -0.358     -0.547     -0.430      0.319     -0.384
4.6500       -29980.335   -29989.008        8.673   347.6     -0.139      0.006     -0.003      0.228     -0.062     -0.245
4.7000       -29980.314   -29988.320        8.007   320.9      0.355     -0.135     -0.377     -0.277      0.083      0.146
4.7500       -29979.906   -29988.303        8.396   336.6      0.557     -0.052      0.287      0.340      0.098     -0.598
4.8000       -29980.105   -29988.729        8.624   345.7     -0.181     -0.055     -0.843     -0.010     -0.556      0.198
4.8500       -29980.302   -29988.807        8.505   340.9     -0.940      0.125     -0.637      0.564      0.427      0.096
4.9000       -29980.873   -29989.760        8.887   356.2     -0.132     -0.836     -0.251      0.009     -0.428     -0.321
4.9500       -29980.430   -29988.414        7.984   320.1     -0.490     -0.614     -0.314     -0.332      0.199      0.345
5.0000       -29980.195   -29988.648        8.454   338.9      0.229     -0.893      0.064      0.007     -0.113     -0.381
