Time[ps]      Etot[eV]     Epot[eV]     Ekin[eV]    T[K]      ---------------------- stress [GPa] -----------------------
0.0000       -29981.756   -29989.289        7.533   302.0     -0.635      0.036     -0.500      0.310     -0.494     -0.187
0.0500       -29981.217   -29989.426        8.209   329.0     -0.244     -0.450     -0.068     -0.051     -0.494      0.466
0.1000       -29981.558   -29989.941        8.384   336.1     -0.383      0.083     -0.566      0.249     -0.549      0.161
0.1500       -29981.288   -29989.316        8.028   321.8     -0.752     -0.620     -0.300      0.458      0.525     -0.388
0.2000       -29980.720   -29988.895        8.175   327.7     -0.657     -0.176     -0.740     -0.171     -0.391     -0.204
0.2500       -29980.728   -29988.750        8.022   321.6     -0.311     -0.621      0.515     -0.102     -0.059     -0.770
0.3000       -29981.092   -29988.729        7.636   306.1     -0.599     -0.249     -1.134      0.017     -0.228      0.567
0.3500       -29981.036   -29989.508        8.472   339.6      0.054     -0.724     -0.038     -0.379      0.268      0.255
0.4000       -29981.242   -29988.812        7.571   303.5     -0.504      0.004     -0.533      0.435      0.415      0.245
0.4500       -29981.599   -29989.303        7.703   308.8      0.145      1.063     -0.005      0.184     -0.425      0.034
0.5000       -29981.557   -29989.590        8.033   322.0     -0.279     -0.672     -0.170     -0.147      0.340      0.641
0.5500       -29981.563   -29989.391        7.827   313.8     -0.619     -0.150     -1.087     -0.226     -0.342      0.243
0.6000       -29981.471   -29989.654        8.184   328.0      1.030     -0.205     -0.176      0.287      0.255     -0.098
0.6500       -29980.806   -29989.242        8.436   338.2     -0.195     -0.199      0.052     -0.046     -0.463     -0.296
0.7000       -29980.587   -29987.895        7.307   292.9      0.005      0.617     -0.560     -0.138      0.124      0.443
0.7500       -29980.129   -29988.758        8.629   345.9     -0.143     -1.251     -0.358     -0.144      0.239      0.125
0.8000       -29980.503   -29988.818        8.315   333.3     -0.313      0.572     -0.881      0.013     -0.337     -0.516
0.8500       -29980.678   -29988.852        8.173   327.6      0.437      0.414      0.028      0.134     -0.789     -0.311
0.9000       -29980.679   -29988.688        8.009   321.0      1.116     -0.292      0.082     -0.524      0.169     -0.135
0.9500       -29980.614   -29988.072        7.459   299.0     -0.532     -0.209      0.235      0.278     -0.192      0.116
1.0000       -29980.591   -29988.512        7.921   317.5      1.253      0.497     -0.183     -0.344      0.126     -0.053
1.0500       -29981.018   -29988.959        7.941   318.3      0.641     -1.010      0.030      0.386      0.950     -0.011
1.1000       -29980.685   -29988.455        7.770   311.4     -0.569      0.006      0.117     -0.121     -0.248     -0.494
1.1500       -29980.855   -29988.363        7.508   301.0     -0.065     -0.187      0.218      0.318     -0.188      0.226
1.2000       -29980.875   -29988.943        8.068   323.4      0.003     -0.481      0.163     -0.251      0.119      0.118
1.2500       -29980.781   -29989.139        8.357   335.0      0.167     -0.394     -0.914      0.549     -0.629     -0.323
1.3000       -29980.741   -29988.424        7.683   308.0      0.514      0.719      0.588      0.342     -0.103      0.078
1.3500       -29980.596   -29989.098        8.502   340.8     -1.293     -0.860     -0.514     -0.233      0.192     -0.237
1.4000       -29980.175   -29988.482        8.308   333.0      0.375     -0.529      0.165      0.316      0.217      0.044
1.4500       -29980.223   -29988.318        8.096   324.5      0.403      0.293      0.693     -0.222      0.270      0.189
1.5000       -29980.327   -29988.242        7.915   317.3      0.176     -0.271     -0.678      0.192     -0.078     -0.835
1.5500       -29980.812   -29988.395        7.583   304.0      0.432      0.339     -0.554      0.094      0.141      0.087
1.6000       -29980.965   -29988.010        7.045   282.4     -0.135      0.433     -0.582      0.165     -0.185     -0.447
1.6500       -29981.242   -29988.994        7.753   310.8     -0.961      0.070     -0.213     -0.181     -0.200      0.191
1.7000       -29981.123   -29988.982        7.859   315.0     -0.896     -0.321     -0.283     -0.167     -0.140      0.210
1.7500       -29980.495   -29989.066        8.571   343.6      0.119      0.625      0.168      0.223     -0.267     -0.017
1.8000       -29980.426   -29988.852        8.425   337.7      0.538     -0.751     -0.157     -0.139      0.911      0.192
1.8500       -29980.490   -29988.131        7.641   306.3     -1.029     -0.703      0.163      0.303     -0.298     -0.144
1.9000       -29981.132   -29988.420        7.288   292.1     -0.386     -0.620     -0.667     -0.064      0.358      0.324
1.9500       -29981.461   -29988.754        7.293   292.3     -0.175      0.743     -0.282      0.421     -0.466      0.121
2.0000       -29981.024   -29988.283        7.260   291.0      0.623      0.692      0.351      0.008     -0.302     -0.497
2.0500       -29981.428   -29988.818        7.390   296.2     -0.079      0.132      0.315      0.316      0.282      0.363
2.1000       -29980.892   -29988.828        7.936   318.1     -0.643     -0.095      0.081      0.051     -0.059     -0.215
2.1500       -29981.066   -29988.850        7.784   312.0     -0.675     -0.801     -0.206      0.424      0.950      0.138
2.2000       -29981.049   -29989.184        8.135   326.1     -0.824     -0.104     -0.844      0.025     -0.280     -0.402
2.2500       -29981.096   -29989.342        8.245   330.5      0.386      0.866     -0.600      0.509      0.167     -0.250
2.3000       -29980.811   -29989.020        8.209   329.0     -0.190     -0.125      0.266     -0.399      0.155      0.110
2.3500       -29980.641   -29988.189        7.548   302.6      0.867      1.144      0.656      0.268     -0.265     -0.176
2.4000       -29980.153   -29988.396        8.243   330.4      0.158     -0.323      0.845      0.248      0.320     -0.367
2.4500       -29980.207   -29989.109        8.903   356.9     -0.072      0.365      0.431     -0.309     -0.462     -0.128
2.5000       -29980.071   -29988.229        8.157   327.0      0.250      0.563     -0.081      0.018     -0.321     -0.616
2.5500       -29980.232   -29988.287        8.055   322.9      0.337     -0.358      0.081     -0.228     -0.084     -0.003
2.6000       -29980.554   -29988.637        8.082   324.0      0.251     -0.184      0.724      0.383      0.226     -0.433
2.6500       -29979.816   -29988.416        8.600   344.7      0.173      0.531      0.589     -0.098     -0.435      0.021
2.7000       -29979.585   -29987.871        8.286   332.1     -0.667     -0.685     -0.251      0.927      0.253      0.234
2.7500       -29979.638   -29987.768        8.130   325.9      0.355      0.810      0.144     -0.628     -0.178     -0.128
2.8000       -29979.776   -29987.936        8.159   327.1     -0.383     -0.462     -0.865      0.156      0.066     -0.540
2.8500       -29980.674   -29988.289        7.616   305.3     -0.253     -0.045     -1.059     -0.060      0.212      0.205
2.9000       -29980.859   -29988.693        7.834   314.0     -0.552     -0.261      0.455      0.247      0.064     -0.219
2.9500       -29980.939   -29988.727        7.788   312.2      0.136      0.097      0.384      0.357      0.200      0.016
3.0000       -29980.381   -29987.936        7.554   302.8      0.007      0.559     -0.251     -0.235     -0.199      0.298
3.0500       -29980.514   -29988.219        7.705   308.8     -0.117     -0.253      0.699     -0.225      0.219     -0.250
3.1000       -29980.130   -29988.246        8.116   325.3      0.268      0.093     -0.406     -0.612      0.010     -0.422
3.1500       -29980.275   -29988.641        8.365   335.3     -0.008     -0.577      0.094     -0.058     -0.148      0.821
3.2000       -29980.819   -29988.439        7.620   305.5     -0.310      0.041      0.203      0.273     -0.380     -0.231
3.2500       -29980.383   -29988.387        8.004   320.8      0.031     -1.120     -0.020      0.289     -0.709      0.013
3.3000       -29980.155   -29988.500        8.345   334.5     -0.706      0.105     -0.227      0.449      0.537     -0.195
3.3500       -29980.053   -29988.262        8.209   329.1     -0.068      0.141     -0.027      0.062     -0.087      1.050
3.4000       -29980.373   -29988.834        8.461   339.2     -0.054     -0.138      0.398      0.261      0.257     -0.500
3.4500       -29980.788   -29989.217        8.429   337.9      0.043      0.809      0.253     -0.113      0.035      0.177
3.5000       -29980.738   -29989.225        8.486   340.2      0.336      0.552     -0.772     -0.488     -0.087     -0.103
3.5500       -29981.240   -29988.641        7.400   296.6      0.928     -0.189      0.176      0.437      0.275     -0.326
3.6000       -29981.306   -29988.793        7.487   300.1      0.783      1.003      0.114     -0.462     -0.475      0.759
3.6500       -29980.934   -29989.270        8.336   334.1     -0.518     -0.248      0.831     -0.022      0.487     -0.141
3.7000       -29980.662   -29988.191        7.529   301.8     -0.334     -0.291     -0.929      0.164     -0.328      0.331
3.7500       -29980.318   -29989.135        8.817   353.4      0.730      1.035      0.800     -0.578      0.151     -0.109
3.8000       -29979.911   -29988.154        8.243   330.4      0.516      0.426      0.026      0.362     -0.616      0.357
3.8500       -29979.687   -29988.557        8.870   355.5     -0.202     -0.390     -0.320     -0.500      0.120      0.123
3.9000       -29979.403   -29987.879        8.476   339.7      0.257      0.698      0.161      0.073      0.009     -0.176
3.9500       -29979.520   -29987.793        8.273   331.6     -0.698     -0.398     -0.555     -0.113     -0.050     -0.162
4.0000       -29979.492   -29988.334        8.842   354.4     -1.321     -0.775     -0.098     -0.063      0.313     -0.180
4.0500       -29979.361   -29987.787        8.426   337.8     -0.056      1.507      1.201     -0.505     -0.603      0.384
4.1000       -29979.413   -29987.910        8.497   340.6      0.710      0.307      0.492      0.175      0.350      0.415
4.1500       -29979.804   -29987.596        7.792   312.3      0.812      0.306      0.050      0.076      0.085     -0.057
4.2000       -29980.200   -29988.453        8.253   330.8     -1.087      0.810      0.659      0.499     -0.103     -0.140
4.2500       -29979.870   -29988.410        8.541   342.3     -0.334     -0.287     -0.450      0.043      0.410      0.086
4.3000       -29979.893   -29988.471        8.578   343.8     -0.024     -0.567      0.295      0.175     -0.377     -0.671
4.3500       -29979.401   -29988.520        9.118   365.5     -0.857      0.575     -0.004     -0.371      0.140      0.466
4.4000       -29979.844   -29988.617        8.773   351.7     -0.088     -0.251     -0.439     -0.356      0.023     -0.270
4.4500       -29979.953   -29988.951        8.998   360.7      0.440      0.461     -0.066      0.133     -0.116     -0.012
4.5000       -29980.193   -29988.857        8.664   347.3     -0.925     -0.687      0.348      0.079      0.291      0.023
4.5500       -29980.132   -29988.447        8.316   333.3      0.615     -1.060     -0.011     -0.170     -0.299      0.094
4.6000       -29979.673   -29988.457        8.784   352.1     -0.619     -0.390     -0.035      0.210     -0.089      0.288
4.6500       -29979.640   -29988.312        8.673   347.6     -0.134     -0.197     -0.100     -0.345      0.420      0.499
4.7000       -29979.902   -29988.242        8.340   334.3     -0.269     -0.464      0.304     -0.138     -0.341      0.033
4.7500       -29980.078   -29988.461        8.383   336.0      0.119     -0.118     -0.136     -0.635      0.067      0.013
4.8000       -29979.320   -29987.867        8.548   342.6      0.503     -0.052      0.881      0.167      0.704      0.178
4.8500       -29979.223   -29987.348        8.125   325.7     -0.434     -0.547     -0.440      0.514      0.184      0.376
4.9000       -29979.622   -29987.908        8.286   332.1      0.207      0.593      0.534      0.318     -0.265      0.247
4.9500       -29979.494   -29987.654        8.160   327.1      0.232     -0.392     -0.298      0.379      0.619      0.294
5.0000       -29979.784   -29987.734        7.950   318.7     -0.113      0.660      0.037      0.096     -0.136      0.304
5.0500       -29979.550   -29987.785        8.235   330.1     -0.291      0.151     -0.070      0.118     -0.342     -0.000
5.1000       -29979.728   -29988.773        9.045   362.6     -0.680     -0.135      0.022     -0.592     -0.352     -0.259
5.1500       -29980.188   -29988.441        8.254   330.8      0.034     -0.698      0.145      0.036     -0.130      0.386
5.2000       -29980.256   -29988.531        8.275   331.7     -0.738      0.301     -0.002     -0.023      0.340     -0.904
5.2500       -29980.097   -29988.729        8.631   346.0     -0.134     -0.388     -0.237     -0.071     -0.098      0.276
5.3000       -29980.431   -29988.377        7.946   318.5     -0.387     -0.572     -0.057      0.593      0.072     -0.183
5.3500       -29980.381   -29988.771        8.390   336.3      0.482      0.981     -0.066      0.404      0.040      0.245
5.4000       -29980.687   -29989.102        8.415   337.3      0.675     -0.167     -0.336     -0.357     -0.300     -0.419
5.4500       -29980.795   -29988.805        8.010   321.1     -0.627     -0.275      0.325      0.022      0.367      0.358
5.5000       -29980.532   -29988.590        8.058   323.0     -0.281      0.889     -0.054      0.145     -0.238     -0.134
5.5500       -29981.210   -29989.346        8.136   326.1      0.251     -1.488     -0.447     -0.118      0.056      0.262
5.6000       -29980.526   -29988.766        8.240   330.3     -0.309     -0.208      0.089     -0.261      0.327     -0.273
5.6500       -29980.571   -29988.834        8.263   331.2      0.640      0.759      0.117      0.527     -0.127      0.184
5.7000       -29980.445   -29988.838        8.393   336.4     -0.035     -1.227     -0.121      0.352      0.111     -0.120
5.7500       -29980.572   -29989.309        8.736   350.2      0.438      0.789      0.728     -0.598     -0.309     -0.097
5.8000       -29980.964   -29988.727        7.763   311.2      0.432      0.068     -0.784      0.170     -0.017     -0.348
5.8500       -29980.989   -29988.967        7.978   319.8     -0.515     -0.542      0.341     -0.211      0.337      0.186
5.9000       -29981.423   -29989.514        8.090   324.3      0.284      0.052     -0.302      0.071     -0.121      0.221
5.9500       -29981.908   -29989.865        7.957   319.0      0.062      0.150      0.311      0.366      0.394      0.158
6.0000       -29981.907   -29990.137        8.230   329.9      0.016     -0.019      0.232     -0.055      0.080     -0.174
6.0500       -29981.109   -29989.049        7.940   318.3     -0.010     -0.655     -0.471     -0.136      0.002     -0.514
6.1000       -29980.852   -29988.945        8.094   324.4     -0.396     -0.002     -0.549     -0.278     -0.029     -0.059
6.1500       -29980.727   -29989.404        8.677   347.8     -0.980     -0.739     -1.159      0.095      0.292      0.862
6.2000       -29980.664   -29988.209        7.545   302.4      0.572     -0.776      0.366      0.394     -0.499      0.564
6.2500       -29981.070   -29990.064        8.994   360.5      0.080     -0.320     -0.001      0.269      0.249      0.465
6.3000       -29981.081   -29989.691        8.611   345.2      0.177      0.953      0.579      0.233      0.239     -0.687
6.3500       -29981.134   -29989.602        8.468   339.4     -0.223      0.440     -1.209      0.496     -0.095      0.352
6.4000       -29981.040   -29989.180        8.139   326.3      0.293      0.126      0.049     -0.070     -0.464      0.053
6.4500       -29981.749   -29989.678        7.929   317.8     -0.828     -0.365     -0.646     -0.029      0.660     -0.119
6.5000       -29981.386   -29989.998        8.612   345.2      0.204      0.990     -0.089      0.356     -0.335     -0.368
6.5500       -29981.666   -29989.781        8.115   325.3     -0.130      0.421      1.053     -0.334      0.072      0.174
6.6000       -29981.864   -29990.541        8.677   347.8     -0.766      0.466     -0.243     -0.114      0.332      0.376
6.6500       -29982.070   -29990.285        8.216   329.3      0.041     -0.238     -0.819     -0.027      0.786     -0.526
6.7000       -29981.741   -29989.330        7.589   304.2     -0.427     -0.432     -0.135      0.793      0.462     -0.075
6.7500       -29981.503   -29989.803        8.300   332.7     -0.098     -0.570     -0.298      0.207      0.061      0.160
6.8000       -29981.744   -29989.449        7.705   308.8      0.523      0.838      0.234      0.033      0.240     -0.342
6.8500       -29981.088   -29989.148        8.061   323.1     -0.315     -0.751      0.203      0.416      0.210      0.354
6.9000       -29980.817   -29989.180        8.363   335.2     -0.193      0.764     -0.576      0.094     -0.304      0.128
6.9500       -29981.321   -29989.191        7.870   315.5     -0.073     -0.032      0.485     -0.185      0.025     -0.953
7.0000       -29981.182   -29988.986        7.805   312.9      0.484     -0.436     -0.948      0.281     -0.282     -0.046
7.0500       -29980.883   -29989.842        8.958   359.1     -0.436      0.424      0.566      0.314     -0.333     -0.287
7.1000       -29980.789   -29989.486        8.697   348.6      0.723      0.468      0.816      0.027     -0.096      0.265
7.1500       -29980.149   -29988.441        8.293   332.4      0.020     -0.559     -0.253      0.523     -0.329     -0.315
7.2000       -29980.319   -29988.592        8.272   331.6     -0.247      0.563      0.210     -0.195     -0.353      0.398
7.2500       -29980.531   -29988.797        8.266   331.3      0.569     -0.739     -0.475     -0.441      0.569      0.404
7.3000       -29981.149   -29988.924        7.775   311.6     -0.284      0.209     -0.251     -0.118      1.005      0.076
7.3500       -29981.135   -29988.604        7.469   299.4     -0.193      0.156     -0.313      0.062      0.440      0.126
7.4000       -29980.963   -29988.381        7.417   297.3     -0.260     -0.862     -0.198      0.123     -0.108     -0.460
7.4500       -29980.914   -29988.916        8.002   320.8     -1.023      0.011     -0.101      0.423      0.612      0.079
7.5000       -29980.921   -29988.775        7.854   314.8      0.376     -0.546      0.264     -0.670     -0.029      0.197
7.5500       -29980.689   -29988.885        8.195   328.5     -0.938      0.169      0.390      0.129     -0.454     -0.342
7.6000       -29980.353   -29989.045        8.691   348.4     -0.085     -0.704     -0.822      0.122      0.070      0.019
7.6500       -29980.095   -29988.707        8.612   345.2     -0.694     -0.169     -1.037      0.151      0.121      0.217
7.7000       -29979.525   -29988.221        8.696   348.6     -0.400     -1.515      0.332     -0.050     -0.395      0.642
7.7500       -29979.595   -29988.363        8.769   351.5     -0.393     -0.912     -0.610      0.313     -0.287     -0.199
7.8000       -29979.820   -29988.328        8.508   341.1     -0.557     -0.867     -0.344     -0.306     -0.143     -0.135
7.8500       -29979.172   -29987.656        8.484   340.1      0.111     -0.190      0.075      0.121     -0.227     -0.375
7.9000       -29979.608   -29988.410        8.802   352.8      0.115     -0.474      0.258     -0.512      0.326      0.387
7.9500       -29979.490   -29988.166        8.676   347.8     -0.814     -0.977     -0.648      0.554     -0.524      0.213
8.0000       -29979.260   -29987.363        8.103   324.8     -0.393     -0.400      0.210     -0.687      0.225     -0.202
8.0500       -29980.009   -29988.207        8.198   328.6     -0.430      0.054     -0.296      0.236      0.037      0.115
8.1000       -29979.632   -29987.938        8.305   332.9      0.745     -0.063      0.168     -0.650      0.086      0.138
8.1500       -29979.272   -29988.225        8.953   358.9     -0.445      0.545      0.380      0.601      0.267      0.394
8.2000       -29979.776   -29987.723        7.947   318.6     -0.262     -0.198     -0.719      0.035      0.009     -0.652
8.2500       -29979.952   -29988.268        8.315   333.3     -0.793      0.794      0.441      0.446      0.149      0.081
8.3000       -29979.783   -29988.170        8.387   336.2      0.435     -0.575     -0.264     -0.462     -0.253      0.104
8.3500       -29979.884   -29988.236        8.353   334.8     -0.277      0.126      0.038     -0.154      0.549     -0.413
8.4000       -29980.196   -29988.525        8.330   333.9     -0.508      0.261     -0.084      0.466     -0.178      0.469
8.4500       -29979.857   -29988.770        8.913   357.3     -0.018     -0.863     -0.352      0.363     -0.424     -0.347
8.5000       -29980.022   -29988.322        8.301   332.7      0.390     -0.037      0.514      0.305     -0.121      0.510
8.5500       -29980.062   -29988.016        7.954   318.8     -0.214     -0.077      0.029      0.194     -0.003      0.285
8.6000       -29979.639   -29988.098        8.459   339.1     -0.176     -1.016     -0.109     -0.153     -0.226     -0.458
8.6500       -29979.840   -29988.010        8.170   327.5      0.481     -0.259     -0.645      0.081      0.335      0.150
8.7000       -29980.246   -29988.684        8.437   338.2      1.503      0.792      1.333      0.050     -0.185     -0.108
8.7500       -29980.586   -29989.113        8.527   341.8      1.232      0.559      0.356      0.159     -0.256      0.229
8.8000       -29981.412   -29989.301        7.888   316.2     -1.312      0.595     -0.420     -0.275      0.639      0.170
8.8500       -29981.422   -29989.217        7.795   312.5     -1.184     -1.537     -0.835      0.026     -0.172      0.322
8.9000       -29981.558   -29989.174        7.616   305.3     -0.347      0.294      0.432     -0.236     -0.263     -0.010
8.9500       -29981.284   -29989.082        7.798   312.6     -0.939      0.103     -0.415      0.265      0.432     -0.297
9.0000       -29980.725   -29988.734        8.009   321.0     -0.153      0.457      0.517      0.084     -0.145     -0.454
9.0500       -29980.736   -29988.979        8.242   330.4     -0.248      0.360      0.069     -0.474     -0.473     -0.360
9.1000       -29980.370   -29988.391        8.020   321.5      0.021     -0.411     -0.651     -0.136      0.240     -0.063
9.1500       -29980.231   -29988.879        8.648   346.6     -0.669     -0.689     -0.430     -0.066     -0.237     -0.445
9.2000       -29980.634   -29988.500        7.866   315.3      0.018     -0.588     -0.453     -0.230     -0.122      0.729
9.2500       -29980.062   -29988.516        8.454   338.9      0.054     -0.396     -0.706      0.105     -0.294     -0.152
9.3000       -29980.270   -29989.391        9.120   365.6     -0.770     -0.024      0.915      0.154     -0.370     -0.087
9.3500       -29980.542   -29989.863        9.321   373.6      0.273     -0.351      0.295     -0.111      0.088      0.130
9.4000       -29980.712   -29989.908        9.197   368.6     -0.810     -0.673     -0.196     -0.337     -0.427     -0.052
9.4500       -29980.251   -29989.203        8.952   358.9      0.688      0.331      0.057      0.060      0.143     -0.315
9.5000       -29980.351   -29988.867        8.516   341.4      0.164     -0.648     -0.527      0.138      0.085     -0.533
9.5500       -29979.919   -29988.613        8.695   348.5     -0.182     -1.141      0.577      0.052     -0.352      0.423
9.6000       -29980.063   -29988.709        8.646   346.6     -0.371      0.433      0.104     -0.221      0.245     -0.144
9.6500       -29980.112   -29988.182        8.070   323.5      0.746     -0.018     -0.047      0.325     -0.418     -0.572
9.7000       -29980.565   -29988.389        7.824   313.6      0.610      0.772     -0.008     -0.278      0.814      0.259
9.7500       -29980.768   -29989.422        8.654   346.9      0.634     -1.001     -0.340      0.022      0.045     -0.173
9.8000       -29980.108   -29988.980        8.873   355.7     -0.744     -0.723     -0.917     -0.243     -0.140      0.145
9.8500       -29980.698   -29988.719        8.020   321.5     -0.774     -0.060      0.235     -0.243     -0.485     -0.175
9.9000       -29980.107   -29988.830        8.723   349.7      0.791     -0.303      0.523     -0.049     -0.056      0.576
9.9500       -29980.928   -29989.164        8.236   330.1     -0.693      0.103      0.137      0.132     -0.541      0.252
10.0000      -29981.149   -29988.795        7.646   306.5     -0.287      0.283      0.872     -0.148      0.576     -0.090
