Starting an AcLe Loop 
Initial dataset: null; 
Initial geometries (1) in input/geo/*.xyz 
Convergence tolerance: emaxtol=0.0025; ermsetol=0.001; fmaxtol=0.500; frmsetol=0.031. 
starting from scratch with the input [PiNet2_Seed4_Ratio8_Batch1_Depth5_Rc6.0_Size16_Basis10_lr5e-05_Decay0.994] of size 1; 
[gen0] not training the models.
[gen0] current MD time scale 5.0 ps. 
[gen0/wat64_h3o+] energy: 10/10 failed to meet emaxtol, max=150.125350 rmse=150.124543 enum=10.0 esae=1501.245433 esse=225373.78499259; force: 0/10 failed to meet fmaxtol, max=0.316960 rmse=0.067515 fnum=5790.0 fsae=298.987595 fsse=26.39202808. 
[gen0] next time scale 5.0 ps, next training step 5005000.
-------------------------------------------------------------------------------- 
[gen1] training the models.
[gen1] current MD time scale 5.0 ps. 
[gen1/wat64_h3o+] Converged: will restart from latest frame; energy: max=0.001111 rmse=0.000627 enum=10.0 esae=0.005712 esse=0.00000393; force: max=0.149938 rmse=0.029562 fnum=5790.0 fsae=130.038725 fsse=5.06001723. 
[gen1] next time scale 10.0 ps, next no training planned.
-------------------------------------------------------------------------------- 
[gen2] not training the models.
[gen2] current MD time scale 10.0 ps. 
[gen2/wat64_h3o+] energy: 0/10 failed to meet emaxtol, max=0.000969 rmse=0.000514 enum=10.0 esae=0.004268 esse=0.00000264; force: 0/10 failed to meet fmaxtol, max=0.253267 rmse=0.032731 fnum=5790.0 fsae=142.727514 fsse=6.20278643. 
[gen2] next time scale 10.0 ps, next training step 5010000.
-------------------------------------------------------------------------------- 
[gen3] training the models.
[gen3] current MD time scale 10.0 ps. 
[gen3/wat64_h3o+] energy: 0/10 failed to meet emaxtol, max=0.001025 rmse=0.000682 enum=10.0 esae=0.006475 esse=0.00000465; force: 1/10 failed to meet fmaxtol, max=0.536964 rmse=0.032492 fnum=5790.0 fsae=137.544234 fsse=6.11275363. 
[gen3] next time scale 10.0 ps, next training step 5015000.
-------------------------------------------------------------------------------- 
[gen4] training the models.
[gen4] current MD time scale 10.0 ps. 
[gen4/wat64_h3o+] energy: 1/10 failed to meet emaxtol, max=0.002527 rmse=0.002201 enum=10.0 esae=0.021758 esse=0.00004845; force: 0/10 failed to meet fmaxtol, max=0.151772 rmse=0.028281 fnum=5790.0 fsae=124.263684 fsse=4.63093984. 
[gen4] next time scale 10.0 ps, next training step 5020000.
-------------------------------------------------------------------------------- 
[gen5] training the models.
[gen5] current MD time scale 10.0 ps. 
[gen5/wat64_h3o+] energy: 3/10 failed to meet emaxtol, max=0.003001 rmse=0.002320 enum=10.0 esae=0.022935 esse=0.00005384; force: 0/10 failed to meet fmaxtol, max=0.147570 rmse=0.029114 fnum=5790.0 fsae=127.764952 fsse=4.90764915. 
[gen5] next time scale 10.0 ps, next training step 5025000.
-------------------------------------------------------------------------------- 
[gen6] training the models.
[gen6] current MD time scale 10.0 ps. 
[gen6/wat64_h3o+] Converged: will restart from latest frame; energy: max=0.000330 rmse=0.000186 enum=10.0 esae=0.001516 esse=0.00000034; force: max=0.168288 rmse=0.029289 fnum=5790.0 fsae=127.810997 fsse=4.96676372. 
[gen6] next time scale 20.0 ps, next no training planned.
-------------------------------------------------------------------------------- 
[gen7] not training the models.
[gen7] current MD time scale 20.0 ps. 
[gen7/wat64_h3o+] Converged: will restart from latest frame; energy: max=0.000440 rmse=0.000197 enum=10.0 esae=0.001540 esse=0.00000039; force: max=0.159089 rmse=0.029578 fnum=5790.0 fsae=130.083340 fsse=5.06529986. 
[gen7] next time scale 40.0 ps, next no training planned.
-------------------------------------------------------------------------------- 
[gen8] not training the models.
[gen8] current MD time scale 40.0 ps. 
[gen8/wat64_h3o+] Converged: will restart from latest frame; energy: max=0.000797 rmse=0.000365 enum=10.0 esae=0.002441 esse=0.00000133; force: max=0.164722 rmse=0.030346 fnum=5790.0 fsae=133.181731 fsse=5.33174616. 
[gen8] next time scale 80.0 ps, next no training planned.
-------------------------------------------------------------------------------- 
[gen9] not training the models.
[gen9] current MD time scale 80.0 ps. 
[gen9/wat64_h3o+] Converged: will restart from latest frame; energy: max=0.000403 rmse=0.000239 enum=10.0 esae=0.001961 esse=0.00000057; force: max=0.159617 rmse=0.029787 fnum=5790.0 fsae=131.161416 fsse=5.13727133. 
[gen9] next time scale 160.0 ps, next no training planned.
-------------------------------------------------------------------------------- 
[gen10] not training the models.
[gen10] current MD time scale 160.0 ps. 
[gen10/wat64_h3o+] Converged: will restart from latest frame; energy: max=0.000770 rmse=0.000284 enum=10.0 esae=0.001827 esse=0.00000080; force: max=0.199137 rmse=0.030417 fnum=5790.0 fsae=133.253250 fsse=5.35692049. 
[gen10] next time scale 320.0 ps, next no training planned.
-------------------------------------------------------------------------------- 
[gen11] not training the models.
[gen11] current MD time scale 320.0 ps. 
[gen11/wat64_h3o+] Converged: will restart from latest frame; energy: max=0.000591 rmse=0.000316 enum=10.0 esae=0.002516 esse=0.00000100; force: max=0.199171 rmse=0.029009 fnum=5790.0 fsae=127.644858 fsse=4.87239910. 
[gen11] next time scale 640.0 ps, next no training planned.
-------------------------------------------------------------------------------- 
[gen12] not training the models.
[gen12] current MD time scale 640.0 ps. 
[gen12/wat64_h3o+] Converged: will restart from latest frame; energy: max=0.000456 rmse=0.000257 enum=10.0 esae=0.002085 esse=0.00000066; force: max=0.211777 rmse=0.029664 fnum=5790.0 fsae=129.408613 fsse=5.09496481. 
[gen13] not training the models.
[gen13] current MD time scale 1280.0 ps. 
[gen12] next time scale 1280.0 ps, next no training planned.
-------------------------------------------------------------------------------- 
[gen13/wat64_h3o+] Converged: will restart from latest frame; energy: max=0.000456 rmse=0.000233 enum=10.0 esae=0.001982 esse=0.00000054; force: max=0.165810 rmse=0.030053 fnum=5790.0 fsae=131.918360 fsse=5.22931938. 
[gen13] next time scale 2560.0 ps, next no training planned.
-------------------------------------------------------------------------------- 
Starting an AcLe Loop 
Initial dataset: null; 
Initial geometries (1) in input/geo/*.xyz 
restarting from gen13 ensemble of size 1; 
[gen14] not training the models.
[gen14] current MD time scale 2560.0 ps. 
[gen14/wat64_h3o+] energy: 2/10 failed to meet emaxtol, max=0.020809 rmse=0.008509 enum=10.0 esae=0.039532 esse=0.00072395; force: 2/10 failed to meet fmaxtol, max=2.344948 rmse=0.074619 fnum=5790.0 fsae=166.439903 fsse=32.23868670. 
[gen14] next time scale 2560.0 ps, next training step 5030000.
-------------------------------------------------------------------------------- 
[gen15] training the models.
[gen15] current MD time scale 2560.0 ps. 
[gen15/wat64_h3o+] energy: 7/10 failed to meet emaxtol, max=0.020146 rmse=0.015853 enum=10.0 esae=0.136588 esse=0.00251303; force: 7/10 failed to meet fmaxtol, max=2.965007 rmse=0.125561 fnum=5790.0 fsae=257.760323 fsse=91.28218221. 
[gen15] next time scale 2560.0 ps, next training step 5035000.
-------------------------------------------------------------------------------- 
Starting an AcLe Loop 
Initial dataset: null; 
Initial geometries (1) in input/geo/*.xyz 
Convergence tolerance: emaxtol=0.0025; ermsetol=0.001; fmaxtol=0.500; frmsetol=0.031. 
restarting from gen15 ensemble of size 1; 
[gen16] training the models.
[gen16] current MD time scale 2560.0 ps. 
[gen16/wat64_h3o+] energy: 0/10 failed to meet emaxtol, max=0.001757 rmse=0.001287 enum=10.0 esae=0.012723 esse=0.00001657; force: 0/10 failed to meet fmaxtol, max=0.136527 rmse=0.027416 fnum=5790.0 fsae=121.008376 fsse=4.35198074. 
[gen16] next time scale 2560.0 ps, next training step 5040000.
-------------------------------------------------------------------------------- 
[gen17] training the models.
[gen17] current MD time scale 2560.0 ps. 
[gen17/wat64_h3o+] energy: 0/10 failed to meet emaxtol, max=0.001778 rmse=0.001455 enum=10.0 esae=0.014313 esse=0.00002118; force: 0/10 failed to meet fmaxtol, max=0.140778 rmse=0.027862 fnum=5790.0 fsae=123.171342 fsse=4.49469383. 
[gen17] next time scale 2560.0 ps, next training step 5045000.
-------------------------------------------------------------------------------- 
[gen18] training the models.
[gen18] current MD time scale 2560.0 ps. 
[gen18/wat64_h3o+] energy: 1/10 failed to meet emaxtol, max=0.002819 rmse=0.002214 enum=10.0 esae=0.021930 esse=0.00004902; force: 0/10 failed to meet fmaxtol, max=0.144155 rmse=0.027534 fnum=5790.0 fsae=121.066251 fsse=4.38958149. 
[gen18] next time scale 2560.0 ps, next training step 5050000.
-------------------------------------------------------------------------------- 
[gen19] training the models.
[gen19] current MD time scale 2560.0 ps. 
[gen19/wat64_h3o+] Converged: will restart from latest frame; energy: max=0.001036 rmse=0.000693 enum=10.0 esae=0.006196 esse=0.00000480; force: max=0.153982 rmse=0.027775 fnum=5790.0 fsae=122.005151 fsse=4.46669701. 
[gen19] next time scale 5000.0 ps, next no training planned.
-------------------------------------------------------------------------------- 
[gen20] not training the models.
[gen20] current MD time scale 5000.0 ps. 
[gen20/wat64_h3o+] Converged: will restart from latest frame; energy: max=0.001274 rmse=0.000837 enum=10.0 esae=0.007903 esse=0.00000700; force: max=0.163205 rmse=0.028213 fnum=5790.0 fsae=124.382936 fsse=4.60879521. 
[gen20] next time scale 5000.0 ps, next no training planned.
-------------------------------------------------------------------------------- 
