Time[ps]      Etot[eV]     Epot[eV]     Ekin[eV]    T[K]      ---------------------- stress [GPa] -----------------------
0.0000       -29980.587   -29989.062        8.475   339.7     -0.354     -0.266      0.142     -0.238     -0.104     -0.651
0.0500       -29980.535   -29988.363        7.829   313.8      0.288     -0.262      1.150      1.125     -0.664      0.623
0.1000       -29980.630   -29989.156        8.526   341.8      0.135      1.044      0.661      0.186     -0.117     -0.081
0.1500       -29980.844   -29988.936        8.092   324.3     -0.749     -0.239      0.372      0.538      0.355      0.473
0.2000       -29981.198   -29989.371        8.173   327.6     -0.016      0.145     -0.186     -0.199     -0.522      0.062
0.2500       -29981.016   -29988.730        7.715   309.2     -0.497     -0.096     -0.156     -0.352      0.137      0.324
0.3000       -29980.608   -29988.811        8.203   328.8     -0.471     -0.273     -0.618     -0.120     -0.322      0.024
0.3500       -29980.927   -29988.830        7.903   316.8      0.986      0.418     -0.301      0.149      0.011      0.380
0.4000       -29980.511   -29988.887        8.376   335.7     -0.406      0.898      0.815      0.037     -0.549     -0.158
0.4500       -29980.885   -29989.184        8.298   332.6     -0.053      0.585      1.189      0.027      0.134     -0.101
0.5000       -29980.781   -29989.189        8.408   337.1      0.354      0.456     -0.032      0.079      0.018      0.280
0.5500       -29980.211   -29987.994        7.783   312.0      0.191      0.103      1.284     -0.460     -0.013      0.121
0.6000       -29980.184   -29989.000        8.816   353.4     -0.288     -0.247     -0.284      0.148      0.348      0.080
0.6500       -29981.028   -29989.086        8.058   323.0      0.471     -0.286      0.169      0.191      0.030      0.171
0.7000       -29981.376   -29988.957        7.581   303.9      0.147      0.415      1.133      0.062     -0.054     -0.169
0.7500       -29980.895   -29988.477        7.582   303.9      0.570      0.695      0.584      0.507     -0.262     -0.011
0.8000       -29981.044   -29988.598        7.554   302.8     -0.123      0.037      0.570      0.396      0.496      0.038
0.8500       -29980.811   -29989.111        8.300   332.7      0.841     -0.182      0.025      0.134      0.068     -0.016
0.9000       -29980.763   -29989.051        8.288   332.2     -0.000     -0.691     -0.080      0.175     -0.008      0.099
0.9500       -29980.639   -29988.896        8.257   331.0      0.353      0.058     -0.949     -0.326      0.352      0.130
1.0000       -29980.795   -29989.332        8.537   342.2      0.640      0.896      0.675      0.186     -0.097     -0.196
1.0500       -29980.834   -29989.023        8.190   328.3     -0.067      0.274      0.798      0.576      0.538      0.160
1.1000       -29980.831   -29989.393        8.562   343.2      0.122      0.901      0.244      0.137     -0.927      0.019
1.1500       -29980.593   -29989.979        9.385   376.2      0.204     -0.294      0.042     -0.054     -0.047     -0.314
1.2000       -29980.594   -29989.473        8.879   355.9      0.346      0.374     -0.077      0.599      0.144     -0.330
1.2500       -29980.294   -29988.910        8.616   345.4     -0.316      0.634      0.500     -0.889     -0.067      0.364
1.3000       -29979.976   -29988.260        8.283   332.0      0.889      0.004     -0.762      0.495      0.994     -0.237
1.3500       -29980.144   -29988.818        8.675   347.7     -0.533     -0.284      0.647     -0.524      0.118      0.439
1.4000       -29980.118   -29988.346        8.227   329.8     -0.253      0.826      0.062      0.300      0.330     -0.124
1.4500       -29980.298   -29988.123        7.825   313.7     -0.026     -1.032     -0.938      0.282     -0.360     -0.250
1.5000       -29980.214   -29988.289        8.075   323.7     -0.615      0.026     -0.552      0.276     -0.281     -0.091
1.5500       -29980.178   -29988.898        8.721   349.6     -0.349     -0.070      0.002      0.403      0.027     -0.521
1.6000       -29980.365   -29989.100        8.734   350.1      0.792      1.197      1.010      0.367      0.345     -0.123
1.6500       -29980.103   -29988.982        8.880   355.9     -0.390      0.544      0.397      0.195      0.230     -0.383
1.7000       -29979.688   -29988.506        8.818   353.5      1.106      0.961     -0.345      0.287      0.103     -0.170
1.7500       -29980.263   -29988.117        7.854   314.8     -0.251      0.117     -0.468      0.179      0.249     -0.304
1.8000       -29979.918   -29987.662        7.744   310.4      0.766      0.265     -0.298     -0.230      0.390     -0.027
1.8500       -29980.184   -29988.055        7.871   315.5     -0.652     -0.570     -1.135      0.059     -0.237      0.333
1.9000       -29980.409   -29988.523        8.114   325.2     -1.150      0.635     -0.258     -0.084     -0.019      0.129
1.9500       -29980.380   -29988.557        8.176   327.7      1.277      1.634      0.083     -0.021      0.575      0.200
2.0000       -29980.306   -29988.566        8.261   331.1     -0.841     -1.093     -0.568     -0.206      0.317      0.485
2.0500       -29979.996   -29988.271        8.275   331.7     -0.070     -0.388      0.589      0.084      0.268     -0.469
2.1000       -29980.141   -29988.578        8.438   338.2      0.915      0.599     -0.617      0.069      0.170     -0.299
2.1500       -29980.244   -29988.225        7.981   319.9      0.448      0.520      1.001     -0.152      0.069     -0.413
2.2000       -29981.306   -29988.707        7.401   296.7      0.406     -0.021      0.936      0.513     -0.288     -0.116
2.2500       -29981.120   -29988.967        7.847   314.5      0.159      0.205      0.435     -0.204      0.334      0.320
2.3000       -29980.910   -29989.270        8.359   335.1      0.784      0.835      0.859      0.021      0.170     -0.511
2.3500       -29980.972   -29988.764        7.792   312.3      0.193      0.931      0.199     -0.108     -0.359      0.442
2.4000       -29980.701   -29988.480        7.780   311.8      0.125     -0.165     -0.139     -0.301     -0.556      0.450
2.4500       -29980.805   -29988.936        8.131   325.9      0.642     -0.150     -1.078     -0.126     -0.121      0.185
2.5000       -29980.800   -29988.861        8.062   323.2      0.078     -0.415      0.492      0.241     -0.296     -0.177
2.5500       -29980.948   -29989.492        8.544   342.5     -0.081      0.889      0.024     -0.639      0.066     -0.573
2.6000       -29980.773   -29989.229        8.455   338.9     -0.376     -0.454      0.065      0.566      0.153      0.104
2.6500       -29980.543   -29989.744        9.201   368.8     -0.291      0.626      0.550      0.328      0.531     -0.333
2.7000       -29980.812   -29988.393        7.580   303.9     -0.645      0.502      0.567     -0.378      0.011      0.144
2.7500       -29981.082   -29989.129        8.047   322.6      0.928     -0.065      0.797      0.178     -0.035      0.240
2.8000       -29980.615   -29988.721        8.105   324.9     -0.724      0.557      1.009      0.322      0.338     -0.213
2.8500       -29980.488   -29988.406        7.919   317.4     -0.378     -0.040      0.968      0.014     -0.384      0.057
2.9000       -29980.707   -29988.980        8.274   331.6      0.092      0.401     -0.566      0.372      0.164      0.674
2.9500       -29981.060   -29989.879        8.819   353.5      0.865     -0.321      0.181     -0.381      0.190     -0.658
3.0000       -29980.758   -29989.654        8.896   356.6     -0.114     -0.269     -0.113      0.174     -0.396     -0.175
3.0500       -29981.172   -29989.895        8.723   349.6     -0.873     -0.818     -0.849      0.173     -0.093     -0.281
3.1000       -29981.257   -29989.299        8.042   322.4     -0.157      0.088      0.397      0.067     -0.245     -0.055
3.1500       -29981.267   -29989.576        8.309   333.1      0.943      0.215      0.202     -0.332      0.113     -0.186
3.2000       -29981.347   -29989.164        7.817   313.3     -0.215     -0.134     -0.362      0.695     -0.231     -0.184
3.2500       -29980.960   -29989.043        8.083   324.0     -0.107     -0.257     -0.559      0.438      0.079      0.098
3.3000       -29980.474   -29989.125        8.651   346.8      0.426      0.167      1.108     -0.053     -0.422      0.400
3.3500       -29980.471   -29989.592        9.120   365.6     -0.135      0.301      0.367      0.720     -0.502      0.130
3.4000       -29980.591   -29987.994        7.403   296.7      0.353      0.064     -0.659      0.004      0.412     -0.396
3.4500       -29981.289   -29988.918        7.629   305.8     -0.575     -0.377     -0.374      0.669     -0.456     -0.032
3.5000       -29981.504   -29989.467        7.963   319.2      0.554      0.487     -0.354     -0.227      0.117      0.162
3.5500       -29981.918   -29989.674        7.756   310.9      0.586     -0.216      0.366      0.051      0.053     -0.467
3.6000       -29981.339   -29989.168        7.829   313.8     -0.197      0.266     -1.292      0.872      0.225      0.227
3.6500       -29981.310   -29989.752        8.442   338.4     -1.011      0.169     -0.353     -0.110     -0.522     -0.523
3.7000       -29981.222   -29989.135        7.913   317.2     -0.055      0.496      0.607      0.560     -0.250      0.405
3.7500       -29981.284   -29989.383        8.098   324.6     -0.019     -0.555      0.861      0.413     -0.089      0.374
3.8000       -29981.242   -29989.812        8.570   343.5     -0.230     -0.157      0.347      0.134     -0.200     -0.234
3.8500       -29981.692   -29989.703        8.011   321.1     -0.032      0.664     -0.711     -0.039     -0.026      0.483
3.9000       -29981.769   -29990.428        8.659   347.1      0.293     -0.793     -0.108      0.480      0.190     -0.087
3.9500       -29981.304   -29990.742        9.438   378.3     -0.572     -0.277      0.780      0.111      0.006     -0.475
4.0000       -29980.663   -29989.420        8.757   351.0     -0.331     -0.742     -0.497     -0.423     -0.042     -0.134
4.0500       -29980.609   -29989.047        8.438   338.2      0.180      0.564      0.205      0.391     -0.426     -0.361
4.1000       -29980.835   -29989.998        9.163   367.3      0.051     -0.309      0.536     -0.227      0.151      0.259
4.1500       -29981.262   -29989.176        7.914   317.2      0.056      0.290      0.906     -0.219      0.086      0.381
4.2000       -29981.168   -29988.760        7.592   304.3      0.718     -0.150      1.135     -0.113     -0.640     -0.105
4.2500       -29981.081   -29989.025        7.945   318.5      0.375      0.279      0.508     -0.212      0.241      0.556
4.3000       -29981.429   -29989.836        8.407   337.0     -0.708     -0.105      0.376     -0.063      0.200     -0.239
4.3500       -29980.857   -29988.869        8.012   321.2      0.453     -0.299      0.400      0.308      0.311      0.012
4.4000       -29981.107   -29988.834        7.727   309.7      1.198      0.999      0.732     -0.321      0.396     -0.441
4.4500       -29981.445   -29988.969        7.524   301.6      0.752      0.591      0.323      0.214      0.655      0.153
4.5000       -29981.163   -29988.893        7.729   309.8      0.238      0.715      0.226     -0.137      0.111     -0.506
4.5500       -29981.729   -29989.654        7.925   317.7      0.192      0.408      0.243     -0.401     -0.449      0.480
4.6000       -29981.281   -29989.469        8.188   328.2     -0.075      0.105      0.347      0.683      0.012      0.252
4.6500       -29981.524   -29989.512        7.988   320.2      0.144      0.961     -0.035     -0.244     -0.040     -0.401
4.7000       -29981.563   -29989.393        7.829   313.8     -0.177     -0.444     -0.260      0.464      0.116     -0.354
4.7500       -29981.440   -29989.189        7.750   310.6     -0.303      0.076      0.252      0.330     -0.391      0.435
4.8000       -29981.576   -29988.961        7.385   296.0      0.332      0.211     -0.891      0.782     -0.104      0.305
4.8500       -29981.130   -29989.168        8.038   322.2     -0.153     -0.667      0.208      0.244     -0.035     -0.044
4.9000       -29980.960   -29988.756        7.796   312.5      0.046     -0.338     -1.177     -0.177      0.117      0.182
4.9500       -29981.129   -29989.518        8.388   336.2     -1.082     -0.818     -0.405      0.385      0.259     -0.359
5.0000       -29981.688   -29989.477        7.789   312.2     -0.385     -0.578      0.760      0.063      0.307     -0.215
5.0500       -29981.645   -29989.934        8.289   332.3     -0.504      0.615      0.129      0.213      0.119      0.253
5.1000       -29981.400   -29989.830        8.430   337.9     -0.142     -0.249      0.371      0.053      0.971     -0.321
5.1500       -29981.497   -29989.291        7.794   312.4      0.120      0.396     -0.277      0.180     -0.001     -0.131
5.2000       -29981.359   -29989.084        7.725   309.6      0.740      0.447      1.191      0.641     -0.178      0.214
5.2500       -29981.441   -29988.717        7.276   291.6     -0.608     -0.297      0.236      0.393      0.257      0.373
5.3000       -29981.369   -29989.105        7.737   310.1      0.329     -0.297     -0.412     -0.153     -0.545     -0.228
5.3500       -29981.047   -29988.660        7.613   305.2     -0.779     -1.095      0.252     -0.225      0.131      0.229
5.4000       -29980.947   -29989.270        8.323   333.6     -0.258     -0.802     -0.425     -0.570     -0.347     -0.274
5.4500       -29980.556   -29988.395        7.838   314.2      0.404      0.212     -0.886     -0.259      0.270      0.155
5.5000       -29980.950   -29989.068        8.118   325.4     -0.039     -0.535     -0.500     -0.186     -0.076     -0.381
5.5500       -29981.119   -29989.729        8.609   345.1     -0.090      0.703     -0.525      0.004     -0.036     -0.606
5.6000       -29981.306   -29989.189        7.884   316.0     -0.610     -0.619     -0.908     -0.341     -0.268     -0.055
5.6500       -29981.702   -29990.027        8.325   333.7     -0.871      0.184     -0.624     -0.229     -0.127     -0.075
5.7000       -29982.201   -29990.203        8.002   320.8     -0.318      0.290      0.039     -0.334      0.716     -0.049
5.7500       -29982.496   -29989.908        7.412   297.1      0.207      1.221      0.716      0.512     -0.163      0.471
5.8000       -29982.178   -29989.863        7.685   308.0      0.288      0.445      0.372     -0.264     -0.212     -0.136
5.8500       -29981.638   -29989.707        8.069   323.5     -0.401      0.125     -0.453      0.088     -0.699      0.171
5.9000       -29981.736   -29989.719        7.983   320.0      1.061     -0.085     -0.699     -0.105     -0.234      0.523
5.9500       -29981.652   -29989.289        7.637   306.1     -0.784     -0.047      0.700     -0.095      0.228     -0.629
6.0000       -29981.799   -29989.721        7.922   317.5      0.418     -0.152      0.112     -0.255     -0.148      0.008
6.0500       -29982.159   -29989.178        7.019   281.4     -0.563      0.446     -0.619     -0.058      0.390      0.170
6.1000       -29981.738   -29989.152        7.414   297.2     -0.004     -0.500      0.091      0.301      0.322     -0.565
6.1500       -29981.234   -29989.359        8.126   325.7      0.234     -0.391     -0.837     -0.483      0.202      0.373
6.2000       -29980.975   -29989.268        8.293   332.4      0.328      0.043     -0.501     -0.229      0.197     -0.278
6.2500       -29980.917   -29988.561        7.643   306.4      0.422      0.628      0.830      0.383     -0.260     -0.097
6.3000       -29981.136   -29989.070        7.935   318.1      0.299      0.682      0.755      0.068      0.260      0.091
6.3500       -29981.141   -29988.871        7.730   309.9     -0.714      0.997     -0.352      0.062      0.547     -0.256
6.4000       -29981.193   -29988.721        7.528   301.7      0.350      0.369      0.247      0.382     -0.100     -0.097
6.4500       -29981.696   -29989.281        7.585   304.0     -0.140      0.046     -0.335      0.215     -0.276     -0.193
6.5000       -29981.671   -29989.258        7.587   304.1     -1.139      0.677     -0.532     -0.354     -0.017      0.209
6.5500       -29981.050   -29989.318        8.269   331.4      0.086     -0.100      0.404      0.221      0.137     -0.367
6.6000       -29981.220   -29989.729        8.508   341.0     -0.290     -0.372      0.203     -0.401      0.234      0.176
6.6500       -29981.158   -29988.555        7.397   296.5     -0.081     -0.228      0.068     -0.068      0.027     -0.066
6.7000       -29981.141   -29988.467        7.326   293.6      0.004      0.108      1.191      0.033     -0.469      0.241
6.7500       -29980.532   -29988.811        8.279   331.8      1.285      0.639      0.219     -0.176     -0.398     -0.223
6.8000       -29980.825   -29988.354        7.529   301.8      0.130      1.042      0.509     -0.158      0.534     -0.639
6.8500       -29980.303   -29988.658        8.355   334.9     -0.139     -0.271     -0.882      0.151     -0.508     -0.398
6.9000       -29980.492   -29988.572        8.080   323.9      0.095      0.617      0.594     -0.010     -0.192     -0.001
6.9500       -29980.340   -29988.322        7.982   320.0     -0.338     -0.444      0.917     -0.047     -0.287     -0.641
7.0000       -29980.394   -29988.193        7.799   312.6      0.751      0.920     -0.101      0.246      0.431     -0.124
7.0500       -29979.788   -29988.295        8.507   341.0     -0.806     -0.930     -0.639      0.111      0.183      0.315
7.1000       -29979.330   -29987.418        8.088   324.2     -0.337     -0.782     -0.563     -0.290     -0.479     -0.138
7.1500       -29979.125   -29988.094        8.969   359.5     -0.708      0.997      0.251      0.097     -0.218      0.022
7.2000       -29979.758   -29988.160        8.402   336.8      0.585      0.543     -0.124      0.225     -0.071     -0.233
7.2500       -29979.484   -29988.252        8.768   351.4      1.004     -0.634     -0.545      0.220     -0.014     -0.341
7.3000       -29979.316   -29987.621        8.305   332.9      0.470      0.626      1.424      0.304      0.554      0.107
7.3500       -29978.814   -29987.420        8.606   345.0      0.407      0.777     -0.324      0.311      0.585     -0.233
7.4000       -29978.687   -29987.387        8.700   348.7     -0.247     -0.526      0.166      0.219     -0.346      0.048
7.4500       -29978.377   -29987.635        9.258   371.1     -0.432     -0.543     -0.178     -0.255     -0.493      0.876
7.5000       -29978.414   -29987.670        9.256   371.0     -0.920      0.193     -0.059      0.174     -0.447      0.488
7.5500       -29978.036   -29987.189        9.154   366.9      0.129     -0.458      0.757     -0.260     -0.097     -0.012
7.6000       -29978.330   -29986.869        8.540   342.3     -0.284      0.959      0.062      0.314     -0.384      0.491
7.6500       -29978.509   -29987.549        9.040   362.4     -0.774     -0.056      0.438      0.124     -0.500     -0.014
7.7000       -29979.119   -29987.053        7.934   318.0      0.728      0.410      0.336      0.084     -0.210      0.840
7.7500       -29979.368   -29987.789        8.421   337.6      0.085      0.129      0.312     -0.268     -0.116     -0.140
7.8000       -29979.720   -29988.453        8.734   350.1      0.607      0.220      0.519     -0.121      0.358      0.134
7.8500       -29979.371   -29987.113        7.742   310.4      0.587      0.174      0.527      0.072      0.187     -0.163
7.9000       -29979.108   -29987.023        7.915   317.3      0.224     -0.356     -0.518      0.356     -0.628     -0.167
7.9500       -29979.472   -29987.471        7.999   320.6     -0.203     -0.386     -0.787      0.146     -0.049     -0.561
8.0000       -29979.657   -29987.018        7.361   295.0     -0.387     -0.780      0.848      0.357      0.028      0.327
8.0500       -29979.717   -29987.953        8.236   330.1     -0.289     -0.058     -1.136      0.492      0.313     -0.098
8.1000       -29980.331   -29988.146        7.815   313.3      0.144      0.512      0.213      0.275      0.083     -0.571
8.1500       -29979.575   -29988.074        8.499   340.7      0.552     -0.074      0.032     -0.064      0.016     -0.121
8.2000       -29979.723   -29988.393        8.670   347.5     -0.681     -0.044     -0.092      0.035     -0.178      0.198
8.2500       -29980.229   -29988.961        8.732   350.0      0.720      0.769     -0.440      0.166     -0.172     -0.527
8.3000       -29980.469   -29987.977        7.508   300.9      0.028     -0.229     -0.241     -0.165     -0.123      0.274
8.3500       -29980.446   -29988.078        7.633   305.9      0.974     -0.531      0.185     -0.190     -0.265      0.316
8.4000       -29980.801   -29988.047        7.246   290.4     -0.901      0.139      0.002      0.105     -0.068     -0.266
8.4500       -29980.828   -29988.412        7.584   304.0     -0.072     -0.788     -0.466      0.356      0.228     -0.055
8.5000       -29981.312   -29988.656        7.345   294.4     -0.333     -0.130      0.899      0.086     -0.488     -0.110
8.5500       -29981.612   -29988.959        7.347   294.5      0.596      0.039      0.223      0.055      0.158     -0.370
8.6000       -29981.016   -29988.611        7.595   304.4     -0.127      0.019     -0.111      0.350     -0.193      0.396
8.6500       -29980.507   -29987.656        7.149   286.6     -0.024      0.042      0.010     -0.576     -0.380     -0.329
8.7000       -29980.498   -29988.783        8.285   332.1     -0.090     -0.605     -0.218      0.147      0.016     -0.276
8.7500       -29980.433   -29988.445        8.012   321.2      0.397     -0.557      0.947     -0.289      0.286      0.540
8.8000       -29980.414   -29988.514        8.100   324.7      0.356     -0.183     -0.591      0.174     -0.240     -0.312
8.8500       -29979.888   -29987.914        8.026   321.7      0.123     -0.426      0.711      0.160      0.313      0.096
8.9000       -29979.765   -29988.562        8.798   352.7      0.131     -0.535      1.178     -0.577     -0.153      0.190
8.9500       -29979.341   -29987.125        7.784   312.0      1.230     -0.554      1.726      0.347      0.156     -0.091
9.0000       -29979.585   -29988.355        8.771   351.6     -0.254      0.534     -0.242      0.379     -0.058      0.212
9.0500       -29979.588   -29988.146        8.558   343.0      1.598     -0.703      0.574      0.574     -0.606     -0.215
9.1000       -29979.010   -29987.000        7.990   320.3     -0.557     -0.332      0.312     -0.232     -0.421      0.213
9.1500       -29978.966   -29986.955        7.989   320.2      0.579     -0.377      0.070      0.225     -0.340      0.198
9.2000       -29979.199   -29988.314        9.115   365.4     -0.362      0.026      0.516      0.327      0.065      0.117
9.2500       -29978.660   -29987.328        8.668   347.5      0.948     -0.156     -1.056     -0.668     -0.728     -0.354
9.3000       -29979.210   -29987.914        8.704   348.9     -1.037     -1.100      0.122      0.297      0.294      0.142
9.3500       -29979.805   -29988.633        8.828   353.9      0.049     -0.672      0.065      0.434     -0.081     -0.441
9.4000       -29979.882   -29987.926        8.044   322.4      0.171     -0.012     -0.458     -0.149     -0.024      0.295
9.4500       -29979.989   -29988.170        8.181   327.9      0.053     -0.110      0.213     -0.047     -0.256      0.088
9.5000       -29979.948   -29988.291        8.343   334.4      0.323      0.991      1.684      0.014     -0.491     -0.089
9.5500       -29979.992   -29988.936        8.943   358.5      0.995      0.782      1.261      0.307      0.004      0.235
9.6000       -29979.909   -29988.150        8.242   330.4      0.405      1.264      0.730     -0.176     -0.293     -0.159
9.6500       -29980.140   -29987.986        7.847   314.5      1.282      0.702      0.928      0.257      0.014      0.367
9.7000       -29980.486   -29989.090        8.604   344.9     -0.421      1.097     -0.645     -0.552     -0.244      0.230
9.7500       -29980.669   -29988.934        8.264   331.3     -0.415     -0.569     -0.213      0.364      0.358      0.576
9.8000       -29980.331   -29988.725        8.393   336.4     -0.284     -0.436     -0.600      0.142      0.255      0.576
9.8500       -29980.698   -29989.006        8.308   333.0      0.446     -0.222      1.107      0.028      0.466      0.546
9.9000       -29980.428   -29988.299        7.871   315.5     -0.506     -0.342     -0.025      0.037     -0.244     -0.600
9.9500       -29980.798   -29988.729        7.930   317.9     -0.405      0.558     -0.220      0.101      0.240     -0.260
10.0000      -29981.033   -29989.299        8.266   331.3      0.385     -0.507      0.953      0.375     -0.078      0.231
