Time[ps]      Etot[eV]     Epot[eV]     Ekin[eV]    T[K]      ---------------------- stress [GPa] -----------------------
0.0000       -29980.630   -29988.787        8.157   327.0      0.892     -0.038     -0.061      0.075     -0.653      0.097
0.0500       -29980.768   -29988.617        7.850   314.6     -0.204     -0.412     -0.282      0.163      0.119     -0.153
0.1000       -29980.907   -29988.785        7.879   315.8     -0.197     -0.251     -0.580     -0.199     -0.227      0.079
0.1500       -29980.518   -29988.303        7.785   312.1      0.513     -0.655      0.043      0.274     -0.242      0.178
0.2000       -29980.395   -29988.645        8.249   330.7     -1.142     -0.494     -1.029      0.304      0.016      0.212
0.2500       -29979.693   -29987.734        8.042   322.3      0.904      0.275      1.375     -0.224     -0.118      0.117
0.3000       -29979.712   -29988.328        8.616   345.4     -0.519      0.886      1.069     -0.176     -0.195     -0.064
0.3500       -29979.589   -29988.348        8.759   351.1      0.232     -0.561      0.224     -0.415     -0.019     -0.062
0.4000       -29979.700   -29988.746        9.046   362.6     -0.016      0.213     -0.066      0.317     -0.389      0.350
0.4500       -29980.170   -29989.248        9.078   363.9      1.069     -0.802     -0.363      0.047      0.183      0.026
0.5000       -29980.568   -29988.535        7.967   319.4     -1.585      0.010     -0.438     -0.256      0.276      0.040
0.5500       -29980.278   -29988.664        8.386   336.1     -0.053     -0.058     -0.375      0.104     -0.420     -0.344
0.6000       -29980.453   -29988.830        8.377   335.8     -1.077     -0.131     -0.462     -0.078     -0.290      0.281
0.6500       -29980.290   -29988.689        8.400   336.7      0.312     -0.361     -0.059      0.138     -0.157      0.523
0.7000       -29980.248   -29988.359        8.112   325.2      0.241      0.842     -0.574     -0.021     -0.123      0.120
0.7500       -29980.117   -29988.838        8.721   349.6     -0.205     -0.272     -0.144     -0.105     -0.076      0.219
0.8000       -29980.106   -29988.215        8.109   325.0     -0.409      0.347      0.908      0.201      0.363      0.186
0.8500       -29980.024   -29988.439        8.415   337.3      1.026      0.704      0.149      0.354      0.022     -0.410
0.9000       -29980.530   -29988.744        8.214   329.3      0.582     -0.339     -0.847      0.125      0.171      0.075
0.9500       -29980.214   -29988.088        7.874   315.6     -1.077      0.794     -0.035     -0.426     -0.060      0.117
1.0000       -29980.004   -29988.047        8.043   322.4     -0.111     -1.546     -0.549      0.072      0.184      0.073
1.0500       -29980.277   -29988.783        8.506   341.0     -0.548     -0.255     -0.010      0.102     -0.079     -0.006
1.1000       -29980.107   -29988.588        8.480   339.9      0.079      0.005     -0.529      0.125     -0.009     -0.536
1.1500       -29979.892   -29988.713        8.821   353.6      0.257     -0.107      0.082     -0.175      0.197     -0.368
1.2000       -29979.757   -29988.330        8.573   343.6     -0.652     -0.217     -0.737     -0.083      0.319      0.414
1.2500       -29979.545   -29988.834        9.289   372.3      0.329      0.736     -0.335      0.019     -0.198      0.378
1.3000       -29979.404   -29987.814        8.411   337.1      0.609      0.745      1.003      0.044     -0.166      0.351
1.3500       -29978.727   -29987.154        8.428   337.8      0.392      0.184     -0.628     -0.499     -0.293     -0.156
1.4000       -29978.593   -29987.945        9.353   374.9     -0.307     -0.049      0.092      0.085      0.458     -0.084
1.4500       -29979.522   -29988.076        8.554   342.9     -0.082      0.405     -0.844     -0.222      0.066      0.443
1.5000       -29979.680   -29988.012        8.332   334.0     -0.140     -0.270     -0.130     -0.028     -0.397     -0.335
1.5500       -29979.812   -29987.930        8.118   325.4     -0.232      0.005     -0.948     -0.380     -0.056      0.718
1.6000       -29979.978   -29988.010        8.032   322.0     -0.868     -0.329      0.700     -0.048     -0.206     -0.013
1.6500       -29980.279   -29988.551        8.272   331.6      0.687      1.338      0.126      0.370     -0.205      0.487
1.7000       -29980.572   -29989.221        8.649   346.7     -0.300      0.547     -0.431      0.069      0.305     -0.119
1.7500       -29980.146   -29988.518        8.372   335.6     -1.314      0.647      0.608     -0.294     -0.153     -0.098
1.8000       -29980.195   -29987.996        7.801   312.7      0.150      0.612     -1.355      0.305      0.190      0.101
1.8500       -29980.106   -29988.498        8.392   336.4      0.379      0.567      0.515     -0.148     -0.290      0.011
1.9000       -29980.081   -29987.908        7.827   313.8      1.070      0.148     -0.079      0.340      0.230      0.404
1.9500       -29980.394   -29988.244        7.850   314.7      0.495      0.877      1.097     -0.491      0.744      0.259
2.0000       -29979.827   -29988.422        8.595   344.5     -0.516     -0.003      0.203     -0.410      0.597      0.092
2.0500       -29979.253   -29987.686        8.432   338.0      0.051     -0.117      1.089      0.093      0.425     -0.237
2.1000       -29979.551   -29987.832        8.281   332.0      0.145     -0.018     -0.750      0.267      0.055      0.613
2.1500       -29979.655   -29988.062        8.408   337.0     -0.919     -0.410     -0.518     -0.207      0.744     -0.232
2.2000       -29980.212   -29988.637        8.425   337.7     -0.041      0.288      0.220      0.135     -0.617     -0.942
2.2500       -29980.185   -29988.541        8.356   334.9      0.182      0.797     -0.537      0.491     -0.261      0.042
2.3000       -29980.141   -29988.684        8.543   342.4     -0.387      0.178      0.889      0.116     -0.058     -0.161
2.3500       -29979.846   -29988.346        8.500   340.7     -0.146      0.514     -1.114     -0.362     -0.054      0.069
2.4000       -29980.469   -29989.195        8.727   349.8     -1.289      0.176     -0.118     -0.196     -0.206      0.369
2.4500       -29980.699   -29988.969        8.270   331.5      0.573      0.709      0.436      0.221      0.295      0.022
2.5000       -29980.836   -29989.375        8.539   342.3     -0.539     -0.477      0.473     -0.890     -0.390     -0.165
2.5500       -29980.289   -29989.125        8.836   354.2      0.064     -0.133      0.092      0.132     -0.327      0.009
2.6000       -29980.179   -29989.002        8.822   353.6     -0.482     -0.234     -0.473      0.644     -0.205     -0.128
2.6500       -29980.149   -29988.516        8.367   335.4     -0.627      0.113     -1.578     -0.022      0.161      0.420
2.7000       -29980.423   -29988.527        8.104   324.9     -0.090     -0.591      0.011     -0.321      0.152     -0.054
2.7500       -29980.574   -29988.699        8.125   325.7      0.020      0.220      0.358     -0.219     -0.062      0.404
2.8000       -29980.446   -29988.680        8.233   330.0      0.751     -0.637      0.377     -0.357     -0.228     -0.522
2.8500       -29980.533   -29989.646        9.114   365.3     -0.030     -0.063     -0.370      0.089      0.137     -0.095
2.9000       -29980.402   -29988.621        8.219   329.5     -0.943     -1.049     -0.559     -0.466     -0.267      0.165
2.9500       -29980.000   -29988.367        8.367   335.4     -0.399      0.154      0.745      0.503      0.024     -0.156
3.0000       -29980.030   -29988.531        8.501   340.8     -0.954     -0.812     -1.601      0.002      0.025     -0.138
3.0500       -29980.460   -29989.072        8.612   345.2     -0.453      0.139      0.537      0.032     -0.302     -0.150
3.1000       -29980.599   -29988.119        7.520   301.4      0.535     -0.746      0.116      0.069     -0.390     -0.273
3.1500       -29980.327   -29988.553        8.226   329.7     -0.628     -0.606     -0.978     -0.096      0.245     -0.218
3.2000       -29980.315   -29988.488        8.173   327.6      0.490      0.026     -0.406      0.249     -0.239      0.521
3.2500       -29980.151   -29988.166        8.015   321.3     -0.362     -0.125      0.049      0.188     -0.592     -0.770
3.3000       -29980.384   -29989.057        8.672   347.6      0.352      0.191      0.276     -0.077      0.190     -0.004
3.3500       -29980.449   -29989.053        8.604   344.9     -0.438     -1.252     -0.574     -0.055      0.271      0.347
3.4000       -29980.895   -29989.992        9.097   364.7     -0.343     -0.631      0.516      0.487     -0.116      0.062
3.4500       -29980.324   -29988.721        8.397   336.6      0.218      0.281     -0.076     -0.567     -0.148     -0.102
3.5000       -29979.752   -29988.666        8.914   357.3     -1.215     -1.357     -0.935     -0.260     -0.957     -0.166
3.5500       -29979.759   -29988.957        9.199   368.7      0.017     -0.646     -0.602     -0.409      0.260     -0.354
3.6000       -29980.216   -29988.824        8.609   345.1      0.057      0.429      0.393     -0.010      0.517      0.058
3.6500       -29980.255   -29988.945        8.690   348.3     -0.024      0.576     -0.205     -0.085     -0.047      0.239
3.7000       -29980.364   -29988.439        8.076   323.7     -0.073     -0.787     -0.754     -0.596      0.001      0.348
3.7500       -29980.555   -29989.375        8.820   353.6     -0.786      0.495     -0.057      0.062     -0.291     -0.008
3.8000       -29980.301   -29988.512        8.211   329.1     -0.468     -0.571      0.143     -0.431      0.055      0.214
3.8500       -29981.022   -29989.762        8.740   350.3     -0.381     -0.024      0.262     -0.396     -0.104     -0.042
3.9000       -29980.935   -29989.164        8.229   329.9     -0.311     -0.116      0.937      0.259     -0.069     -0.092
3.9500       -29980.670   -29988.125        7.455   298.8      0.314     -0.669     -0.396      0.571     -0.161     -0.209
4.0000       -29980.981   -29988.914        7.933   318.0      0.268     -0.346      0.517      0.336      0.596     -0.049
4.0500       -29981.033   -29988.779        7.746   310.5      0.518      0.528      1.255     -0.475      0.104      0.101
4.1000       -29980.615   -29989.104        8.488   340.2      0.734      0.468      0.538     -0.293      0.162      0.330
4.1500       -29981.012   -29988.963        7.951   318.7      0.198     -0.213      0.183     -0.152     -0.090      0.121
4.2000       -29980.573   -29988.682        8.109   325.0      0.162     -0.196     -0.702      0.117      0.131     -0.243
4.2500       -29980.207   -29988.012        7.804   312.8     -0.516     -0.733      0.159      0.187     -0.653      0.016
4.3000       -29979.840   -29988.318        8.479   339.9     -0.803     -0.666     -0.613      0.511      0.809     -0.100
4.3500       -29980.046   -29988.607        8.561   343.2      0.111     -0.252      0.349     -0.006     -0.325     -0.173
4.4000       -29979.974   -29988.160        8.186   328.1     -0.493     -0.252      0.478      0.164     -0.308     -0.268
4.4500       -29979.461   -29988.029        8.568   343.4      0.692      1.174      1.144      0.357      0.180     -0.007
4.5000       -29979.580   -29988.078        8.498   340.7      1.472      1.478      0.441      0.215     -0.075      0.535
4.5500       -29979.673   -29987.414        7.741   310.3      0.287      0.857     -0.356      0.176     -0.055      0.591
4.6000       -29979.674   -29987.752        8.078   323.8     -0.079      1.105      1.632      0.472     -0.699      0.037
4.6500       -29979.325   -29988.215        8.890   356.4      0.335     -0.615     -1.490     -0.432     -0.041      0.543
4.7000       -29979.784   -29987.838        8.054   322.8      0.111      0.433      0.844     -0.299     -0.660     -0.028
4.7500       -29979.250   -29988.555        9.305   373.0      0.077      0.193     -0.188      0.224     -0.199     -0.250
4.8000       -29979.410   -29987.896        8.487   340.2      0.073      0.456      1.247     -0.158     -0.236     -0.043
4.8500       -29979.830   -29988.254        8.424   337.7     -0.684     -0.423     -0.245      0.436     -0.015      0.204
4.9000       -29979.957   -29988.494        8.537   342.2      0.324     -0.210     -0.294     -0.166      0.291      0.540
4.9500       -29979.462   -29988.414        8.952   358.8     -0.204      0.148     -0.445      0.284     -0.328      0.371
5.0000       -29979.574   -29987.760        8.186   328.1     -0.094     -1.304     -0.206     -0.258      0.080     -0.381
5.0500       -29979.955   -29988.080        8.126   325.7     -0.222      0.332     -0.776      0.533      0.063      0.261
5.1000       -29980.414   -29988.549        8.135   326.1     -0.070     -0.416      0.412      0.093     -0.305     -0.144
5.1500       -29980.189   -29988.688        8.499   340.7      1.074      0.885      0.384     -0.023      0.019     -0.422
5.2000       -29980.507   -29988.145        7.637   306.1     -0.071     -0.201      0.812      0.760     -0.356      0.485
5.2500       -29980.375   -29988.355        7.980   319.9      1.252     -0.004      0.505      0.082     -0.073     -0.283
5.3000       -29980.722   -29988.830        8.108   325.0     -0.300      0.052     -0.704     -0.128     -0.301      0.601
5.3500       -29980.553   -29988.449        7.896   316.5     -1.216      0.365      0.121      0.105      0.280     -0.104
5.4000       -29980.455   -29988.814        8.360   335.1     -0.732     -0.994      0.181      0.170     -0.105     -0.062
5.4500       -29980.537   -29989.049        8.512   341.2      0.294     -0.156      0.509      0.057     -0.221     -0.419
5.5000       -29980.379   -29988.613        8.234   330.1      0.139     -0.549     -0.186      0.043      0.744      0.246
5.5500       -29980.820   -29988.990        8.170   327.5      0.843      0.668      0.998      0.722     -0.385      0.395
5.6000       -29980.681   -29989.252        8.571   343.5      0.918      0.469      0.652      0.072      0.218     -0.129
5.6500       -29980.499   -29988.695        8.196   328.5      0.279     -0.358      0.302      0.410     -0.258      0.647
5.7000       -29980.441   -29987.574        7.134   286.0      0.332      0.923      0.646      0.025     -0.203      0.238
5.7500       -29979.856   -29988.273        8.418   337.4      0.216     -0.119     -0.364      0.578      0.309     -0.052
5.8000       -29979.587   -29988.178        8.591   344.3      0.045      0.384     -0.092      0.241     -0.065     -0.299
5.8500       -29979.852   -29988.912        9.060   363.2     -0.117      0.245     -0.560     -0.321      0.070     -0.508
5.9000       -29979.922   -29988.129        8.207   329.0     -0.640     -0.667      0.215     -0.167     -0.041      0.239
5.9500       -29979.740   -29988.406        8.666   347.4      1.143      0.426      0.979      0.185     -0.336     -0.583
6.0000       -29979.965   -29987.877        7.912   317.2     -0.279      0.033      0.873      0.317      0.130     -0.134
6.0500       -29979.782   -29987.828        8.046   322.5      0.039     -0.436      0.440      0.194     -0.297      0.237
6.1000       -29978.882   -29987.266        8.383   336.0     -0.847     -0.304      0.031      0.277      0.632     -0.601
6.1500       -29978.740   -29987.670        8.930   357.9      0.192     -0.578     -0.406     -0.101     -0.041      0.233
6.2000       -29979.131   -29987.777        8.646   346.6     -0.263      0.906      1.560     -0.218      0.020     -0.104
6.2500       -29979.257   -29987.578        8.321   333.6     -0.109     -0.922     -0.749      0.063     -0.415      0.038
6.3000       -29979.173   -29987.549        8.376   335.8     -0.400     -0.103      0.860     -0.159     -0.176     -0.150
6.3500       -29979.615   -29987.945        8.330   333.9     -0.747     -0.598     -0.652     -0.302     -0.136      0.552
6.4000       -29979.274   -29987.873        8.599   344.7     -0.169     -0.869     -0.926      0.024      0.488     -0.907
6.4500       -29979.367   -29988.230        8.863   355.3     -0.743     -0.963      0.618      0.055     -0.073      0.614
6.5000       -29979.576   -29987.984        8.408   337.0     -0.909     -0.353     -0.113     -0.444      0.052      0.389
6.5500       -29979.686   -29988.568        8.882   356.0      0.017     -0.187      0.615     -0.184      0.563     -0.255
6.6000       -29979.967   -29988.822        8.855   355.0     -0.890     -0.009      0.106      0.090     -0.525     -0.565
6.6500       -29980.409   -29988.586        8.177   327.8     -0.617     -0.224     -1.093      0.675      0.447      0.224
6.7000       -29980.392   -29988.986        8.594   344.5     -0.041     -0.334     -0.019     -0.125     -0.433     -0.032
6.7500       -29979.823   -29987.883        8.060   323.1      0.080      0.352     -0.001      0.140     -0.158      0.158
6.8000       -29979.833   -29988.531        8.698   348.7     -0.612     -0.257     -0.775     -0.138      0.107     -0.385
6.8500       -29979.645   -29987.727        8.082   324.0      0.063      0.234     -0.156      0.217      0.154      0.080
6.9000       -29979.993   -29988.521        8.529   341.9      0.250     -0.311     -0.504      0.231     -0.304      0.078
6.9500       -29980.078   -29989.205        9.128   365.9     -0.486     -0.163     -0.158      0.005      0.069     -0.138
7.0000       -29979.902   -29988.148        8.247   330.6     -0.184     -1.271     -0.577     -0.380      0.472     -0.153
7.0500       -29980.097   -29987.631        7.534   302.0     -0.310     -0.238     -0.280      0.637     -0.334     -0.284
7.1000       -29979.827   -29987.482        7.655   306.8      0.254      0.658      0.392     -0.408     -0.471     -0.462
7.1500       -29979.890   -29987.924        8.034   322.0     -0.160     -0.532     -0.613     -0.023     -0.660      0.079
7.2000       -29980.369   -29989.086        8.717   349.4     -0.412     -0.971     -0.647      0.051      0.002      0.356
7.2500       -29980.923   -29989.008        8.085   324.1     -0.339     -0.278     -0.481      0.512      0.271     -0.166
7.3000       -29980.811   -29988.887        8.076   323.7      0.026     -0.582      0.388     -0.170     -0.013     -0.510
7.3500       -29980.768   -29989.834        9.066   363.4      0.388      0.278      0.074     -0.352     -0.001     -0.294
7.4000       -29980.763   -29989.311        8.547   342.6      0.115      0.413      0.343      0.101     -0.029      0.730
7.4500       -29980.371   -29988.172        7.801   312.7     -0.350      0.044     -0.562      0.213      0.308     -0.045
7.5000       -29980.343   -29988.691        8.348   334.6      0.441     -0.299     -0.635     -0.511      0.103     -0.366
7.5500       -29980.292   -29988.959        8.667   347.4      0.179      0.079     -0.082     -0.159      0.044     -0.489
7.6000       -29980.235   -29989.262        9.027   361.8      0.431     -0.398      0.007     -0.106     -0.707      0.169
7.6500       -29980.679   -29989.090        8.411   337.1     -1.052      0.082      0.405     -0.094     -0.174     -0.383
7.7000       -29980.575   -29988.713        8.138   326.2      0.806     -0.518      0.038     -0.236     -0.165      0.070
7.7500       -29981.207   -29989.123        7.916   317.3     -0.688     -0.343     -0.577     -0.187      0.057     -0.092
7.8000       -29980.793   -29988.879        8.085   324.1     -0.101     -0.463     -0.334      0.435      0.186     -0.375
7.8500       -29980.801   -29989.818        9.018   361.5      0.005     -0.497     -0.301      0.055     -0.172      0.095
7.9000       -29980.795   -29989.027        8.232   330.0     -0.128     -0.160     -0.066     -0.082      0.044     -0.146
7.9500       -29980.811   -29989.230        8.419   337.5      0.152      0.154     -0.371      0.373      0.061      0.176
8.0000       -29981.244   -29989.043        7.799   312.6      0.399      0.691      0.321      0.201      0.171     -0.393
8.0500       -29981.519   -29989.691        8.172   327.6     -0.435     -0.079      0.073      0.368     -0.272      0.106
8.1000       -29981.416   -29989.053        7.637   306.1     -0.468      0.610      0.039      0.355     -0.153     -0.044
8.1500       -29981.052   -29989.127        8.075   323.7      0.392      0.280     -0.424      0.273      0.123      0.172
8.2000       -29980.703   -29988.840        8.136   326.1     -0.002     -0.099      0.234      0.078      0.022     -0.319
8.2500       -29980.683   -29988.566        7.884   316.0      0.776      0.403      1.234     -0.443      0.017     -0.454
8.3000       -29980.725   -29988.594        7.869   315.4      0.418      0.940     -0.163      0.459     -0.239      0.146
8.3500       -29980.367   -29988.047        7.679   307.8      0.254     -0.181     -0.514      0.084      0.242     -0.179
8.4000       -29979.877   -29987.979        8.101   324.7     -0.509     -0.137     -0.534     -0.034     -0.189     -0.552
8.4500       -29979.719   -29988.598        8.879   355.9      0.137      0.504     -0.808      0.412      0.141      0.044
8.5000       -29980.028   -29988.373        8.345   334.5     -0.281      0.485      0.789     -0.263      0.001     -0.181
8.5500       -29979.249   -29987.965        8.716   349.4     -0.399     -0.928     -0.514      0.168      0.212     -0.050
8.6000       -29979.570   -29987.805        8.234   330.1      0.645     -0.022      0.268     -0.207     -0.276      0.267
8.6500       -29979.566   -29988.326        8.760   351.1      0.031     -1.473     -0.188      0.667      0.312     -0.520
8.7000       -29979.482   -29988.162        8.680   348.0     -0.549     -1.105     -0.796      0.084     -0.680      0.169
8.7500       -29979.346   -29988.730        9.385   376.2     -0.214      0.133     -0.342     -0.282      0.372     -0.214
8.8000       -29979.303   -29987.941        8.638   346.3      0.032     -0.577     -0.477     -0.183      0.192      0.422
8.8500       -29979.634   -29988.236        8.602   344.8     -0.952      0.562      0.136     -0.295      0.402      0.410
8.9000       -29980.231   -29988.521        8.291   332.3      0.112     -0.472     -0.477     -0.031     -0.398      0.389
8.9500       -29980.531   -29988.416        7.885   316.1     -0.259     -0.072     -0.461     -0.554     -0.019      0.092
9.0000       -29980.112   -29987.980        7.868   315.4      0.842      0.770     -0.706      0.330     -0.239     -0.362
9.0500       -29980.366   -29988.529        8.163   327.2      0.009     -0.964      0.621      0.233     -0.047     -0.326
9.1000       -29979.839   -29988.928        9.089   364.3     -0.305     -0.584     -1.746     -0.287      0.277      0.150
9.1500       -29980.282   -29988.139        7.856   314.9      0.419      1.245      0.137     -0.015      0.272      0.023
9.2000       -29980.293   -29988.217        7.924   317.6      0.169     -0.038     -0.355      0.027     -0.600      0.437
9.2500       -29980.189   -29988.129        7.940   318.3     -0.320     -0.711     -0.143     -0.068      0.430     -0.000
9.3000       -29980.348   -29988.203        7.856   314.9      0.451      0.516     -0.395     -0.309      0.259     -0.058
9.3500       -29979.944   -29988.348        8.403   336.8     -0.610      0.085     -1.407      0.547     -0.024      0.236
9.4000       -29980.137   -29988.314        8.177   327.8      0.492     -0.626     -0.177     -0.135     -0.308      0.157
9.4500       -29979.671   -29988.131        8.460   339.1     -0.284     -0.423     -0.043      0.337     -0.264      0.224
9.5000       -29979.370   -29987.830        8.460   339.1      0.210     -0.393      0.153     -0.267     -0.160     -0.343
9.5500       -29980.031   -29988.443        8.412   337.2     -0.371     -0.580     -0.646     -0.652      0.173     -0.377
9.6000       -29980.432   -29988.082        7.651   306.7      0.682      0.658      0.720     -0.115     -0.452      0.033
9.6500       -29980.526   -29988.189        7.664   307.2      0.922      0.516      1.078     -0.215      0.359     -0.621
9.7000       -29980.762   -29989.246        8.484   340.1      1.179      0.694      0.613     -0.118      0.214     -0.466
9.7500       -29980.096   -29988.527        8.432   338.0      1.028      0.704      0.593      0.598     -0.211     -0.422
9.8000       -29980.397   -29988.998        8.601   344.8      0.490      0.730      0.697     -0.547      0.662      0.209
9.8500       -29980.736   -29988.752        8.016   321.3      0.576      1.369      0.531      0.217     -0.122      0.216
9.9000       -29981.033   -29988.434        7.401   296.7      1.030      0.992      0.785      0.107     -0.196     -0.692
9.9500       -29980.714   -29988.992        8.278   331.8     -0.201      0.254     -0.486     -0.292     -0.081      0.096
10.0000      -29980.089   -29988.072        7.984   320.0      1.120      0.626      0.352     -0.590      0.161     -0.351
10.0500      -29980.240   -29988.867        8.627   345.8      0.672      0.828      0.925      0.799     -0.346      0.450
10.1000      -29979.781   -29988.662        8.881   356.0     -0.661     -0.930     -0.259     -0.241      0.116     -0.443
10.1500      -29979.962   -29988.621        8.659   347.1      0.343      0.626      0.383      0.126     -0.139     -0.077
10.2000      -29980.632   -29988.912        8.280   331.9      0.287      0.117     -0.179     -0.190     -0.251     -0.720
10.2500      -29980.863   -29989.182        8.319   333.4     -0.023     -1.025     -1.080     -0.481      0.148     -0.175
10.3000      -29980.331   -29988.779        8.448   338.6     -0.064     -0.611      0.017     -0.006      0.290      0.291
10.3500      -29980.160   -29989.404        9.244   370.6     -0.515     -0.192     -0.928      0.180     -0.168     -0.387
10.4000      -29980.600   -29988.738        8.138   326.2     -0.119      0.342      0.152      0.270      0.087      0.042
10.4500      -29980.433   -29988.336        7.903   316.8      0.746     -0.324     -0.081     -0.162     -0.006      0.430
10.5000      -29980.576   -29988.246        7.670   307.4      0.067      0.012     -0.117     -0.097      0.213      0.224
10.5500      -29980.946   -29988.398        7.453   298.7     -0.333      0.703     -0.488     -0.532      0.258      0.343
10.6000      -29981.043   -29989.023        7.981   319.9      0.872      0.192     -0.446      0.043     -0.070     -0.479
10.6500      -29980.754   -29989.018        8.264   331.3     -0.272      0.031     -0.017     -0.009     -0.236     -0.005
10.7000      -29981.072   -29989.256        8.184   328.1     -0.216      0.162     -0.587     -0.207     -0.234      0.331
10.7500      -29981.170   -29989.139        7.969   319.4     -0.548      0.040     -0.682     -0.269     -0.229     -0.305
10.8000      -29981.252   -29990.236        8.984   360.1      1.124      0.704      0.751      0.096      0.230     -0.180
10.8500      -29981.361   -29989.312        7.951   318.7     -0.284     -0.467      0.596      0.369      0.108      0.591
10.9000      -29981.448   -29989.061        7.612   305.1     -0.364      0.519      0.073      0.028     -0.513     -0.270
10.9500      -29981.746   -29988.881        7.134   286.0      0.478      0.517      0.925      0.380     -0.499     -0.183
11.0000      -29981.730   -29989.332        7.602   304.7      0.555      0.842      0.694     -0.022     -0.386      0.200
11.0500      -29982.094   -29989.256        7.162   287.1     -0.247     -0.107     -0.424     -0.147     -0.231     -0.286
11.1000      -29981.826   -29989.883        8.057   323.0     -0.705      0.661     -0.225      0.043      0.202     -0.494
11.1500      -29981.542   -29989.531        7.989   320.2      0.544     -0.168     -0.081     -0.242     -0.347      0.120
11.2000      -29981.561   -29989.791        8.230   329.9      0.513      0.709      0.966      0.593      0.112      0.106
11.2500      -29981.612   -29989.285        7.674   307.6      0.493      0.577      0.805      0.013      0.158      0.384
11.3000      -29981.644   -29989.625        7.981   319.9      0.413      0.212      1.195      0.346     -0.543     -0.146
11.3500      -29981.502   -29989.594        8.091   324.3     -0.338      0.405      1.120      0.037     -0.107      0.250
11.4000      -29981.273   -29989.881        8.608   345.0     -0.999      0.205     -0.921      0.061      0.354     -0.331
11.4500      -29980.874   -29989.590        8.716   349.4     -0.145      0.448      0.141     -0.415      0.508     -0.393
11.5000      -29980.692   -29988.801        8.109   325.0      1.116      0.521      0.782     -0.316     -0.310      0.478
11.5500      -29979.901   -29988.504        8.603   344.8     -0.419     -0.678     -1.278      0.040      0.385     -0.244
11.6000      -29980.435   -29988.695        8.260   331.1     -0.719     -0.948     -0.435      0.395      0.432     -0.137
11.6500      -29980.444   -29988.307        7.863   315.2     -0.452      0.597     -0.724      0.144      0.100      0.640
11.7000      -29980.080   -29988.398        8.319   333.5      0.145     -0.193      0.726      0.352      0.041     -0.018
11.7500      -29980.550   -29988.650        8.100   324.7     -1.185      0.129     -0.082      0.380      0.210      0.347
11.8000      -29980.848   -29989.078        8.230   329.9     -0.475      0.143     -0.041     -0.459     -0.036     -0.391
11.8500      -29980.389   -29988.096        7.707   308.9      0.404     -0.123      0.122      0.090     -0.044     -0.068
11.9000      -29980.474   -29987.918        7.444   298.4      0.346     -0.055      0.411     -0.312     -0.284     -0.117
11.9500      -29980.530   -29988.957        8.427   337.8     -0.025      0.214     -0.029     -0.051      0.764      0.227
12.0000      -29980.432   -29989.289        8.857   355.0     -0.492     -0.681     -0.742      0.392      0.122     -0.308
12.0500      -29980.459   -29988.252        7.792   312.4      0.230      0.190      0.027     -0.031     -0.182     -0.061
12.1000      -29980.306   -29988.848        8.541   342.4      0.160      0.237      1.212      0.127      0.222     -0.194
12.1500      -29980.346   -29988.928        8.582   344.0      0.425      0.025     -0.309      0.038     -0.194      0.412
12.2000      -29980.262   -29988.846        8.583   344.1     -0.022      0.179     -0.182     -0.465     -0.620     -0.115
12.2500      -29980.281   -29988.338        8.057   323.0     -1.216     -0.619     -1.227     -0.059     -0.098      0.197
12.3000      -29980.274   -29987.941        7.667   307.3     -0.265     -0.375     -0.772      0.342      0.081      0.026
12.3500      -29979.585   -29988.549        8.964   359.3     -0.068      0.538     -0.084      0.259     -0.079      0.576
12.4000      -29980.117   -29988.738        8.621   345.6      0.149     -0.432      0.133      0.372      0.352      0.126
12.4500      -29980.162   -29988.135        7.973   319.6      0.258      0.338      0.603     -0.687     -0.053     -0.504
12.5000      -29980.255   -29989.035        8.780   351.9      0.162      0.273      0.101      0.065      0.039      0.010
12.5500      -29980.407   -29989.357        8.950   358.8      0.159     -0.549      0.204     -0.348     -0.832      0.199
12.6000      -29980.435   -29988.625        8.190   328.3      0.006     -0.286     -0.053      0.271      0.358     -0.041
12.6500      -29980.334   -29988.990        8.656   347.0     -0.043      1.294      0.417      0.392      0.164     -0.082
12.7000      -29980.632   -29989.262        8.629   345.9     -0.632      0.535     -0.060     -0.051     -0.274      0.368
12.7500      -29980.761   -29988.953        8.193   328.4      0.139      0.401     -0.510     -0.048     -0.178     -0.547
12.8000      -29981.106   -29989.775        8.669   347.5     -0.933     -0.172     -1.013     -0.002      0.296     -0.376
12.8500      -29981.393   -29989.752        8.359   335.1     -0.327      0.029      0.052      0.158     -0.219      0.342
12.9000      -29981.982   -29989.510        7.528   301.8      0.140      1.022      0.695      0.072      0.235     -0.684
12.9500      -29981.514   -29989.990        8.477   339.8      0.450     -0.003      0.295      0.411     -0.588     -0.067
13.0000      -29981.263   -29989.223        7.960   319.1      0.497      0.430     -0.320      0.255     -0.057     -0.537
13.0500      -29981.942   -29989.400        7.458   299.0     -0.912     -0.279      0.252     -0.155     -0.270     -0.027
13.1000      -29981.906   -29990.180        8.273   331.6      1.158     -0.158      0.813     -0.018     -0.068      0.008
13.1500      -29982.005   -29989.188        7.183   287.9      0.036      1.146     -0.382     -0.366     -0.106     -0.003
13.2000      -29981.864   -29989.705        7.841   314.3     -0.089     -0.039      0.976     -0.399      0.308      0.364
13.2500      -29981.793   -29989.430        7.637   306.1      0.072      0.677      0.561     -0.293      0.602      0.466
13.3000      -29981.539   -29990.453        8.914   357.3      0.506     -0.401     -0.717      0.016      0.164      0.018
13.3500      -29981.240   -29989.623        8.383   336.0     -0.207      0.256     -0.150      0.205      0.031      0.275
13.4000      -29981.124   -29989.820        8.696   348.6      0.245      0.803      1.314     -0.250     -0.556      0.078
13.4500      -29980.798   -29989.207        8.410   337.1      0.391      0.770     -0.160      0.336      0.455     -0.409
13.5000      -29980.745   -29989.000        8.255   330.9      1.150      1.015      0.771     -0.536     -0.591     -0.618
13.5500      -29980.559   -29988.695        8.136   326.1     -0.150      0.022      0.229      0.203      0.039     -0.140
13.6000      -29980.674   -29988.723        8.049   322.6     -0.236     -0.598      0.353     -0.461     -0.414     -0.319
13.6500      -29980.762   -29989.211        8.448   338.7      0.010     -0.655     -0.613      0.030     -0.052      0.019
13.7000      -29980.864   -29989.324        8.461   339.1      0.394     -0.034     -0.881      0.350     -0.238     -0.035
13.7500      -29980.728   -29988.949        8.221   329.5      0.078     -0.165     -0.231     -0.402     -0.865      0.615
13.8000      -29981.213   -29989.590        8.377   335.8     -0.746      0.034      0.729      0.383      0.436      0.006
13.8500      -29981.417   -29989.539        8.122   325.6     -0.709     -0.860     -0.263      0.188     -0.208      0.565
13.9000      -29981.401   -29990.090        8.689   348.3     -0.448      0.306      0.083      0.508      0.218     -0.752
13.9500      -29981.558   -29989.598        8.039   322.3      0.265      0.110     -0.493     -0.033     -0.060      0.076
14.0000      -29981.210   -29990.467        9.257   371.1     -0.505      0.231     -0.672      0.211      0.452      0.079
14.0500      -29980.895   -29989.377        8.482   340.0     -0.257      0.711      1.029     -0.383     -0.465      0.139
14.1000      -29980.750   -29989.541        8.791   352.4     -0.227      0.183     -0.091     -0.116      0.352      0.065
14.1500      -29981.137   -29989.402        8.266   331.3     -1.003     -0.382     -0.747     -0.114      0.055     -0.366
14.2000      -29981.134   -29989.398        8.264   331.3     -0.723     -0.973     -0.756      0.785     -0.195     -0.436
14.2500      -29981.646   -29989.242        7.596   304.5      0.104     -0.102      0.415      0.167     -0.209      0.127
14.3000      -29981.659   -29989.391        7.731   309.9     -0.010      0.089     -0.570     -0.260      0.080     -0.369
14.3500      -29981.802   -29989.484        7.682   307.9      0.086     -0.220      0.027     -0.400     -0.473      0.132
14.4000      -29981.958   -29990.279        8.321   333.5      0.742      0.636     -0.394      0.341     -0.718     -0.421
14.4500      -29981.621   -29990.486        8.865   355.4     -0.030     -0.268     -0.078      0.271      0.061     -0.049
14.5000      -29981.323   -29990.066        8.744   350.5     -0.195      0.030     -0.459     -0.498      0.336     -0.428
14.5500      -29981.426   -29989.293        7.867   315.3      0.665     -0.325     -0.518      0.543      0.134     -0.087
14.6000      -29981.638   -29989.350        7.712   309.1     -0.258     -0.170      0.995     -0.077     -0.221      0.419
14.6500      -29981.392   -29989.869        8.477   339.8     -0.406      0.292     -0.095      0.030     -0.085     -0.084
14.7000      -29981.891   -29989.768        7.876   315.7     -0.188     -0.710     -0.529     -0.518      0.523      0.359
14.7500      -29981.928   -29989.559        7.630   305.9      0.276     -0.396      0.984     -0.215      0.153     -0.424
14.8000      -29982.172   -29990.336        8.164   327.3     -0.225      0.533      0.044     -0.481      0.393      0.537
14.8500      -29982.069   -29989.916        7.847   314.6      0.514      0.551     -0.758      0.192      0.129     -0.227
14.9000      -29982.780   -29990.586        7.806   312.9      0.427     -0.003      1.090     -0.134      0.363     -0.078
14.9500      -29982.408   -29989.838        7.430   297.8      0.222      0.114     -0.493      0.169     -0.390     -0.350
15.0000      -29982.522   -29989.664        7.142   286.3     -0.350      0.597     -0.430     -0.110      0.055     -0.484
15.0500      -29982.275   -29990.604        8.328   333.8      0.442     -0.461     -0.661      0.114     -0.539     -0.375
15.1000      -29982.085   -29990.365        8.281   331.9     -0.392      0.678     -0.608      0.352     -0.069      0.498
15.1500      -29981.583   -29989.668        8.085   324.1      0.977     -0.230     -0.412     -0.192     -0.444     -0.162
15.2000      -29981.647   -29989.148        7.501   300.7     -0.325     -0.187     -0.397      0.065      0.673     -0.363
15.2500      -29981.403   -29988.861        7.458   298.9     -0.225      0.916     -0.349      0.082     -0.110      0.010
15.3000      -29981.788   -29989.537        7.749   310.6     -0.112     -0.531     -0.652     -0.083     -0.115      0.576
15.3500      -29981.846   -29989.723        7.877   315.7      0.358     -0.057     -0.272      0.079     -0.078     -0.479
15.4000      -29981.867   -29990.131        8.264   331.3      0.037      0.015      0.612     -0.194      0.785     -0.099
15.4500      -29981.566   -29989.760        8.194   328.4      0.491      0.072     -0.199     -0.125     -0.485     -0.395
15.5000      -29981.477   -29989.242        7.765   311.3     -0.539      0.392     -0.762      0.388      0.033     -0.671
15.5500      -29981.733   -29989.900        8.167   327.4     -0.629     -0.106      0.386     -0.442     -0.093      0.553
15.6000      -29982.471   -29990.062        7.591   304.3      0.158      0.126      0.018     -1.069     -0.218     -0.103
15.6500      -29982.454   -29990.135        7.681   307.9      0.732     -0.675      0.372     -0.101      0.110      0.463
15.7000      -29982.038   -29990.406        8.368   335.4     -0.956      0.441     -0.064     -0.589      0.147     -0.264
15.7500      -29981.959   -29989.629        7.670   307.5      0.031     -2.236     -0.997      0.156     -0.151     -0.116
15.8000      -29982.239   -29990.992        8.754   350.9     -0.695      0.064     -0.533      0.061      0.126      0.026
15.8500      -29982.166   -29989.959        7.793   312.4      0.681     -0.486     -0.426      0.146     -0.102     -0.382
15.9000      -29981.853   -29990.082        8.229   329.9     -0.165     -0.001     -0.441      0.099      0.452     -0.106
15.9500      -29981.621   -29990.174        8.553   342.8     -0.004     -0.523      0.027      0.225      0.022     -0.642
16.0000      -29981.306   -29989.068        7.763   311.2      1.369      0.648      0.129      0.414      0.017     -0.216
16.0500      -29981.218   -29989.564        8.346   334.5     -0.414      0.045     -0.115     -0.323     -0.503      0.074
16.1000      -29981.070   -29989.463        8.392   336.4     -0.186     -0.324      0.276      0.337      0.028     -0.085
16.1500      -29980.620   -29988.998        8.378   335.8      0.614      0.437      0.795     -0.769     -0.017      0.282
16.2000      -29980.773   -29989.357        8.585   344.1      0.118      1.449      0.597     -0.167     -0.269     -0.418
16.2500      -29980.852   -29989.604        8.752   350.8     -0.712     -0.196     -0.781     -0.305      0.061     -0.277
16.3000      -29981.042   -29989.535        8.493   340.4      0.197     -0.667      0.318     -0.617      0.157      0.148
16.3500      -29981.231   -29990.006        8.775   351.7     -0.489      0.250      0.338      0.367     -0.239     -0.259
16.4000      -29981.717   -29990.271        8.554   342.9     -0.128      0.482      0.319     -0.181      0.150     -0.188
16.4500      -29981.916   -29989.805        7.889   316.2     -0.581      0.128     -0.398     -0.056     -0.252      0.184
16.5000      -29981.850   -29989.514        7.664   307.2      0.070     -0.290      0.428     -0.925     -0.474      0.277
16.5500      -29981.843   -29990.424        8.581   344.0      0.180      0.047      0.543      0.062      0.002     -0.507
16.6000      -29981.690   -29990.197        8.507   341.0     -0.254      0.009     -0.194      0.107     -0.083      0.661
16.6500      -29981.477   -29989.811        8.334   334.1      0.478      0.456      0.026     -0.163     -0.215     -0.386
16.7000      -29981.263   -29990.205        8.942   358.4     -0.361     -0.531      0.183     -0.113     -0.666      0.131
16.7500      -29981.533   -29989.654        8.121   325.5      0.163      0.394      0.261      0.115     -0.310     -0.349
16.8000      -29981.701   -29990.375        8.674   347.7      0.484      0.310      0.213     -0.068      0.520     -0.203
16.8500      -29982.466   -29990.184        7.718   309.4      0.557     -0.424     -0.401     -0.517     -0.238      0.215
16.9000      -29982.048   -29989.941        7.894   316.4      0.494     -0.104      0.040      0.410     -0.065      0.683
16.9500      -29981.990   -29990.150        8.160   327.1     -0.221     -0.232     -0.104     -0.565      0.698      0.001
17.0000      -29982.187   -29989.445        7.259   291.0     -0.180      0.952      0.624     -0.180      0.167     -0.262
17.0500      -29982.565   -29990.689        8.125   325.7      0.925      0.212      0.775     -0.067     -0.227      0.147
17.1000      -29982.984   -29990.820        7.836   314.1     -0.145     -0.716     -0.733     -0.352     -0.333      0.210
17.1500      -29982.567   -29990.535        7.968   319.4     -0.484      0.443     -0.123     -0.129      0.151      0.129
17.2000      -29982.709   -29989.846        7.136   286.1      0.831      0.440     -0.272      0.094     -0.342      0.364
17.2500      -29982.283   -29989.898        7.615   305.3      0.533      0.111      0.910     -0.433     -0.172     -0.176
17.3000      -29982.670   -29990.514        7.843   314.4     -0.363      0.109     -0.884      0.331      0.274      0.264
17.3500      -29982.544   -29990.480        7.937   318.1      0.049      0.564     -0.039      0.218      0.417      0.173
17.4000      -29982.331   -29990.879        8.548   342.7     -0.260     -0.093      0.343     -0.145     -0.103     -0.213
17.4500      -29982.644   -29990.227        7.582   303.9     -0.024     -0.236      0.039      0.054      0.199     -0.175
17.5000      -29982.731   -29990.314        7.584   304.0     -0.001      0.223     -0.179     -0.077     -0.259      0.101
17.5500      -29982.487   -29990.645        8.157   327.0     -0.298     -0.621     -0.598     -0.098     -0.244     -0.136
17.6000      -29982.263   -29990.035        7.773   311.6     -0.586     -0.235     -0.157     -0.095     -0.010     -0.306
17.6500      -29981.811   -29990.150        8.339   334.3     -0.177      0.635      0.139     -0.223      0.067      0.040
17.7000      -29982.373   -29989.947        7.574   303.6      0.034      0.255     -0.452     -0.348     -0.063      0.259
17.7500      -29982.518   -29989.896        7.379   295.8      0.434      0.062     -0.059     -0.437      0.360     -0.448
17.8000      -29981.996   -29990.600        8.603   344.9      0.621     -1.096      0.121      0.049      0.206      0.244
17.8500      -29981.988   -29989.816        7.829   313.8      0.447      0.169      0.284      0.000     -0.159     -0.244
17.9000      -29982.009   -29989.793        7.784   312.0     -0.345      0.213      0.633     -0.393      0.294     -0.452
17.9500      -29982.072   -29990.330        8.258   331.0      0.351      0.584      0.706      0.063     -0.035     -0.049
18.0000      -29981.600   -29989.748        8.148   326.6     -0.409     -0.163      0.286     -0.236     -0.217      0.270
18.0500      -29981.166   -29989.420        8.254   330.9      0.608     -0.148      0.119      0.096      0.003      0.432
18.1000      -29980.930   -29989.961        9.030   362.0     -0.653     -0.230     -0.553      0.571     -0.058     -0.227
18.1500      -29981.333   -29989.420        8.087   324.2      0.522      0.073     -0.922     -0.341      0.450     -0.234
18.2000      -29980.471   -29988.955        8.484   340.1      0.189     -0.056     -0.345      0.306     -0.381     -0.092
18.2500      -29980.685   -29989.840        9.155   367.0      0.667     -0.177     -0.235      0.525     -0.460      0.413
18.3000      -29980.776   -29989.119        8.343   334.4      0.018     -1.231     -0.759      0.111      0.619     -0.066
18.3500      -29980.647   -29988.762        8.115   325.3     -0.166      0.403      0.355      0.333      0.111      0.373
18.4000      -29980.736   -29988.650        7.914   317.2      0.315      0.228     -0.131      0.031      0.076     -0.181
18.4500      -29981.300   -29988.980        7.681   307.9     -0.268     -0.055      0.301      0.134     -0.068     -0.328
18.5000      -29981.301   -29988.916        7.615   305.2     -0.341     -0.193      0.605      0.469      0.680      0.521
18.5500      -29980.976   -29988.959        7.983   320.0      0.058     -0.059      0.314      0.001     -0.150     -0.660
18.6000      -29980.685   -29989.783        9.098   364.7      0.228      0.178     -0.557     -0.102      0.307     -0.119
18.6500      -29980.786   -29989.086        8.300   332.7      0.301     -0.125     -0.406     -0.278      0.539      0.638
18.7000      -29980.194   -29988.150        7.956   318.9     -0.197     -0.573      0.435     -0.073     -0.367      0.323
18.7500      -29980.407   -29988.910        8.503   340.8     -0.234      0.752      0.030     -0.281     -0.002     -0.056
18.8000      -29980.842   -29989.129        8.287   332.2     -0.125     -0.740     -0.733      0.102      0.326      0.282
18.8500      -29980.492   -29988.701        8.209   329.1     -0.203     -0.557      0.223     -0.365     -0.101      0.126
18.9000      -29980.740   -29989.146        8.407   337.0      0.210      0.188      0.126      0.290     -0.366      0.177
18.9500      -29980.872   -29988.855        7.983   320.0      0.261     -0.842      0.212      0.066      0.813     -0.465
19.0000      -29981.038   -29988.785        7.747   310.5     -0.181     -0.006     -0.575     -0.589      0.051      0.411
19.0500      -29981.039   -29989.654        8.615   345.3      0.156     -0.191      0.468      0.531      0.276     -0.771
19.1000      -29980.795   -29989.180        8.385   336.1      0.481     -0.176     -0.435      0.099     -0.287      0.442
19.1500      -29980.971   -29989.133        8.162   327.2     -0.140     -0.234     -0.490      0.335     -0.170     -0.583
19.2000      -29981.449   -29989.689        8.240   330.3      0.159      0.464      0.586     -0.266     -0.201      0.157
19.2500      -29981.358   -29988.904        7.546   302.5      0.315     -0.076      0.891      0.286     -0.123     -0.247
19.3000      -29981.513   -29988.965        7.452   298.7      0.307      1.296      1.074     -0.239     -0.019     -0.173
19.3500      -29982.059   -29989.666        7.607   304.9      0.563      0.965      0.199      0.135      0.056     -0.222
19.4000      -29981.928   -29989.502        7.574   303.6     -0.049     -1.108      0.018     -0.223     -0.249      0.446
19.4500      -29981.784   -29989.260        7.476   299.7      0.799      0.136      0.593      0.725     -0.290      0.110
19.5000      -29982.399   -29990.285        7.886   316.1      0.022     -0.278      0.194     -0.148     -0.172     -0.174
19.5500      -29982.223   -29989.686        7.462   299.1     -0.379      0.099     -0.317      0.402      0.262      0.123
19.6000      -29981.851   -29989.555        7.703   308.8      0.168     -0.544      0.567     -0.437      0.089      0.436
19.6500      -29981.675   -29989.355        7.680   307.9      0.301      0.856     -0.050      0.005     -0.031     -0.195
19.7000      -29981.505   -29989.090        7.585   304.0     -0.323      0.275     -0.117     -0.470      0.162      0.638
19.7500      -29980.959   -29988.814        7.856   314.9     -0.015      0.130      0.159      0.191     -0.196      0.503
19.8000      -29980.699   -29988.803        8.104   324.8      0.207      0.296      0.035     -0.240      0.040      0.255
19.8500      -29980.652   -29987.967        7.315   293.2      0.650     -0.612     -0.585      0.315     -0.022      0.137
19.9000      -29980.574   -29988.881        8.306   333.0     -0.243      0.554     -0.790      0.297     -0.317      0.203
19.9500      -29980.878   -29989.045        8.166   327.3      0.622      0.262     -0.046     -0.284      0.196     -0.122
20.0000      -29980.401   -29989.123        8.722   349.6     -0.553     -0.372      0.022      0.286     -0.128      0.429
20.0500      -29980.958   -29989.314        8.356   334.9     -0.372     -1.205     -0.052     -0.236      0.113      0.341
20.1000      -29980.877   -29989.111        8.235   330.1     -0.127      0.147     -0.802     -0.106      0.444     -0.374
20.1500      -29981.258   -29989.527        8.269   331.5     -0.558      0.692      0.090      0.256      0.377      0.342
20.2000      -29981.649   -29990.113        8.464   339.3      0.627      0.140      0.287      0.020     -0.052      0.027
20.2500      -29981.890   -29989.246        7.356   294.9      0.338      0.030     -0.559     -0.338     -0.001      0.233
20.3000      -29982.017   -29989.715        7.698   308.6      0.459      0.364     -0.065     -0.308      0.114     -0.132
20.3500      -29982.508   -29990.580        8.072   323.6      0.271      0.831     -0.203     -0.109     -0.041      0.087
20.4000      -29982.492   -29990.994        8.502   340.8      0.507     -0.365      0.491     -0.353      0.140      0.066
20.4500      -29982.264   -29989.797        7.533   302.0      0.783      0.146      0.136      0.465     -0.398     -0.198
20.5000      -29981.406   -29989.797        8.391   336.4      0.107     -0.778      0.285     -0.684     -0.039      0.129
20.5500      -29981.495   -29989.744        8.249   330.7      0.719      0.564      0.558     -0.233     -0.157      0.368
20.6000      -29982.032   -29989.764        7.731   309.9      0.015     -1.176     -0.636      0.015      0.183      0.109
20.6500      -29981.777   -29990.037        8.260   331.1      0.590      0.162      0.342      0.562      0.317      0.182
20.7000      -29981.519   -29989.531        8.012   321.2      0.229     -0.235      0.186     -0.620     -0.106      0.603
20.7500      -29981.059   -29988.918        7.859   315.0      0.485      0.885      1.349     -0.024      0.473      0.088
20.8000      -29980.751   -29989.328        8.577   343.8      0.370      0.341      0.166      0.138     -0.443      0.034
20.8500      -29981.277   -29990.025        8.749   350.7     -0.105     -0.230     -0.667     -0.467     -0.186     -0.237
20.9000      -29980.829   -29989.303        8.474   339.7      0.825     -0.195     -0.265      0.120     -0.277     -0.005
20.9500      -29981.054   -29989.744        8.690   348.3      0.038      0.353      0.229     -0.705     -0.637      0.381
21.0000      -29980.556   -29989.084        8.528   341.9      0.327     -0.211     -0.368      0.096     -0.031     -0.609
21.0500      -29980.184   -29989.080        8.896   356.6      0.516      0.231     -0.013     -0.248     -0.102      0.236
21.1000      -29979.946   -29988.439        8.494   340.5     -0.733     -0.417     -0.132      0.355     -0.001      0.261
21.1500      -29980.211   -29988.059        7.848   314.6     -0.896     -0.995     -0.513      0.423     -0.597     -0.681
21.2000      -29980.632   -29989.479        8.847   354.6      0.083      0.243      0.070     -0.318      0.045      0.197
21.2500      -29980.762   -29988.803        8.041   322.3      0.071      0.027      0.227     -0.076     -0.185      0.014
21.3000      -29980.512   -29988.354        7.841   314.3     -0.401      0.337      0.030      0.059      0.539      0.764
21.3500      -29980.658   -29988.715        8.057   323.0      0.083     -0.427     -0.329     -0.625     -1.133      0.163
21.4000      -29980.444   -29988.775        8.332   334.0     -0.610      0.575     -0.483     -0.450      0.159     -0.034
21.4500      -29980.674   -29988.818        8.145   326.5      0.532     -0.216      0.961      0.035      0.201      0.181
21.5000      -29980.693   -29988.855        8.162   327.2     -0.801     -0.872     -0.178      0.106      0.867      0.513
21.5500      -29980.466   -29988.373        7.907   317.0     -0.193     -0.102     -0.683      0.229      0.121      0.010
21.6000      -29979.447   -29987.631        8.184   328.0     -1.254     -0.278      0.795     -0.535      0.147     -0.155
21.6500      -29979.974   -29989.111        9.138   366.3     -0.362      0.305     -0.590     -0.194     -0.207      0.379
21.7000      -29980.177   -29989.014        8.837   354.2     -0.018     -0.328      1.338     -0.423      0.410     -0.433
21.7500      -29980.235   -29988.936        8.700   348.7      0.786      0.400     -0.378     -0.390      0.597      0.569
21.8000      -29979.886   -29988.102        8.215   329.3      0.443      0.512     -0.223     -0.098      0.201      0.824
21.8500      -29980.262   -29988.078        7.816   313.3      0.524      0.483      0.235      0.041     -0.145     -0.208
21.9000      -29980.208   -29988.395        8.186   328.1      0.118     -0.099      0.282     -0.529      0.084     -0.255
21.9500      -29981.030   -29988.766        7.736   310.1      0.316      0.226     -0.291      0.306      0.328      0.267
22.0000      -29980.718   -29989.688        8.970   359.6     -0.703     -0.729     -0.371     -0.352      0.304     -0.138
22.0500      -29980.875   -29989.730        8.855   355.0     -0.005      0.084     -0.724     -0.061      0.037      0.217
22.1000      -29979.768   -29988.715        8.947   358.6     -0.335      0.591     -0.757      0.027      0.303     -0.041
22.1500      -29980.162   -29988.947        8.785   352.2      0.058      0.429      0.373     -0.697     -0.521      0.260
22.2000      -29980.717   -29989.350        8.632   346.0      0.211      0.448      0.071      0.453      0.119     -0.382
22.2500      -29981.157   -29989.082        7.925   317.7      0.232     -0.586     -0.453     -0.382     -0.063     -0.013
22.3000      -29980.781   -29989.340        8.559   343.1     -1.033     -0.924     -0.511     -0.517      0.213      0.012
22.3500      -29980.890   -29989.580        8.690   348.3     -0.384     -0.313      0.125      0.147      0.092     -0.165
22.4000      -29980.198   -29988.814        8.617   345.4      0.379      0.306     -0.589      0.121     -0.108     -0.121
22.4500      -29980.416   -29988.305        7.888   316.2      0.218      0.283      0.442     -0.014     -0.425      0.242
22.5000      -29980.025   -29989.189        9.165   367.4      0.338     -0.273     -0.019      0.099      0.118     -0.408
22.5500      -29979.758   -29987.760        8.002   320.7     -0.685     -0.525     -0.216     -0.448     -0.050     -0.048
22.6000      -29980.449   -29988.846        8.396   336.6     -0.666     -0.100     -0.039      0.188     -0.074     -0.286
22.6500      -29980.067   -29988.766        8.699   348.7     -0.275     -0.246     -0.584      0.224      0.110     -0.558
22.7000      -29980.032   -29988.596        8.564   343.3     -0.676     -0.705     -0.548      0.170      0.127      0.586
22.7500      -29980.410   -29988.496        8.086   324.1      0.459      0.777      0.027     -0.626     -0.045     -0.676
22.8000      -29980.404   -29988.701        8.297   332.6     -0.784     -0.762     -0.277     -0.184     -0.059     -0.362
22.8500      -29980.370   -29988.363        7.993   320.4      0.408      0.365      0.392     -0.142     -0.239      0.016
22.9000      -29980.026   -29988.158        8.133   326.0     -0.316     -0.384     -0.616     -0.096      0.119     -0.245
22.9500      -29980.520   -29988.781        8.261   331.2     -0.433     -0.634      0.047     -0.087     -0.011     -0.096
23.0000      -29980.199   -29988.076        7.877   315.7      1.640      0.261      0.291     -0.183     -0.331     -0.569
23.0500      -29980.154   -29988.324        8.170   327.5     -1.090      0.396     -0.201      0.104      0.295      0.243
23.1000      -29980.067   -29988.258        8.191   328.3     -0.237     -0.394     -1.015     -0.601     -0.176     -0.189
23.1500      -29980.110   -29988.391        8.281   331.9     -0.055     -0.331     -0.153      0.281      0.332      0.741
23.2000      -29979.970   -29987.410        7.440   298.2      0.222     -0.246      0.038      0.099     -0.031     -0.311
23.2500      -29979.844   -29987.703        7.859   315.0     -0.945      0.366      0.304     -0.457      0.393      0.426
23.3000      -29979.203   -29987.609        8.406   337.0      0.798      0.740     -0.325      0.518     -0.621     -0.044
23.3500      -29979.124   -29988.102        8.978   359.9      0.378      0.397     -0.841     -0.052      0.069     -0.063
23.4000      -29979.149   -29987.396        8.248   330.6     -0.528     -0.938      0.126      0.234      0.189      0.242
23.4500      -29979.085   -29988.096        9.010   361.2     -0.470     -0.215     -0.313      0.212      0.097     -0.204
23.5000      -29979.472   -29987.643        8.171   327.5     -0.147      0.643      0.121     -0.263     -0.201     -0.528
23.5500      -29979.773   -29988.127        8.354   334.9      0.337     -0.183      0.240      0.090      0.661      0.441
23.6000      -29979.730   -29987.588        7.858   315.0     -0.807     -0.170     -0.435      0.345     -0.253     -0.287
23.6500      -29980.492   -29988.172        7.680   307.8      0.064     -0.232     -0.069     -0.284     -0.235     -0.131
23.7000      -29980.796   -29988.537        7.741   310.3      0.330      0.211     -0.475      0.277     -0.028      0.104
23.7500      -29980.735   -29988.551        7.816   313.3     -0.063     -0.660     -0.521     -0.599     -0.307     -0.056
23.8000      -29980.406   -29988.189        7.783   312.0     -0.104      0.094     -0.657      0.021     -0.154     -0.033
23.8500      -29980.709   -29988.031        7.323   293.5     -0.296     -0.843      0.344      0.235      0.179     -0.143
23.9000      -29981.509   -29988.396        6.887   276.1     -0.053      1.083     -0.027      0.241      0.150     -0.234
23.9500      -29980.578   -29988.668        8.090   324.3      0.732     -0.019      0.476     -0.238     -0.728     -0.131
24.0000      -29980.418   -29988.680        8.262   331.2     -1.248      0.181     -0.219     -0.191     -0.124      0.167
24.0500      -29980.303   -29988.877        8.574   343.7      0.577     -0.374      0.739      0.585      0.147      0.094
24.1000      -29980.758   -29988.582        7.824   313.6     -0.299     -0.394     -0.744     -0.691      0.018     -0.007
24.1500      -29980.802   -29988.518        7.716   309.3      0.713      0.029      0.575      0.008     -0.178      0.170
24.2000      -29980.927   -29988.406        7.479   299.8      0.274      0.308      0.173     -0.187     -0.132      0.060
24.2500      -29980.524   -29988.879        8.355   334.9     -0.830      0.477     -0.188     -0.198     -0.131      0.009
24.3000      -29980.389   -29988.338        7.949   318.6      0.907      0.664      0.744      0.338      0.037     -0.236
24.3500      -29980.550   -29988.430        7.879   315.8      0.268     -1.054     -1.134     -0.209     -0.409     -0.503
24.4000      -29980.737   -29988.826        8.089   324.2     -0.883     -0.070     -0.256     -0.022     -0.179      0.118
24.4500      -29981.067   -29988.668        7.600   304.7     -0.548      0.050     -0.899     -0.265     -0.137      0.542
24.5000      -29980.712   -29988.492        7.780   311.9      0.857     -0.850     -0.327     -0.435     -0.079     -0.426
24.5500      -29980.378   -29988.885        8.506   341.0      0.034     -0.213      0.104     -0.316     -0.261     -0.102
24.6000      -29980.444   -29988.676        8.232   330.0     -0.298     -0.337      0.150      0.046     -0.525     -0.128
24.6500      -29980.938   -29988.732        7.795   312.5      0.160      0.411     -0.733     -0.657     -0.338      0.077
24.7000      -29980.753   -29988.039        7.286   292.0     -0.787     -0.783     -0.287     -0.038      0.159     -0.500
24.7500      -29980.916   -29989.461        8.545   342.5      0.131     -0.145     -0.188     -0.053      0.127      0.275
24.8000      -29981.157   -29989.541        8.384   336.1     -0.392     -0.719     -0.597      0.037     -0.160     -0.635
24.8500      -29981.446   -29989.268        7.822   313.5     -0.939     -1.110      0.320      0.427      0.119      0.455
24.9000      -29981.371   -29988.436        7.065   283.2     -0.473      0.472      0.008      0.378     -0.112      0.129
24.9500      -29980.854   -29989.146        8.293   332.4     -0.106     -0.030     -0.188     -0.560      0.105     -0.028
25.0000      -29980.995   -29989.164        8.169   327.5     -0.374      0.110     -0.050      0.220     -0.100     -0.315
25.0500      -29981.398   -29989.008        7.610   305.0      0.011     -0.486     -0.720     -0.127      0.152      0.381
25.1000      -29982.244   -29990.090        7.846   314.5     -0.359      0.074     -0.050     -0.466      0.740      0.091
25.1500      -29982.022   -29989.387        7.364   295.2      0.675      0.619      1.005     -0.163     -0.517      0.035
25.2000      -29981.547   -29989.340        7.793   312.4     -0.043      0.611     -0.521     -0.312      0.028      0.148
25.2500      -29981.582   -29989.361        7.779   311.8      0.088      0.580      0.563      0.063      0.128      0.146
25.3000      -29981.367   -29989.422        8.055   322.9     -0.366      0.343     -0.672     -0.558     -0.318     -0.213
25.3500      -29981.445   -29989.113        7.669   307.4     -0.275      0.716      0.215     -0.194      0.603     -0.117
25.4000      -29981.584   -29989.451        7.867   315.3      0.499      0.152      0.267      0.096      0.102     -0.011
25.4500      -29981.178   -29988.848        7.669   307.4     -0.020      0.484      0.526      0.283      0.193      0.057
25.5000      -29981.544   -29989.340        7.796   312.5      0.405      0.991     -0.131     -0.549      0.262     -0.100
25.5500      -29981.714   -29989.164        7.450   298.6     -0.384      0.010      0.280      0.032      0.452     -0.059
25.6000      -29981.467   -29989.277        7.810   313.1     -0.260     -1.694     -0.264     -0.632      0.433      0.032
25.6500      -29981.897   -29989.928        8.031   321.9     -0.524      0.916      0.027     -0.151      0.012     -0.127
25.7000      -29981.093   -29988.979        7.886   316.1     -0.215     -0.687     -0.448     -0.513     -0.045     -0.720
25.7500      -29981.043   -29989.498        8.455   338.9     -0.786      0.158     -1.092      0.491      0.003      0.331
25.8000      -29980.789   -29989.059        8.269   331.5     -0.032     -0.618      0.274     -0.203      0.090      0.146
25.8500      -29981.072   -29989.057        7.985   320.1     -1.009     -0.382      0.386      0.317     -0.257      0.253
25.9000      -29980.732   -29989.186        8.454   338.9     -0.438      0.069      0.358     -0.064     -0.098     -0.445
25.9500      -29980.374   -29988.719        8.345   334.5     -0.292      0.212     -0.266      0.178      0.200      0.781
26.0000      -29980.190   -29988.066        7.877   315.7      0.732     -0.017      0.492     -0.150     -0.494      0.020
26.0500      -29980.235   -29988.295        8.060   323.1      0.073     -0.128     -0.426      0.434      0.246      0.291
26.1000      -29980.395   -29988.096        7.701   308.7      0.429      0.312      0.211     -0.375      0.099     -0.021
26.1500      -29980.396   -29988.311        7.914   317.2      0.799      0.356      0.265      0.390     -0.648      0.212
26.2000      -29980.075   -29988.627        8.552   342.8      0.263     -0.690     -0.244      0.028     -0.111      0.018
26.2500      -29980.333   -29988.748        8.415   337.3     -0.728      0.110     -0.637     -0.461      0.223      0.450
26.3000      -29980.878   -29988.807        7.929   317.8      0.465     -0.539     -0.115     -0.006      0.094     -0.624
26.3500      -29980.803   -29988.527        7.725   309.6     -0.171      0.562      0.061     -0.426      0.169      0.456
26.4000      -29980.639   -29988.531        7.892   316.4      0.158     -0.358      0.539     -0.249      0.064     -0.180
26.4500      -29979.750   -29987.729        7.978   319.8      0.052      0.196      0.143      0.200      0.303      0.376
26.5000      -29980.247   -29987.992        7.746   310.5      0.064     -0.299      0.179      0.399     -0.162      0.135
26.5500      -29979.653   -29987.945        8.292   332.4     -0.743     -0.708      0.299      0.212      0.591     -0.108
26.6000      -29979.313   -29987.994        8.681   348.0      0.108     -0.129      0.913     -0.068     -0.283      0.579
26.6500      -29979.288   -29987.283        7.995   320.5     -0.337      0.453     -0.699      0.594     -0.228      0.300
26.7000      -29978.676   -29987.623        8.947   358.7     -0.095     -0.372     -0.093     -0.165     -0.473     -0.121
26.7500      -29978.341   -29986.873        8.532   342.0      0.029      0.321     -0.285      0.013     -0.408     -0.013
26.8000      -29978.442   -29987.311        8.869   355.5     -0.509     -0.745     -0.266      0.284     -0.478     -0.180
26.8500      -29978.655   -29987.361        8.706   349.0     -0.073     -0.761      0.065      0.131     -0.654     -0.850
26.9000      -29978.083   -29987.156        9.073   363.7      0.194      0.791     -0.905     -0.038      0.338     -0.003
26.9500      -29978.828   -29988.082        9.254   370.9     -0.210     -0.294     -0.244     -0.109     -0.224     -0.074
27.0000      -29979.399   -29987.732        8.333   334.0      0.173      0.590     -0.780      0.117      0.053      0.038
27.0500      -29979.621   -29988.408        8.787   352.2     -0.774     -0.438     -0.172     -0.094     -0.384      0.393
27.1000      -29979.245   -29987.596        8.351   334.7     -0.229     -0.062      0.256      0.623     -0.328      0.152
27.1500      -29978.854   -29988.080        9.226   369.8     -0.233     -1.011     -1.029      0.258     -0.112     -0.161
27.2000      -29979.021   -29987.502        8.481   340.0     -0.618     -0.238      0.935      0.001     -0.149     -0.065
27.2500      -29979.083   -29987.830        8.747   350.6      0.665      0.463     -1.035      0.521      0.059      0.063
27.3000      -29979.154   -29987.779        8.625   345.7     -0.164     -0.611      0.058     -0.059      0.004     -0.218
27.3500      -29978.217   -29987.889        9.671   387.7      0.001     -0.256      0.408     -0.105     -0.559      0.508
27.4000      -29978.186   -29986.881        8.695   348.5     -0.303      0.083      0.044     -0.352      0.457     -0.021
27.4500      -29978.155   -29987.184        9.028   361.9     -0.492     -0.646     -0.582      0.041      0.368     -0.213
27.5000      -29977.930   -29986.561        8.630   345.9      0.030      0.781      0.538      0.443      0.604     -0.060
27.5500      -29978.328   -29986.930        8.602   344.8     -0.372      0.283     -0.437     -0.401      0.148      0.044
27.6000      -29978.194   -29986.600        8.406   336.9      0.150     -0.368      0.148      0.227      0.023     -0.555
27.6500      -29978.978   -29987.912        8.934   358.1      1.068     -0.419     -0.309     -0.591      0.341      0.566
27.7000      -29978.680   -29987.771        9.092   364.4     -0.249     -0.955     -0.674     -0.328     -0.590     -0.349
27.7500      -29978.720   -29987.586        8.866   355.4      0.391      0.128     -0.002      0.195     -0.416      0.385
27.8000      -29979.307   -29987.783        8.476   339.8      0.643     -0.215     -0.556      0.030      0.719     -0.386
27.8500      -29979.734   -29988.330        8.596   344.6      0.263     -0.752      0.428     -0.475     -0.280      0.161
27.9000      -29979.767   -29987.881        8.114   325.2      0.125      0.991      0.532      0.418     -0.509     -0.176
27.9500      -29979.758   -29988.170        8.412   337.2     -0.200     -0.253      0.676      0.212     -0.396      0.662
28.0000      -29979.520   -29987.404        7.884   316.0      0.585      0.249     -0.196      0.644     -0.277     -0.115
28.0500      -29979.268   -29988.227        8.959   359.1     -0.057      0.298     -0.468     -0.326      0.308     -0.167
28.1000      -29978.920   -29987.465        8.545   342.5      1.080     -0.183     -0.098     -0.128     -0.042     -0.163
28.1500      -29978.643   -29987.557        8.914   357.3      0.195      0.714      0.531     -0.335     -0.078      0.575
28.2000      -29979.112   -29988.160        9.048   362.7      0.273     -0.581      0.059      0.360     -0.000     -0.232
28.2500      -29979.601   -29988.812        9.211   369.2      0.227      0.417      0.393      0.426      0.187      0.116
28.3000      -29979.374   -29987.670        8.296   332.5     -0.883     -0.034      0.131     -0.098     -0.405      0.424
28.3500      -29979.056   -29987.713        8.657   347.0      0.728     -0.367     -0.275     -0.231     -0.088     -0.447
28.4000      -29978.981   -29987.340        8.359   335.1     -0.544      0.086     -0.070     -0.482      0.306      0.147
28.4500      -29979.173   -29987.115        7.942   318.3      0.162     -0.475     -0.518      0.229      0.149      0.186
28.5000      -29979.820   -29988.662        8.842   354.4      0.120     -0.392      0.511      0.128      0.553      0.107
28.5500      -29979.919   -29987.967        8.048   322.6     -0.863     -0.619     -0.315      0.469      0.054     -0.042
28.6000      -29979.757   -29988.043        8.286   332.1      0.056      0.102      0.423     -0.425      0.325     -0.279
28.6500      -29979.773   -29988.230        8.458   339.0      0.275      0.249     -0.121     -0.211      0.362      0.123
28.7000      -29980.468   -29988.873        8.405   336.9      0.259     -0.658      0.591      0.141     -0.422      0.645
28.7500      -29979.992   -29988.479        8.486   340.2     -0.045      0.274     -0.288     -0.057      0.102     -0.429
28.8000      -29979.793   -29988.895        9.102   364.8     -0.328     -0.562      0.196      0.267     -0.143      0.048
28.8500      -29979.784   -29988.453        8.669   347.5     -0.134      0.257      0.633     -0.117      0.008      0.058
28.9000      -29979.823   -29988.016        8.192   328.4     -0.153     -0.507      0.109     -0.122      0.432      0.145
28.9500      -29980.048   -29988.898        8.850   354.8      0.329      0.350      0.548     -0.115     -0.077     -0.542
29.0000      -29980.329   -29988.615        8.287   332.2      0.009      0.001     -0.164      0.309      0.683      0.401
29.0500      -29980.060   -29988.400        8.340   334.3     -1.173     -0.451     -0.340     -0.188     -0.340     -0.045
29.1000      -29979.951   -29988.232        8.282   332.0     -0.559     -0.375     -0.447      0.380      0.156      0.041
29.1500      -29979.700   -29988.576        8.876   355.8      0.224     -0.924     -0.003     -0.358      0.024      0.111
29.2000      -29979.257   -29988.066        8.810   353.1     -0.111      0.082     -0.434      0.084      0.199      0.490
29.2500      -29979.774   -29988.387        8.612   345.2     -0.023     -0.735      0.231      0.020      0.360     -0.170
29.3000      -29979.676   -29987.994        8.318   333.4      0.263      0.092     -0.203     -0.263      0.326     -0.223
29.3500      -29979.651   -29988.332        8.682   348.0     -0.848     -0.201     -0.367     -0.096     -0.232      0.141
29.4000      -29979.644   -29988.545        8.901   356.8      0.529     -0.549      0.404     -0.225     -0.155     -0.321
29.4500      -29980.186   -29988.607        8.422   337.6     -0.636      0.473     -0.351      0.347      0.182     -0.388
29.5000      -29980.494   -29988.506        8.012   321.2      0.383     -0.309      0.249     -0.427      0.172     -0.094
29.5500      -29980.888   -29988.500        7.612   305.1      0.139      0.321      0.511     -0.254      0.002     -0.015
29.6000      -29980.324   -29988.414        8.090   324.3      0.444     -0.080     -0.186      0.289     -0.343     -0.098
29.6500      -29980.195   -29988.627        8.432   338.0     -0.074      0.178     -0.175     -0.053      0.139     -0.027
29.7000      -29980.052   -29988.209        8.157   327.0     -0.443     -0.156      0.052     -0.046     -0.590      0.181
29.7500      -29979.988   -29988.117        8.130   325.9      0.143     -0.968      0.311      0.212      0.029     -0.225
29.8000      -29979.715   -29987.480        7.766   311.3      0.119     -0.881     -0.157      0.389     -0.851      0.009
29.8500      -29979.674   -29987.770        8.095   324.5      0.619      0.131     -0.120      0.329     -0.221     -0.533
29.9000      -29979.688   -29988.162        8.474   339.7      0.067      0.192     -0.271      0.025      0.191      0.135
29.9500      -29979.710   -29988.174        8.464   339.3     -0.586      0.147     -0.048      0.158     -0.371     -0.328
30.0000      -29979.106   -29987.914        8.808   353.1     -0.077     -0.523     -0.388      0.341      0.247      0.588
30.0500      -29979.343   -29987.803        8.460   339.1      1.010      0.360      0.613      0.174     -0.452     -0.842
30.1000      -29979.857   -29988.039        8.182   328.0      0.316      0.187     -0.555     -0.265      0.465      0.328
30.1500      -29979.651   -29988.061        8.410   337.1     -0.383     -0.457      0.305      0.025     -0.192     -0.157
30.2000      -29979.593   -29988.459        8.866   355.4      0.140      0.941      0.074      0.107      0.443     -0.262
30.2500      -29979.605   -29988.428        8.822   353.6     -0.154     -0.280     -0.588     -0.343     -0.457     -0.082
30.3000      -29980.050   -29989.027        8.977   359.9      0.189      0.117      0.426     -0.057     -0.738      0.042
30.3500      -29980.053   -29988.539        8.486   340.2      0.520      0.641      0.623     -0.258      0.295     -0.686
30.4000      -29979.629   -29988.090        8.461   339.2      0.710      0.089      0.500      0.281      0.353      1.116
30.4500      -29979.654   -29987.684        8.029   321.8      0.233      0.106      0.462     -0.947      0.206     -0.288
30.5000      -29979.244   -29988.256        9.012   361.2      0.514     -0.005      0.700      0.150     -0.060      0.252
30.5500      -29979.462   -29987.572        8.110   325.1      0.067     -1.053      0.621      0.183     -0.439      0.253
30.6000      -29979.559   -29988.334        8.775   351.7      0.296      0.142      1.084     -0.059     -0.270     -0.011
30.6500      -29979.468   -29987.756        8.288   332.2      0.422     -0.184     -0.547      0.088     -0.051      0.147
30.7000      -29979.759   -29988.639        8.879   355.9      0.740      0.041      0.646     -0.327     -0.339      0.539
30.7500      -29979.810   -29988.227        8.417   337.4     -1.032     -0.304      0.121      0.092     -0.160      0.093
30.8000      -29979.926   -29988.154        8.229   329.8      0.634      1.461      0.359     -0.501     -0.047     -0.338
30.8500      -29979.998   -29988.230        8.232   330.0     -0.114     -0.538      0.081      0.028     -0.151      0.509
30.9000      -29980.276   -29988.688        8.411   337.2      0.127     -0.163      0.138      0.569     -0.295     -0.265
30.9500      -29979.623   -29988.094        8.471   339.6     -0.114      0.910      0.438     -0.267     -0.088     -0.088
31.0000      -29979.810   -29987.844        8.033   322.0     -0.057     -0.544      0.028      0.240      0.210      0.114
31.0500      -29979.775   -29987.889        8.114   325.3      0.364      0.855      0.975     -0.132      0.597      0.063
31.1000      -29979.282   -29988.354        9.072   363.6      0.265     -0.056      0.263     -0.569      0.368     -0.210
31.1500      -29979.250   -29988.531        9.281   372.0      0.391      0.724     -1.232     -0.489     -0.199     -0.095
31.2000      -29979.500   -29987.857        8.357   335.0     -0.262     -0.030     -0.270     -0.399      0.059     -0.106
31.2500      -29979.307   -29986.939        7.633   305.9     -0.158      0.644      1.144      0.015      0.438     -0.176
31.3000      -29980.032   -29988.111        8.080   323.9      0.976      0.502      0.974      0.186     -0.437      0.011
31.3500      -29979.783   -29988.256        8.473   339.6     -0.267      0.181      0.183     -0.206     -0.306     -0.433
31.4000      -29979.937   -29987.936        7.999   320.6      0.257      0.635     -0.588      0.500      0.818      0.334
31.4500      -29980.230   -29988.301        8.070   323.5      0.533      0.233      0.766      0.523      0.246      0.139
31.5000      -29980.007   -29988.912        8.905   357.0      0.208     -0.265     -0.437     -0.148      0.029      0.462
31.5500      -29980.528   -29988.682        8.153   326.8     -0.060      0.475      0.538      0.307     -0.183     -0.594
31.6000      -29980.897   -29988.867        7.970   319.5      0.307      0.069      0.329     -0.955      0.400      0.142
31.6500      -29980.712   -29988.975        8.263   331.2     -0.340     -1.280     -0.398      0.177     -0.120     -0.033
31.7000      -29980.758   -29989.004        8.246   330.5      0.167     -0.208     -0.276      0.243     -0.116     -0.019
31.7500      -29980.551   -29988.719        8.168   327.4      0.119     -0.127      0.060     -0.192     -0.150      0.180
31.8000      -29981.142   -29989.229        8.087   324.2      0.402     -0.091      0.155     -0.182     -0.193      0.049
31.8500      -29980.393   -29988.625        8.232   330.0      0.817      1.138      0.144     -0.444     -0.384     -0.398
31.9000      -29979.650   -29988.354        8.703   348.9     -0.255      0.601      0.522     -0.338      0.152     -0.017
31.9500      -29979.545   -29987.518        7.972   319.6      0.651      1.033     -0.326      0.143     -0.165      0.026
32.0000      -29979.517   -29987.938        8.420   337.5     -0.274     -0.730      0.455      0.031     -0.056     -0.038
32.0500      -29979.592   -29988.314        8.723   349.7     -0.878      1.528      0.278      0.264     -0.355     -0.043
32.1000      -29979.937   -29988.488        8.552   342.8     -0.025     -0.588      0.143     -0.191      0.575     -0.019
32.1500      -29979.619   -29988.318        8.699   348.7      0.421      0.469      0.258      0.209     -0.308      0.152
32.2000      -29980.198   -29988.533        8.335   334.1     -0.162      0.224     -0.285      0.530      0.160      0.041
32.2500      -29980.167   -29988.279        8.112   325.2      0.066      0.046      0.144     -0.145     -0.044      0.017
32.3000      -29979.790   -29988.402        8.612   345.2      0.286      1.101     -0.351      0.210      0.294     -0.241
32.3500      -29980.592   -29988.000        7.408   297.0      0.369      0.308      0.985      0.006     -0.010     -0.443
32.4000      -29980.631   -29988.375        7.744   310.4      0.341      1.069      0.255     -0.490      0.012     -0.067
32.4500      -29981.416   -29989.324        7.908   317.0     -0.108     -0.094     -0.662      0.286     -0.303     -0.131
32.5000      -29981.247   -29989.324        8.077   323.8      0.520      0.298     -0.887      0.244      0.390      0.206
32.5500      -29981.039   -29989.115        8.076   323.7     -0.671     -0.494      0.045     -0.170     -0.610     -0.295
32.6000      -29981.529   -29988.949        7.420   297.4     -0.027      0.444      0.099      0.202      0.057      0.166
32.6500      -29981.109   -29989.123        8.014   321.2      0.501      0.343     -0.298     -0.196      0.022     -0.025
32.7000      -29981.378   -29988.584        7.206   288.8      0.352     -0.322     -0.253      0.280     -0.386     -0.158
32.7500      -29981.213   -29988.756        7.542   302.3     -0.277      0.191      0.523     -0.870     -0.118      0.031
32.8000      -29981.053   -29989.422        8.369   335.5      0.362      0.082     -0.018      0.017     -0.107      0.203
32.8500      -29980.722   -29988.201        7.479   299.8      0.171      0.400      0.752     -0.116     -0.215      0.244
32.9000      -29981.028   -29988.943        7.915   317.3      0.594      0.850      0.285     -0.139     -0.245     -0.561
32.9500      -29981.067   -29988.898        7.831   313.9      0.294      0.596      0.653      0.309     -0.041     -0.211
33.0000      -29981.399   -29989.268        7.869   315.4      0.302      0.949      0.133      0.326     -0.219      0.187
33.0500      -29980.544   -29989.135        8.591   344.4      0.228     -0.483      0.441     -0.151     -0.455      0.046
33.1000      -29980.417   -29988.369        7.952   318.8     -0.617      0.397      0.544     -0.281     -0.217      0.766
33.1500      -29980.213   -29988.873        8.660   347.1      0.682      0.185      0.924     -0.043     -0.101      0.344
33.2000      -29980.042   -29988.314        8.272   331.6      0.505      0.276      0.571      0.082     -0.217      0.189
33.2500      -29980.611   -29988.879        8.268   331.4      0.208      0.546      0.646      0.056      0.028      0.352
33.3000      -29980.815   -29988.447        7.632   305.9     -0.139      0.551      0.970     -0.104     -0.027      0.194
33.3500      -29980.578   -29987.863        7.285   292.0     -0.113     -0.166      0.587     -0.153      0.454     -1.086
33.4000      -29981.171   -29989.078        7.908   317.0     -0.184     -0.041      0.361     -0.043     -0.299      0.078
33.4500      -29980.920   -29989.201        8.281   332.0      0.527      0.573      0.995      0.095      0.051      0.229
33.5000      -29980.085   -29988.648        8.564   343.3     -0.150      0.528      0.440      0.516     -0.018      0.527
33.5500      -29980.127   -29988.082        7.955   318.9     -0.364     -0.890      0.438     -0.119     -0.401      0.495
33.6000      -29980.639   -29989.416        8.777   351.8     -0.408     -0.148     -0.257      0.268     -0.186      0.082
33.6500      -29980.473   -29988.182        7.708   309.0     -0.182     -0.063     -0.669     -0.488     -0.134      0.094
33.7000      -29980.791   -29988.121        7.330   293.8     -0.187     -0.002      0.874      0.012      0.046      0.164
33.7500      -29980.546   -29988.631        8.085   324.1      0.092      0.025      0.186      0.086      0.176      0.378
33.8000      -29980.892   -29989.305        8.412   337.2     -0.604     -0.588      0.845     -0.735     -0.236     -0.437
33.8500      -29980.832   -29988.613        7.781   311.9      0.496     -0.251      0.209     -0.101      0.196     -0.346
33.9000      -29980.426   -29988.947        8.521   341.6     -0.468      0.088     -0.169      0.037     -0.653      0.257
33.9500      -29980.365   -29988.496        8.131   325.9     -0.278     -0.578     -0.048     -0.117      0.169      0.151
34.0000      -29980.260   -29988.568        8.308   333.0      0.241     -0.292      0.422      0.209     -0.356     -0.112
34.0500      -29979.956   -29988.445        8.489   340.3      0.462      0.535     -0.358     -0.098      0.134      0.481
34.1000      -29980.174   -29988.719        8.544   342.5     -0.213     -0.372     -0.167     -0.123      0.274      0.240
34.1500      -29980.091   -29988.477        8.385   336.1     -0.519     -0.181      0.540     -0.086     -0.594     -0.187
34.2000      -29979.296   -29988.027        8.731   350.0      0.206     -0.922      0.030     -0.196     -0.194     -0.116
34.2500      -29979.294   -29987.525        8.232   330.0      0.208      0.351      0.239     -0.229      0.646      0.802
34.3000      -29979.657   -29987.508        7.850   314.7      0.621      0.274     -0.344     -0.117      0.093     -0.677
34.3500      -29979.262   -29987.191        7.930   317.9     -0.696     -0.074      0.797      0.225     -0.352     -0.585
34.4000      -29979.156   -29987.904        8.748   350.7     -0.097      0.259      0.176      0.045      0.477     -0.010
34.4500      -29979.275   -29987.574        8.300   332.7      0.414      0.097      0.511      0.160     -0.342     -0.063
34.5000      -29979.270   -29988.207        8.937   358.2     -0.278      0.232      0.283      0.193     -0.072     -0.101
34.5500      -29979.416   -29988.258        8.842   354.4      0.430      0.169      0.904      0.034      0.038      0.025
34.6000      -29979.055   -29987.836        8.781   352.0     -0.370      0.398     -0.114     -0.027     -0.639      0.174
34.6500      -29979.677   -29987.879        8.202   328.8     -0.164      0.304      0.201     -0.139     -0.027     -0.106
34.7000      -29979.715   -29988.199        8.485   340.1      0.486      0.870      0.351     -0.881      0.133     -0.441
34.7500      -29980.144   -29988.701        8.557   343.0     -0.126      0.242      0.101      0.027     -0.161      0.202
34.8000      -29980.204   -29988.287        8.083   324.0      0.697      0.776      0.771      0.247     -0.201     -0.347
34.8500      -29980.655   -29989.184        8.529   341.9     -0.091      0.567      0.455     -0.028      0.419      0.534
34.9000      -29980.631   -29989.199        8.568   343.5      0.442      0.313      0.132      0.043      0.286     -0.015
34.9500      -29980.534   -29988.727        8.193   328.4     -0.191     -0.385     -0.042     -0.255     -0.176      0.340
35.0000      -29981.084   -29988.795        7.711   309.1     -0.128      0.778      0.426      0.060      0.009     -0.104
35.0500      -29980.916   -29989.061        8.145   326.5     -0.655      0.343     -0.306      0.224     -0.383     -0.021
35.1000      -29981.126   -29988.758        7.632   305.9      0.472     -0.190     -0.786     -0.253     -0.461     -0.203
35.1500      -29980.991   -29989.486        8.495   340.5     -0.638      0.236      0.928     -0.231      0.277      0.400
35.2000      -29980.116   -29988.711        8.595   344.5     -0.021      0.003      0.531      0.127      0.076     -0.428
35.2500      -29980.572   -29988.900        8.328   333.8      0.562      1.033      1.812      0.271      0.140      0.434
35.3000      -29981.086   -29989.041        7.955   318.9     -0.162      0.087      0.105     -0.320      0.987     -0.450
35.3500      -29980.689   -29989.402        8.713   349.3      0.136      0.652     -0.529     -0.544     -0.769      0.151
35.4000      -29980.594   -29988.629        8.035   322.1     -0.287     -0.662      0.746     -0.522      0.420     -0.206
35.4500      -29980.706   -29988.475        7.769   311.4     -0.514      0.320     -0.157      0.028     -0.279     -0.754
35.5000      -29980.382   -29988.797        8.415   337.3     -0.080     -0.139      0.204      0.184      0.224      0.580
35.5500      -29980.308   -29989.008        8.699   348.7     -0.151     -0.522      0.879     -0.110     -0.377     -0.310
35.6000      -29980.150   -29988.596        8.446   338.5      0.233      0.766      0.283     -0.050      0.480     -0.079
35.6500      -29980.161   -29988.789        8.629   345.9      0.381      0.045      0.796     -0.035     -0.159      0.318
35.7000      -29980.248   -29988.641        8.393   336.4     -0.033      0.198      0.179      0.050     -0.211      0.604
35.7500      -29980.340   -29988.326        7.986   320.1      0.647      0.073      0.375     -0.457     -0.181     -0.023
35.8000      -29980.658   -29988.869        8.211   329.2      0.659     -0.523     -0.189      0.297      0.206      0.028
35.8500      -29980.491   -29988.986        8.495   340.5     -0.447     -0.281     -0.541     -0.302     -0.715     -0.864
35.9000      -29980.477   -29988.781        8.304   332.9     -0.677     -0.547     -0.021      0.314     -0.069      0.178
35.9500      -29980.791   -29988.668        7.877   315.7      1.072      0.473      0.492      0.145      0.208     -0.039
36.0000      -29980.813   -29988.262        7.449   298.6     -0.244      0.462      1.049      0.003     -0.348     -0.478
36.0500      -29980.592   -29988.051        7.459   299.0      0.641     -0.072      0.467     -0.296     -0.099      0.114
36.1000      -29980.514   -29988.373        7.859   315.0      0.929     -0.058      0.422      0.328      0.746     -0.578
36.1500      -29980.329   -29989.191        8.863   355.3      0.375      0.285     -0.271      0.193     -0.781     -0.122
36.2000      -29979.893   -29988.877        8.984   360.1      0.030     -0.549     -0.652     -0.111     -0.069     -0.297
36.2500      -29980.264   -29988.916        8.652   346.8      0.030     -0.647     -0.027     -0.374     -0.207      0.067
36.3000      -29980.599   -29989.773        9.175   367.8      0.567     -0.271     -0.262      0.282      0.313     -0.151
36.3500      -29980.878   -29988.947        8.070   323.5     -0.290     -1.052      0.047      0.171     -0.377     -0.357
36.4000      -29980.919   -29989.672        8.753   350.8     -0.933      0.893     -0.582     -0.201      0.485      0.450
36.4500      -29981.058   -29988.959        7.901   316.7      0.322     -0.283     -0.474     -0.655      0.448     -0.165
36.5000      -29981.004   -29989.555        8.551   342.8     -0.659     -0.349      0.287     -0.194      0.213      0.047
36.5500      -29981.176   -29988.922        7.746   310.5      0.664      0.266     -0.362      0.124      0.502      0.660
36.6000      -29980.569   -29988.541        7.972   319.5      0.352      0.834      0.817      0.210      0.159     -0.511
36.6500      -29980.444   -29988.682        8.238   330.2     -0.259      0.591     -0.351     -0.058      0.242      0.281
36.7000      -29980.377   -29988.822        8.445   338.5     -0.285     -0.505      0.443     -0.380     -0.008     -0.269
36.7500      -29980.258   -29988.852        8.593   344.5      0.126      0.268     -0.346      0.396      0.513     -0.002
36.8000      -29980.239   -29988.668        8.429   337.9     -0.527      0.455      0.681      0.081     -0.495      0.224
36.8500      -29980.425   -29989.170        8.745   350.5      0.571     -0.552      0.449      0.153      0.796      0.298
36.9000      -29980.594   -29988.967        8.373   335.6      1.010      0.368      0.355     -0.006      0.148     -0.398
36.9500      -29980.785   -29989.268        8.482   340.0      0.053     -0.269      0.034      0.263     -0.433      0.795
37.0000      -29980.574   -29988.727        8.153   326.8      0.129     -0.394      0.001     -0.760     -0.353     -0.562
37.0500      -29980.408   -29988.367        7.960   319.1      0.260     -0.045      0.098      0.356      0.255      0.147
37.1000      -29980.342   -29988.420        8.078   323.8      1.051     -0.144      0.835      0.250      0.325      0.072
37.1500      -29980.406   -29988.525        8.119   325.5      0.804      0.195      0.489     -0.099     -0.094     -0.133
37.2000      -29980.403   -29988.740        8.338   334.2     -1.265      0.258     -0.911     -0.516      0.018     -0.069
37.2500      -29980.594   -29988.805        8.210   329.1     -1.006     -0.415     -0.717      0.184      0.376      0.453
37.3000      -29980.432   -29988.883        8.450   338.7      0.757     -0.545     -0.110      0.670     -0.277     -0.438
37.3500      -29980.175   -29988.596        8.421   337.5     -0.566     -0.150     -0.539     -0.309     -0.097     -0.391
37.4000      -29980.100   -29988.645        8.545   342.5      0.364      0.702     -0.596      0.261     -0.140     -0.190
37.4500      -29980.410   -29989.078        8.668   347.5      0.049     -0.818     -0.996      0.601     -0.185      0.044
37.5000      -29980.774   -29989.432        8.658   347.0     -0.012     -0.624     -0.565      0.280     -0.251      0.298
37.5500      -29980.909   -29989.223        8.313   333.2      0.187      0.607     -0.070      0.735      0.406     -0.280
37.6000      -29980.998   -29988.688        7.690   308.2      0.369     -0.621      0.902     -0.158     -0.236      0.118
37.6500      -29980.677   -29989.182        8.505   340.9     -0.826      0.586      0.021     -0.203     -0.158      0.414
37.7000      -29980.802   -29988.096        7.294   292.4      1.772     -0.065      0.542     -0.718     -0.558      0.049
37.7500      -29980.627   -29988.285        7.658   307.0     -0.394     -0.969     -0.035      0.103      0.496      0.176
37.8000      -29980.099   -29988.188        8.088   324.2      0.135      0.017      0.362     -0.449     -0.852     -0.222
37.8500      -29980.274   -29988.855        8.582   344.0      0.039     -0.872      0.530     -0.302     -0.136     -0.131
37.9000      -29979.792   -29988.010        8.217   329.4     -0.442      0.074     -0.756     -0.035     -0.212      0.071
37.9500      -29979.538   -29988.000        8.462   339.2      0.913     -0.050     -0.341      0.188      0.008      0.096
38.0000      -29979.649   -29988.420        8.771   351.6     -0.103     -0.273      0.992      0.321     -0.194      0.151
38.0500      -29980.480   -29989.031        8.551   342.8     -1.489      0.655     -1.074      0.088     -0.762      0.326
38.1000      -29980.052   -29988.850        8.797   352.6     -0.590      0.067     -1.078      0.215      0.247      0.253
38.1500      -29979.913   -29988.072        8.159   327.1     -0.550     -0.813      0.248     -0.051     -0.587      0.448
38.2000      -29980.210   -29987.871        7.661   307.1     -0.329      0.085      0.084      0.132      0.005     -0.343
38.2500      -29980.242   -29987.922        7.680   307.8     -0.901     -0.208      0.551     -0.564     -0.175     -0.083
38.3000      -29979.895   -29987.971        8.076   323.7     -0.007      0.068     -0.672      0.185      0.028      0.026
38.3500      -29979.971   -29988.150        8.179   327.9      0.222      0.161      0.290     -0.307      0.216     -0.132
38.4000      -29980.202   -29988.582        8.380   335.9      0.720      0.384     -0.149     -0.085      0.340     -0.234
38.4500      -29980.116   -29987.906        7.790   312.3     -0.724     -0.418     -0.502     -0.017     -0.461     -0.294
38.5000      -29980.350   -29988.117        7.767   311.3      0.298      0.196      0.419     -0.158      0.371      0.498
38.5500      -29979.837   -29988.033        8.196   328.5      0.396     -0.234      0.303     -0.274     -0.193      0.114
38.6000      -29980.364   -29989.104        8.739   350.3      0.478      0.742      1.523     -0.321     -0.117     -0.182
38.6500      -29980.733   -29988.420        7.687   308.1      0.769     -0.197     -0.574     -0.427      0.312      0.167
38.7000      -29980.510   -29988.297        7.787   312.1     -0.240     -0.769     -0.620     -0.129     -0.207     -0.107
38.7500      -29980.608   -29989.039        8.431   337.9      0.187      0.333     -0.601     -0.153      0.097      0.203
38.8000      -29980.920   -29989.248        8.328   333.8     -0.252      0.056      1.392      0.469     -0.365     -0.401
38.8500      -29981.221   -29989.305        8.083   324.0     -0.367     -0.702     -0.106      0.254      0.281     -0.454
38.9000      -29980.616   -29989.145        8.528   341.9     -0.675     -0.841      1.320     -0.198      0.021     -0.447
38.9500      -29980.763   -29989.719        8.956   359.0     -0.631     -0.498     -0.156     -0.078     -0.512     -0.454
39.0000      -29980.052   -29988.338        8.286   332.2      0.611      0.078      0.389     -0.272      0.378      0.194
39.0500      -29979.764   -29989.002        9.238   370.3     -0.052     -0.126      0.103      0.387      0.048      0.351
39.1000      -29980.518   -29989.215        8.697   348.6      0.709     -0.408      0.657     -0.394     -0.427      0.028
39.1500      -29980.467   -29988.439        7.973   319.6     -0.794     -0.599      0.121     -0.371      0.302     -0.073
39.2000      -29980.326   -29988.557        8.230   329.9     -0.013     -0.529     -0.221     -0.739     -0.580      0.793
39.2500      -29980.241   -29989.256        9.015   361.3     -0.354      0.064     -0.291     -0.098      0.558      0.601
39.3000      -29979.731   -29988.494        8.763   351.3      0.557      0.351      0.629      0.449     -0.145      0.330
39.3500      -29979.399   -29987.961        8.562   343.2     -0.258     -0.478      0.331     -0.522      0.393     -0.003
39.4000      -29979.838   -29988.172        8.334   334.1     -0.384     -0.227      0.011     -0.296     -0.144     -0.572
39.4500      -29979.985   -29988.318        8.333   334.0      0.084      0.962     -0.250      0.511     -0.346      0.029
39.5000      -29979.776   -29988.188        8.411   337.2      0.166      0.325      0.383     -0.426      0.407     -0.243
39.5500      -29979.240   -29988.068        8.828   353.9      0.724      0.301      0.721      0.041     -0.138      0.229
39.6000      -29979.403   -29987.668        8.265   331.3     -0.435     -0.013      0.166     -0.073     -0.313      0.067
39.6500      -29980.023   -29988.295        8.272   331.6      0.503     -0.087      0.077      0.499     -0.428     -0.142
39.7000      -29979.699   -29988.223        8.524   341.7     -0.324     -0.130      0.376     -0.045      0.082      0.358
39.7500      -29979.154   -29988.506        9.352   374.9     -0.066      0.963      0.100      0.183      0.014     -0.095
39.8000      -29979.122   -29988.178        9.056   363.0     -0.420      0.329      0.266     -0.128     -0.483     -0.221
39.8500      -29979.366   -29988.633        9.266   371.4      0.070      0.402      0.190      0.364      0.461      0.199
39.9000      -29979.482   -29988.127        8.645   346.5     -0.108     -0.762     -0.446      0.224     -0.194     -0.471
39.9500      -29979.600   -29988.367        8.767   351.4     -0.677      0.690     -0.226      0.263     -0.496      0.115
40.0000      -29979.751   -29988.576        8.825   353.8     -0.349      0.400      0.441      0.217     -0.475      0.254
