# Step  E_PER_ATOM_RMSE  E_RMSE  F_RMSE
10000       4.830199e-03   9.322286e-01   1.470025e-01 
40000       7.054878e-03   1.361592e+00   9.469556e-02 
70000       7.693579e-03   1.484861e+00   7.905393e-02 
100000      6.641867e-03   1.281880e+00   7.244391e-02 
130000      6.481010e-03   1.250835e+00   6.615543e-02 
160000      3.733179e-03   7.205034e-01   6.179831e-02 
190000      1.094181e-03   2.111770e-01   6.224638e-02 
220000      4.037275e-03   7.791941e-01   5.588917e-02 
250000      7.401516e-03   1.428493e+00   5.357243e-02 
280000      7.360797e-03   1.420634e+00   5.243368e-02 
310000      5.841487e-03   1.127407e+00   5.365961e-02 
340000      8.161764e-04   1.575221e-01   4.873611e-02 
370000      1.368541e-02   2.641284e+00   4.984335e-02 
400000      3.582960e-03   6.915113e-01   4.959665e-02 
430000      2.756573e-03   5.320186e-01   4.839562e-02 
460000      1.015458e-03   1.959834e-01   4.561695e-02 
490000      5.605023e-03   1.081769e+00   4.382504e-02 
520000      7.410788e-04   1.430282e-01   4.519159e-02 
550000      4.008542e-03   7.736486e-01   4.819602e-02 
580000      3.534502e-03   6.821589e-01   4.197727e-02 
610000      6.866352e-03   1.325206e+00   4.228376e-02 
640000      1.802757e-03   3.479320e-01   4.118644e-02 
670000      2.630046e-03   5.075989e-01   4.129212e-02 
700000      3.007533e-03   5.804538e-01   4.253774e-02 
730000      1.229732e-03   2.373382e-01   4.139484e-02 
760000      5.903011e-03   1.139281e+00   3.979154e-02 
790000      1.416177e-03   2.733221e-01   4.061597e-02 
820000      6.158859e-03   1.188660e+00   3.906622e-02 
850000      4.286074e-03   8.272123e-01   3.901168e-02 
880000      1.573989e-03   3.037800e-01   4.032999e-02 
910000      2.632565e-03   5.080850e-01   3.798450e-02 
940000      2.251690e-03   4.345763e-01   3.762905e-02 
970000      5.588116e-04   1.078506e-01   3.787630e-02 
1000000     5.602990e-04   1.081377e-01   4.025493e-02 
1030000     3.771411e-03   7.278823e-01   3.668481e-02 
1060000     5.345045e-03   1.031594e+00   3.656567e-02 
1090000     2.328210e-03   4.493445e-01   3.651578e-02 
1120000     6.009143e-04   1.159765e-01   3.688396e-02 
1150000     1.486682e-03   2.869297e-01   3.750987e-02 
1180000     1.182033e-03   2.281324e-01   3.610244e-02 
1210000     1.812899e-03   3.498894e-01   3.561002e-02 
1240000     6.718136e-04   1.296600e-01   3.663883e-02 
1270000     3.174310e-03   6.126417e-01   3.553889e-02 
1300000     2.611410e-03   5.040022e-01   3.609548e-02 
1330000     1.537357e-03   2.967099e-01   3.465835e-02 
1360000     4.427720e-03   8.545500e-01   3.513383e-02 
1390000     4.771918e-03   9.209799e-01   3.446465e-02 
1420000     2.143750e-03   4.137436e-01   3.493745e-02 
1450000     5.011767e-03   9.672710e-01   3.823964e-02 
1480000     4.399091e-03   8.490245e-01   4.122448e-02 
1510000     1.769528e-03   3.415190e-01   3.481231e-02 
1540000     3.038939e-03   5.865152e-01   3.502288e-02 
1570000     4.145384e-03   8.000592e-01   3.430336e-02 
1600000     2.485615e-03   4.797236e-01   3.313245e-02 
1630000     2.838747e-03   5.478783e-01   3.317842e-02 
1660000     2.002655e-03   3.865124e-01   3.582438e-02 
1690000     3.224108e-03   6.222528e-01   3.437626e-02 
1720000     3.366879e-03   6.498077e-01   3.283924e-02 
1750000     1.131241e-03   2.183295e-01   3.564979e-02 
1780000     3.657868e-03   7.059686e-01   3.531079e-02 
1810000     1.507476e-03   2.909428e-01   3.225428e-02 
1840000     1.228847e-03   2.371674e-01   3.299733e-02 
1870000     3.868965e-03   7.467102e-01   3.302057e-02 
1900000     1.088424e-03   2.100658e-01   3.295016e-02 
1930000     6.262964e-04   1.208752e-01   3.386380e-02 
1960000     2.458510e-03   4.744925e-01   3.207627e-02 
1990000     1.624884e-03   3.136025e-01   3.310259e-02 
2020000     3.341758e-03   6.449593e-01   3.458618e-02 
2050000     1.725824e-03   3.330841e-01   3.172366e-02 
2080000     4.371847e-03   8.437665e-01   3.171795e-02 
2110000     1.527952e-03   2.948947e-01   3.203275e-02 
2140000     4.265213e-03   8.231862e-01   3.139839e-02 
2170000     2.531356e-03   4.885516e-01   3.116915e-02 
2200000     3.871309e-03   7.471628e-01   3.253740e-02 
2230000     9.957469e-04   1.921792e-01   3.180835e-02 
2260000     5.457809e-04   1.053357e-01   3.152624e-02 
2290000     1.108201e-03   2.138829e-01   3.169378e-02 
2320000     4.144492e-03   7.998869e-01   3.307373e-02 
2350000     2.540181e-03   4.902549e-01   3.182875e-02 
2380000     2.360188e-03   4.555162e-01   3.098414e-02 
2410000     2.831772e-03   5.465319e-01   3.366008e-02 
2440000     2.780985e-03   5.367302e-01   3.226060e-02 
2470000     2.505464e-03   4.835544e-01   3.145568e-02 
2500000     2.569015e-03   4.958199e-01   3.191234e-02 
2530000     2.518593e-03   4.860884e-01   3.078014e-02 
2560000     1.541787e-03   2.975650e-01   3.016185e-02 
2590000     1.786909e-03   3.448735e-01   3.072332e-02 
2620000     6.864737e-03   1.324894e+00   3.104801e-02 
2650000     8.365669e-04   1.614574e-01   3.115642e-02 
2680000     2.572946e-03   4.965787e-01   3.014028e-02 
2710000     3.796711e-03   7.327652e-01   3.022209e-02 
2740000     3.007677e-03   5.804816e-01   3.022599e-02 
2770000     3.044157e-03   5.875222e-01   3.225252e-02 
2800000     5.875631e-03   1.133996e+00   3.033250e-02 
2830000     1.298395e-03   2.505902e-01   3.025945e-02 
2860000     6.628198e-04   1.279242e-01   3.009442e-02 
2890000     2.374279e-03   4.582358e-01   2.959937e-02 
2920000     2.629377e-03   5.074697e-01   3.237301e-02 
2950000     1.430266e-03   2.760414e-01   2.962722e-02 
2980000     3.750314e-03   7.238105e-01   3.051169e-02 
3010000     7.875797e-04   1.520029e-01   3.116790e-02 
3040000     6.297661e-03   1.215448e+00   3.060476e-02 
3070000     2.353568e-03   4.542387e-01   2.925186e-02 
3100000     9.657718e-04   1.863940e-01   3.137252e-02 
3130000     1.397453e-03   2.697083e-01   3.530363e-02 
3160000     4.784852e-03   9.234766e-01   2.980888e-02 
3190000     7.947873e-04   1.533940e-01   2.902875e-02 
3220000     5.030050e-04   9.707996e-02   2.949950e-02 
3250000     2.608232e-03   5.033888e-01   2.997060e-02 
3280000     2.839973e-03   5.481149e-01   2.916289e-02 
3310000     1.171218e-03   2.260451e-01   2.946551e-02 
3340000     1.627675e-03   3.141413e-01   2.965182e-02 
3370000     3.119461e-03   6.020560e-01   2.931070e-02 
3400000     1.472600e-03   2.842118e-01   2.859628e-02 
3430000     8.658243e-04   1.671041e-01   3.001748e-02 
3460000     9.920028e-04   1.914566e-01   2.996124e-02 
3490000     8.214366e-04   1.585373e-01   2.918278e-02 
3520000     1.289617e-03   2.488960e-01   2.984905e-02 
3550000     1.837669e-03   3.546702e-01   2.908338e-02 
3580000     1.010088e-03   1.949469e-01   3.054996e-02 
3610000     1.849267e-03   3.569084e-01   3.019486e-02 
3640000     3.896350e-03   7.519955e-01   2.934221e-02 
3670000     2.925963e-03   5.647109e-01   2.872811e-02 
3700000     4.879773e-04   9.417960e-02   2.913308e-02 
3730000     1.283269e-03   2.476709e-01   2.808542e-02 
3760000     9.948531e-04   1.920067e-01   2.883483e-02 
3790000     1.024044e-03   1.976406e-01   2.798217e-02 
3820000     1.669057e-03   3.221280e-01   2.826974e-02 
3850000     1.309923e-03   2.528151e-01   3.099285e-02 
3880000     9.453904e-04   1.824604e-01   2.793748e-02 
3910000     5.489137e-04   1.059403e-01   2.948400e-02 
3940000     1.390481e-03   2.683628e-01   2.801836e-02 
3970000     1.553560e-03   2.998371e-01   2.860392e-02 
4000000     2.688697e-03   5.189186e-01   3.003561e-02 
4030000     1.716288e-03   3.312435e-01   2.813781e-02 
4060000     3.433062e-03   6.625808e-01   2.778048e-02 
4090000     3.527827e-03   6.808705e-01   2.986749e-02 
4120000     3.184492e-03   6.146069e-01   2.784904e-02 
4150000     6.113357e-04   1.179878e-01   2.968694e-02 
4180000     3.275398e-03   6.321518e-01   2.803897e-02 
4210000     1.888670e-03   3.645134e-01   2.915602e-02 
4240000     2.075409e-03   4.005538e-01   2.793493e-02 
4270000     3.648612e-03   7.041821e-01   2.787751e-02 
4300000     2.488958e-03   4.803690e-01   2.813937e-02 
4330000     1.132643e-03   2.186000e-01   2.748447e-02 
4360000     3.442769e-03   6.644546e-01   2.960285e-02 
4390000     3.870849e-03   7.470738e-01   2.749876e-02 
4420000     1.054083e-03   2.034379e-01   2.821594e-02 
4450000     3.590641e-03   6.929938e-01   2.758602e-02 
4480000     2.978191e-03   5.747909e-01   2.752536e-02 
4510000     9.679206e-04   1.868087e-01   2.888172e-02 
4540000     1.683930e-03   3.249985e-01   2.871793e-02 
4570000     7.200937e-04   1.389781e-01   2.783208e-02 
4600000     4.126565e-03   7.964270e-01   2.729750e-02 
4630000     1.629932e-03   3.145767e-01   2.720227e-02 
4660000     4.551663e-03   8.784708e-01   2.772920e-02 
4690000     6.862829e-04   1.324526e-01   2.775800e-02 
4720000     4.174113e-04   8.056041e-02   2.740256e-02 
4750000     4.341564e-04   8.379217e-02   2.978835e-02 
4780000     3.450498e-03   6.659459e-01   2.708382e-02 
4810000     2.372155e-03   4.578260e-01   2.812180e-02 
4840000     1.672443e-03   3.227815e-01   2.687326e-02 
4870000     2.729634e-03   5.268193e-01   2.764773e-02 
4900000     1.381626e-03   2.666537e-01   2.741115e-02 
4930000     4.395373e-04   8.483069e-02   2.776567e-02 
4960000     1.429573e-03   2.759075e-01   2.805046e-02 
4990000     5.592876e-04   1.079425e-01   2.744356e-02 
5000000     3.861702e-04   7.453087e-02   3.065844e-02 
5001000     6.659443e-04   1.285273e-01   3.404881e-02 
5005000     2.066770e-03   3.988866e-01   3.395051e-02 
5006000     9.770483e-04   1.885704e-01   2.895126e-02 
5010000     8.716680e-04   1.682319e-01   2.966419e-02 
5011000     2.821755e-03   5.445988e-01   2.744873e-02 
5015000     2.739696e-03   5.287613e-01   2.751881e-02 
5016000     2.323325e-03   4.484017e-01   2.368464e-02 
5020000     1.531945e-03   2.956653e-01   2.400969e-02 
