Time[ps]      Etot[eV]     Epot[eV]     Ekin[eV]    T[K]      ---------------------- stress [GPa] -----------------------
0.0000       -29981.429   -29989.279        7.850   314.7     -0.670     -0.014     -0.556      0.297     -0.556     -0.201
0.0500       -29981.785   -29989.475        7.690   308.2      0.908      0.390      0.066      0.271      0.769      0.215
0.1000       -29981.642   -29989.963        8.321   333.6     -0.499      0.311      0.176     -0.048      0.017      0.273
0.1500       -29981.286   -29989.189        7.903   316.8      0.868     -0.848      0.453     -0.045     -0.270     -0.103
0.2000       -29981.243   -29989.953        8.710   349.1     -0.719     -0.384      0.208      0.114      0.461      0.150
0.2500       -29981.679   -29989.150        7.471   299.5      0.183     -0.016     -0.736      0.638     -0.070     -0.218
0.3000       -29981.858   -29989.309        7.450   298.6      0.521     -0.052     -0.299      0.182      0.327      0.209
0.3500       -29981.744   -29989.684        7.940   318.3     -0.086      0.284      1.406      0.522     -0.447     -0.174
0.4000       -29981.426   -29988.736        7.311   293.0      0.636     -0.636     -0.988      0.381     -0.037     -0.238
0.4500       -29981.926   -29989.033        7.107   284.9     -0.553      0.775      0.344     -0.210     -0.463     -0.146
0.5000       -29981.489   -29989.496        8.008   321.0      0.142     -0.785      0.266      0.118      0.257     -0.179
0.5500       -29981.564   -29989.420        7.856   314.9     -0.255     -1.226     -0.053     -0.605      0.047     -0.323
0.6000       -29981.826   -29989.420        7.594   304.4     -0.379      0.398      0.119      0.030      0.203     -0.390
0.6500       -29981.181   -29989.633        8.452   338.8      0.494     -0.116     -0.449     -0.012     -0.474      0.001
0.7000       -29981.630   -29989.428        7.798   312.6     -0.473     -0.475      0.019     -0.038      0.396      0.303
0.7500       -29981.661   -29990.150        8.489   340.3     -0.424     -0.465      0.287     -0.532     -0.303     -0.168
0.8000       -29981.735   -29990.053        8.318   333.4      0.054     -0.262     -0.586      0.003     -0.142      0.053
0.8500       -29982.155   -29990.381        8.226   329.7     -0.097     -0.434     -0.009      0.224     -0.379     -0.219
0.9000       -29981.558   -29989.811        8.252   330.8      0.148     -1.148     -0.254     -0.140     -0.149     -0.049
0.9500       -29981.610   -29989.725        8.114   325.3     -1.295     -1.001     -0.431     -0.179      0.014     -0.061
1.0000       -29981.800   -29989.469        7.669   307.4     -0.511     -0.426     -0.575     -0.117     -0.749     -0.114
1.0500       -29981.323   -29989.531        8.208   329.0     -0.136     -0.310     -0.238     -0.205     -0.743      0.428
1.1000       -29981.672   -29989.600        7.928   317.8     -0.335     -0.375     -0.691      0.238      0.127      0.413
1.1500       -29981.849   -29989.318        7.470   299.4     -0.889     -0.534     -0.040     -0.359     -0.130     -0.225
1.2000       -29980.999   -29989.201        8.203   328.8      0.114      0.058     -0.356      0.301      0.883     -0.392
1.2500       -29981.396   -29989.375        7.979   319.8      0.142     -0.096      0.045      0.169     -0.212     -0.355
1.3000       -29981.179   -29989.039        7.860   315.1      0.127      0.207      0.835     -0.055      0.471     -0.471
1.3500       -29981.689   -29989.271        7.583   303.9     -1.066     -1.296     -1.268     -0.137     -0.335     -0.297
1.4000       -29981.896   -29989.422        7.526   301.7     -0.259     -0.579     -0.606      0.444      0.204      0.045
1.4500       -29981.267   -29989.398        8.131   325.9     -0.785     -0.176      0.012      0.044     -0.324     -0.137
1.5000       -29981.711   -29989.752        8.041   322.3      0.133     -0.459     -1.005      0.127      0.065     -0.267
1.5500       -29981.752   -29989.746        7.994   320.4      0.268      0.191      0.628      0.106     -0.003     -0.124
1.6000       -29981.567   -29989.666        8.099   324.6     -0.558      0.141     -0.332      0.046     -0.409     -0.000
1.6500       -29981.621   -29989.641        8.019   321.5      0.348      0.046      0.345     -0.095     -0.228      0.121
1.7000       -29981.706   -29989.293        7.587   304.1      0.038     -0.113     -0.486     -0.011     -0.988     -0.157
1.7500       -29981.699   -29989.418        7.719   309.4      0.335      0.782      0.647     -0.508     -0.048      0.482
1.8000       -29982.216   -29989.338        7.122   285.5      0.044     -1.041     -1.039      0.216     -0.058     -0.044
1.8500       -29982.077   -29990.539        8.462   339.2      0.115      0.163      0.939     -0.166     -0.475     -0.144
1.9000       -29982.629   -29990.402        7.774   311.6     -0.325      0.337     -0.338      0.850      0.096     -0.154
1.9500       -29982.123   -29989.621        7.498   300.6     -0.340     -0.232      0.133     -0.365     -0.175      0.048
2.0000       -29982.457   -29990.184        7.726   309.7     -0.393      0.241     -0.351     -0.222      0.194     -0.663
2.0500       -29982.065   -29990.369        8.304   332.9      0.180      0.724     -0.129      0.391      0.333     -0.236
2.1000       -29981.926   -29990.195        8.270   331.5     -0.252     -0.350     -0.273      0.090     -0.500      0.110
2.1500       -29981.551   -29989.543        7.992   320.3      0.488      0.704      0.330      0.310      0.001      0.222
2.2000       -29981.669   -29990.000        8.331   333.9     -0.523     -0.578      0.622      0.316      0.066      0.437
2.2500       -29982.175   -29989.760        7.584   304.0     -0.743     -0.043     -0.723      0.625     -0.014      0.137
2.3000       -29981.435   -29989.137        7.702   308.7     -0.487     -0.043      0.019     -0.353      0.345      0.453
2.3500       -29981.372   -29989.346        7.974   319.6      0.364      0.599     -0.590      0.313     -0.151      0.066
2.4000       -29981.726   -29989.512        7.786   312.1      0.729     -0.452      0.561      0.047      0.343      0.027
2.4500       -29981.035   -29989.232        8.198   328.6      0.600      0.382      0.388     -0.555     -0.324      0.300
2.5000       -29981.048   -29989.475        8.427   337.8      0.097      0.840      0.283      1.279     -0.253      0.036
2.5500       -29981.822   -29989.652        7.831   313.9      0.378      0.194      0.681     -0.555      0.240     -0.321
2.6000       -29981.437   -29989.203        7.766   311.3      0.794     -0.452      0.065      0.524     -0.321      0.293
2.6500       -29981.228   -29990.133        8.905   357.0     -0.315      0.852     -0.799      0.196     -0.462      0.019
2.7000       -29981.260   -29988.996        7.736   310.1      1.062      0.091     -0.113      0.183     -0.475     -0.325
2.7500       -29981.498   -29988.402        6.904   276.8     -0.219      0.647     -0.124     -0.315     -0.624     -0.082
2.8000       -29981.080   -29990.162        9.083   364.1      0.038     -0.131     -1.055     -0.287      0.427      0.506
2.8500       -29981.185   -29989.475        8.290   332.3      0.276      0.933     -0.602      0.158     -0.298     -0.181
2.9000       -29981.629   -29989.303        7.674   307.6     -0.551      0.394     -0.014     -0.584      0.742      0.078
2.9500       -29981.458   -29989.391        7.932   318.0     -0.546     -0.227     -0.450     -0.688      0.048     -0.003
3.0000       -29981.800   -29989.299        7.499   300.6     -0.500      0.347      0.310     -0.048      0.625     -0.172
3.0500       -29982.244   -29990.312        8.069   323.4      0.271     -0.089      0.438      0.143     -0.097     -0.062
3.1000       -29982.281   -29989.699        7.418   297.3     -0.324      0.416     -0.434     -0.487      0.459      0.623
3.1500       -29981.887   -29990.080        8.193   328.4      0.431     -0.803     -0.029      0.470      0.020      0.455
3.2000       -29981.584   -29989.529        7.945   318.5      0.131      1.032     -0.604     -0.120      0.477      0.383
3.2500       -29981.252   -29989.191        7.939   318.2      0.613      0.009      0.442      0.021      0.037      0.112
3.3000       -29981.308   -29989.416        8.108   325.0      0.096     -0.149     -0.139     -0.161     -0.234      0.177
3.3500       -29981.401   -29989.273        7.872   315.6      0.053     -0.248     -0.525     -0.530      0.052     -0.084
3.4000       -29980.922   -29989.400        8.478   339.8     -0.910     -0.059     -0.133      0.092      0.609      0.256
3.4500       -29980.776   -29988.635        7.858   315.0     -0.308     -0.573     -0.349     -0.404      0.012     -0.512
3.5000       -29981.383   -29989.309        7.926   317.7     -0.635     -1.064     -0.768     -0.217      0.252      0.737
3.5500       -29981.834   -29989.719        7.885   316.1     -0.810     -0.105     -0.630     -0.315     -0.032      0.122
3.6000       -29981.477   -29989.643        8.166   327.3     -0.185      0.125      0.188      0.050     -0.158      0.049
3.6500       -29980.808   -29989.633        8.825   353.8     -0.259     -0.773     -0.754     -0.314      0.280      0.150
3.7000       -29980.373   -29988.670        8.297   332.6      0.033      0.615      0.995     -0.049     -0.592      0.067
3.7500       -29980.755   -29989.549        8.794   352.5     -0.201      0.999     -0.113     -0.540      0.036      0.419
3.8000       -29980.471   -29988.213        7.742   310.3      0.233     -0.488      0.847      0.205     -0.009      0.100
3.8500       -29980.582   -29989.236        8.654   346.9     -0.266     -0.722      0.421     -0.067     -0.304      0.055
3.9000       -29980.200   -29988.842        8.642   346.4     -1.201     -1.283     -0.478      0.193      0.440     -0.355
3.9500       -29980.450   -29989.828        9.378   375.9     -0.179      0.598     -0.212     -0.070     -0.011      0.053
4.0000       -29980.310   -29988.895        8.585   344.1     -0.860     -0.681     -0.468      0.136      0.263      0.485
4.0500       -29980.187   -29988.838        8.651   346.8     -0.254     -0.371     -0.664      0.219     -0.056      0.076
4.1000       -29979.469   -29988.479        9.010   361.2      0.804     -0.026      0.711      0.447      0.479      0.226
4.1500       -29979.638   -29988.498        8.860   355.1     -0.221     -0.233     -0.306      0.039      0.140      0.166
4.2000       -29979.738   -29988.309        8.570   343.5     -0.644      1.375     -0.228     -0.040     -0.081      0.320
4.2500       -29979.635   -29987.471        7.836   314.1     -0.241     -0.763     -0.467     -0.375      0.117     -0.433
4.3000       -29979.309   -29987.730        8.421   337.6     -0.115      0.277      0.034      0.459      0.252      0.283
4.3500       -29979.382   -29988.580        9.198   368.7     -0.163     -0.219      0.171      0.274      0.576     -0.448
4.4000       -29979.339   -29987.689        8.350   334.7     -0.732     -0.732     -0.914     -0.315      0.126     -0.759
4.4500       -29979.754   -29988.947        9.193   368.5     -0.076     -0.324     -0.813      0.718      0.036      0.828
4.5000       -29980.099   -29988.648        8.550   342.7     -0.041     -0.118     -0.369      0.050      0.073     -0.004
4.5500       -29980.286   -29989.170        8.884   356.1     -0.312      0.051     -0.179      0.462     -0.540      0.487
4.6000       -29980.617   -29989.066        8.449   338.7     -0.343      0.019     -0.229      0.161      0.002      0.540
4.6500       -29980.188   -29988.414        8.226   329.7      0.309      0.515     -0.035      0.177      0.892     -0.008
4.7000       -29980.713   -29988.889        8.176   327.7     -0.054     -0.032     -1.068      0.108     -0.435     -0.218
4.7500       -29981.118   -29988.934        7.816   313.3      0.392     -1.145     -0.249      0.525      0.188      0.112
4.8000       -29980.939   -29989.559        8.620   345.5     -1.142      0.297     -0.415     -0.693     -0.615      0.008
4.8500       -29980.726   -29989.836        9.110   365.2      0.287     -0.008      0.495     -0.019     -0.486      0.487
4.9000       -29980.539   -29989.262        8.723   349.7     -0.274     -0.386     -0.286      0.172      0.413     -0.240
4.9500       -29980.713   -29989.174        8.461   339.1      0.373     -0.203      0.381      0.077     -0.521      0.009
5.0000       -29980.757   -29988.629        7.872   315.5     -0.271     -0.732     -0.798     -0.144      0.300      0.160
5.0500       -29980.990   -29988.924        7.934   318.0     -1.346     -0.373     -1.294      0.043      0.342     -0.479
5.1000       -29980.941   -29989.234        8.293   332.4     -0.516      0.137      0.358     -0.337     -0.871     -0.112
5.1500       -29980.733   -29988.965        8.232   330.0     -0.271     -0.027      0.506     -0.480      0.067      0.103
5.2000       -29980.760   -29989.291        8.531   342.0     -0.155      0.867     -0.076      0.165      0.010      0.137
5.2500       -29980.625   -29989.715        9.090   364.4      0.557     -0.074     -0.079     -0.105      0.375     -0.133
5.3000       -29980.970   -29989.289        8.319   333.5     -0.202      0.162      0.350      0.079      0.641      0.006
5.3500       -29981.044   -29989.439        8.395   336.5     -0.295      0.091     -0.803     -0.193     -0.637     -0.450
5.4000       -29981.213   -29988.785        7.572   303.5      0.074     -0.724      0.549      0.369      0.130     -0.083
5.4500       -29981.060   -29988.875        7.815   313.3     -0.660      0.296     -0.609     -0.368     -0.452      0.486
5.5000       -29980.793   -29989.473        8.680   347.9     -0.331     -0.189      0.480      0.545     -0.339     -0.090
5.5500       -29980.447   -29989.000        8.553   342.8     -1.162      0.122     -0.537      0.253     -0.174     -0.129
5.6000       -29980.664   -29989.385        8.721   349.6     -0.899      0.423      0.115     -0.351      0.092      0.814
5.6500       -29980.168   -29989.771        9.604   385.0      0.092      0.447     -0.290      0.198     -0.159      0.446
5.7000       -29979.979   -29988.717        8.737   350.2     -0.948     -0.544     -0.253      0.082     -0.066     -0.477
5.7500       -29980.259   -29989.293        9.034   362.1     -0.071      0.365      0.117     -0.046      0.567      0.505
5.8000       -29980.245   -29988.727        8.481   340.0     -0.704     -0.257     -0.183     -0.440     -0.113      0.256
5.8500       -29979.866   -29989.133        9.267   371.5     -0.704     -1.019     -1.869      0.074      0.329      0.256
5.9000       -29979.784   -29988.637        8.853   354.9     -0.588     -0.491      0.953     -0.146      0.193      0.274
5.9500       -29979.972   -29987.938        7.966   319.3      0.217     -0.293     -0.593      0.088     -0.301      0.121
6.0000       -29979.931   -29988.797        8.866   355.4      0.265     -1.087     -0.299     -0.177      0.177      0.041
6.0500       -29979.847   -29988.297        8.450   338.7     -1.035     -0.325     -0.951      0.618     -0.102      0.159
6.1000       -29979.867   -29988.371        8.504   340.9     -1.434     -0.962     -0.643     -0.389      0.022     -0.376
6.1500       -29979.688   -29988.781        9.093   364.5     -0.912     -0.771     -0.765      0.282     -0.007     -0.202
6.2000       -29979.957   -29988.510        8.553   342.8     -0.374     -0.643     -0.369     -0.035     -0.075     -0.362
6.2500       -29980.359   -29989.652        9.294   372.5      0.306      0.199      0.093      0.322      0.273     -0.077
6.3000       -29980.512   -29989.221        8.709   349.1      0.600      0.569      0.609     -0.074      0.100      0.411
6.3500       -29979.870   -29988.885        9.015   361.4     -0.970     -1.575     -0.271     -0.538      0.510      0.031
6.4000       -29980.411   -29989.004        8.592   344.4     -0.264      0.364     -0.478      0.139     -0.327      0.029
6.4500       -29980.405   -29988.578        8.173   327.6     -0.464     -0.538      0.472      0.315      0.141      0.381
6.5000       -29980.702   -29988.689        7.987   320.2     -0.684     -0.357     -0.638      0.277     -0.093     -0.101
6.5500       -29980.181   -29988.643        8.462   339.2      0.232     -0.142      0.905      0.469      0.292     -0.381
6.6000       -29980.158   -29988.832        8.674   347.7      0.068      0.566     -0.693     -0.312     -0.399      0.506
6.6500       -29980.146   -29988.328        8.182   328.0      0.884     -0.814     -0.228     -0.142      0.283      0.002
6.7000       -29980.351   -29988.840        8.489   340.3     -0.040      1.093     -0.305      0.378     -0.554     -0.132
6.7500       -29980.902   -29988.838        7.935   318.1      0.261     -0.676      0.081     -0.769      0.002      0.108
6.8000       -29980.900   -29989.689        8.789   352.3     -0.440     -0.627     -0.416     -0.378      0.239     -0.318
6.8500       -29981.198   -29988.668        7.470   299.4      0.375      0.012     -0.243      0.716     -0.137      0.099
6.9000       -29981.531   -29989.057        7.526   301.7     -0.262     -0.280     -0.606      0.293      0.271      0.249
6.9500       -29981.332   -29989.361        8.029   321.8     -0.312      0.267      0.245      0.024     -0.209      0.539
7.0000       -29981.536   -29989.463        7.927   317.7      1.415      1.200      0.162      0.206     -0.089      0.175
7.0500       -29981.848   -29989.562        7.715   309.2      0.988     -0.165      1.387      0.212      0.125      0.114
7.1000       -29982.325   -29989.930        7.605   304.8     -0.081      0.148     -0.496      0.036     -0.045      0.133
7.1500       -29982.493   -29990.789        8.296   332.6      0.004     -0.829     -0.825     -0.242     -0.453      0.190
7.2000       -29982.287   -29989.980        7.693   308.4      0.187     -0.601     -0.781      0.465      0.280      0.002
7.2500       -29982.003   -29989.693        7.690   308.2     -0.741     -0.918     -0.520      0.123     -0.313     -0.564
7.3000       -29982.121   -29990.592        8.471   339.5      0.035     -0.269     -0.513      0.160     -0.105     -0.162
7.3500       -29982.112   -29990.199        8.087   324.2      0.207      0.866     -0.142     -0.010     -0.128      0.209
7.4000       -29982.197   -29990.014        7.816   313.3     -0.152     -0.244     -1.127     -0.225      0.243     -0.722
7.4500       -29982.439   -29990.564        8.125   325.7     -0.083     -0.407     -0.407     -0.008     -0.323      0.579
7.5000       -29982.447   -29990.928        8.481   340.0     -0.090     -0.504     -0.551      0.134     -0.276      0.184
7.5500       -29982.847   -29990.266        7.418   297.4      0.667     -0.243      0.085     -0.203     -0.194     -0.212
7.6000       -29982.573   -29990.469        7.896   316.5      0.116     -0.004      0.349     -0.018     -0.258      0.685
7.6500       -29982.712   -29990.234        7.522   301.5      0.056      0.942      0.374      0.582     -0.285     -0.233
7.7000       -29982.453   -29990.746        8.293   332.4     -0.092      0.031     -0.079      0.022     -0.260      0.379
7.7500       -29982.067   -29991.045        8.978   359.9      0.468     -0.281     -0.778      0.355     -0.191     -0.303
7.8000       -29981.937   -29989.936        7.999   320.6      0.281      0.043      1.058     -0.247     -0.216      0.061
7.8500       -29982.286   -29990.143        7.857   314.9      0.636     -0.900     -0.116     -0.019      0.164      0.227
7.9000       -29981.917   -29989.695        7.778   311.8     -0.287     -0.222      0.550      0.167      0.452      0.189
7.9500       -29981.403   -29989.080        7.677   307.7     -0.783     -0.713     -0.530     -0.243     -0.279      0.272
8.0000       -29981.319   -29989.402        8.083   324.0      0.558     -0.303     -0.183     -0.040      0.297     -0.094
8.0500       -29981.353   -29989.047        7.694   308.4      0.658      0.292     -0.110      0.051     -0.145     -0.325
8.1000       -29980.854   -29988.326        7.472   299.5      0.713      0.553      0.667      0.149      0.469     -0.268
8.1500       -29981.149   -29988.225        7.075   283.6     -0.190     -0.165      0.260      0.589     -0.364      0.200
8.2000       -29981.022   -29989.229        8.207   329.0      1.334     -0.243     -0.002     -0.117     -0.180      0.046
8.2500       -29980.967   -29989.420        8.453   338.8     -0.734     -0.310     -0.234      0.355     -0.355     -0.165
8.3000       -29980.972   -29988.645        7.673   307.6      0.656      0.003     -0.418     -0.048     -0.095      0.039
8.3500       -29980.680   -29989.201        8.521   341.6     -0.495     -0.168      0.280      0.173     -0.274     -0.253
8.4000       -29980.736   -29988.818        8.082   324.0      0.165     -0.937     -0.917     -0.299      0.061     -0.534
8.4500       -29980.695   -29989.021        8.327   333.8     -0.126     -1.172      0.477      0.075     -0.157      0.148
8.5000       -29980.771   -29989.037        8.266   331.4      0.156     -1.819     -0.719      0.122     -0.107      0.718
8.5500       -29980.391   -29988.170        7.779   311.8     -0.337     -0.378     -0.666      0.041     -0.043     -0.285
8.6000       -29980.228   -29989.295        9.067   363.4     -0.247     -0.261      0.053     -0.092      0.378      0.096
8.6500       -29980.292   -29988.383        8.091   324.3      0.125     -0.014      0.805      0.493      0.255      0.270
8.7000       -29980.375   -29988.662        8.287   332.2     -0.410     -0.703      0.427     -0.744      0.732      0.213
8.7500       -29979.739   -29988.537        8.798   352.7     -0.908     -1.306     -0.521      0.250     -0.175      0.375
8.8000       -29979.439   -29988.713        9.274   371.8     -0.150     -0.219     -0.701      0.699      0.243     -0.058
8.8500       -29980.045   -29987.486        7.441   298.3     -0.079     -1.078     -0.571     -0.446     -0.249      0.534
8.9000       -29980.124   -29988.986        8.862   355.2      0.087     -1.123     -0.102     -0.139     -0.354      0.316
8.9500       -29979.794   -29988.461        8.667   347.4     -0.284     -0.217     -0.191      0.509      0.537      0.362
9.0000       -29979.314   -29988.758        9.444   378.6     -1.294     -0.277     -1.226      0.136      0.174      0.216
9.0500       -29979.716   -29988.311        8.595   344.5      1.128     -0.373      0.761     -0.588     -0.063      0.174
9.1000       -29979.664   -29988.016        8.352   334.8     -0.921      0.036     -0.367     -0.066      0.133     -0.667
9.1500       -29980.002   -29988.424        8.422   337.6      0.028     -0.255      1.187      0.195      0.376      0.652
9.2000       -29979.557   -29987.969        8.412   337.2     -0.250      0.357     -0.126     -0.408     -0.638     -0.609
9.2500       -29979.529   -29987.592        8.062   323.2     -0.660     -0.378      0.479      0.499      0.010      0.331
9.3000       -29979.300   -29987.969        8.669   347.5      0.322      0.728     -0.199     -0.231      0.179     -0.462
9.3500       -29978.795   -29988.115        9.320   373.6     -0.192     -0.232     -1.179      0.206      0.437     -0.303
9.4000       -29978.956   -29988.078        9.122   365.7     -1.229     -0.473     -1.044     -0.365     -0.123      0.072
9.4500       -29979.469   -29987.406        7.938   318.2     -0.016      0.359      0.106      0.436     -0.025      0.413
9.5000       -29979.870   -29988.154        8.284   332.1     -0.742     -0.440      0.273     -0.182     -0.722     -0.160
9.5500       -29979.914   -29988.293        8.379   335.9     -0.457     -1.382     -0.533     -0.267      0.186      0.232
9.6000       -29979.757   -29988.436        8.678   347.9     -0.069      0.169     -0.432      0.047     -0.453      0.536
9.6500       -29980.527   -29988.459        7.932   318.0     -0.301     -0.853      0.137     -0.431      0.260      0.699
9.7000       -29980.552   -29988.404        7.852   314.7      0.121     -0.062      0.333      0.267     -0.223     -0.223
9.7500       -29980.578   -29988.943        8.366   335.3     -0.073     -0.040      0.290     -0.129      0.108      0.017
9.8000       -29980.356   -29988.602        8.245   330.5     -0.147     -0.774     -0.164     -0.187     -0.179     -0.787
9.8500       -29980.473   -29989.062        8.590   344.3     -0.251     -0.414      0.254      0.139      0.241      0.405
9.9000       -29980.447   -29989.045        8.598   344.6      0.427     -0.336      0.196      0.570     -0.243      0.513
9.9500       -29980.385   -29989.037        8.652   346.8     -0.241     -0.049     -0.781     -0.171     -0.269      0.078
10.0000      -29980.369   -29988.477        8.108   325.0     -0.051      0.127      0.232     -0.233      0.066     -0.132
