Time[ps]      Etot[eV]     Epot[eV]     Ekin[eV]    T[K]      ---------------------- stress [GPa] -----------------------
0.0000       -29981.367   -29989.781        8.414   337.3     -0.832     -0.145     -0.685      0.372     -0.528     -0.134
0.0500       -29981.284   -29989.455        8.171   327.5      0.028     -0.958      0.066     -0.229     -0.054      0.359
0.1000       -29981.361   -29988.893        7.531   301.9     -0.376     -0.214     -0.743     -0.088      0.224     -0.216
0.1500       -29981.477   -29989.922        8.445   338.5     -0.299     -0.197      0.373     -0.106      0.051     -0.298
0.2000       -29980.935   -29989.553        8.618   345.4     -0.538     -0.344      0.500     -0.243      0.437      0.223
0.2500       -29981.148   -29989.158        8.010   321.1     -0.569     -1.006     -0.830      0.037     -0.135     -0.764
0.3000       -29980.909   -29989.168        8.259   331.1     -0.577      0.089     -0.333     -0.209     -0.274      0.458
0.3500       -29980.519   -29988.676        8.157   327.0     -0.440     -0.687     -0.453     -0.325      0.269      0.480
0.4000       -29980.390   -29988.447        8.058   323.0      0.903      0.505      0.655     -0.050     -0.112      0.020
0.4500       -29980.625   -29989.193        8.568   343.4     -0.260      0.123     -0.097      0.461     -0.571      0.328
0.5000       -29980.896   -29989.672        8.776   351.8     -0.112      0.219      0.201      0.601      0.635     -0.023
0.5500       -29980.694   -29988.934        8.240   330.3      0.293      0.024      0.263     -0.202      0.277      0.007
0.6000       -29980.230   -29988.652        8.422   337.6     -0.233     -0.891      0.303     -0.071     -0.017      0.200
0.6500       -29980.514   -29989.029        8.516   341.3     -0.036      0.059     -0.515      0.402     -0.411     -0.246
0.7000       -29979.905   -29989.006        9.100   364.8      0.022     -0.693     -0.002     -0.108      0.904      0.328
0.7500       -29980.165   -29988.826        8.661   347.2     -0.426     -0.731      0.080      0.259     -0.405      0.268
0.8000       -29980.223   -29989.223        9.000   360.8     -0.588      0.217     -0.220      0.360      0.106      0.404
0.8500       -29980.185   -29988.869        8.684   348.1     -1.089      0.111      0.572      0.183      0.478     -0.547
0.9000       -29980.358   -29987.871        7.513   301.2      0.162      0.191      0.114     -0.123      0.152      0.614
0.9500       -29979.936   -29988.244        8.308   333.0     -0.451      0.321     -0.063      0.171      0.059     -0.021
1.0000       -29979.931   -29987.752        7.821   313.5     -0.707     -0.576      0.231      0.459     -0.122      0.138
1.0500       -29980.382   -29988.207        7.825   313.7     -0.955     -0.388     -0.097      0.430      0.201      0.155
1.1000       -29980.469   -29988.312        7.844   314.4     -0.290     -0.806     -0.976      0.269     -0.092     -0.160
1.1500       -29980.592   -29988.615        8.024   321.6     -0.655      0.562     -0.793     -0.116      0.986      0.483
1.2000       -29980.102   -29988.295        8.193   328.4     -0.190     -0.696      0.057     -0.426      0.511      0.313
1.2500       -29980.199   -29987.705        7.506   300.9      0.925     -0.315     -0.650      0.158     -0.302     -0.736
1.3000       -29980.344   -29988.824        8.480   339.9     -0.935      1.006      0.637     -0.014      0.873      0.846
1.3500       -29980.251   -29988.799        8.548   342.6      0.364     -0.950     -0.875     -0.467     -0.430      0.345
1.4000       -29980.274   -29988.672        8.397   336.6     -1.242     -0.268     -0.088     -0.765     -0.071     -0.305
1.4500       -29980.449   -29988.865        8.417   337.4     -0.061     -0.226     -0.261      0.139      0.125     -0.009
1.5000       -29980.278   -29988.521        8.244   330.4      0.598     -0.418      0.660      0.291     -0.413     -0.641
1.5500       -29980.225   -29988.281        8.057   322.9     -0.661     -0.348      0.787     -0.492      0.081     -0.195
1.6000       -29980.937   -29988.801        7.863   315.2     -0.447      0.085     -0.016     -0.044     -0.278      0.608
1.6500       -29981.587   -29989.051        7.463   299.2      0.772     -0.308     -0.993      0.219     -0.271      0.020
1.7000       -29981.217   -29988.666        7.449   298.6     -0.687     -0.285     -0.789     -0.018      0.470      0.345
1.7500       -29981.538   -29989.479        7.941   318.3     -1.018     -1.611     -0.242     -0.359      0.539      0.485
1.8000       -29981.678   -29989.467        7.789   312.2     -0.212     -0.692     -0.593      0.639     -0.137      0.320
1.8500       -29981.878   -29989.979        8.100   324.7      0.281      0.158      0.154      0.038      0.046      0.084
1.9000       -29981.371   -29989.117        7.746   310.5      0.009     -0.473      0.181      0.637     -0.292      0.024
1.9500       -29980.979   -29988.781        7.802   312.8     -0.513     -0.648     -0.953     -0.017     -0.038     -0.474
2.0000       -29980.914   -29988.814        7.901   316.7      0.036      0.799     -0.210     -0.159      0.609      0.251
2.0500       -29980.882   -29988.801        7.919   317.4     -1.384     -1.214     -0.782      0.134      0.574      0.363
2.1000       -29979.988   -29987.932        7.944   318.4     -0.391     -0.479     -0.191      0.256     -0.067     -0.016
2.1500       -29979.846   -29988.555        8.709   349.1      0.007      0.086     -0.303      0.091      0.618      0.203
2.2000       -29980.193   -29988.699        8.507   341.0     -0.032     -0.348      0.173     -0.143     -0.520      0.424
2.2500       -29980.457   -29988.826        8.369   335.5      0.083     -0.458      0.703     -0.059      0.624     -0.172
2.3000       -29980.389   -29988.861        8.472   339.6      0.189     -0.243     -0.491      0.081      0.148     -0.174
2.3500       -29980.590   -29988.488        7.898   316.6      0.418     -0.256     -0.684     -0.433      0.273      0.612
2.4000       -29979.977   -29988.100        8.123   325.6      0.782      0.252      0.026     -0.302      0.363     -0.481
2.4500       -29979.719   -29988.232        8.513   341.3      0.052     -0.277      0.572      0.500      0.140      0.081
2.5000       -29979.799   -29987.750        7.951   318.7     -1.176     -0.133     -0.124     -0.056      0.479     -0.118
2.5500       -29980.200   -29988.574        8.374   335.7      0.780      0.336     -0.285      0.216      0.112      0.306
2.6000       -29979.757   -29988.008        8.251   330.7     -0.608      0.202      0.470     -0.170     -0.254      0.365
2.6500       -29979.237   -29988.031        8.794   352.5      0.812      0.695     -0.158      0.049      0.202     -0.504
2.7000       -29979.653   -29988.193        8.541   342.3     -0.301      0.290      0.075     -0.420     -0.309     -0.518
2.7500       -29979.866   -29988.480        8.614   345.3     -0.605     -0.137     -0.530     -0.025      0.350      0.352
2.8000       -29979.334   -29987.725        8.390   336.3     -0.236     -0.128      0.222     -0.158      0.142     -0.052
2.8500       -29979.675   -29988.105        8.431   338.0     -0.493     -0.438     -0.593      0.237      0.136      0.365
2.9000       -29979.630   -29988.588        8.958   359.1      0.301      0.006      0.721      0.012      0.383     -0.039
2.9500       -29979.930   -29988.762        8.832   354.0     -0.374      0.449      0.768      0.004     -0.292      0.093
3.0000       -29980.194   -29988.326        8.132   326.0     -0.141     -0.173      0.208     -0.005     -0.561      0.008
3.0500       -29980.131   -29988.746        8.615   345.3      0.359      0.466     -0.256     -0.389     -0.245     -0.103
3.1000       -29979.935   -29988.002        8.067   323.4     -1.076      0.284     -0.672      0.121     -0.007      0.139
3.1500       -29980.054   -29988.102        8.047   322.6      1.265      0.208      0.405     -0.213      0.218      0.334
3.2000       -29979.601   -29988.541        8.940   358.3     -0.125     -0.234      0.436     -0.262     -0.099     -0.564
3.2500       -29979.653   -29988.625        8.972   359.6     -0.403     -0.236     -0.409      0.009     -0.058     -0.193
3.3000       -29979.857   -29988.596        8.738   350.3     -0.105      0.699     -0.289      0.240      0.134     -0.393
3.3500       -29980.037   -29988.230        8.193   328.4     -0.599     -0.466     -0.174      0.153     -0.161     -0.460
3.4000       -29980.060   -29988.057        7.997   320.6     -0.009     -0.019      0.300      0.248     -0.110      0.204
3.4500       -29980.217   -29988.574        8.357   335.0     -0.375     -0.009     -0.221     -0.136      0.062     -0.081
3.5000       -29979.833   -29987.879        8.046   322.5      0.155      0.287     -0.170     -0.307      0.151      0.310
3.5500       -29979.770   -29987.783        8.013   321.2     -0.693     -0.569      0.500     -0.690      0.264      0.067
3.6000       -29979.577   -29988.162        8.585   344.1      0.578     -0.349      0.035      0.008     -0.415      0.513
3.6500       -29979.847   -29987.914        8.067   323.4      0.209     -0.108      0.087      0.226     -0.089     -1.128
3.7000       -29979.933   -29988.598        8.664   347.3      0.427      0.331      0.023     -0.177      0.292     -0.018
3.7500       -29980.167   -29988.541        8.374   335.7     -0.446     -1.502     -0.333     -0.328      0.231     -0.128
3.8000       -29980.186   -29988.686        8.499   340.7     -0.582     -0.223     -1.196     -0.046      0.226      0.314
3.8500       -29980.317   -29988.803        8.485   340.1     -0.437     -0.179     -0.442      0.418      0.136      0.054
3.9000       -29980.143   -29988.000        7.857   314.9     -0.719     -0.584     -0.518     -0.277     -0.387     -0.341
3.9500       -29980.207   -29988.314        8.107   325.0      0.036     -0.744     -0.551     -0.273     -0.024      0.230
4.0000       -29979.766   -29987.957        8.191   328.3     -0.463     -0.693     -0.615      0.204     -0.117     -0.206
4.0500       -29979.478   -29988.018        8.540   342.3     -0.188     -0.061      0.217     -0.817      0.208     -0.237
4.1000       -29979.262   -29987.895        8.633   346.0      0.287     -0.038     -0.421      0.063     -0.093     -0.096
4.1500       -29979.870   -29987.938        8.068   323.4      0.681      0.109      0.638     -0.384     -0.215     -0.266
4.2000       -29980.080   -29988.018        7.937   318.2      0.314      0.738      0.118      0.790      0.212      0.190
4.2500       -29979.796   -29987.635        7.838   314.2     -0.083      0.368      0.198     -0.409     -0.101     -0.244
4.3000       -29979.778   -29987.160        7.382   295.9     -1.351     -0.068     -0.214     -0.659     -0.088     -0.059
4.3500       -29979.621   -29987.709        8.088   324.2      0.195      0.754      0.976      0.006      0.405      0.008
4.4000       -29978.865   -29987.131        8.266   331.4     -0.097      0.511      1.085     -0.002      0.156     -0.144
4.4500       -29978.211   -29986.959        8.747   350.6      0.450      0.685      0.242      0.046      0.163      0.141
4.5000       -29977.692   -29986.809        9.117   365.4     -1.227     -0.940     -0.036      0.073      0.107     -0.059
4.5500       -29978.033   -29987.012        8.978   359.9     -1.081     -0.816      0.603     -0.755     -0.024      0.313
4.6000       -29978.552   -29987.311        8.758   351.1     -0.255     -0.544     -0.512     -0.260      0.305      0.626
4.6500       -29978.216   -29987.297        9.081   364.0      0.356      0.004      0.918      0.366      0.820     -0.335
4.7000       -29978.537   -29987.775        9.238   370.3     -0.166     -0.178     -0.720      0.121      0.321      0.088
4.7500       -29978.859   -29988.021        9.163   367.3     -0.032     -0.585      0.291     -0.181      0.311      0.214
4.8000       -29979.148   -29988.506        9.358   375.1      0.224     -0.097     -0.809      0.028      0.407      0.439
4.8500       -29979.492   -29987.811        8.318   333.4      0.002     -0.643      0.268      0.160      0.088      0.007
4.9000       -29979.288   -29987.602        8.314   333.2      0.177      0.497     -0.657      0.487     -0.232      0.614
4.9500       -29979.417   -29987.650        8.233   330.0     -0.023      0.019     -0.278     -0.464      0.318     -0.268
5.0000       -29980.104   -29987.811        7.706   308.9      0.624     -0.622      0.513      0.688     -0.368     -0.016
5.0500       -29980.303   -29988.455        8.152   326.8     -1.537      0.154     -0.748     -0.279      0.037     -0.278
5.1000       -29979.828   -29988.613        8.786   352.2      0.219      0.307     -0.407     -0.237     -0.020      0.476
5.1500       -29980.022   -29988.436        8.413   337.2     -0.152     -0.218      0.496      0.287     -0.168     -0.157
5.2000       -29979.913   -29987.990        8.078   323.8     -1.237      0.800     -0.526     -0.052     -0.048      0.025
5.2500       -29980.781   -29988.205        7.424   297.6      0.767     -0.137     -0.088      0.451      0.383     -0.129
5.3000       -29980.066   -29988.312        8.246   330.6     -0.763     -0.075     -0.229     -0.026      0.237      0.283
5.3500       -29980.566   -29988.473        7.907   316.9      0.776      0.558      0.317      0.088     -0.067     -0.153
5.4000       -29980.360   -29988.570        8.210   329.1     -0.234     -0.092      0.134     -0.062     -0.389      0.016
5.4500       -29980.542   -29988.125        7.583   304.0     -0.026     -0.181      0.402     -0.078     -0.065      0.019
5.5000       -29980.275   -29988.457        8.182   328.0      0.075     -0.521     -0.535     -0.162     -0.092     -0.198
5.5500       -29980.638   -29988.236        7.598   304.6      0.222     -0.632      0.450     -0.082     -0.331      0.652
5.6000       -29980.728   -29988.383        7.655   306.8     -0.024     -0.094     -1.319      0.191      0.222     -0.092
5.6500       -29980.738   -29988.088        7.350   294.6      0.358      0.191      0.957     -0.221     -0.172      0.336
5.7000       -29980.321   -29987.820        7.499   300.6      0.211      0.169      0.283     -0.626     -0.140      0.223
5.7500       -29980.311   -29988.287        7.976   319.7     -0.176      0.278     -0.033      0.451      0.067     -0.102
5.8000       -29979.696   -29987.881        8.185   328.1     -0.131     -0.967     -0.791      0.112     -0.290      0.587
5.8500       -29979.847   -29987.385        7.538   302.2     -0.242      1.770     -0.430      0.175     -0.098     -0.272
5.9000       -29980.010   -29987.037        7.027   281.7     -0.823     -0.760     -0.662      0.268      0.056     -0.494
5.9500       -29979.398   -29987.377        7.979   319.8     -0.042      0.420     -1.517     -0.605      0.459      0.425
6.0000       -29979.173   -29987.479        8.305   332.9     -0.189     -1.288     -0.898      0.391      0.085     -0.507
6.0500       -29979.133   -29987.711        8.578   343.9      0.292      0.530     -0.625      0.613     -0.152      0.749
6.1000       -29979.203   -29987.475        8.272   331.6      0.295     -0.206     -0.251     -0.888      0.142     -0.067
6.1500       -29979.484   -29987.566        8.082   324.0      0.258      0.730      0.520      0.299      0.061      0.401
6.2000       -29979.386   -29987.457        8.071   323.5      0.093      0.952      0.465     -0.051      0.956      0.315
6.2500       -29979.438   -29987.072        7.634   306.0     -0.481     -0.355      0.117     -0.674      0.029      0.149
6.3000       -29979.453   -29987.361        7.909   317.0     -0.355      0.026     -0.231      0.512      0.201      0.059
6.3500       -29979.509   -29988.465        8.956   359.0     -0.279      0.078     -0.260     -0.194      0.377      0.514
6.4000       -29979.133   -29986.932        7.799   312.6     -0.227     -0.437     -0.864     -0.085     -0.175      0.131
6.4500       -29979.163   -29987.416        8.253   330.8      0.232     -0.079      0.003     -0.234     -0.116      0.204
6.5000       -29979.272   -29987.297        8.025   321.7     -1.099     -0.374     -0.302     -0.335      0.177     -0.017
6.5500       -29979.666   -29987.855        8.189   328.3     -0.596     -0.363     -0.865      0.331     -0.705      0.425
6.6000       -29979.296   -29988.227        8.930   358.0     -0.087      0.408      0.380      0.216     -0.519      0.857
6.6500       -29978.996   -29987.627        8.631   346.0      0.595      0.875      0.000     -0.046      0.648     -0.017
6.7000       -29979.375   -29988.377        9.002   360.8     -0.658      0.391      0.035     -0.273      0.272      0.058
6.7500       -29980.010   -29988.275        8.265   331.3     -0.143     -0.809      0.670     -0.244     -0.106     -0.141
6.8000       -29980.148   -29988.523        8.376   335.7     -0.507     -0.476     -0.382     -0.109      0.631      0.349
6.8500       -29979.650   -29988.330        8.680   347.9      0.333     -0.799     -0.672      0.452      0.173     -0.239
6.9000       -29979.051   -29988.094        9.043   362.5     -1.172     -0.269     -0.986     -0.273     -0.007      0.456
6.9500       -29979.136   -29987.566        8.431   337.9     -0.975     -0.243      0.118      0.626      0.048     -0.746
7.0000       -29980.037   -29988.111        8.074   323.7     -0.114      0.528     -0.182     -0.425     -0.055      0.058
7.0500       -29979.635   -29988.092        8.457   339.0      0.669      0.747     -0.360      0.404     -0.322      0.008
7.1000       -29979.377   -29987.695        8.318   333.4     -0.605     -0.502      0.168     -0.608      0.086     -0.233
7.1500       -29979.760   -29987.889        8.129   325.9      0.252      0.844      0.365     -0.053      0.060      0.358
7.2000       -29979.863   -29988.180        8.317   333.4      0.430     -0.510     -0.599     -0.265     -0.366      0.093
7.2500       -29979.457   -29987.324        7.867   315.3     -1.132     -0.398     -0.556     -0.591     -0.143      0.205
7.3000       -29979.372   -29987.803        8.430   337.9      0.219      1.063     -0.106      0.449      0.172      0.195
7.3500       -29979.278   -29988.111        8.833   354.1      0.345      0.066      0.861     -0.156     -0.073     -0.060
7.4000       -29979.726   -29988.598        8.872   355.6     -0.500     -0.080      0.331      0.233     -0.318      0.073
7.4500       -29979.666   -29988.432        8.766   351.4      0.352     -0.707     -1.712      0.015      0.239      0.443
7.5000       -29979.323   -29988.635        9.312   373.3      0.015      0.639      0.981      0.210      0.340      0.201
7.5500       -29979.992   -29988.588        8.596   344.6      0.567     -0.043      0.590      0.088     -0.469      0.173
7.6000       -29979.614   -29987.842        8.228   329.8     -1.229      0.458     -0.346     -0.085      0.207      0.551
7.6500       -29979.320   -29987.600        8.279   331.9      0.130      0.175      0.216      0.008     -0.160      0.127
7.7000       -29978.993   -29988.408        9.415   377.4     -0.527      0.570     -0.112      0.544      0.332      0.288
7.7500       -29979.267   -29987.846        8.579   343.9      0.216     -0.072     -0.200      0.282      0.177      0.101
7.8000       -29979.774   -29988.295        8.521   341.6      0.152     -0.816     -0.193     -0.190      0.265     -0.399
7.8500       -29979.701   -29987.973        8.272   331.6      0.392      0.442      0.004      0.290     -0.047      0.124
7.9000       -29979.478   -29987.568        8.090   324.3     -0.103     -0.622      0.113     -0.022      0.185      0.041
7.9500       -29979.363   -29988.082        8.719   349.5      1.082      0.518      0.935      0.575      0.015      0.178
8.0000       -29979.292   -29988.012        8.720   349.5     -0.314     -0.318     -0.682     -0.178      0.156     -0.543
8.0500       -29979.582   -29988.578        8.997   360.6     -0.697     -0.487     -0.199      0.225      0.382      0.203
8.1000       -29979.951   -29988.178        8.226   329.8     -0.390     -0.350     -1.299      0.173      0.155     -0.006
8.1500       -29980.196   -29987.916        7.720   309.5     -0.193     -0.899      0.556      0.206     -0.783     -0.536
8.2000       -29980.113   -29988.262        8.149   326.6     -0.064      0.221     -1.044     -0.550     -0.122      0.119
8.2500       -29980.122   -29988.656        8.534   342.1     -0.126     -0.408      0.910     -0.147      0.430      0.057
8.3000       -29979.891   -29988.688        8.796   352.6      0.154     -0.441     -0.032     -0.282     -0.370      0.317
8.3500       -29979.784   -29988.068        8.284   332.1     -0.137      0.048      0.092      0.391      0.095      0.404
8.4000       -29979.551   -29987.471        7.920   317.5      0.536      0.629      0.435      0.008     -0.575      0.429
8.4500       -29979.123   -29987.975        8.852   354.8     -0.162     -0.058     -0.160     -0.140     -0.099     -0.521
8.5000       -29979.240   -29988.084        8.844   354.5      0.088      0.136     -0.265      0.558      0.023      0.117
8.5500       -29979.376   -29988.477        9.101   364.8     -0.109     -0.198     -0.890     -0.270      0.183      0.065
8.6000       -29979.343   -29987.588        8.245   330.5     -0.493     -0.673     -0.514     -0.053      0.160      0.066
8.6500       -29979.331   -29987.949        8.619   345.5      0.119     -1.072      0.089     -0.177      0.504      0.112
8.7000       -29979.266   -29987.744        8.479   339.9      0.059      0.181      0.984     -0.407      0.372      0.015
8.7500       -29979.703   -29988.250        8.547   342.6      0.110      0.084     -0.821      0.840     -0.399      0.031
8.8000       -29979.702   -29987.611        7.909   317.0      0.027     -0.532     -0.052     -0.326      0.650     -0.185
8.8500       -29979.626   -29987.418        7.792   312.3     -0.568     -0.940     -0.010      0.236      0.193     -0.787
8.9000       -29979.365   -29987.543        8.178   327.8      0.030     -0.296     -0.951     -0.278      0.265      0.365
8.9500       -29979.477   -29987.607        8.130   325.9      0.220     -0.189      0.297     -0.483     -0.239      0.060
9.0000       -29979.065   -29987.742        8.678   347.8     -0.276     -0.619     -0.711      0.386      0.234     -0.334
9.0500       -29978.579   -29987.379        8.800   352.7      0.377     -1.375     -0.149     -0.916     -0.116      0.351
9.1000       -29978.530   -29987.449        8.920   357.5     -0.982     -0.219     -1.442      0.109      0.247     -0.306
9.1500       -29978.571   -29986.828        8.257   331.0      0.414      0.081      0.124     -0.366      0.117      0.135
9.2000       -29978.755   -29987.398        8.643   346.5     -1.506     -1.118      0.322     -0.856      0.014      0.708
9.2500       -29978.560   -29987.609        9.050   362.7     -0.991     -0.356     -0.840      0.218      0.030     -0.476
9.3000       -29978.380   -29987.248        8.868   355.5     -0.948     -0.433     -0.646     -0.818      0.011      0.508
9.3500       -29978.688   -29987.652        8.964   359.3      0.143     -0.493     -0.859      0.471     -0.270      0.218
9.4000       -29978.775   -29987.299        8.524   341.7     -0.576      0.298      0.299      0.526     -0.752      0.289
9.4500       -29979.350   -29987.764        8.414   337.3      0.160      0.409      0.337     -0.407     -0.071      0.743
9.5000       -29979.325   -29987.582        8.257   331.0     -0.420     -0.418      0.689      0.326     -0.175      0.024
9.5500       -29979.657   -29987.604        7.947   318.5      0.621      0.508      0.293     -0.668      0.271     -0.202
9.6000       -29979.378   -29987.119        7.742   310.3     -0.038     -0.013      0.145      0.828      0.006      0.008
9.6500       -29978.966   -29987.779        8.814   353.3     -0.301      0.295     -0.766     -0.005      0.400      0.134
9.7000       -29979.101   -29988.021        8.921   357.6     -0.871     -0.928      0.426     -0.345     -0.294     -0.113
9.7500       -29978.830   -29988.102        9.272   371.7      0.272     -0.006     -0.744      0.246     -0.370      0.014
9.8000       -29978.841   -29987.344        8.502   340.8     -0.566     -0.567     -1.743      0.614     -0.027     -0.117
9.8500       -29978.546   -29987.283        8.738   350.2      0.732      0.045      0.101      0.312     -0.121     -0.084
9.9000       -29979.086   -29987.676        8.590   344.3     -0.313      0.007     -0.324     -0.057      0.139      0.256
9.9500       -29979.810   -29988.273        8.463   339.2     -0.295     -0.047      0.063      0.060     -0.665     -0.149
10.0000      -29979.892   -29988.133        8.241   330.3     -0.012     -0.123     -0.416      0.195     -0.008     -0.168
