Time[ps]      Etot[eV]     Epot[eV]     Ekin[eV]    T[K]      ---------------------- stress [GPa] -----------------------
0.0000        -1007.380    -1016.110        8.730   349.9      1.034      0.073      0.345     -0.590     -0.214      0.159
0.0500        -1007.021    -1016.514        9.493   380.5     -0.502     -0.075      0.020     -0.463     -0.273      0.041
0.1000        -1007.277    -1015.600        8.323   333.6     -0.129      0.367     -0.123      1.070     -0.081      0.334
0.1500        -1007.346    -1016.248        8.902   356.8      0.923     -0.193      1.254     -0.072     -0.049      0.304
0.2000        -1007.674    -1016.199        8.525   341.7      0.518     -0.139     -0.239      0.206      0.091      0.165
0.2500        -1008.024    -1015.719        7.695   308.4      0.054      0.505      0.922     -0.302     -0.111      0.232
0.3000        -1007.982    -1016.469        8.487   340.2      0.223     -0.114      0.031     -0.179      0.256     -0.185
0.3500        -1007.958    -1016.555        8.597   344.6     -0.411      0.322     -0.534     -0.010     -0.137      0.063
0.4000        -1007.429    -1015.606        8.177   327.8     -0.214      0.192      0.811     -0.417      0.239     -0.152
0.4500        -1006.984    -1015.685        8.701   348.8      0.407      0.158     -0.786      0.420     -0.222     -0.091
0.5000        -1007.358    -1016.121        8.763   351.3      0.389     -0.553      0.630     -0.014      0.191     -0.356
0.5500        -1007.213    -1015.518        8.305   332.9      0.571     -0.385      0.571      0.241     -0.552      0.057
0.6000        -1007.515    -1016.537        9.022   361.7      0.060      0.424      0.459     -0.028     -0.040      0.190
0.6500        -1007.650    -1016.215        8.565   343.3      0.386      0.363      0.908     -0.245      0.141      0.080
0.7000        -1007.426    -1016.004        8.578   343.9     -1.013      0.607      1.010      0.066     -0.454     -0.466
0.7500        -1007.496    -1015.895        8.399   336.7      0.210     -0.226     -0.073      0.375      0.266      0.093
0.8000        -1007.435    -1016.584        9.149   366.7     -0.186     -0.433      0.130     -0.732      0.044      0.109
0.8500        -1007.771    -1016.636        8.865   355.4     -0.072      0.070      0.631      0.506      0.256      0.327
0.9000        -1007.107    -1015.270        8.162   327.2     -0.157      0.161      0.496     -0.351     -0.338      0.211
0.9500        -1007.407    -1015.453        8.046   322.5      1.535      0.476      0.870     -0.096      0.401     -0.816
1.0000        -1006.950    -1015.505        8.555   342.9      0.725      1.328      0.623     -0.386     -0.524      0.337
1.0500        -1006.515    -1015.509        8.994   360.5     -0.334     -0.001      0.614      0.135     -0.310     -0.043
1.1000        -1006.843    -1015.887        9.044   362.5     -0.172     -0.115      0.173     -0.590      0.190      0.121
1.1500        -1006.850    -1015.799        8.949   358.7      0.096      0.925      0.620      0.310      0.110     -0.567
1.2000        -1007.504    -1015.276        7.772   311.5      0.456     -0.110     -0.328     -0.093     -0.136     -0.356
1.2500        -1006.952    -1015.307        8.355   334.9      1.760      1.490      0.262     -0.426     -0.105     -0.139
1.3000        -1006.655    -1015.298        8.642   346.4      0.132      0.025      1.364     -0.186      0.558      0.347
1.3500        -1006.813    -1014.734        7.922   317.5      1.116      0.246      1.087      0.352     -0.197     -0.072
1.4000        -1006.361    -1014.673        8.312   333.2      0.320     -0.148      0.433     -0.328     -0.259     -0.625
1.4500        -1006.275    -1015.278        9.003   360.9      0.686     -0.589     -0.426      0.284      0.152     -0.196
1.5000        -1006.364    -1014.465        8.101   324.7      0.158      0.182      0.269     -0.318     -0.274     -0.330
1.5500        -1006.734    -1014.993        8.259   331.0     -0.034     -0.559      0.779     -0.314      0.062     -0.133
1.6000        -1007.093    -1015.405        8.311   333.2     -0.301      0.332     -0.306      0.847      0.011     -0.168
1.6500        -1007.083    -1015.708        8.625   345.7      0.079     -0.551     -0.137     -0.741     -0.527     -0.199
1.7000        -1007.455    -1015.752        8.297   332.6     -0.254      0.142      0.191      0.297      0.204     -0.292
1.7500        -1007.524    -1015.627        8.103   324.8      0.642      0.504     -0.034     -0.525      0.644      0.036
1.8000        -1007.697    -1016.191        8.494   340.5      0.494     -0.565      0.339      0.276      0.053     -0.118
1.8500        -1008.092    -1016.259        8.167   327.4      0.778     -0.103      0.223     -0.419      0.018      0.038
1.9000        -1008.262    -1016.379        8.117   325.4      0.064     -0.491     -0.052      0.242     -0.640     -0.199
1.9500        -1007.630    -1016.070        8.440   338.3     -0.189      0.856     -0.156      0.590      0.128      0.194
2.0000        -1007.600    -1015.890        8.289   332.3      0.843      0.327      0.383      0.124     -0.160      0.290
2.0500        -1007.003    -1015.417        8.414   337.3      0.181     -0.147      0.324      0.362     -0.756     -0.185
2.1000        -1006.878    -1015.358        8.480   339.9      0.169      0.152      1.311     -0.130     -0.134     -0.348
2.1500        -1006.744    -1015.683        8.939   358.3      0.035     -0.528      0.095     -0.232     -0.109      0.052
2.2000        -1006.791    -1015.445        8.655   346.9      0.201     -0.690     -0.121     -0.775     -0.508     -0.137
2.2500        -1006.389    -1015.091        8.702   348.8      0.226      0.156      0.741      0.596      0.343     -0.414
2.3000        -1006.078    -1015.013        8.934   358.1      1.347      0.381      0.556     -0.030      0.067      0.114
2.3500        -1006.274    -1015.293        9.019   361.5      0.041     -0.740      0.399      0.294     -0.371      0.205
2.4000        -1006.263    -1014.661        8.399   336.7     -0.348     -0.496     -0.020      0.219     -0.236      0.265
2.4500        -1006.101    -1014.905        8.804   352.9      0.220     -0.289     -0.894      0.695      0.664      0.432
2.5000        -1006.214    -1015.116        8.903   356.9     -0.059     -0.789      1.239      0.314      0.039      0.121
2.5500        -1005.964    -1015.308        9.344   374.5     -0.766      0.175      0.377      0.355     -0.251      0.033
2.6000        -1005.979    -1014.791        8.812   353.2      0.121     -0.837     -0.300     -0.046      0.332      0.149
2.6500        -1006.431    -1014.939        8.508   341.0      0.663      1.310      0.116      0.139     -0.124     -0.388
2.7000        -1006.391    -1014.868        8.477   339.8      0.861      0.016     -0.609      0.486     -0.404      0.423
2.7500        -1006.827    -1014.704        7.877   315.8      1.119     -0.123      0.528     -0.033      0.044     -0.097
2.8000        -1006.863    -1014.595        7.732   309.9      0.408      1.719      0.522      0.191     -0.099     -0.217
2.8500        -1006.951    -1014.448        7.497   300.5      0.049      0.469      0.327     -0.081     -0.352      0.069
2.9000        -1006.948    -1015.124        8.175   327.7     -0.691     -0.689     -0.544      0.040     -0.380      0.245
2.9500        -1007.127    -1015.146        8.019   321.5     -0.152      0.331      0.097     -0.081      0.113      0.054
3.0000        -1006.689    -1014.677        7.987   320.2     -0.329      0.150     -0.610      0.287      0.190      0.193
3.0500        -1007.220    -1015.307        8.088   324.2      0.021      0.347      0.637     -0.839      0.176     -0.262
3.1000        -1007.111    -1015.209        8.098   324.6      0.264      0.992      1.014      0.092     -0.153     -0.068
3.1500        -1006.850    -1015.302        8.452   338.8      0.143     -0.443     -0.150     -0.121     -0.249      0.397
3.2000        -1006.748    -1014.649        7.902   316.7     -1.096     -0.224     -0.028     -0.555      0.638     -0.047
3.2500        -1006.666    -1015.373        8.707   349.0      0.013      0.169      0.399      0.072     -0.194      0.006
3.3000        -1006.601    -1015.441        8.840   354.4      0.295     -0.437      0.397     -0.386     -0.086      0.467
3.3500        -1006.744    -1015.140        8.396   336.5      0.716      0.367      1.132     -0.132      0.387     -0.238
3.4000        -1007.319    -1015.202        7.883   316.0     -0.782      0.183      0.009      0.001     -0.075     -0.216
3.4500        -1007.207    -1014.653        7.446   298.5      0.619      0.377     -0.782     -0.115     -0.276      0.154
3.5000        -1006.836    -1016.198        9.362   375.3      0.274     -0.824     -0.068      0.075     -0.386     -0.264
3.5500        -1006.776    -1014.898        8.122   325.6     -0.694      0.620      0.170     -0.418      0.300      0.483
3.6000        -1006.574    -1015.102        8.529   341.9      0.277      0.136     -0.630     -0.075     -0.094      0.405
3.6500        -1006.718    -1015.891        9.173   367.7     -1.223     -0.263      0.202     -0.611      0.067      0.307
3.7000        -1006.888    -1015.716        8.828   353.9     -0.573      0.212     -0.717     -0.054     -0.225      0.297
3.7500        -1006.949    -1015.388        8.439   338.3      0.857     -0.594      0.143     -0.082     -0.325     -0.468
3.8000        -1007.180    -1015.072        7.892   316.3      0.735      0.170      0.336     -0.755      0.332      0.353
3.8500        -1007.121    -1015.298        8.177   327.8      0.384     -0.368     -0.158     -0.410      0.045     -0.240
3.9000        -1007.205    -1015.373        8.168   327.4      0.419      0.356      0.033     -0.625     -0.208      0.222
3.9500        -1006.801    -1015.206        8.404   336.9      1.441     -0.824      0.058     -0.143     -0.319      0.052
4.0000        -1007.125    -1015.598        8.473   339.6      0.707     -0.718      0.446     -0.471     -0.003      0.527
4.0500        -1007.008    -1015.962        8.954   358.9      0.555      0.682     -0.128     -0.226      0.288     -0.375
4.1000        -1006.849    -1015.134        8.285   332.1     -1.066     -0.763     -0.525     -0.279      0.174     -0.015
4.1500        -1006.602    -1015.206        8.604   344.9     -0.014     -0.194     -0.317     -0.236      0.270     -0.539
4.2000        -1006.811    -1015.120        8.309   333.1     -0.932     -0.648      0.039     -0.174      0.003     -0.253
4.2500        -1006.936    -1014.817        7.881   315.9     -0.535      0.734      0.735      0.257      0.486      0.871
4.3000        -1006.677    -1015.740        9.063   363.3     -0.346     -0.056     -0.377     -0.151      0.196     -0.142
4.3500        -1007.127    -1015.264        8.137   326.2     -0.410     -0.347      0.477     -0.728     -0.311      0.167
4.4000        -1007.118    -1015.747        8.629   345.9      0.001      0.024      0.116     -0.223      0.243      0.185
4.4500        -1007.377    -1015.438        8.061   323.1     -0.603     -0.453      0.216     -0.123     -0.300      0.379
4.5000        -1007.311    -1015.140        7.828   313.8     -0.592     -0.007     -0.728      0.089     -0.043     -0.129
4.5500        -1006.780    -1015.303        8.523   341.6      0.019     -0.344      0.730     -0.082      0.128      0.429
4.6000        -1007.047    -1015.648        8.601   344.8      0.715      1.278      0.592      0.126     -0.547     -0.303
4.6500        -1007.226    -1015.446        8.220   329.5      0.160      0.506      0.293     -0.375     -0.160      0.224
4.7000        -1007.343    -1015.546        8.204   328.8     -0.246      0.041     -0.185     -0.340     -0.051     -0.136
4.7500        -1007.648    -1015.570        7.922   317.5     -0.440      0.047     -0.954      0.216     -0.249      0.237
4.8000        -1007.268    -1015.288        8.020   321.5      0.348     -0.270     -0.020      0.125      0.304      0.202
4.8500        -1006.593    -1015.359        8.766   351.4      0.061      0.699      0.169      0.143     -0.089      0.412
4.9000        -1006.475    -1015.186        8.711   349.2     -0.302     -0.401      0.313     -0.408      0.614     -0.199
4.9500        -1006.169    -1014.617        8.448   338.6     -0.085      0.250     -0.633      0.065      0.280      0.343
5.0000        -1006.658    -1013.893        7.235   290.0      0.081     -0.117     -0.025      0.067      0.501     -0.019
