Time[ps]      Etot[eV]     Epot[eV]     Ekin[eV]    T[K]      ---------------------- stress [GPa] -----------------------
0.0000       -29979.910   -29988.865        8.956   359.0     -0.696     -0.035     -0.468      0.395     -0.447     -0.165
0.0500       -29980.011   -29987.797        7.786   312.1      0.196     -0.125     -0.008      0.116     -0.138      0.731
0.1000       -29979.910   -29988.463        8.553   342.8      0.199      0.006     -0.217     -0.210     -0.367     -0.157
0.1500       -29980.104   -29988.264        8.160   327.1     -0.418     -0.164     -0.002     -0.536     -0.714      0.339
0.2000       -29979.706   -29988.332        8.626   345.8      0.158      0.318     -0.228     -0.511     -0.010      0.455
0.2500       -29980.541   -29988.438        7.897   316.5      0.267      0.398      0.456     -0.099      0.190      0.495
0.3000       -29980.439   -29988.531        8.092   324.4     -0.233      0.665      0.099      0.049      0.071     -0.016
0.3500       -29979.958   -29988.531        8.573   343.7     -0.426     -1.284     -0.619     -0.396      0.640     -0.260
0.4000       -29980.313   -29988.963        8.650   346.7      0.242     -0.229     -0.317     -0.083     -0.064     -0.131
0.4500       -29980.186   -29989.182        8.995   360.6      0.514      0.208      1.194     -0.020      0.535      0.110
0.5000       -29980.038   -29988.402        8.365   335.3     -0.176      0.002     -0.264      0.179      0.232     -0.414
0.5500       -29979.669   -29987.975        8.305   332.9      0.837     -0.099      0.395      0.279      0.055      0.019
0.6000       -29979.193   -29988.799        9.606   385.1     -0.747      0.712      0.749     -0.158     -0.084     -0.359
0.6500       -29979.502   -29987.354        7.851   314.7     -0.010      0.043     -0.451      0.074     -0.102      0.092
0.7000       -29979.426   -29988.086        8.660   347.1     -0.120      0.264     -0.205     -0.277      0.547      0.247
0.7500       -29979.305   -29987.475        8.169   327.5     -0.250     -1.090     -1.487     -0.411     -0.104      0.192
0.8000       -29979.941   -29988.684        8.743   350.5     -0.172     -0.280     -0.768     -0.510      0.400      0.079
0.8500       -29980.794   -29989.717        8.923   357.7     -0.540     -0.131     -0.634     -0.215      0.095      0.884
0.9000       -29980.802   -29989.559        8.756   351.0     -0.072     -0.209      0.308      0.568     -0.831     -0.057
0.9500       -29980.126   -29988.826        8.700   348.7     -0.145      0.084      0.222      0.006     -0.123     -0.604
1.0000       -29981.041   -29989.418        8.376   335.8     -0.133      0.116     -1.328     -0.137     -0.369      0.566
1.0500       -29981.243   -29990.287        9.044   362.5     -0.231      0.208      0.443      0.383     -0.560      0.007
1.1000       -29981.551   -29989.809        8.258   331.0     -0.414      0.067     -0.923      0.345     -0.495     -0.015
1.1500       -29981.698   -29989.574        7.876   315.7      0.034      0.200     -0.545     -0.253      0.314      0.259
1.2000       -29981.692   -29989.916        8.224   329.6     -0.332     -0.143      0.176      0.031     -0.002     -0.048
1.2500       -29981.375   -29989.061        7.686   308.1     -0.068     -0.357     -0.498      0.431     -0.724     -0.615
1.3000       -29980.688   -29988.725        8.037   322.2     -0.624     -0.383     -1.027     -0.264     -0.153      0.240
1.3500       -29981.057   -29989.014        7.957   318.9     -1.869     -1.189     -0.623      0.509      0.070     -0.678
1.4000       -29980.615   -29989.037        8.422   337.6      0.382     -0.505      0.118      0.005     -0.342     -0.382
1.4500       -29980.693   -29988.945        8.252   330.8      0.530      0.734      0.589     -0.354      0.024      0.156
1.5000       -29981.104   -29988.916        7.812   313.2      0.168      0.267      0.497     -0.162      0.209      0.169
1.5500       -29980.937   -29989.316        8.379   335.9     -0.383     -0.465     -0.267      0.709     -0.012     -0.796
1.6000       -29980.702   -29989.125        8.423   337.6      0.433      1.296      0.949     -0.177      0.013     -0.281
1.6500       -29980.157   -29988.424        8.267   331.4     -0.452     -0.329     -0.255     -0.330     -0.055      0.162
1.7000       -29980.366   -29987.945        7.580   303.8     -0.674      0.329     -0.665      0.164     -0.177      0.158
1.7500       -29980.593   -29989.393        8.799   352.7     -0.164     -0.009     -0.190     -0.044      0.251     -0.314
1.8000       -29979.441   -29988.418        8.977   359.8     -0.173      1.417      0.367      0.321     -0.366     -0.092
1.8500       -29979.464   -29987.531        8.067   323.4     -0.153     -0.454      0.114     -0.189     -0.780      0.194
1.9000       -29979.953   -29987.838        7.885   316.1     -1.058     -0.384     -1.463     -0.317     -0.078     -0.187
1.9500       -29980.769   -29988.582        7.813   313.2      1.140     -0.296      0.278      0.615      0.317     -0.616
2.0000       -29980.707   -29989.031        8.325   333.7      0.985      0.293     -0.582     -0.076     -0.295      0.172
2.0500       -29980.468   -29989.674        9.206   369.0     -0.109      0.102     -0.398      0.314      0.307      0.395
2.1000       -29980.653   -29989.004        8.351   334.7     -0.054      0.537      0.197      0.182     -0.011     -0.224
2.1500       -29980.924   -29989.863        8.940   358.3     -0.445     -1.304      0.035      0.280     -0.209     -0.260
2.2000       -29980.930   -29989.229        8.298   332.6     -0.003     -0.780     -0.944     -0.107      0.237     -0.474
2.2500       -29980.650   -29988.926        8.276   331.8      0.895      1.336     -0.871     -0.129     -0.508      0.438
2.3000       -29980.900   -29989.441        8.541   342.4     -0.118      0.736      0.180      0.591      0.419      0.335
2.3500       -29981.311   -29989.764        8.452   338.8      0.003     -0.176     -0.224      0.403     -0.189     -0.267
2.4000       -29981.663   -29988.803        7.139   286.2     -0.671     -0.040     -0.574      0.218     -0.319      0.302
2.4500       -29981.762   -29988.967        7.204   288.8      0.730     -0.228     -0.062     -0.500      0.550      0.052
2.5000       -29981.355   -29988.818        7.463   299.2      0.017      0.587     -0.425     -0.344     -0.641      0.133
2.5500       -29981.317   -29989.754        8.437   338.2     -0.641     -0.267     -1.584      0.556      0.174     -0.242
2.6000       -29981.287   -29989.008        7.721   309.5     -0.546     -0.103     -0.452     -0.162      0.101      0.224
2.6500       -29981.357   -29989.307        7.950   318.7     -0.408     -0.329     -0.181      0.124      0.204      0.140
2.7000       -29981.997   -29988.836        6.839   274.2     -0.296      0.059     -1.173     -0.382      0.144     -0.498
2.7500       -29981.568   -29989.627        8.059   323.0      0.532     -0.485     -0.490     -0.132     -0.157     -0.155
2.8000       -29981.398   -29988.779        7.381   295.9     -0.331     -0.477      0.573      0.201      0.432     -0.256
2.8500       -29981.113   -29989.387        8.274   331.7      0.018      0.129      0.200      0.609     -0.115      0.062
2.9000       -29980.467   -29988.732        8.265   331.3     -0.154     -0.308     -0.412     -0.513     -0.152      0.511
2.9500       -29980.068   -29989.166        9.098   364.7     -0.528     -0.503      0.520      0.291      0.832     -0.183
3.0000       -29980.124   -29988.760        8.636   346.2      0.517      0.297     -0.951      0.094     -0.417     -0.302
3.0500       -29979.930   -29988.408        8.479   339.9     -0.972      0.013      0.910     -0.382     -0.468      1.005
3.1000       -29979.800   -29988.211        8.411   337.2     -0.334      0.242     -0.700      0.074      0.004     -0.369
3.1500       -29979.594   -29987.791        8.197   328.6     -0.360     -0.049     -0.091     -0.079      0.346      0.455
3.2000       -29979.965   -29988.750        8.785   352.1      1.000     -1.233     -1.101      0.229     -0.869     -0.334
3.2500       -29980.108   -29987.984        7.877   315.7     -1.000     -0.673     -0.073      0.243      0.296      0.458
3.3000       -29980.326   -29988.943        8.618   345.4     -0.259      0.847     -0.331     -0.138     -0.504      0.672
3.3500       -29980.198   -29988.873        8.675   347.7      0.237     -0.555     -0.538      0.030     -0.553     -0.097
3.4000       -29980.222   -29988.604        8.381   336.0      0.214      0.183      0.966      0.200      0.204     -0.255
3.4500       -29980.372   -29988.293        7.920   317.5      0.294      0.280     -0.268     -0.175     -0.152      0.459
3.5000       -29980.390   -29988.158        7.768   311.4      1.045     -0.183      0.814      0.185      0.177      0.147
3.5500       -29980.535   -29988.527        7.993   320.4      0.637     -0.155      0.373      0.527     -0.569      0.101
3.6000       -29980.014   -29988.277        8.264   331.3     -0.465      0.089     -0.054     -0.298     -0.081     -0.414
3.6500       -29979.897   -29988.594        8.697   348.6     -0.108     -0.372     -1.056     -0.515     -0.056     -0.357
3.7000       -29979.735   -29988.064        8.330   333.9     -0.447     -0.894     -0.127      0.133     -0.077     -0.192
3.7500       -29980.220   -29987.861        7.641   306.3     -0.201      1.178      0.425     -0.540     -0.453      0.098
3.8000       -29979.885   -29988.248        8.363   335.2      0.183      0.384     -0.243     -0.038      0.254      0.532
3.8500       -29980.028   -29988.170        8.142   326.4     -0.442      0.166     -0.193     -0.427     -0.082     -0.193
3.9000       -29980.538   -29988.260        7.721   309.5     -0.083     -0.221      0.421     -0.156     -0.116      0.272
3.9500       -29981.033   -29988.648        7.616   305.3      1.221      0.470      0.445      0.086      0.213     -0.111
4.0000       -29981.048   -29988.457        7.409   297.0     -0.157      1.108     -0.091     -0.264      0.377      0.132
4.0500       -29980.830   -29988.754        7.924   317.6      0.997     -0.208      1.007     -0.165      0.360     -0.599
4.1000       -29980.561   -29988.480        7.920   317.5     -0.272     -0.387     -0.293     -0.435      0.129     -0.329
4.1500       -29981.130   -29988.658        7.528   301.8     -0.217      0.052     -0.902     -0.232     -0.459      0.067
4.2000       -29981.071   -29988.859        7.788   312.2     -0.231      0.094     -0.762      0.035      0.443      0.268
4.2500       -29981.290   -29989.252        7.962   319.2     -0.039      0.360      0.066     -0.099     -0.881     -0.518
4.3000       -29981.936   -29989.203        7.267   291.3     -0.207     -0.162     -0.124     -0.500     -0.117      0.226
4.3500       -29981.239   -29988.531        7.292   292.3     -0.258      0.101     -0.277      0.032      0.255     -0.166
4.4000       -29980.948   -29989.125        8.177   327.8     -0.497      0.291     -0.775     -0.135     -0.149      0.193
4.4500       -29980.567   -29988.482        7.916   317.3      0.052      1.002     -0.753      0.014      0.458      0.005
4.5000       -29979.882   -29988.746        8.864   355.3     -0.657     -0.772     -0.786     -0.151     -0.277      0.276
4.5500       -29980.413   -29988.492        8.079   323.9      0.359      0.569      0.280      0.504      0.353      0.056
4.6000       -29980.002   -29988.131        8.129   325.8     -0.085      0.151      0.398      0.258      0.128     -0.126
4.6500       -29980.430   -29988.941        8.512   341.2     -0.209     -0.656      0.076      0.070     -0.328      0.513
4.7000       -29980.583   -29988.279        7.696   308.5     -1.185      0.433     -0.721      0.162      0.492     -0.506
4.7500       -29980.397   -29988.850        8.452   338.8     -0.830     -0.708      0.527     -0.193     -0.041      0.336
4.8000       -29979.836   -29988.277        8.442   338.4     -0.250      0.185     -0.660      0.260      0.164     -0.097
4.8500       -29979.510   -29987.832        8.322   333.6     -0.710     -0.760     -0.120     -0.327      0.091      0.011
4.9000       -29979.910   -29988.203        8.293   332.4     -0.073     -0.284     -0.734      0.311      0.134     -0.425
4.9500       -29980.277   -29988.420        8.143   326.4     -0.715     -0.094      0.762      0.258     -0.026      0.409
5.0000       -29979.429   -29987.662        8.233   330.0     -1.387     -0.840     -1.506     -0.296     -0.388      0.498
5.0500       -29979.950   -29987.844        7.894   316.4     -0.150      0.387      0.882     -0.072      0.545      0.321
5.1000       -29980.143   -29988.072        7.930   317.9      0.041     -0.006     -1.061      0.759     -0.216      0.012
5.1500       -29980.310   -29988.867        8.557   343.0     -0.438     -0.503     -0.181      0.459      0.099      0.326
5.2000       -29980.009   -29988.379        8.370   335.5      0.198     -0.215     -0.065      0.367     -0.404     -0.208
5.2500       -29979.905   -29988.113        8.208   329.0     -0.547      0.143     -1.155     -0.050     -0.026      0.125
5.3000       -29979.586   -29988.268        8.682   348.0     -0.850     -0.726      0.188      0.239      0.229     -0.004
5.3500       -29980.072   -29988.445        8.373   335.6      0.614     -0.024      0.454      0.075     -0.656      0.390
5.4000       -29980.596   -29989.773        9.177   367.9     -0.874     -0.739     -0.577     -0.294     -0.002      0.227
5.4500       -29979.758   -29988.604        8.845   354.6     -0.623      0.236     -0.343     -0.838      0.423      0.194
5.5000       -29979.878   -29987.971        8.093   324.4      0.754      0.545     -0.185      0.519     -0.245     -0.484
5.5500       -29979.989   -29988.658        8.669   347.5     -0.012      0.253      0.120      0.053     -0.057     -0.049
5.6000       -29979.774   -29988.568        8.795   352.5     -1.023     -0.447     -0.200     -0.003      0.084     -0.308
5.6500       -29980.233   -29988.234        8.001   320.7      0.123     -0.019      0.334     -0.301      0.065     -0.644
5.7000       -29980.445   -29988.914        8.469   339.5     -0.607     -0.462     -0.348     -0.006     -0.335      0.334
5.7500       -29980.297   -29988.824        8.527   341.8     -0.206     -0.388      1.112      0.181      0.216      0.116
5.8000       -29980.523   -29988.371        7.848   314.6      0.374     -0.423     -0.396     -0.303     -0.053      0.416
5.8500       -29979.893   -29988.631        8.738   350.3     -0.761     -0.299     -0.086      0.217      0.505     -0.149
5.9000       -29979.873   -29988.857        8.985   360.2     -0.030      0.329     -0.236     -0.558      0.163      0.070
5.9500       -29979.818   -29987.691        7.873   315.6     -0.437     -0.522     -0.717      0.348     -0.795      0.174
6.0000       -29979.782   -29987.355        7.573   303.6      0.119     -0.173      0.024     -0.079      0.553      0.280
6.0500       -29980.199   -29988.783        8.584   344.1      0.610      0.544     -0.406      0.228     -0.328      0.136
6.1000       -29979.840   -29988.873        9.033   362.1      0.379     -0.789      0.430     -0.486      0.207     -0.298
6.1500       -29980.087   -29988.621        8.534   342.1      0.066      0.004      1.442     -0.544      0.553     -0.394
6.2000       -29979.980   -29988.391        8.410   337.1      1.285      0.736     -0.193      0.091      0.492      0.828
6.2500       -29980.281   -29987.779        7.498   300.6      0.575      0.090     -0.248     -0.526     -0.596      0.241
6.3000       -29980.419   -29988.512        8.093   324.4     -0.605      0.032     -0.080      0.309     -0.200      0.420
6.3500       -29980.353   -29988.689        8.336   334.2     -0.254      0.093     -0.086      0.149     -0.034     -0.681
6.4000       -29980.433   -29988.340        7.907   316.9      0.689      0.273      0.266     -0.062     -0.012      0.151
6.4500       -29980.240   -29988.695        8.455   338.9     -0.280      0.171      0.346      0.070     -0.536      0.053
6.5000       -29980.595   -29988.469        7.874   315.6      0.101     -0.833     -1.209     -0.325      0.053     -0.743
6.5500       -29979.831   -29987.855        8.025   321.7     -0.479      0.328     -0.338     -0.594     -0.386      0.290
6.6000       -29980.158   -29988.189        8.031   321.9      0.177      1.204      0.907      0.203      0.524      0.084
6.6500       -29980.484   -29988.559        8.075   323.7      0.116      0.762     -0.094     -0.354      0.154     -0.809
6.7000       -29979.937   -29987.650        7.713   309.2     -1.594     -0.093     -0.656     -0.029     -0.339     -0.111
6.7500       -29979.534   -29987.795        8.261   331.1      0.366     -0.693     -0.250      0.058      0.258      0.029
6.8000       -29979.813   -29988.344        8.531   342.0     -0.768     -0.935     -0.584     -0.846     -0.058      0.058
6.8500       -29980.089   -29988.039        7.950   318.7     -0.548     -0.162     -0.337     -0.668     -0.127     -0.371
6.9000       -29980.157   -29988.203        8.046   322.5     -0.312     -0.104      0.018     -0.037      0.488      0.308
6.9500       -29979.969   -29988.090        8.120   325.5      0.065      0.189     -0.332      0.367     -0.414     -0.243
7.0000       -29979.928   -29987.584        7.656   306.9     -1.015     -1.036     -0.792     -0.136      0.646      0.261
7.0500       -29979.641   -29987.436        7.795   312.5     -0.815     -0.131      0.803     -0.133     -0.773      0.461
7.1000       -29980.419   -29988.611        8.193   328.4      0.420     -0.560     -0.135     -0.546     -0.442      0.045
7.1500       -29980.222   -29988.525        8.303   332.8      0.421      0.072     -0.418     -0.099      0.086      0.100
7.2000       -29979.853   -29987.869        8.016   321.3     -0.204     -0.318      0.481     -0.313     -0.296      0.252
7.2500       -29980.283   -29988.318        8.035   322.1     -0.208     -0.524     -0.610      0.387     -0.150      0.138
7.3000       -29979.891   -29987.182        7.291   292.3     -0.402     -0.232      0.034     -0.224     -0.368     -0.001
7.3500       -29980.047   -29987.951        7.904   316.8     -0.155     -0.179     -0.071      0.417      0.120     -0.249
7.4000       -29979.955   -29987.172        7.217   289.3      0.253     -0.368      0.114      0.245     -0.290      0.034
7.4500       -29979.910   -29987.713        7.803   312.8     -0.114      0.509     -0.309      0.228      0.586      0.119
7.5000       -29980.151   -29988.275        8.125   325.7      0.256      0.151      0.382     -0.188      0.213     -0.285
7.5500       -29980.324   -29988.482        8.159   327.0     -0.206      0.082      0.620      0.196      0.338     -0.068
7.6000       -29980.392   -29988.449        8.057   323.0      0.301      0.256     -0.178     -0.174      0.069     -0.070
7.6500       -29981.384   -29988.660        7.276   291.7      0.419     -0.464      0.797     -0.201     -0.209      0.064
7.7000       -29980.330   -29988.693        8.363   335.2      0.200      0.565      0.921     -0.353      0.297     -0.005
7.7500       -29980.352   -29987.957        7.605   304.8      0.869     -0.180      0.174      0.124     -0.987     -0.840
7.8000       -29980.312   -29988.359        8.047   322.6     -0.248      0.279     -0.197     -0.116      0.007      0.344
7.8500       -29979.936   -29988.359        8.423   337.6     -0.137      0.510      0.194      0.187      0.350      0.261
7.9000       -29979.916   -29987.898        7.982   320.0      0.260      0.078      0.732      0.221     -0.201      0.323
7.9500       -29980.318   -29988.482        8.164   327.3     -0.465     -0.237      0.010     -0.348     -0.425     -0.449
8.0000       -29979.780   -29988.385        8.605   344.9     -0.365     -0.212     -0.267      0.441     -0.059     -0.577
8.0500       -29980.197   -29988.758        8.560   343.1     -0.242      0.043      0.281      0.107     -0.565      0.055
8.1000       -29980.181   -29988.244        8.063   323.2     -0.578     -0.339      0.050      0.457      0.322      0.076
8.1500       -29979.663   -29987.576        7.914   317.2      0.358      1.115      0.507     -0.387     -0.284      0.061
8.2000       -29979.631   -29988.461        8.830   354.0     -0.874      0.057     -0.530      0.271      0.321     -0.370
8.2500       -29979.718   -29987.752        8.034   322.0     -0.947     -0.189     -0.466      0.642      0.132     -0.398
8.3000       -29979.852   -29988.490        8.638   346.2      0.474     -0.209     -0.092     -0.106     -0.066     -0.414
8.3500       -29979.498   -29988.582        9.084   364.1      0.195     -1.071     -0.044      0.122     -0.062      0.193
8.4000       -29979.287   -29987.662        8.375   335.7      0.057      0.777     -0.154      0.085      0.382      0.261
8.4500       -29979.480   -29987.766        8.286   332.1      0.334      0.485      0.847      0.014      0.366     -0.434
8.5000       -29979.812   -29987.490        7.679   307.8      0.536      0.226      0.243      0.058      0.143      0.426
8.5500       -29980.001   -29988.498        8.497   340.6     -0.043      0.047      0.496      0.426     -0.303      0.180
8.6000       -29979.998   -29988.582        8.584   344.1     -0.025      0.845      0.722      0.127     -0.034     -0.464
8.6500       -29979.719   -29988.727        9.007   361.1     -0.326     -0.666     -1.154      0.244      0.232     -0.192
8.7000       -29979.873   -29988.320        8.448   338.6     -0.557     -1.513     -0.430      0.228     -0.329     -0.021
8.7500       -29979.854   -29988.693        8.840   354.3     -0.596      0.882      0.547      0.061     -0.059     -0.099
8.8000       -29980.214   -29988.854        8.639   346.3      0.543     -0.231      0.087     -0.393      0.521      0.402
8.8500       -29980.728   -29988.588        7.860   315.1     -0.111      0.379      1.478     -0.153      0.328      0.460
8.9000       -29980.781   -29988.475        7.694   308.4      0.590      0.235     -0.376      0.698     -0.039     -0.772
8.9500       -29981.061   -29988.355        7.295   292.4      0.554      0.708      0.723     -0.331     -0.003      0.305
9.0000       -29980.916   -29988.945        8.029   321.9      0.288      0.839      0.643      0.543     -0.315      0.426
9.0500       -29980.500   -29988.516        8.015   321.3     -0.188     -0.565     -1.037     -0.358     -0.380      0.286
9.1000       -29979.733   -29988.488        8.755   350.9      0.112      0.554      1.087      0.322      0.119      0.095
9.1500       -29979.720   -29987.996        8.276   331.7      0.461     -0.873      0.546      0.129      0.015     -0.599
9.2000       -29979.388   -29988.059        8.670   347.5     -0.202      0.497     -0.275      0.624     -0.127      0.104
9.2500       -29979.678   -29988.266        8.588   344.2     -1.096     -0.774     -1.004     -0.325      0.300      0.206
9.3000       -29979.808   -29988.000        8.192   328.4     -0.486     -0.172     -0.890     -0.458      0.187      0.164
9.3500       -29979.688   -29988.080        8.392   336.4     -0.846     -0.138     -0.430      0.431      0.007      0.455
9.4000       -29979.901   -29988.598        8.697   348.6     -0.449     -0.512      0.018     -0.273     -0.059      0.145
9.4500       -29979.569   -29988.121        8.552   342.8     -0.570     -0.609     -0.225     -0.185     -0.022     -0.583
9.5000       -29979.446   -29988.270        8.824   353.7     -0.003     -0.091     -0.950      0.085      0.017      0.099
9.5500       -29979.498   -29988.133        8.635   346.1     -0.990     -0.533      0.289      0.399     -0.057     -0.256
9.6000       -29979.206   -29987.299        8.093   324.4     -0.008      0.061      0.715     -0.169     -0.226      0.063
9.6500       -29979.443   -29988.520        9.077   363.8      0.162     -0.772     -0.416      0.257     -0.065      0.665
9.7000       -29979.383   -29987.711        8.328   333.8     -0.263      0.191     -0.660      0.108      0.374     -0.117
9.7500       -29979.045   -29987.648        8.604   344.9      0.639     -1.033     -0.681     -0.222      0.525     -0.178
9.8000       -29979.034   -29988.180        9.146   366.6      0.091      0.044      0.035      0.055      0.271      0.491
9.8500       -29979.347   -29987.703        8.356   334.9     -0.908     -0.454      0.027     -0.190     -0.373      0.022
9.9000       -29979.480   -29988.332        8.852   354.8      0.670     -0.067     -0.682      0.317      0.817     -0.051
9.9500       -29979.566   -29987.992        8.426   337.8      0.393     -0.363      0.351     -0.008     -0.061     -0.175
10.0000      -29980.193   -29988.246        8.053   322.8     -0.094     -0.044      0.234     -0.126     -0.226     -0.171
