Time[ps]      Etot[eV]     Epot[eV]     Ekin[eV]    T[K]      ---------------------- stress [GPa] -----------------------
0.0000       -29980.889   -29988.957        8.068   323.4      0.386     -0.841     -0.759     -0.459     -0.166     -0.291
0.0500       -29980.603   -29988.801        8.198   328.6      0.206      0.096      0.696      0.519     -0.362      0.106
0.1000       -29981.232   -29989.109        7.877   315.8     -0.065     -0.636     -0.218      0.038     -0.537     -0.318
0.1500       -29981.039   -29988.982        7.943   318.4     -1.131     -1.042     -0.510      0.046     -0.273      0.063
0.2000       -29980.720   -29989.076        8.356   335.0     -0.057     -0.401     -0.767     -0.213     -0.194     -0.426
0.2500       -29981.129   -29989.410        8.281   331.9     -0.473      0.094      0.529      0.413     -0.168     -0.128
0.3000       -29981.330   -29989.301        7.971   319.5      0.321     -0.177     -0.018      0.216     -0.076      0.176
0.3500       -29981.339   -29989.357        8.018   321.4     -1.268      0.300     -1.490     -0.838      0.027      0.513
0.4000       -29980.798   -29989.049        8.251   330.8     -0.058     -0.757     -0.049     -0.145      0.466      0.022
0.4500       -29980.978   -29989.188        8.210   329.1     -0.699     -0.193     -0.753      0.234     -0.429      0.067
0.5000       -29981.134   -29989.672        8.537   342.2      0.068      0.017      0.414      0.046     -0.330     -0.396
0.5500       -29981.630   -29989.826        8.196   328.5      0.374      0.898      0.594     -0.257      0.062      0.406
0.6000       -29981.554   -29989.920        8.366   335.4     -0.255     -0.260     -0.169      0.399      0.215     -0.317
0.6500       -29981.680   -29989.963        8.282   332.0      0.248     -0.575     -0.262      0.269      0.105     -0.293
0.7000       -29982.009   -29990.066        8.057   323.0      0.187     -0.235     -0.346     -0.270      0.682      0.093
0.7500       -29981.373   -29989.510        8.137   326.2     -0.960     -0.406     -1.036      0.110     -0.283      0.651
0.8000       -29981.151   -29989.309        8.158   327.0     -0.448      0.116      0.699     -0.225     -0.183     -0.077
0.8500       -29981.085   -29987.992        6.907   276.9     -0.023     -0.632      1.161      0.120      0.168     -0.306
0.9000       -29981.141   -29989.301        8.159   327.1      0.761     -0.427     -0.248      0.363     -0.207     -0.106
0.9500       -29981.321   -29989.412        8.091   324.3     -0.304      0.962      1.264     -0.543     -0.211     -0.441
1.0000       -29980.923   -29988.898        7.976   319.7      0.721     -0.258     -0.114     -0.500     -0.373     -0.190
1.0500       -29980.222   -29988.143        7.921   317.5     -1.664     -0.132      0.355      0.311     -0.271     -0.279
1.1000       -29979.767   -29988.277        8.510   341.1     -0.563      0.702      0.103     -0.048      0.394      0.873
1.1500       -29980.431   -29988.723        8.292   332.4      0.460     -0.329      0.043     -0.350     -0.537     -0.375
1.2000       -29980.327   -29988.926        8.599   344.7     -1.129     -1.012     -0.336     -0.094      0.154      0.279
1.2500       -29979.857   -29988.971        9.114   365.3      0.245      0.696     -0.330      0.134      0.269     -0.091
1.3000       -29980.272   -29988.256        7.984   320.0     -0.788      0.450      0.361     -0.016      0.241      0.353
1.3500       -29980.201   -29988.457        8.256   330.9     -0.223     -0.068     -0.527      0.012     -0.229     -0.196
1.4000       -29979.793   -29988.080        8.287   332.2     -0.458      0.437      0.151      0.525      0.669     -0.267
1.4500       -29980.154   -29988.633        8.479   339.9     -0.098      0.379      0.121     -0.141     -0.083     -0.135
1.5000       -29980.467   -29988.980        8.514   341.3      0.173      0.783      0.254      0.227     -0.009     -0.628
1.5500       -29980.277   -29988.801        8.523   341.7     -0.108      1.173      0.090      0.255     -1.017     -0.252
1.6000       -29980.137   -29988.773        8.637   346.2      0.241     -0.539      0.398     -0.288      0.138     -0.255
1.6500       -29980.028   -29988.840        8.812   353.2      0.433      0.889     -0.411     -0.166     -0.622     -0.346
1.7000       -29980.305   -29988.682        8.376   335.8     -0.335      0.567     -0.128      0.164     -0.393      0.426
1.7500       -29980.579   -29988.760        8.180   327.9     -0.792     -0.545      0.395     -1.102      0.347     -0.135
1.8000       -29980.899   -29988.848        7.948   318.6      0.830      0.167      0.253      0.361      0.104     -0.266
1.8500       -29981.375   -29989.068        7.694   308.4      0.311      0.926      0.149     -0.296     -0.180     -0.012
1.9000       -29980.547   -29988.957        8.410   337.1      1.088      0.228      0.040     -0.222     -0.084     -0.171
1.9500       -29980.310   -29988.623        8.313   333.2     -0.170     -0.937     -0.154      0.069     -0.581      0.181
2.0000       -29980.495   -29987.881        7.386   296.1      0.130      0.250     -0.066      0.526     -0.210     -0.072
2.0500       -29980.250   -29988.783        8.533   342.1      0.799     -0.455     -0.004     -0.491     -0.187     -0.898
2.1000       -29980.217   -29988.732        8.515   341.3      0.081      0.809      0.441     -0.052      0.018     -0.429
2.1500       -29980.252   -29988.389        8.137   326.2     -0.485     -1.099     -0.773     -0.515     -0.653     -0.185
2.2000       -29979.901   -29988.785        8.884   356.1     -0.175     -0.138     -0.548      0.065     -0.173     -0.033
2.2500       -29980.524   -29988.783        8.259   331.0      0.032     -0.236      0.559     -0.516     -0.362     -0.195
2.3000       -29980.344   -29988.904        8.560   343.1     -0.571     -0.177     -0.892     -0.096     -0.051      0.651
2.3500       -29980.036   -29988.205        8.169   327.4      0.321      0.666      0.126     -0.985      0.472     -0.341
2.4000       -29980.023   -29989.439        9.417   377.5      0.156      0.584     -0.588     -0.153      0.146      0.395
2.4500       -29980.244   -29988.627        8.382   336.0      0.323     -0.155     -0.711     -0.382     -0.866      0.593
2.5000       -29980.149   -29988.572        8.423   337.6      0.332     -0.115      1.267     -0.136      0.216     -0.871
2.5500       -29979.183   -29988.193        9.010   361.2     -0.427     -0.366     -0.201     -0.289     -0.439      0.312
2.6000       -29978.945   -29988.143        9.197   368.7      0.060     -0.565     -0.108     -0.498     -0.402      0.808
2.6500       -29978.600   -29987.590        8.990   360.4     -0.740     -0.426      0.251      0.208      0.108     -0.157
2.7000       -29978.834   -29988.324        9.490   380.4     -0.633     -1.688     -1.182      0.286     -0.562      0.274
2.7500       -29979.804   -29989.049        9.245   370.6      0.036      0.039     -0.259     -0.265      0.437     -0.317
2.8000       -29980.189   -29988.959        8.770   351.6     -0.278     -0.389     -0.378      0.224     -0.036      0.399
2.8500       -29980.183   -29989.406        9.223   369.7     -0.995     -0.796     -0.492      0.168     -0.398      0.218
2.9000       -29980.437   -29988.664        8.227   329.8     -0.712     -0.838     -0.966     -0.293      0.081     -0.303
2.9500       -29981.168   -29989.748        8.580   343.9     -0.640      0.157      0.297      0.343      0.602      0.232
3.0000       -29981.127   -29989.205        8.078   323.8      0.550      0.595      0.702     -0.681     -0.487      0.044
3.0500       -29981.117   -29989.867        8.750   350.8      0.435      0.654     -0.133     -0.098     -0.112     -0.179
3.1000       -29981.541   -29989.721        8.180   327.9      0.570     -0.236     -0.864     -0.393     -0.257     -0.153
3.1500       -29981.496   -29990.109        8.613   345.3     -0.832     -0.362      0.587     -0.201     -0.302     -0.364
3.2000       -29981.903   -29990.645        8.741   350.4     -1.108     -0.182     -0.937      0.382      0.505      0.179
3.2500       -29982.891   -29990.715        7.824   313.6     -0.155     -1.042      0.270      0.017     -0.439     -0.535
3.3000       -29982.725   -29990.287        7.562   303.1     -0.032      0.273     -0.147     -0.196     -0.004     -0.137
3.3500       -29982.487   -29990.139        7.652   306.7     -0.255     -0.606     -0.017     -0.133     -0.395      0.273
3.4000       -29982.052   -29990.535        8.483   340.0     -1.370     -0.570     -0.668     -0.226     -0.225     -0.180
3.4500       -29982.550   -29990.537        7.987   320.1     -0.631     -0.401      0.103     -0.020     -0.197      0.146
3.5000       -29982.086   -29990.371        8.285   332.1      0.049      0.344     -0.295     -0.233     -0.787     -0.171
3.5500       -29981.437   -29989.240        7.803   312.8     -0.009      0.873      0.022      0.358      0.592      0.765
3.6000       -29981.419   -29989.660        8.241   330.3     -0.264      0.339      0.316     -0.648     -0.307      0.257
3.6500       -29981.400   -29990.055        8.655   346.9      0.487     -0.155     -0.533     -0.019     -0.164      0.740
3.7000       -29981.633   -29989.850        8.216   329.3     -0.530      0.121      1.080      0.119      0.098      0.313
3.7500       -29981.827   -29989.803        7.976   319.7     -0.016     -0.423      0.414     -0.456      0.286      0.103
3.8000       -29981.560   -29989.734        8.174   327.7      0.412     -0.127      0.532      0.215      0.356      0.400
3.8500       -29981.640   -29989.744        8.104   324.8      1.211      1.031      0.686     -0.185      0.086     -0.325
3.9000       -29981.936   -29989.506        7.570   303.4      0.196      0.619      0.479     -0.144     -0.136      0.616
3.9500       -29981.762   -29989.195        7.434   298.0     -0.714      0.611      0.161      0.139      0.705      0.481
4.0000       -29981.599   -29989.547        7.947   318.6      0.295     -0.340     -0.308      0.275     -0.088      0.553
4.0500       -29981.856   -29990.383        8.527   341.8      0.151     -0.206      0.056     -0.504      0.226      0.092
4.1000       -29982.193   -29989.814        7.621   305.5     -1.180      0.321     -0.360     -0.160      0.132      0.208
4.1500       -29982.394   -29991.121        8.727   349.8     -0.141      0.172      0.123     -0.421      0.254      0.353
4.2000       -29982.745   -29990.188        7.443   298.3     -0.168      0.335      0.691     -0.423     -0.088     -0.169
4.2500       -29982.725   -29990.387        7.661   307.1     -0.265     -0.115     -0.096     -0.766     -0.663     -0.150
4.3000       -29982.906   -29990.633        7.727   309.7     -0.109     -0.504     -0.006      0.458      0.465      0.088
4.3500       -29983.137   -29990.457        7.320   293.4     -0.457     -0.226     -0.565     -0.066      0.413     -0.507
4.4000       -29983.004   -29990.562        7.559   303.0     -0.546     -1.037     -0.110     -0.425     -0.636      0.628
4.4500       -29983.503   -29991.449        7.947   318.5     -0.685      0.341     -0.670      0.037     -0.455     -0.695
4.5000       -29983.162   -29991.580        8.418   337.4     -0.205     -0.331      0.031      0.524     -0.189     -0.087
4.5500       -29982.215   -29990.074        7.860   315.1      0.570      0.446      0.895      0.573      0.326     -0.303
4.6000       -29982.005   -29990.635        8.630   345.9     -0.113      0.376     -0.465      0.149      0.434      0.239
4.6500       -29982.257   -29990.770        8.513   341.2     -0.488      0.654      0.297      0.048      1.238      0.103
4.7000       -29982.742   -29990.570        7.828   313.8     -0.654     -0.813      0.085      0.229      0.129      0.386
4.7500       -29982.772   -29990.492        7.720   309.5     -0.625     -0.018     -0.098     -0.132      0.088      0.610
4.8000       -29982.658   -29989.727        7.068   283.3     -0.295      0.012      1.159      0.061     -0.134     -0.203
4.8500       -29982.279   -29990.115        7.836   314.1      0.763     -0.297     -0.030     -0.239     -0.178      0.099
4.9000       -29982.543   -29990.598        8.055   322.9      0.005     -0.058      0.072     -0.015     -0.142     -0.442
4.9500       -29982.486   -29990.773        8.287   332.2     -0.364     -0.455     -0.811      0.169      0.110      0.188
5.0000       -29982.374   -29990.199        7.826   313.7     -0.581     -0.487      0.325     -0.087     -0.166      0.122
5.0500       -29982.605   -29990.223        7.617   305.3      0.183      0.585      0.395     -0.272      0.241     -0.347
5.1000       -29983.036   -29990.564        7.529   301.8      0.564     -0.833     -0.494     -0.487      0.460     -0.541
5.1500       -29982.870   -29990.893        8.023   321.6      0.078      0.439     -0.362      0.265      0.193     -0.107
5.2000       -29982.096   -29990.361        8.265   331.3     -0.400     -0.967     -0.625     -0.334     -0.668      0.036
5.2500       -29981.661   -29990.732        9.071   363.6     -0.652     -2.121     -0.126     -0.395     -0.306     -0.184
5.3000       -29982.111   -29990.852        8.740   350.3     -0.315     -0.786     -0.584      0.043     -0.321      0.600
5.3500       -29981.163   -29989.924        8.760   351.2     -0.184      0.302     -0.215     -0.690      0.780     -0.824
5.4000       -29981.324   -29989.350        8.026   321.7     -0.226     -0.182     -0.429     -0.365     -0.275     -0.066
5.4500       -29981.354   -29990.195        8.841   354.4      0.318      0.698     -0.108     -0.053     -0.020     -0.006
5.5000       -29981.057   -29989.053        7.996   320.5      0.552     -0.338      0.175      0.163     -0.442      0.640
5.5500       -29981.081   -29989.646        8.566   343.4     -0.139     -0.576     -0.731      0.726      0.100      0.196
5.6000       -29981.117   -29989.299        8.182   328.0      0.718      0.724      1.330     -0.206      0.410     -0.532
5.6500       -29981.009   -29989.545        8.536   342.2      0.729     -0.372     -0.224      0.312     -0.236      0.464
5.7000       -29981.198   -29989.244        8.046   322.5      0.002      0.159     -0.370     -0.143      0.247      0.269
5.7500       -29980.630   -29989.330        8.700   348.7      0.202     -0.155      0.149      0.350     -0.258      0.077
5.8000       -29981.127   -29989.521        8.395   336.5     -0.597      0.481     -1.388     -0.849      0.559      0.374
5.8500       -29981.341   -29989.090        7.749   310.6      0.012     -0.100      0.629      0.298      0.278     -0.105
5.9000       -29981.820   -29989.346        7.526   301.7     -0.069     -0.859     -0.462      0.156      0.027      0.068
5.9500       -29981.513   -29989.525        8.012   321.2     -0.349     -0.085     -0.484     -0.113      0.065     -0.297
6.0000       -29981.089   -29989.305        8.216   329.3     -1.062      0.401      0.141      0.434      1.200     -0.572
6.0500       -29981.161   -29989.578        8.418   337.4      0.145     -0.588      0.735     -0.120     -0.800     -0.000
6.1000       -29981.233   -29988.963        7.730   309.8     -1.177     -0.288     -0.906     -0.028      0.123      0.097
6.1500       -29980.850   -29988.975        8.124   325.7     -0.543     -0.667      0.343     -0.047     -0.064     -0.112
6.2000       -29980.444   -29989.070        8.626   345.8     -0.500     -1.677     -0.801     -0.016      0.431      0.190
6.2500       -29980.196   -29988.270        8.074   323.6      0.958      0.908     -1.139      0.009      0.306      0.328
6.3000       -29979.943   -29988.152        8.210   329.1      0.446      0.480      0.559      0.303     -0.037     -0.162
6.3500       -29979.751   -29988.064        8.313   333.2      0.859     -0.334     -0.125     -0.155     -0.095     -0.336
6.4000       -29979.945   -29987.994        8.049   322.6     -0.934      0.321      0.548     -0.218      0.260      0.480
6.4500       -29980.114   -29989.158        9.044   362.5      0.964     -0.515     -0.709      0.435      0.378     -0.265
6.5000       -29980.488   -29988.814        8.327   333.8     -0.384      0.307     -0.514      0.100      0.049     -0.503
6.5500       -29980.592   -29988.934        8.341   334.4      0.628      0.850     -0.157      0.111     -0.100     -0.284
6.6000       -29980.237   -29989.180        8.942   358.5      0.225      0.002      0.206     -0.039      0.013     -0.560
6.6500       -29979.972   -29988.613        8.641   346.4      1.427      0.799      0.792      0.387     -0.126      0.789
6.7000       -29980.298   -29988.570        8.272   331.6     -0.170      0.803     -0.009     -0.315      0.162     -0.634
6.7500       -29980.778   -29988.352        7.574   303.6      0.098     -0.038      0.657     -0.026      0.379     -0.058
6.8000       -29980.496   -29988.828        8.332   334.0      0.248     -0.031     -0.004      0.348      0.114     -0.412
6.8500       -29980.742   -29988.785        8.043   322.4     -0.630      0.342     -0.693      0.106      0.103      0.468
6.9000       -29980.941   -29988.857        7.916   317.3      0.806      0.258      0.673      0.243     -0.413      0.054
6.9500       -29980.799   -29988.471        7.672   307.5     -0.040      0.100     -0.249     -0.295     -0.153      0.388
7.0000       -29980.909   -29988.396        7.488   300.1     -0.156     -0.765     -0.133     -0.233     -0.128      0.214
7.0500       -29980.521   -29988.318        7.798   312.6     -0.694      0.653      0.986      0.280     -0.602      0.260
7.1000       -29980.831   -29988.768        7.937   318.1     -0.030     -0.602     -0.361     -0.143      0.764      0.079
7.1500       -29980.759   -29988.588        7.829   313.8     -0.026     -0.237     -0.434     -0.145      0.013      0.323
7.2000       -29980.662   -29988.836        8.174   327.6      0.639     -0.341      0.283     -0.071      0.151      0.489
7.2500       -29980.699   -29988.635        7.935   318.1     -0.527      0.003      0.088      0.048     -0.408     -0.412
7.3000       -29980.318   -29988.703        8.385   336.1      0.408     -0.252     -0.104      0.076     -0.011      0.005
7.3500       -29980.514   -29988.594        8.080   323.9      0.000      0.080     -0.345     -0.793     -0.400      0.191
7.4000       -29981.050   -29989.236        8.186   328.1     -0.709     -0.339     -0.148     -0.045     -0.247     -0.108
7.4500       -29981.240   -29988.369        7.130   285.8      0.634      0.713     -0.082     -0.134     -0.152      0.431
7.5000       -29981.242   -29989.117        7.876   315.7     -0.065     -0.871      0.096     -0.503      0.207     -0.049
7.5500       -29981.386   -29989.213        7.827   313.8     -0.814      0.137     -0.099     -0.314     -0.031     -0.284
7.6000       -29981.298   -29989.262        7.964   319.2      0.157      0.241     -0.717     -0.407      0.265     -0.129
7.6500       -29981.644   -29989.379        7.735   310.1     -0.410      0.128      0.126     -0.186     -0.746      0.164
7.7000       -29981.598   -29989.916        8.318   333.4      0.675      0.259      0.161     -0.165      0.163     -0.443
7.7500       -29981.365   -29988.523        7.159   287.0     -0.192      0.104     -1.050     -0.597      0.062     -0.217
7.8000       -29981.626   -29989.707        8.081   323.9     -0.464      0.228      0.189      0.400     -0.347     -0.607
7.8500       -29981.855   -29989.080        7.225   289.6     -0.034     -0.977      0.431     -0.201      0.395     -0.133
7.9000       -29981.967   -29988.646        6.679   267.7      0.001     -0.337      0.162     -0.267      0.147     -0.095
7.9500       -29981.807   -29988.748        6.941   278.2      0.346      0.118     -0.009     -0.251     -0.624     -0.182
8.0000       -29981.591   -29989.660        8.070   323.5      0.228     -0.135     -0.223     -0.221      0.256      0.063
8.0500       -29981.443   -29989.348        7.905   316.9      0.236      0.804      0.046     -0.056     -0.347      0.529
8.1000       -29981.260   -29988.688        7.428   297.7     -0.615     -0.332      0.150      0.808      0.161      0.139
8.1500       -29981.460   -29989.289        7.829   313.8     -0.129      0.130     -0.022     -0.458      0.323      0.208
8.2000       -29981.548   -29989.537        7.989   320.3     -0.371     -0.291     -0.276      0.074     -0.323      0.161
8.2500       -29981.980   -29989.348        7.367   295.3     -0.907     -1.306     -0.870      0.349      0.545      0.298
8.3000       -29981.801   -29989.939        8.138   326.2      0.342     -0.876     -0.674     -0.034      0.275      0.008
8.3500       -29981.519   -29989.965        8.446   338.5      1.318     -0.049      0.085      0.224      0.355     -0.099
8.4000       -29981.457   -29988.895        7.437   298.1     -0.382     -0.426     -1.200      0.202     -0.118     -0.196
8.4500       -29981.211   -29988.945        7.734   310.0     -0.040     -0.585      0.155      0.046     -0.176     -0.219
8.5000       -29980.661   -29988.918        8.257   331.0     -0.133      0.059     -0.958      0.676     -0.333      0.138
8.5500       -29980.476   -29988.752        8.276   331.8     -0.369      0.217     -0.237      0.013      0.080     -0.181
8.6000       -29979.995   -29988.363        8.368   335.4      0.215     -0.195     -0.120     -0.108      0.529     -0.480
8.6500       -29980.066   -29988.523        8.457   339.0     -0.667      0.166      0.541      0.156      0.072     -0.033
8.7000       -29980.297   -29988.643        8.345   334.5     -0.267     -0.651     -0.110     -0.062      0.128      0.203
8.7500       -29980.390   -29988.688        8.298   332.6     -0.748     -0.552      0.025      0.107     -0.396     -0.003
8.8000       -29980.093   -29988.324        8.231   329.9     -0.205     -0.039     -0.608      0.006     -0.088      0.135
8.8500       -29980.437   -29988.744        8.307   333.0     -0.698     -1.059     -0.537      0.414     -0.163      0.521
8.9000       -29980.290   -29988.691        8.401   336.8     -0.042     -0.075     -0.022      0.355      0.593     -0.109
8.9500       -29980.253   -29988.777        8.524   341.7      0.143     -0.317     -0.510      0.305      0.200      0.075
9.0000       -29980.298   -29988.730        8.433   338.0     -0.812      0.066      0.306     -0.106     -0.332     -0.279
9.0500       -29980.192   -29988.588        8.396   336.6     -0.818     -0.044      0.184     -0.087      0.174     -0.284
9.1000       -29980.668   -29988.436        7.768   311.4      0.250     -0.549     -0.459     -0.042     -0.382      0.232
9.1500       -29981.627   -29988.795        7.168   287.3      0.435      0.137      0.536      0.731     -0.135     -0.737
9.2000       -29981.512   -29989.223        7.711   309.1     -0.340     -0.917     -0.889      0.457      0.224      0.010
9.2500       -29980.583   -29988.988        8.405   336.9     -0.308      0.592     -0.019      0.385     -0.408     -0.699
9.3000       -29980.479   -29988.012        7.533   301.9     -0.900     -1.141      0.354      0.040     -0.107      0.161
9.3500       -29980.538   -29988.508        7.970   319.5     -0.979      0.477     -1.763      0.002      0.190     -0.191
9.4000       -29980.755   -29988.686        7.931   317.9     -0.274     -1.204     -0.199      0.172     -0.134      0.180
9.4500       -29980.102   -29988.863        8.761   351.2     -0.695      0.051      0.003      0.304      0.207     -0.225
9.5000       -29979.835   -29988.670        8.835   354.1     -1.058     -0.380     -0.058      0.407      0.181     -0.194
9.5500       -29979.893   -29988.045        8.152   326.8     -0.254      0.486     -0.203      0.447     -0.025      0.733
9.6000       -29980.244   -29988.707        8.463   339.2      0.611      0.462      0.125      0.293      0.019     -0.252
9.6500       -29980.631   -29988.662        8.031   321.9      0.104      0.664      0.913     -0.216      0.028     -0.073
9.7000       -29981.171   -29989.359        8.188   328.2     -0.616      0.086     -0.239      0.564     -0.088     -0.431
9.7500       -29980.643   -29988.805        8.161   327.1      0.016     -0.296      0.250     -0.884     -0.531     -0.089
9.8000       -29980.931   -29989.125        8.194   328.5      1.076      0.195      0.101     -0.088     -0.220      0.161
9.8500       -29980.706   -29989.555        8.849   354.7     -0.642     -0.165     -0.207      0.198     -0.080      0.177
9.9000       -29980.587   -29989.193        8.606   345.0     -0.744     -1.185      0.071      0.390     -0.420     -0.463
9.9500       -29980.453   -29988.842        8.389   336.3      0.811     -0.106      0.636     -0.125      0.259     -0.487
10.0000      -29980.218   -29988.877        8.659   347.1      0.041     -0.552      0.344      0.241      0.198      0.267
10.0500      -29980.225   -29989.092        8.867   355.4     -1.095     -1.001     -0.233      0.282     -0.418     -0.144
10.1000      -29980.776   -29989.920        9.144   366.5     -1.135     -0.955     -1.079     -0.205     -0.154      0.114
10.1500      -29981.178   -29989.412        8.234   330.0      0.080     -1.539     -0.083      0.165     -0.142      0.215
10.2000      -29981.431   -29989.619        8.188   328.2     -0.507     -0.314     -1.290      0.306      0.263     -0.515
10.2500      -29981.710   -29989.533        7.823   313.6      0.006      0.019     -0.918      0.491      0.169     -0.171
10.3000      -29981.435   -29989.479        8.043   322.4     -0.550     -0.470     -0.303      0.361      0.052      0.416
10.3500      -29981.511   -29989.838        8.327   333.8      0.282     -0.525     -0.543     -0.928      0.075     -0.273
10.4000      -29981.430   -29989.984        8.555   342.9     -0.584      0.243     -0.092      0.488      0.036      0.150
10.4500      -29981.461   -29989.543        8.082   324.0      0.391     -1.158     -0.930      0.088      0.241     -0.193
10.5000      -29981.760   -29989.566        7.806   312.9     -0.419     -0.527      1.001      0.456     -0.219      0.172
10.5500      -29982.239   -29989.914        7.675   307.7     -0.035     -0.068     -0.085      0.088      0.286      0.205
10.6000      -29981.791   -29989.309        7.517   301.3     -0.428     -0.134     -0.474      0.011      0.436     -0.626
10.6500      -29981.221   -29989.236        8.015   321.3     -0.892     -0.698     -0.497      1.126      0.268      0.424
10.7000      -29980.905   -29989.346        8.441   338.4     -0.942     -0.866     -1.075     -0.477     -0.524      0.924
10.7500      -29980.841   -29990.033        9.192   368.5     -0.485     -0.324     -0.909     -0.315      0.488     -0.305
10.8000      -29980.715   -29989.352        8.636   346.2     -0.822     -0.729     -0.994      0.352      0.153     -0.564
10.8500      -29980.913   -29989.092        8.179   327.8     -0.375     -1.210     -1.108      0.101      0.284     -0.140
10.9000      -29981.400   -29989.398        7.998   320.6     -1.262     -0.188     -0.117     -0.092     -0.443      0.072
10.9500      -29981.128   -29989.592        8.464   339.3     -0.861     -0.477     -0.064      0.123      0.157     -0.229
11.0000      -29981.302   -29988.953        7.651   306.7     -0.241      0.923      0.468      0.506     -0.055     -0.205
11.0500      -29981.938   -29990.090        8.152   326.8      0.047     -0.287     -0.406      0.004     -0.338      0.284
11.1000      -29981.889   -29990.088        8.199   328.7     -0.124     -0.992     -0.221      0.496     -0.181      0.031
11.1500      -29982.035   -29989.760        7.724   309.6     -0.589     -0.423     -1.127      0.139      0.121     -0.248
11.2000      -29981.663   -29989.713        8.050   322.7      0.054     -0.780     -0.351     -0.364      0.117      0.316
11.2500      -29981.473   -29989.498        8.025   321.7      0.296     -0.497      0.165      0.301     -0.361     -0.283
11.3000      -29981.703   -29989.428        7.724   309.6     -0.062     -1.004      0.204     -0.217     -0.274      0.643
11.3500      -29982.061   -29990.266        8.204   328.9      0.243      0.714      0.347     -0.411      0.047      0.340
11.4000      -29981.609   -29990.072        8.464   339.3      0.748      0.407     -0.458     -0.402      0.141     -0.010
11.4500      -29982.029   -29990.736        8.707   349.0     -0.387      0.187     -0.257      0.381     -0.162      0.127
11.5000      -29982.455   -29989.912        7.457   298.9     -1.101     -0.214     -0.391     -0.336      0.118     -0.129
11.5500      -29981.857   -29989.830        7.974   319.6      0.001     -0.538     -0.431      0.595      0.396     -0.355
11.6000      -29981.872   -29989.615        7.743   310.4     -0.105     -0.112      0.021     -0.043      0.312      1.005
11.6500      -29982.238   -29989.688        7.449   298.6     -0.003      0.388     -0.887     -0.039     -0.092      0.148
11.7000      -29981.464   -29990.113        8.650   346.7     -0.499     -0.666     -0.428     -0.487      0.131     -0.121
11.7500      -29981.339   -29989.477        8.138   326.2     -0.156     -0.324     -0.656     -0.499      0.341     -0.216
11.8000      -29980.896   -29989.680        8.783   352.1      0.301     -1.318     -0.939      0.554      0.310     -0.067
11.8500      -29981.051   -29989.062        8.011   321.1     -0.161     -0.277     -0.554     -0.016      0.103      0.295
11.9000      -29981.264   -29988.977        7.713   309.2      0.205     -0.266      0.252     -0.139      0.338      0.099
11.9500      -29981.601   -29989.645        8.043   322.4     -0.293      0.427     -0.400      0.004      0.451     -0.665
12.0000      -29982.290   -29989.957        7.667   307.3      0.352     -0.093     -0.485      0.051     -0.192      0.124
12.0500      -29982.474   -29989.771        7.297   292.5      0.069     -0.030      0.500      0.249      0.173      0.360
12.1000      -29982.641   -29990.500        7.859   315.0     -0.196     -0.539     -1.007     -0.230     -0.031      0.381
12.1500      -29982.653   -29990.254        7.600   304.7     -0.224     -0.058      0.309     -0.296     -0.026      0.178
12.2000      -29982.519   -29990.965        8.446   338.6     -0.780     -0.226      0.405      0.168      0.412      0.214
12.2500      -29981.884   -29989.924        8.040   322.3     -0.471      0.112      0.038      0.695      0.453     -0.235
12.3000      -29981.856   -29990.078        8.222   329.6     -1.718     -0.234     -0.124      0.018     -0.333     -0.102
12.3500      -29981.965   -29989.703        7.738   310.2     -0.061      0.186     -1.190     -0.443      0.343     -0.318
12.4000      -29981.273   -29989.135        7.862   315.1      0.205     -0.598      0.054      0.165     -0.121      0.563
12.4500      -29982.112   -29990.072        7.960   319.1     -0.701     -1.251     -0.425     -0.414      0.750     -0.100
12.5000      -29982.032   -29989.240        7.209   289.0      0.879      0.770     -0.122      0.564      0.040      0.313
12.5500      -29981.817   -29989.707        7.890   316.3      0.121     -0.594      0.978     -0.243      0.353     -0.079
12.6000      -29981.646   -29989.648        8.002   320.8     -0.293     -0.140     -1.102     -0.303     -0.025      0.302
12.6500      -29981.457   -29989.094        7.636   306.1      0.197     -1.458      0.986      0.595      0.508     -0.322
12.7000      -29981.361   -29989.271        7.910   317.1     -0.366      0.181     -0.456     -0.690     -0.280      0.429
12.7500      -29981.982   -29989.713        7.731   309.9     -1.167     -0.558     -0.747      0.549     -0.144     -0.523
12.8000      -29981.486   -29989.844        8.358   335.0      0.839     -1.018     -0.056      0.232     -0.551     -0.043
12.8500      -29981.248   -29989.885        8.637   346.2      0.479     -0.297     -0.612      0.050     -0.238      0.315
12.9000      -29981.526   -29989.166        7.640   306.2     -0.997     -0.571     -0.962     -0.329     -0.063      0.145
12.9500      -29981.608   -29989.566        7.959   319.0      0.675     -0.380      0.380      0.290      0.395     -0.067
13.0000      -29982.157   -29989.271        7.114   285.2     -0.634     -1.379     -0.389      0.325      0.333     -0.382
13.0500      -29982.254   -29989.660        7.406   296.9     -0.947     -0.255     -0.488     -0.393      0.296      0.065
13.1000      -29981.955   -29989.562        7.608   305.0     -0.179     -0.259     -0.386     -0.398     -0.066      0.311
13.1500      -29981.942   -29989.795        7.853   314.8      0.217     -0.381     -0.829      0.717      0.100      0.095
13.2000      -29981.945   -29989.707        7.762   311.1     -0.445     -0.924     -0.340      0.038     -0.246      0.279
13.2500      -29982.161   -29990.174        8.013   321.2     -0.274     -1.558     -0.184     -0.311     -0.111     -0.079
13.3000      -29981.916   -29989.582        7.666   307.3     -0.507     -0.582     -0.057      0.038      0.246     -0.256
13.3500      -29981.833   -29989.533        7.700   308.7     -0.723     -0.385     -0.837     -0.332      0.021     -0.074
13.4000      -29981.530   -29989.119        7.589   304.2     -0.200     -0.234     -0.767      0.326      0.577      0.423
13.4500      -29981.911   -29989.809        7.897   316.6      0.101     -0.534     -0.491     -0.041     -0.873      0.266
13.5000      -29982.325   -29990.021        7.697   308.5     -1.049      0.235     -0.819      0.376      0.384     -0.057
13.5500      -29982.316   -29989.305        6.989   280.1     -1.160     -0.905      0.143     -0.004     -0.162      0.186
13.6000      -29981.902   -29989.873        7.971   319.5     -0.834     -0.440     -1.155     -0.278      0.055      0.370
13.6500      -29981.584   -29989.719        8.134   326.1     -0.002     -0.404      0.032      0.685      0.090     -0.092
13.7000      -29981.344   -29990.787        9.443   378.5     -1.897     -0.275     -0.392      0.409      0.187      0.039
13.7500      -29981.817   -29989.629        7.812   313.1     -0.592     -0.774      0.539      0.178     -0.170     -0.233
13.8000      -29981.664   -29989.986        8.322   333.6      0.356     -0.559      0.230      0.405      0.451      0.113
13.8500      -29981.631   -29989.715        8.084   324.0     -0.210     -0.728     -0.747      0.323     -0.093     -0.029
13.9000      -29981.305   -29989.049        7.744   310.4      0.375      0.063      0.418     -0.146     -0.096     -0.347
13.9500      -29981.294   -29988.914        7.620   305.5     -0.201      0.013     -0.586     -0.306      0.421      0.299
14.0000      -29981.140   -29989.580        8.440   338.3     -0.747     -0.200     -0.702      0.129      0.115      0.412
14.0500      -29982.059   -29989.994        7.935   318.1      0.197      0.508     -0.264      0.025      0.074     -0.250
14.1000      -29982.054   -29989.912        7.858   315.0     -0.132     -0.479     -0.534      0.642      0.204     -0.057
14.1500      -29982.016   -29990.385        8.369   335.5     -0.353     -0.143      0.512      0.064      0.480     -0.359
14.2000      -29981.520   -29989.830        8.310   333.1     -0.599     -0.216     -0.967     -0.104     -0.107      0.390
14.2500      -29981.802   -29989.488        7.686   308.1      0.099     -0.881     -1.056      0.652      0.494      0.222
14.3000      -29981.763   -29989.273        7.510   301.0     -0.160     -0.032      0.017     -0.445     -0.503      0.720
14.3500      -29981.956   -29989.527        7.571   303.5     -0.356      0.741     -0.179      0.426     -0.873      0.230
14.4000      -29981.882   -29990.051        8.169   327.4      0.276     -0.224      0.150      0.321      0.302     -0.438
14.4500      -29981.913   -29989.875        7.962   319.2     -1.074      0.106     -0.382      0.161      0.315     -0.286
14.5000      -29982.168   -29990.088        7.920   317.5      0.383      0.064      0.253      0.246      0.238     -0.024
14.5500      -29982.420   -29990.174        7.754   310.8     -0.850     -0.986     -0.633     -0.241      0.497      0.143
14.6000      -29982.159   -29989.936        7.777   311.7     -0.041     -1.087     -0.898     -0.442      0.538     -0.400
14.6500      -29981.792   -29990.166        8.374   335.7      0.384     -0.318      1.045      0.252      0.379      0.216
14.7000      -29981.298   -29990.199        8.901   356.8      0.073     -1.160     -0.287      0.419      0.802     -0.818
14.7500      -29981.661   -29989.676        8.014   321.3      0.368     -0.194      0.658     -0.035      0.285      0.639
14.8000      -29981.838   -29990.197        8.359   335.1      0.121      0.009     -0.569      0.004      0.295      0.343
14.8500      -29982.029   -29990.416        8.387   336.2     -0.825      0.525     -1.087      0.171     -0.406     -0.056
14.9000      -29981.939   -29990.320        8.381   336.0      0.266     -0.276     -0.245     -0.601      0.557     -0.070
14.9500      -29981.983   -29989.646        7.664   307.2     -0.358     -0.718      0.137      0.032     -0.197      0.066
15.0000      -29981.704   -29990.389        8.685   348.1      0.214      0.080     -0.082      0.342      0.195     -0.401
15.0500      -29981.623   -29989.385        7.762   311.1     -0.629     -0.547     -0.833     -0.006     -0.453      0.074
15.1000      -29981.887   -29989.826        7.939   318.2     -0.547     -1.050     -0.102      0.513      0.322      0.219
15.1500      -29982.263   -29989.594        7.331   293.9     -0.314      0.446     -0.637      0.241      0.360     -0.035
15.2000      -29982.108   -29990.283        8.175   327.7      0.002      0.315      0.394      0.126      0.456      0.456
15.2500      -29982.539   -29990.441        7.903   316.8     -0.597     -0.059     -1.168      0.353      0.282      0.181
15.3000      -29982.173   -29990.566        8.394   336.5     -0.832     -0.012     -0.381      0.109      0.046     -0.431
15.3500      -29981.785   -29989.559        7.773   311.6     -0.891     -1.017     -0.478      0.043     -0.771      0.774
15.4000      -29981.351   -29989.543        8.192   328.4      0.155      0.096     -0.128     -0.301     -0.051      0.099
15.4500      -29981.317   -29989.254        7.937   318.2     -0.440     -0.543     -0.817     -0.291     -0.363      0.186
15.5000      -29981.533   -29989.553        8.019   321.5     -0.618     -0.484     -0.447      0.125      0.329      0.296
15.5500      -29981.763   -29989.869        8.106   324.9     -0.214     -0.113     -0.986     -0.400     -0.030      0.048
15.6000      -29981.881   -29989.887        8.005   320.9     -0.352      0.244     -0.586     -0.270     -0.581      0.144
15.6500      -29982.125   -29989.928        7.802   312.8     -1.531     -0.740      0.007      0.058      0.301      0.134
15.7000      -29981.840   -29990.127        8.287   332.2     -0.094     -0.179     -1.117     -0.109      0.015     -0.077
15.7500      -29981.427   -29989.604        8.177   327.8     -0.286     -0.721      0.820     -0.038      0.414      0.462
15.8000      -29981.213   -29990.357        9.144   366.5     -0.598     -0.491     -0.934      0.271      0.068      0.118
15.8500      -29981.329   -29989.439        8.111   325.1      0.607      0.463      0.289     -0.020      0.355      0.526
15.9000      -29980.737   -29988.719        7.982   320.0     -0.733     -0.690      0.371      0.301     -0.510      0.105
15.9500      -29980.895   -29989.121        8.226   329.7     -0.586     -0.673     -1.089     -0.329      0.286      0.126
16.0000      -29980.983   -29989.088        8.105   324.9     -0.573     -0.150     -0.161      0.655      0.392     -0.241
16.0500      -29980.849   -29989.582        8.733   350.1     -0.479      0.307     -0.701      0.234     -0.226      0.014
16.1000      -29981.316   -29989.670        8.354   334.9     -0.242     -0.718      0.259      0.441      0.285     -0.059
16.1500      -29981.426   -29989.219        7.793   312.4     -0.046     -0.051     -0.376     -0.213     -0.415      0.035
16.2000      -29981.040   -29988.572        7.532   301.9      0.775     -0.763     -0.721      0.006      0.114      0.100
16.2500      -29981.122   -29989.367        8.245   330.5     -0.608     -0.418     -0.181      0.005     -0.076     -0.110
16.3000      -29980.724   -29989.320        8.596   344.6     -0.717     -0.120     -0.556     -0.478      0.252      0.439
16.3500      -29981.214   -29989.336        8.122   325.6     -0.585     -0.916     -0.943     -0.534     -0.328      0.351
16.4000      -29980.962   -29989.328        8.366   335.3      0.211      0.228     -0.871      0.120      0.074     -0.186
16.4500      -29981.415   -29989.529        8.115   325.3     -0.398      0.082     -0.178     -0.401      0.310      0.037
16.5000      -29981.283   -29989.434        8.151   326.7      0.205      0.249      1.018      0.497      0.391      0.176
16.5500      -29981.185   -29989.904        8.719   349.5     -0.366     -0.327     -0.020      0.162     -0.053      0.148
16.6000      -29981.415   -29989.930        8.515   341.3     -0.413     -0.689     -0.561     -0.414      0.006      0.373
16.6500      -29981.467   -29988.885        7.418   297.3     -0.894     -0.515     -0.772     -0.429      0.191     -0.214
16.7000      -29981.072   -29988.766        7.694   308.4     -1.195     -0.387     -0.393      0.148      0.314     -0.287
16.7500      -29981.386   -29989.379        7.993   320.4      0.322     -0.365      0.352      0.179     -0.466     -0.121
16.8000      -29980.617   -29989.221        8.604   344.9      0.232     -0.199      0.108     -0.500     -0.113      0.096
16.8500      -29980.422   -29988.641        8.219   329.4     -0.536     -0.402     -0.374      0.184      0.742      0.120
16.9000      -29980.514   -29988.779        8.266   331.3      0.019      0.423     -0.223      0.257     -0.687     -0.417
16.9500      -29980.746   -29988.441        7.696   308.5     -0.164     -0.244      0.165      0.129      0.502     -0.324
17.0000      -29980.733   -29989.131        8.398   336.6      0.222     -0.935      0.373      0.187     -0.154     -0.064
17.0500      -29981.177   -29988.980        7.803   312.8     -0.782      0.384      0.460     -0.492      0.041      0.062
17.1000      -29980.966   -29989.244        8.278   331.8     -1.302     -0.500     -0.244      0.314     -0.219     -0.029
17.1500      -29981.270   -29989.146        7.876   315.7     -0.911     -0.712     -0.818     -0.424      0.006     -0.250
17.2000      -29981.073   -29988.164        7.091   284.2     -1.215      0.716     -1.161     -0.312      0.121     -0.039
17.2500      -29980.343   -29988.418        8.075   323.7      0.064     -0.102     -0.047     -0.149     -0.088      0.588
17.3000      -29980.776   -29988.203        7.427   297.7     -0.267      0.468      0.034     -0.037     -0.047      0.044
17.3500      -29980.653   -29988.877        8.224   329.6     -0.371      0.195      0.196     -0.588      0.107      0.441
17.4000      -29980.302   -29988.168        7.866   315.3     -0.419      0.194     -0.372      0.542     -0.185      0.252
17.4500      -29980.431   -29988.529        8.098   324.6      0.088      0.175      0.693     -0.327     -0.312     -0.043
17.5000      -29980.721   -29988.553        7.832   313.9      0.135      0.228      0.261     -0.006     -0.245     -0.198
17.5500      -29980.205   -29987.920        7.715   309.3      0.444     -0.009     -1.063     -0.281     -0.339     -0.500
17.6000      -29979.896   -29988.855        8.960   359.2     -1.373      0.003     -0.942      0.390     -0.001      0.325
17.6500      -29980.136   -29988.330        8.194   328.5     -0.361      0.694     -0.875     -0.463      0.223      0.086
17.7000      -29980.142   -29988.680        8.538   342.2     -1.154     -0.797     -0.191     -0.108      0.419     -0.228
17.7500      -29979.795   -29988.344        8.549   342.7      0.662     -0.262      0.198      0.232     -0.419      0.092
17.8000      -29979.274   -29988.074        8.801   352.8      0.837      0.456      0.302     -0.586      0.560      0.331
17.8500      -29979.308   -29987.977        8.668   347.5     -0.056     -0.267     -0.692      0.217     -0.010     -0.284
17.9000      -29979.918   -29988.854        8.936   358.2      0.324      1.006     -0.084     -0.151     -0.266      0.030
17.9500      -29979.945   -29988.299        8.354   334.9     -0.104      0.096      0.596     -0.160      0.364     -0.195
18.0000      -29979.415   -29988.268        8.853   354.9     -0.456     -0.262     -0.346      0.109     -0.485      0.086
18.0500      -29979.324   -29988.291        8.967   359.4     -0.402      0.123      0.188      0.009      0.151      0.263
18.1000      -29979.125   -29987.889        8.764   351.3     -0.494      0.129      0.662      0.492      0.175     -0.392
18.1500      -29979.318   -29988.193        8.875   355.8     -0.304     -0.210     -0.018     -0.259     -0.113     -0.241
18.2000      -29979.279   -29987.643        8.364   335.3     -0.680      0.476     -0.731     -0.315     -0.192     -0.169
18.2500      -29979.554   -29988.008        8.454   338.9     -0.795      0.955     -0.160      0.058     -0.057     -0.219
18.3000      -29979.491   -29988.330        8.839   354.3     -0.433     -0.052     -0.073     -0.206     -0.085     -0.511
18.3500      -29980.011   -29988.664        8.653   346.9      0.329      0.136      1.343     -0.349      0.192     -0.229
18.4000      -29980.086   -29988.678        8.592   344.4      0.374      0.215     -0.415     -0.184      0.521      0.192
18.4500      -29980.187   -29987.750        7.563   303.1     -0.535      0.782     -0.327     -0.188      0.267     -0.351
18.5000      -29980.178   -29988.432        8.254   330.9     -0.829     -0.538      0.522      0.342     -0.298      0.143
18.5500      -29979.803   -29988.477        8.673   347.7     -0.373     -0.557     -0.200      0.025     -0.010     -0.095
18.6000      -29980.437   -29988.602        8.164   327.3      0.605     -0.577      0.053     -0.076      0.169      0.269
18.6500      -29980.363   -29989.688        9.324   373.8     -0.485      0.493      0.082      0.256     -0.516      0.504
18.7000      -29979.929   -29988.355        8.426   337.8     -0.610     -1.239      0.124      0.309     -0.520     -0.400
18.7500      -29980.073   -29988.936        8.862   355.2      0.447      0.256      0.003     -0.742     -0.083      0.176
18.8000      -29979.627   -29988.471        8.844   354.5     -0.064     -0.185     -0.675     -0.362     -0.180     -0.279
18.8500      -29979.642   -29987.574        7.932   318.0     -0.328     -0.190     -0.514      0.129      0.330     -0.462
18.9000      -29980.297   -29989.195        8.898   356.7      0.696      0.507      0.220      0.139     -0.261     -0.085
18.9500      -29980.401   -29988.643        8.241   330.4      0.138     -0.491      0.554      0.102      0.213      0.340
19.0000      -29980.510   -29988.922        8.412   337.2      0.700      0.193     -0.813     -0.439      0.004     -0.847
19.0500      -29980.441   -29988.486        8.045   322.5     -0.399      0.666      0.370     -0.366     -0.030     -0.130
19.1000      -29979.823   -29988.602        8.779   351.9      0.426      0.575     -0.304      0.290      0.125      0.009
19.1500      -29979.453   -29988.115        8.663   347.2      0.019     -0.745     -0.386     -0.327      0.663      0.158
19.2000      -29979.181   -29987.787        8.606   345.0     -0.168      0.494     -0.477      0.411      0.192     -0.089
19.2500      -29979.070   -29987.035        7.965   319.3     -0.105     -0.659      0.286     -0.617      0.122     -0.011
19.3000      -29979.734   -29988.396        8.663   347.2      0.490      0.541     -0.520     -0.339      0.018      0.419
19.3500      -29979.234   -29986.885        7.651   306.7      0.330     -1.063      0.459      0.016     -0.135      0.293
19.4000      -29979.480   -29987.809        8.328   333.8     -0.586      1.149      0.094     -0.274     -0.690      0.091
19.4500      -29979.287   -29988.391        9.104   364.9      0.361     -0.149     -0.323     -0.366     -0.222     -0.137
19.5000      -29979.478   -29988.295        8.817   353.4     -0.066      0.189      0.779      1.042     -0.139      0.645
19.5500      -29979.701   -29987.662        7.961   319.1     -0.305     -0.404     -0.737     -0.584     -0.279      0.545
19.6000      -29979.979   -29988.557        8.577   343.8     -0.730      0.284     -0.080     -0.460     -0.257      0.174
19.6500      -29979.684   -29987.582        7.898   316.6     -0.576     -0.677      0.069      0.220     -0.231     -0.494
19.7000      -29979.279   -29987.076        7.797   312.5     -0.513      0.533     -0.277     -0.455      0.102      0.618
19.7500      -29979.760   -29988.514        8.753   350.9     -0.009     -1.238     -0.292     -0.232     -0.606     -0.719
19.8000      -29979.367   -29987.635        8.268   331.4      0.119     -0.327      0.726     -0.726     -0.069     -0.171
19.8500      -29979.454   -29988.000        8.546   342.6      1.054      1.259     -0.580      0.497     -0.158     -0.014
19.9000      -29979.401   -29987.770        8.369   335.5      0.194     -0.670     -0.550      0.015      0.319      0.688
19.9500      -29979.405   -29987.859        8.455   338.9     -0.340     -1.045      0.297      0.520     -0.153     -0.672
20.0000      -29979.327   -29987.898        8.571   343.6     -0.005      0.214     -0.698      0.047      0.426     -0.477
20.0500      -29978.831   -29987.934        9.102   364.9     -1.382      0.044     -0.103      0.392      0.128      0.339
20.1000      -29978.914   -29986.576        7.662   307.1     -0.155     -0.915      0.096     -0.097      0.201     -0.534
20.1500      -29979.197   -29987.391        8.194   328.5     -0.749      0.169     -0.523      0.261     -0.078     -0.132
20.2000      -29979.421   -29987.918        8.497   340.6     -0.020     -0.283      0.623     -0.414     -0.384     -0.105
20.2500      -29978.913   -29988.141        9.228   369.9     -0.286     -0.726     -0.714     -0.097      0.035     -0.598
20.3000      -29979.488   -29988.262        8.774   351.7      1.117      0.163      0.266      0.075     -0.429      0.312
20.3500      -29979.178   -29987.246        8.068   323.4     -0.467      1.651      0.348     -0.035      0.037     -0.823
20.4000      -29979.629   -29987.248        7.619   305.4     -0.851     -0.663     -0.235      0.218     -0.134      0.285
20.4500      -29979.022   -29987.896        8.875   355.7     -0.242      0.094      0.206      0.047      0.233      0.042
20.5000      -29979.352   -29987.588        8.236   330.1      0.330      0.187      0.937     -0.496     -0.537     -0.228
20.5500      -29979.447   -29987.607        8.161   327.1      0.587      0.166     -0.720      0.447      0.047      0.013
20.6000      -29979.381   -29987.885        8.503   340.9     -0.373     -0.736      0.890      0.398     -0.090      0.003
20.6500      -29979.057   -29987.354        8.297   332.6      0.430      0.432     -1.435      0.449      0.142      0.134
20.7000      -29978.764   -29987.135        8.371   335.6     -0.373     -0.182      0.093      0.345     -0.408      0.392
20.7500      -29978.763   -29987.410        8.647   346.6      0.679      0.127      0.538     -0.198     -0.221     -0.046
20.8000      -29978.914   -29987.441        8.527   341.8      0.437     -0.314      0.358     -0.078     -0.270      0.036
20.8500      -29978.880   -29987.277        8.397   336.6      0.272      0.297      0.378      0.135     -0.226     -0.229
20.9000      -29979.572   -29987.537        7.965   319.3      0.683      0.201     -0.066     -0.722     -0.301     -0.130
20.9500      -29979.957   -29987.590        7.633   306.0      0.147      0.266      0.600      0.088     -0.085      0.264
21.0000      -29980.109   -29987.807        7.698   308.6     -1.739     -0.155     -0.755      0.437     -0.295     -0.208
21.0500      -29979.735   -29988.082        8.348   334.6     -0.672     -0.790     -0.786     -0.030     -0.386      0.040
21.1000      -29979.778   -29987.535        7.757   311.0     -0.125      0.322     -0.181     -0.599     -0.442     -0.238
21.1500      -29979.716   -29988.443        8.727   349.8     -0.150     -0.475     -0.052      0.348     -0.219     -0.194
21.2000      -29979.511   -29987.988        8.477   339.8     -0.145     -0.732     -0.227      0.078      0.119     -0.222
21.2500      -29979.345   -29987.875        8.530   341.9     -0.541     -0.338     -0.037      0.005      0.517     -0.653
21.3000      -29979.127   -29987.883        8.756   351.0     -0.299     -0.327      1.053      0.145     -0.185     -0.183
21.3500      -29979.258   -29987.713        8.455   338.9     -1.194     -0.166     -1.244     -0.026     -0.364     -0.023
21.4000      -29979.122   -29987.441        8.319   333.5      0.200     -0.485     -0.743      0.692     -0.861     -0.291
21.4500      -29980.321   -29987.855        7.534   302.0      0.788     -0.003      0.857     -0.334     -0.153      0.372
21.5000      -29980.075   -29988.312        8.237   330.2     -1.235      0.146     -0.120      0.642     -0.121     -0.239
21.5500      -29980.026   -29988.365        8.339   334.3      0.007      0.257     -0.250     -0.212     -0.044      0.007
21.6000      -29980.379   -29988.639        8.260   331.1      0.415     -0.080      0.252     -0.221     -0.172     -0.169
21.6500      -29980.197   -29988.090        7.893   316.4     -0.182     -0.624      0.496      0.006      0.105      0.243
21.7000      -29980.161   -29988.816        8.655   346.9      0.021      0.600     -0.192     -0.096      0.459      0.212
21.7500      -29980.337   -29987.844        7.507   300.9      1.079     -0.195      0.080     -0.192     -0.653     -0.427
21.8000      -29980.400   -29988.426        8.025   321.7     -0.325      0.039     -0.343      0.202     -0.307     -0.155
21.8500      -29980.358   -29988.164        7.806   312.9      0.066     -0.052     -0.397      0.251      0.256      0.256
21.9000      -29979.964   -29987.896        7.932   318.0     -0.463     -0.851     -0.523     -0.192      0.077     -0.102
21.9500      -29979.772   -29987.570        7.798   312.6      0.112     -0.295     -0.675      0.787      0.086      0.057
22.0000      -29979.759   -29988.066        8.307   333.0      0.557     -0.623      1.129     -0.461      0.212     -0.164
22.0500      -29979.745   -29988.195        8.450   338.7      0.141      0.407     -0.360      0.105      0.315      0.237
22.1000      -29980.144   -29987.826        7.682   307.9      0.154      0.245      0.677     -0.193      0.066      0.060
22.1500      -29979.656   -29987.623        7.967   319.4     -0.158     -0.239      0.255     -0.053      0.015      0.508
22.2000      -29979.733   -29987.902        8.170   327.5      0.168     -0.876     -0.702      0.090      0.008     -0.041
22.2500      -29980.115   -29988.324        8.209   329.1     -0.833      0.008      0.223      0.157     -0.613     -0.214
22.3000      -29979.843   -29988.732        8.890   356.3     -0.147     -0.653     -0.547      0.329     -0.465     -0.184
22.3500      -29979.411   -29988.033        8.623   345.6     -0.309     -0.404     -0.591      0.027      0.015      0.622
22.4000      -29979.274   -29987.939        8.666   347.4      0.146     -0.292      0.128     -0.505      0.342      0.057
22.4500      -29979.315   -29987.809        8.494   340.5     -0.583     -0.514     -0.316      0.046     -0.105     -0.133
22.5000      -29979.683   -29988.426        8.743   350.5     -0.772      0.301      0.551      0.071     -0.170     -0.178
22.5500      -29980.056   -29988.996        8.940   358.3     -0.055      0.218      0.033     -0.192      0.372      0.319
22.6000      -29980.708   -29989.045        8.337   334.2     -0.275      0.713     -1.118     -0.244     -0.160      0.106
22.6500      -29980.721   -29988.916        8.195   328.5      0.259      0.078     -0.080     -0.059      0.022     -0.830
22.7000      -29980.371   -29989.428        9.056   363.0     -0.423      0.152     -0.385     -0.248      0.100      0.173
22.7500      -29980.391   -29988.578        8.188   328.2     -1.282     -0.438     -0.544     -0.003     -0.738     -0.263
22.8000      -29980.484   -29988.621        8.137   326.2      0.082      0.004     -0.556     -0.379      0.131      0.283
22.8500      -29980.435   -29988.898        8.463   339.2     -0.186     -0.751     -0.016     -0.150     -0.163      0.334
22.9000      -29980.160   -29988.178        8.018   321.4     -0.772     -0.964     -0.635      0.220     -0.223      0.348
22.9500      -29979.969   -29988.928        8.959   359.1     -0.051     -0.286     -0.700     -0.077     -0.021      0.290
23.0000      -29979.806   -29989.014        9.208   369.1     -0.757     -0.433     -0.875     -0.205      0.181      0.195
23.0500      -29980.057   -29988.982        8.925   357.8     -0.757     -0.585     -0.051     -0.244     -0.039     -0.345
23.1000      -29980.179   -29988.525        8.346   334.6      0.136     -0.505      0.184     -0.362      0.191      0.422
23.1500      -29979.664   -29988.023        8.359   335.1     -0.320      0.513     -0.112      0.358      0.093     -0.552
23.2000      -29979.363   -29987.643        8.280   331.9      0.084     -0.047      0.717      0.030      0.249      1.102
23.2500      -29979.596   -29987.285        7.689   308.2      0.026      0.191      0.033     -0.487     -0.114     -0.575
23.3000      -29979.141   -29987.795        8.654   346.9      0.052     -0.699      0.506      0.014      0.333      0.502
23.3500      -29979.625   -29987.439        7.815   313.3     -0.668      0.007     -0.826     -0.347      0.160     -0.206
23.4000      -29979.312   -29987.049        7.737   310.1     -1.186     -1.298     -0.947      0.119      0.101      0.068
23.4500      -29979.511   -29987.721        8.209   329.1      0.839      0.980     -0.744     -0.556     -0.117     -0.096
23.5000      -29979.589   -29988.514        8.925   357.8      0.181      0.063     -0.127     -0.082      0.321     -0.067
23.5500      -29979.547   -29988.031        8.485   340.1     -0.677      0.736      0.343      0.252     -0.195     -0.374
23.6000      -29979.018   -29988.256        9.238   370.3      0.296     -0.160      0.051      0.018     -0.102     -0.075
23.6500      -29978.729   -29986.793        8.064   323.3      0.625     -0.571      0.294     -0.462      0.022     -0.016
23.7000      -29978.879   -29987.750        8.871   355.6      0.072     -0.019     -0.596      0.362      0.142      0.072
23.7500      -29979.561   -29987.205        7.645   306.4     -0.588     -1.135     -0.633     -0.575      0.372      0.055
23.8000      -29979.759   -29988.479        8.719   349.5     -0.517     -0.424     -0.499      0.457     -0.045      0.430
23.8500      -29979.843   -29988.227        8.384   336.1     -0.290      0.310      0.700      0.066     -0.351     -0.176
23.9000      -29979.382   -29987.992        8.610   345.1      0.492     -0.601     -0.107      0.026     -0.255      0.278
23.9500      -29979.453   -29988.270        8.816   353.4      0.197     -0.795      0.240      0.193      0.039      0.068
24.0000      -29979.659   -29988.645        8.986   360.2     -0.244      0.299      0.408      0.117     -0.193     -0.132
24.0500      -29979.813   -29989.006        9.193   368.5     -0.244     -0.821     -0.355     -0.019     -0.030      0.804
24.1000      -29979.562   -29988.553        8.990   360.4      0.554      0.115     -0.329     -0.514     -0.141     -0.090
24.1500      -29979.157   -29988.482        9.325   373.8     -0.566     -0.593     -1.201     -0.113     -0.152     -0.020
24.2000      -29979.563   -29988.059        8.496   340.5     -1.123      0.022     -0.854     -0.627      0.131     -0.050
24.2500      -29979.836   -29988.014        8.178   327.8      0.274     -0.959      0.241      0.157     -0.266     -0.325
24.3000      -29979.173   -29988.021        8.848   354.7      0.083      0.049      0.742      0.119     -0.061     -0.294
24.3500      -29979.539   -29988.312        8.773   351.7      0.987     -0.371     -0.558     -0.398     -0.399      0.418
24.4000      -29979.724   -29988.209        8.485   340.1     -0.211     -0.517      0.057      0.406      0.124      0.406
24.4500      -29979.358   -29987.553        8.194   328.5      0.618     -0.413      0.813     -0.158     -0.595      0.030
24.5000      -29979.707   -29987.842        8.135   326.1      0.067     -0.680     -0.036      0.031      0.067     -0.464
24.5500      -29979.635   -29987.924        8.289   332.3     -0.217     -0.259      0.359     -0.518     -0.804      0.805
24.6000      -29979.792   -29987.832        8.040   322.3     -0.323      0.122      0.396      0.050     -0.522     -0.226
24.6500      -29980.023   -29987.863        7.840   314.3      0.417      0.589      0.135     -0.616     -0.255      0.195
24.7000      -29980.207   -29988.240        8.034   322.0     -0.749     -1.004     -0.872     -0.231      0.135     -0.193
24.7500      -29980.145   -29989.088        8.943   358.5      0.143     -0.512     -0.040     -0.045     -0.308     -0.501
24.8000      -29979.794   -29987.457        7.663   307.2      0.294     -0.118      0.831     -0.040     -0.203      1.032
24.8500      -29979.764   -29987.244        7.480   299.9     -0.133     -0.354     -0.344      0.204      0.069     -0.105
24.9000      -29978.878   -29986.744        7.866   315.3     -0.628     -0.344      0.764     -0.202     -0.211      0.302
24.9500      -29978.509   -29986.543        8.034   322.0     -0.211      0.306     -1.208      0.586      0.218      0.042
25.0000      -29978.958   -29987.848        8.890   356.4     -0.825     -0.730      0.023     -0.374     -0.127     -0.104
25.0500      -29979.180   -29987.408        8.229   329.8     -1.283     -0.668      0.003      0.041     -0.567     -0.522
25.1000      -29979.276   -29987.627        8.351   334.7     -0.497      0.267     -0.415     -0.325     -0.017     -0.093
25.1500      -29979.306   -29988.404        9.099   364.7      0.142     -0.340     -0.026     -0.511      0.566     -0.110
25.2000      -29979.537   -29988.188        8.650   346.7      0.290     -0.429      0.794      0.174      0.421     -0.090
25.2500      -29979.228   -29987.660        8.432   338.0     -0.960      0.151     -0.116     -0.409     -0.387     -0.288
25.3000      -29979.336   -29988.418        9.082   364.0     -0.007      0.273     -0.335      0.076      0.434     -0.610
25.3500      -29979.654   -29987.783        8.129   325.8      0.446      0.645      0.015     -0.040     -0.292      0.072
25.4000      -29980.240   -29988.623        8.383   336.0      0.878     -0.789      0.460      0.814     -0.390      0.400
25.4500      -29980.150   -29988.209        8.059   323.1     -0.338     -0.268     -0.481     -0.154      0.502     -0.159
25.5000      -29979.685   -29987.486        7.802   312.7     -0.609      0.190      0.336      0.165     -0.310     -0.141
25.5500      -29979.131   -29987.486        8.355   334.9     -0.392     -0.535     -0.558     -0.753      0.682     -0.551
25.6000      -29979.276   -29987.762        8.485   340.1      0.331      0.047     -0.250     -0.217      0.239     -0.071
25.6500      -29979.227   -29987.445        8.219   329.4     -0.591     -0.166     -0.333      0.327      0.070     -0.457
25.7000      -29978.939   -29987.174        8.235   330.1      1.396      0.110      0.668     -0.069     -0.298      0.202
25.7500      -29979.136   -29987.375        8.239   330.3     -0.921     -0.210     -0.439      0.396     -0.063     -0.285
25.8000      -29979.615   -29988.617        9.003   360.9     -0.193     -0.500     -0.063     -0.469      0.251      0.079
25.8500      -29979.772   -29988.094        8.322   333.6     -0.408     -0.082     -0.215      0.079      0.016      0.242
25.9000      -29980.003   -29988.771        8.769   351.5     -0.088     -0.612      0.054      0.294      0.552      0.018
25.9500      -29980.133   -29989.307        9.174   367.7      0.075      0.029     -0.919      0.177     -0.175      0.122
26.0000      -29980.430   -29988.629        8.199   328.7     -0.444     -1.307     -0.571     -0.514      0.503     -0.415
26.0500      -29980.510   -29989.158        8.648   346.7     -0.417     -0.077     -0.170      0.549     -0.321     -0.296
26.1000      -29980.286   -29988.705        8.419   337.5     -0.426     -0.570     -1.108     -0.297     -0.384     -0.091
26.1500      -29980.112   -29988.951        8.839   354.3      0.614     -0.036     -0.566     -0.062      0.512     -0.310
26.2000      -29980.464   -29988.979        8.514   341.3     -0.474      0.127      0.143      0.031     -0.789     -0.075
26.2500      -29980.627   -29988.709        8.082   324.0     -0.372     -0.006     -0.374      0.161     -0.016      0.693
26.3000      -29981.142   -29989.453        8.311   333.1     -0.973     -0.825     -0.176      0.296     -0.374      0.032
26.3500      -29981.033   -29989.256        8.223   329.6     -0.079      0.704     -1.269     -0.581     -0.404     -0.060
26.4000      -29981.247   -29989.135        7.888   316.2     -0.637     -0.905     -0.914      0.001     -0.191     -0.199
26.4500      -29981.047   -29988.297        7.250   290.6     -0.641      0.074     -0.705      0.465     -0.463     -0.356
26.5000      -29981.407   -29989.104        7.696   308.5      0.070      0.374     -0.583     -0.067      0.389     -0.210
26.5500      -29981.544   -29989.400        7.856   314.9     -0.408     -0.866      0.438     -0.106     -0.350     -0.179
26.6000      -29981.341   -29989.170        7.829   313.8     -0.846      0.431      0.233      0.282      0.460      0.155
26.6500      -29981.725   -29989.424        7.699   308.6     -0.210     -0.288      1.014      0.114     -0.032     -0.040
26.7000      -29981.381   -29989.354        7.972   319.6     -0.581     -0.163     -0.555     -0.244      0.027     -0.086
26.7500      -29981.194   -29988.898        7.704   308.8      0.158      0.086      0.306      0.118     -0.548      1.176
26.8000      -29981.089   -29989.162        8.073   323.6      0.347     -0.316     -0.440     -0.364      0.195     -0.170
26.8500      -29981.166   -29989.211        8.045   322.5     -0.371      0.025     -0.134      0.474     -0.199     -0.355
26.9000      -29981.219   -29989.285        8.066   323.3      0.753      0.908      1.073     -0.122     -0.770      0.370
26.9500      -29980.436   -29988.557        8.120   325.5      0.452      0.226     -0.546     -0.402     -1.053      0.041
27.0000      -29980.645   -29989.322        8.677   347.8     -0.453     -0.321      0.054      0.282      0.401     -0.089
27.0500      -29981.061   -29988.666        7.605   304.8      0.599      0.517     -0.820     -0.501     -0.012      0.405
27.1000      -29980.546   -29988.262        7.715   309.3     -0.510      0.127      0.155     -0.302      0.526     -0.047
27.1500      -29980.450   -29988.463        8.013   321.2      0.748      0.581      0.256     -0.183      0.049      0.097
27.2000      -29980.726   -29988.305        7.579   303.8     -0.397     -1.052      0.076     -0.738     -0.193     -0.097
27.2500      -29981.164   -29988.512        7.347   294.5     -0.174     -0.401     -0.343      0.416     -0.144      0.078
27.3000      -29981.324   -29988.617        7.293   292.3      0.446      1.336      0.597     -0.224      0.250     -0.434
27.3500      -29981.325   -29988.992        7.668   307.4      0.405     -0.215      0.664      0.087     -0.372      0.231
27.4000      -29981.497   -29989.529        8.032   322.0      0.162      0.511     -0.295     -0.211      0.008     -0.002
27.4500      -29981.525   -29989.305        7.780   311.9      1.100      0.065      0.061      0.087     -0.143     -0.104
27.5000      -29981.306   -29989.504        8.198   328.6     -1.387     -0.170     -0.302     -0.192      0.419     -0.218
27.5500      -29981.460   -29989.877        8.417   337.4     -0.783     -0.975     -0.439     -0.120      0.372      0.002
27.6000      -29981.920   -29989.355        7.436   298.1     -0.049      0.105     -0.607      0.079     -0.384      0.151
27.6500      -29982.610   -29989.680        7.070   283.4      0.412      1.123      0.549      0.236      0.212     -0.023
27.7000      -29982.655   -29989.771        7.117   285.3      0.823      0.117      0.357     -0.171     -0.015     -0.304
27.7500      -29982.491   -29990.279        7.788   312.2     -0.168      0.104     -0.538     -0.294      0.481     -0.181
27.8000      -29982.476   -29990.244        7.769   311.4      0.025     -1.052      1.209      0.034     -0.047     -0.069
27.8500      -29982.449   -29990.018        7.569   303.4      0.139     -0.329     -0.213      0.337      0.188      0.566
27.9000      -29982.229   -29990.195        7.966   319.3      0.348     -0.239      0.077     -0.024      0.487     -0.124
27.9500      -29982.277   -29989.756        7.479   299.8      0.101      0.060     -0.200      0.183      0.131     -0.111
28.0000      -29981.849   -29990.383        8.534   342.1      0.042     -0.448     -0.642      0.004      0.474     -0.254
28.0500      -29982.107   -29990.367        8.260   331.1     -0.089     -0.503      1.031     -0.501      0.140      0.036
28.1000      -29982.343   -29990.578        8.235   330.1      0.367     -0.121     -0.251     -0.239      0.078     -0.018
28.1500      -29981.937   -29990.318        8.381   336.0     -0.615      0.191      0.959     -0.501      0.008     -0.490
28.2000      -29982.492   -29989.529        7.037   282.1     -0.257      0.020      0.265      0.320     -0.083     -0.377
28.2500      -29982.531   -29989.799        7.267   291.3     -0.085     -0.556     -0.106      0.685     -0.459      0.409
28.3000      -29982.497   -29990.098        7.601   304.7      0.650      0.239      0.230     -0.420      0.409     -0.485
28.3500      -29982.722   -29990.096        7.374   295.6      0.395     -0.870      0.717      0.227      0.216      0.242
28.4000      -29982.399   -29990.289        7.890   316.3     -0.305      0.150      0.167     -0.045      0.179     -0.193
28.4500      -29982.033   -29989.793        7.760   311.1      0.745      0.249     -0.098      0.595     -0.385     -0.000
28.5000      -29981.643   -29989.666        8.023   321.6      0.052      0.537     -0.009     -0.110      0.276     -0.235
28.5500      -29981.442   -29989.852        8.410   337.1      0.011     -0.254     -0.156     -0.177     -0.046      0.041
28.6000      -29981.208   -29989.102        7.893   316.4     -0.725      0.005      0.511      0.165      0.395     -0.473
28.6500      -29981.868   -29989.395        7.527   301.7     -0.080     -0.107     -0.253      0.185     -0.171      0.031
28.7000      -29982.204   -29990.180        7.976   319.7     -0.680     -0.326      0.052     -0.117      0.394      0.289
28.7500      -29981.713   -29990.316        8.603   344.9      0.279     -1.074      0.943      0.154     -0.283     -0.011
28.8000      -29981.911   -29989.820        7.910   317.1     -0.804     -1.174     -0.976     -0.017     -0.031      0.522
28.8500      -29981.649   -29989.840        8.191   328.3     -0.799     -0.728      0.572      0.212      0.444      0.524
28.9000      -29981.165   -29989.643        8.478   339.8      0.114     -0.377     -0.279      0.263     -0.197      0.163
28.9500      -29981.372   -29989.807        8.434   338.1     -0.450     -0.423     -0.416      0.010     -0.062      0.069
29.0000      -29981.482   -29989.307        7.825   313.6     -0.027     -1.603     -0.400     -0.278      0.337      0.180
29.0500      -29981.686   -29989.631        7.945   318.5     -0.813     -0.192      0.398      0.214     -0.274     -0.401
29.1000      -29981.116   -29989.496        8.380   335.9     -0.109      0.388      0.334      0.251      0.226     -0.012
29.1500      -29980.843   -29989.312        8.469   339.5     -0.976     -0.387      0.453     -0.207      0.475      0.107
29.2000      -29980.971   -29989.992        9.021   361.6     -0.116      0.003     -0.402     -0.295     -0.267      0.266
29.2500      -29980.573   -29989.488        8.915   357.4     -0.212     -1.061     -0.608      0.323     -0.370      0.188
29.3000      -29980.406   -29989.320        8.914   357.3     -0.211     -1.373     -0.549     -0.195      0.477     -0.541
29.3500      -29980.345   -29988.643        8.298   332.6     -1.060     -0.044     -0.445     -0.403      0.180     -0.914
29.4000      -29980.410   -29989.330        8.920   357.5     -0.242      0.090     -0.406     -0.226      0.321      0.144
29.4500      -29980.325   -29989.512        9.187   368.2      0.855     -0.306     -0.636      0.180      0.448     -0.535
29.5000      -29980.306   -29989.176        8.869   355.5      0.291     -0.297      0.553     -0.189     -0.046      0.541
29.5500      -29980.824   -29989.207        8.383   336.0      0.153      0.629      0.034     -0.355     -0.087      0.085
29.6000      -29980.784   -29988.920        8.136   326.1     -0.273     -0.111     -0.103     -0.099      0.011      0.191
29.6500      -29981.697   -29989.066        7.370   295.4     -0.039     -0.247     -0.590      0.054      0.367      0.046
29.7000      -29981.999   -29988.832        6.833   273.9      0.665      0.634      0.459      0.427      0.264      0.204
29.7500      -29981.783   -29990.178        8.395   336.5      0.996      0.887      0.693     -0.124      0.300      0.391
29.8000      -29981.749   -29990.291        8.542   342.4      0.176     -0.203      0.458      0.401      0.251      0.478
29.8500      -29981.404   -29989.318        7.914   317.2      0.316     -1.248     -0.908     -0.065      0.202     -0.318
29.9000      -29981.215   -29989.010        7.795   312.5      0.667     -0.265      0.173      0.404     -0.010      0.422
29.9500      -29981.155   -29989.213        8.058   323.0     -0.760     -0.611     -0.289      0.075     -0.565      0.411
30.0000      -29981.365   -29989.697        8.332   334.0     -0.461      0.643     -0.344     -0.578      0.591     -0.039
30.0500      -29981.410   -29989.516        8.105   324.9      0.227     -0.327     -0.061     -0.342     -0.522     -0.198
30.1000      -29980.947   -29988.850        7.903   316.8      0.358      0.189      0.045      0.695      0.060      0.438
30.1500      -29980.748   -29989.301        8.553   342.8      0.489      0.738      0.947      0.215      0.362     -0.029
30.2000      -29981.276   -29989.381        8.105   324.9      0.029     -0.058     -0.802     -0.527      0.447     -0.311
30.2500      -29981.485   -29989.869        8.384   336.1     -0.640     -0.338     -0.114      0.218     -0.443      0.264
30.3000      -29982.223   -29989.539        7.317   293.3      0.261      0.326      1.118      0.052      0.349     -0.733
30.3500      -29981.607   -29989.141        7.534   302.0      0.708     -0.042      0.476      0.231      0.005     -0.320
30.4000      -29981.497   -29988.963        7.466   299.3      0.145      0.271      1.201      0.229      0.293      0.451
30.4500      -29981.604   -29989.289        7.685   308.1      0.143      0.077     -0.008     -0.002     -0.280     -0.297
30.5000      -29981.022   -29988.383        7.361   295.1      0.267      0.281      0.092      0.302      0.528      0.365
30.5500      -29981.088   -29989.205        8.117   325.4      0.003      0.351      0.710     -0.591     -0.031      0.059
30.6000      -29981.255   -29988.832        7.577   303.7      0.562     -0.795     -0.952      0.156     -0.192     -0.677
30.6500      -29981.455   -29989.340        7.885   316.1     -0.412     -0.571     -1.110     -0.525     -0.202      0.032
30.7000      -29981.495   -29989.801        8.305   332.9     -0.422     -0.682     -0.028     -0.003      0.369      0.519
30.7500      -29981.165   -29989.582        8.417   337.4      0.293     -0.162     -0.370      0.073      0.128     -0.230
30.8000      -29981.360   -29989.811        8.451   338.7     -0.709      0.323     -0.301      0.293     -0.071     -0.275
30.8500      -29981.170   -29988.951        7.781   311.9      0.295     -0.341     -0.192     -0.147     -0.065      0.379
30.9000      -29980.951   -29989.701        8.751   350.8     -0.323     -0.129     -0.060      0.649     -0.039     -0.431
30.9500      -29981.153   -29989.100        7.946   318.5     -0.364      0.301      0.373     -0.026     -0.652      0.352
31.0000      -29981.005   -29989.684        8.679   347.9     -0.638     -0.035     -0.171      0.622      0.562     -0.259
31.0500      -29980.908   -29988.502        7.593   304.4     -0.151     -0.100     -0.270      0.196     -0.524     -0.155
31.1000      -29981.332   -29989.184        7.851   314.7     -0.329     -0.353     -0.761     -0.493      0.431      0.505
31.1500      -29981.229   -29989.830        8.601   344.8     -0.468     -0.355      0.260      0.290     -0.516      0.032
31.2000      -29981.033   -29988.895        7.862   315.1     -0.934     -0.411     -0.723     -0.420      0.148     -0.188
31.2500      -29980.451   -29989.150        8.700   348.7     -0.902     -1.202     -0.873     -0.438     -0.069     -0.336
31.3000      -29980.611   -29989.137        8.526   341.7     -1.081     -1.347     -1.156     -0.394      0.416      0.045
31.3500      -29980.548   -29988.342        7.794   312.4      0.822     -0.801      0.178      0.387      0.167      0.099
31.4000      -29981.321   -29989.250        7.929   317.8     -0.147     -0.239     -0.389      0.036     -0.051      0.299
31.4500      -29982.018   -29990.064        8.046   322.5     -0.410     -1.444     -0.194      0.046      0.438      0.201
31.5000      -29982.426   -29990.473        8.046   322.5     -1.139     -0.524     -0.127      0.023      0.265      0.226
31.5500      -29982.717   -29990.436        7.719   309.4      0.184     -0.713      0.510      0.364     -0.118     -0.494
31.6000      -29982.564   -29989.998        7.434   298.0     -0.227      1.157     -0.243     -0.083      0.223     -0.459
31.6500      -29982.560   -29990.803        8.243   330.4     -0.325     -1.217      0.316      0.345     -0.597      0.698
31.7000      -29982.444   -29989.760        7.315   293.2     -0.495     -0.648     -0.151     -0.109      0.341     -0.741
31.7500      -29982.068   -29990.141        8.073   323.6     -0.969     -0.617     -0.576     -0.069     -0.293      0.029
31.8000      -29981.766   -29990.320        8.555   342.9     -0.817     -0.767     -0.934     -0.304     -0.153     -0.452
31.8500      -29981.814   -29989.146        7.332   293.9     -0.670     -1.315     -0.115      0.069      0.026      0.010
31.9000      -29981.913   -29989.152        7.240   290.2     -0.723      0.642     -0.120     -0.304     -0.113     -0.136
31.9500      -29981.702   -29989.422        7.720   309.5     -1.633     -1.073     -0.612      0.456     -0.055     -0.039
32.0000      -29981.917   -29989.590        7.673   307.6     -0.740      0.200     -0.465      0.448     -0.480      0.210
32.0500      -29981.642   -29989.670        8.028   321.8     -0.503      0.591     -0.426      0.396      0.179     -0.353
32.1000      -29981.528   -29989.812        8.285   332.1     -0.421     -0.300      0.025     -0.139      0.187      0.019
32.1500      -29980.885   -29989.365        8.481   339.9     -0.592     -0.158     -0.204      0.076     -0.236     -0.578
32.2000      -29980.906   -29988.869        7.963   319.2      0.446      0.179     -0.408     -0.595      0.433      0.685
32.2500      -29980.450   -29989.004        8.554   342.9     -1.488     -0.667     -0.517      0.357      0.059     -0.317
32.3000      -29979.980   -29989.023        9.043   362.5     -0.245     -0.180     -0.693      0.050     -0.073      0.242
32.3500      -29979.667   -29987.936        8.269   331.4     -0.616     -0.617     -0.427      0.180      0.303     -0.185
32.4000      -29979.667   -29988.852        9.185   368.2      0.926      0.383      0.001      0.454     -0.289     -0.371
32.4500      -29979.468   -29988.496        9.028   361.9      0.459     -0.625     -0.318     -0.266      0.193     -0.112
32.5000      -29978.624   -29988.486        9.863   395.3     -0.898     -0.092     -0.088      0.720      0.595      0.339
32.5500      -29979.133   -29988.395        9.262   371.3     -0.256     -0.569     -0.245      0.287     -0.441     -0.505
32.6000      -29979.825   -29988.422        8.596   344.6     -0.165      0.369     -1.047      1.180      0.135      0.455
32.6500      -29979.737   -29988.119        8.382   336.0     -0.072     -0.229      0.094      0.239     -0.735      0.028
32.7000      -29980.314   -29988.826        8.512   341.2     -0.269     -0.888      0.212     -0.002     -0.501      0.382
32.7500      -29980.584   -29989.467        8.883   356.1     -0.420     -0.190      0.172     -0.301     -0.142      0.167
32.8000      -29980.951   -29989.150        8.200   328.7      0.267      0.253     -0.152      0.183      0.192      0.182
32.8500      -29981.106   -29988.674        7.568   303.3      0.344     -0.153      0.072      0.323     -0.296      0.981
32.9000      -29980.903   -29988.557        7.654   306.8      0.036     -1.032     -0.399      0.579      0.390      0.329
32.9500      -29980.816   -29989.518        8.702   348.8     -0.718      0.387      0.783     -0.256     -0.359      0.407
33.0000      -29980.303   -29988.145        7.841   314.3      0.146     -0.465     -0.463      0.618      0.371     -0.353
33.0500      -29980.351   -29988.588        8.237   330.2     -0.450      0.399      0.532     -0.230     -0.551      0.323
33.1000      -29980.158   -29988.994        8.837   354.2     -0.385      1.037      0.161     -0.480     -0.393     -0.456
33.1500      -29979.912   -29988.553        8.640   346.4     -0.376     -0.732     -0.774      0.127     -0.328      0.532
33.2000      -29980.516   -29988.910        8.394   336.5      0.124      0.068      0.205      0.159      0.023     -0.394
33.2500      -29980.015   -29989.020        9.005   360.9     -0.504     -0.864     -0.968     -0.486      0.306      0.080
33.3000      -29980.567   -29988.236        7.669   307.4      0.228      0.272     -0.039     -0.164      0.261     -0.447
33.3500      -29980.643   -29988.617        7.974   319.6      0.127     -0.074      0.011     -0.092      0.135      0.109
33.4000      -29980.645   -29988.252        7.607   304.9      0.490      0.077      0.412      0.102      0.564     -0.216
33.4500      -29981.265   -29988.775        7.510   301.0     -0.128     -0.151     -0.636     -0.494      0.007     -0.002
33.5000      -29981.649   -29989.695        8.046   322.5     -0.430      0.524     -0.086      0.302      0.173     -0.656
33.5500      -29981.483   -29989.529        8.047   322.5      0.383     -0.671     -0.300     -0.345      0.224      0.652
33.6000      -29982.147   -29989.561        7.414   297.2     -0.838     -0.155      0.046      0.078     -0.050      0.284
33.6500      -29982.232   -29989.564        7.332   293.9      0.467      0.132     -1.086      0.560      0.250      0.223
33.7000      -29982.237   -29990.312        8.076   323.7      0.323     -0.340     -0.316      0.218      0.436      0.263
33.7500      -29981.964   -29990.131        8.167   327.4      0.513      0.526     -0.351      0.308      0.059      0.281
33.8000      -29981.632   -29989.301        7.668   307.4      0.401     -0.006      0.141     -0.061      0.203     -0.357
33.8500      -29982.069   -29989.607        7.539   302.2     -0.110     -0.435     -1.001      0.149      0.050      0.267
33.9000      -29982.246   -29990.131        7.885   316.1     -0.479     -0.666      0.626      0.382      0.299     -0.060
33.9500      -29982.644   -29990.098        7.454   298.8      0.508      0.333      0.173     -0.086     -0.163      0.430
34.0000      -29982.575   -29989.535        6.961   279.0     -0.475     -0.430      0.269      0.421     -0.282      0.095
34.0500      -29982.196   -29990.342        8.146   326.5     -0.813      0.093      0.672     -0.589      0.294     -0.010
34.1000      -29982.333   -29990.070        7.737   310.2      0.187     -0.524     -0.621      0.299     -0.271      0.286
34.1500      -29982.461   -29990.152        7.691   308.3      0.456      0.357     -0.413      0.023      0.326     -0.051
34.2000      -29982.326   -29989.938        7.612   305.1     -0.249      0.923     -0.465     -0.172      0.076      0.341
34.2500      -29982.478   -29989.918        7.440   298.2     -0.200      0.380      0.248      0.004      0.125     -0.615
34.3000      -29982.837   -29990.303        7.466   299.3     -0.110     -0.310     -0.242     -0.024      0.344      0.297
34.3500      -29982.062   -29990.082        8.020   321.5     -0.419     -0.137     -0.302      0.493     -0.140      0.361
34.4000      -29981.545   -29989.664        8.119   325.4      0.062     -0.177     -0.135      0.706     -0.067      0.457
34.4500      -29981.714   -29989.504        7.790   312.3     -0.387      0.246     -0.418      0.170      0.138      0.472
34.5000      -29981.772   -29989.504        7.732   309.9     -0.724     -1.078     -0.622     -0.424     -0.024      0.146
34.5500      -29981.983   -29989.826        7.843   314.4     -1.201     -0.340      0.311     -0.426      0.473     -0.069
34.6000      -29981.449   -29989.719        8.270   331.5      0.570      0.144      0.130     -0.142     -0.474      0.375
34.6500      -29981.965   -29990.154        8.189   328.3      0.423     -0.095     -0.349      0.268     -0.061      0.170
34.7000      -29981.774   -29989.656        7.883   316.0      0.076      0.469     -0.239     -0.171     -0.145     -0.101
34.7500      -29981.718   -29990.113        8.395   336.5      0.723      0.294      0.549      0.098      0.606      0.309
34.8000      -29981.759   -29989.189        7.431   297.9      1.141      0.157     -0.342      0.148     -0.480     -0.321
34.8500      -29981.754   -29989.150        7.397   296.5     -1.600     -0.085     -0.194     -0.313     -0.016      0.213
34.9000      -29981.744   -29989.707        7.963   319.2     -0.603      0.254     -0.742     -0.145      0.181      0.160
34.9500      -29981.578   -29989.646        8.068   323.4     -1.196     -0.967     -0.371      0.048      0.130     -0.306
35.0000      -29981.771   -29988.846        7.075   283.6     -0.593     -0.429      0.011     -0.054      0.100     -0.013
35.0500      -29981.516   -29989.291        7.775   311.7     -0.163     -0.058     -0.294      0.312      0.031      0.125
35.1000      -29981.010   -29989.016        8.006   320.9     -0.331      0.295     -0.639     -0.782      0.421     -0.341
35.1500      -29980.715   -29988.369        7.654   306.8      0.438     -0.514     -0.701      0.336     -0.033      0.148
35.2000      -29980.491   -29988.436        7.945   318.5      0.274      0.043      0.463     -0.222      0.255     -0.058
35.2500      -29980.164   -29988.301        8.137   326.2     -0.412      0.959     -0.647     -0.110      0.043     -0.653
35.3000      -29979.932   -29988.656        8.724   349.7     -0.513      0.266      0.418     -0.198      0.301      0.007
35.3500      -29979.989   -29988.496        8.507   341.0     -0.304     -0.834     -0.950      0.121     -0.050      0.495
35.4000      -29980.997   -29988.758        7.761   311.1     -0.339      0.320     -0.040      0.584     -0.424     -0.822
35.4500      -29980.845   -29988.521        7.677   307.7      0.159     -0.142     -0.605     -0.241      0.785      0.235
35.5000      -29981.001   -29988.877        7.875   315.7      0.728      0.257      0.030     -0.026      0.180      0.045
35.5500      -29981.175   -29988.943        7.769   311.4     -0.074      0.822      0.288     -0.051     -0.304     -0.435
35.6000      -29980.836   -29988.008        7.171   287.5      1.462      0.414      0.454     -0.476      0.105     -0.139
35.6500      -29980.468   -29988.266        7.798   312.6     -0.006     -0.170      0.816     -0.436      0.015     -0.108
35.7000      -29980.345   -29988.475        8.129   325.9      0.521      0.008      0.376      1.167     -0.449     -0.806
35.7500      -29980.063   -29988.045        7.982   320.0     -0.433     -1.003     -1.252     -0.239     -0.221     -0.273
35.8000      -29980.311   -29988.600        8.289   332.2     -0.593     -0.089     -0.225      0.085     -0.104     -0.043
35.8500      -29980.394   -29988.939        8.546   342.6     -0.159     -0.245     -0.365     -0.413     -0.724     -0.002
35.9000      -29980.228   -29988.799        8.570   343.5     -0.751     -0.329     -0.215     -0.108      0.247      0.149
35.9500      -29979.658   -29988.559        8.900   356.8      0.186     -0.700      0.492      0.201     -0.055     -0.078
36.0000      -29979.662   -29988.701        9.039   362.3     -0.297     -0.627      0.538     -0.049     -0.204      0.530
36.0500      -29980.052   -29988.322        8.270   331.5     -0.040      0.090     -0.035      0.071      0.382      0.176
36.1000      -29980.201   -29988.342        8.141   326.3      0.576      0.361      0.730      0.029     -0.341     -0.266
36.1500      -29980.271   -29988.504        8.233   330.0     -0.116     -0.146      0.530     -0.421      0.238      0.038
36.2000      -29979.978   -29988.311        8.332   334.0     -0.158      0.853      0.242     -0.351     -0.160      0.805
36.2500      -29980.259   -29988.453        8.194   328.5     -0.367     -0.460      0.693     -0.175     -0.423     -0.068
36.3000      -29979.909   -29988.424        8.515   341.3      0.157      0.009     -0.658     -0.320      0.013     -0.155
36.3500      -29980.046   -29988.424        8.378   335.8     -0.814      0.392     -0.289     -0.189     -0.330      0.307
36.4000      -29980.175   -29989.133        8.958   359.1      0.056     -1.003     -0.828      0.275     -0.373     -0.218
36.4500      -29979.779   -29988.355        8.577   343.8     -0.177     -0.094     -0.230      0.198     -0.249      0.652
36.5000      -29979.134   -29988.293        9.159   367.1     -0.133     -0.651     -0.682     -0.197      0.107     -0.212
36.5500      -29979.735   -29988.385        8.650   346.7     -0.946     -0.527      0.027      0.390      0.723     -0.006
36.6000      -29980.114   -29988.650        8.537   342.2     -0.502      0.431     -0.982      0.167      0.313      0.346
36.6500      -29980.320   -29989.221        8.901   356.8     -0.886     -0.381     -0.536     -0.624      0.565     -0.000
36.7000      -29980.960   -29988.629        7.669   307.4     -0.133     -0.866      0.384     -0.037     -0.305     -0.220
36.7500      -29981.198   -29989.012        7.814   313.2     -1.493     -0.355     -0.612     -0.348     -0.291      0.051
36.8000      -29980.813   -29988.998        8.185   328.1     -1.022     -0.188      0.163      0.601      0.037      0.223
36.8500      -29981.182   -29988.660        7.478   299.7     -0.351     -0.662     -0.155      0.008      0.176     -0.038
36.9000      -29980.655   -29988.945        8.290   332.3     -0.462     -0.228      0.574     -0.195     -0.480      0.481
36.9500      -29981.116   -29988.928        7.812   313.1      0.098      0.347      0.051     -0.407      0.494     -0.035
37.0000      -29981.442   -29989.514        8.072   323.5      0.191      0.792      0.153     -0.124     -0.047      0.357
37.0500      -29981.255   -29989.445        8.190   328.3     -0.563     -0.459     -0.444     -0.395      0.032      0.032
37.1000      -29981.447   -29989.420        7.973   319.6     -0.343      0.309     -0.313     -0.070     -0.153     -0.180
37.1500      -29981.191   -29989.303        8.112   325.2     -0.058     -0.437      0.086     -0.081      0.506      0.664
37.2000      -29981.361   -29989.705        8.344   334.5     -1.140     -0.493     -0.786      0.207     -0.248      0.032
37.2500      -29981.640   -29988.848        7.208   288.9     -0.081      0.044     -0.920      0.124      0.239      0.098
37.3000      -29981.283   -29988.607        7.324   293.6     -0.003     -0.085      0.663     -0.312     -0.054      0.086
37.3500      -29981.000   -29989.604        8.604   344.9     -0.161     -0.382     -0.403      0.510      0.372     -0.225
37.4000      -29981.455   -29989.887        8.432   338.0     -1.105      0.112     -0.455     -0.626      0.209      0.073
37.4500      -29981.416   -29989.996        8.580   343.9      0.068     -0.612      0.350      0.213     -0.005     -0.117
37.5000      -29981.541   -29989.658        8.117   325.4      0.103      0.860      0.572      0.140      0.257      0.706
37.5500      -29981.686   -29989.066        7.380   295.8      0.777      0.774      0.345      0.117      0.274      0.120
37.6000      -29981.530   -29988.971        7.441   298.3     -0.066      0.237      0.124     -0.072     -0.000      0.180
37.6500      -29981.086   -29989.410        8.324   333.7     -0.282     -0.731     -0.477      0.006     -0.018      0.211
37.7000      -29981.081   -29989.021        7.940   318.3      0.231      0.767      0.473      0.223      0.136      0.351
37.7500      -29980.617   -29988.539        7.922   317.5      0.813     -0.251      0.990     -0.131      0.333      0.145
37.8000      -29980.992   -29987.922        6.930   277.8     -0.705     -0.302     -0.428      0.240      0.191      0.495
37.8500      -29981.003   -29988.332        7.329   293.8      0.644     -0.428     -0.469     -0.066     -0.256     -0.125
37.9000      -29980.546   -29988.604        8.058   323.0      0.024      0.228      0.360      0.151     -0.650     -0.252
37.9500      -29980.231   -29987.826        7.595   304.5      1.316     -0.202     -0.449     -0.117     -0.196      0.351
38.0000      -29980.588   -29988.592        8.004   320.8      0.256      0.167      0.961      0.580      0.216      0.867
38.0500      -29980.502   -29987.967        7.465   299.2      0.372     -0.391     -0.164     -0.112     -0.000      0.070
38.1000      -29980.340   -29988.090        7.750   310.7     -0.277      0.117      0.603     -0.313      0.009     -0.222
38.1500      -29980.012   -29988.322        8.310   333.1      0.026      0.458      0.398      0.319      0.383      0.129
38.2000      -29979.820   -29987.232        7.412   297.1     -0.170     -0.162     -0.598      0.633      0.022     -0.137
38.2500      -29980.083   -29988.439        8.356   334.9      0.496      0.147      0.437     -0.308      0.094     -0.187
38.3000      -29980.547   -29988.088        7.541   302.3     -0.197      0.007     -0.811      0.000      0.319     -0.258
38.3500      -29980.753   -29988.639        7.886   316.1     -0.167      0.494     -0.977     -0.407      0.265     -0.002
38.4000      -29981.061   -29989.377        8.316   333.3      0.456     -0.049     -0.077     -0.054     -0.337     -0.101
38.4500      -29981.040   -29989.424        8.384   336.1     -0.865     -1.617     -1.058     -0.076     -0.010      0.063
38.5000      -29980.297   -29988.357        8.061   323.1     -1.259     -1.673     -0.784      0.434      0.155      0.020
38.5500      -29980.186   -29988.318        8.133   326.0      0.040      0.081     -0.227      0.100      0.737     -0.334
38.6000      -29980.218   -29988.418        8.200   328.7     -0.155     -0.326      0.013      0.369     -0.343      0.003
38.6500      -29980.204   -29987.814        7.610   305.0     -0.493      0.748     -0.654      0.177      0.498     -0.026
38.7000      -29980.257   -29987.912        7.656   306.9     -0.545     -0.197     -1.353      0.263      0.824     -0.027
38.7500      -29980.025   -29988.213        8.188   328.2      0.003     -0.278     -1.215      0.169      0.308      0.205
38.8000      -29980.141   -29987.918        7.777   311.7     -0.267      0.227     -0.106      0.005     -0.518     -0.390
38.8500      -29979.709   -29988.287        8.578   343.9     -0.157     -0.526     -0.799      0.117     -0.109      0.522
38.9000      -29979.818   -29988.311        8.493   340.4      0.997     -0.031      0.012     -0.028      0.022      0.561
38.9500      -29979.541   -29988.436        8.894   356.5     -0.598      0.523     -0.068     -0.245     -0.100     -0.060
39.0000      -29979.490   -29987.879        8.389   336.3      0.471     -0.649      0.008      0.135     -0.233      0.184
39.0500      -29979.514   -29988.402        8.888   356.3     -0.030      0.136     -0.237     -0.184      0.072      0.109
39.1000      -29979.905   -29988.289        8.384   336.1      0.646     -0.039      1.105     -0.039      0.143      0.085
39.1500      -29979.422   -29988.469        9.047   362.6      0.267      0.262     -0.091     -0.419      0.282     -0.221
39.2000      -29978.972   -29987.822        8.851   354.8     -0.126      0.170      0.292     -0.646     -0.761      0.370
39.2500      -29979.641   -29987.852        8.211   329.1      0.052     -0.633      0.031      0.170      0.255     -0.077
39.3000      -29979.640   -29988.127        8.486   340.2     -0.015      0.052      0.521      0.101     -0.741     -0.117
39.3500      -29979.630   -29988.973        9.343   374.5     -0.342     -0.039      0.316     -0.416     -0.231     -0.057
39.4000      -29980.172   -29988.713        8.541   342.4      0.039      0.042     -0.046      0.387      0.187      0.062
39.4500      -29980.268   -29988.490        8.222   329.6     -0.349      0.339     -0.267      0.407      0.221     -0.058
39.5000      -29980.117   -29988.855        8.739   350.3     -0.170     -0.481      0.047      0.792     -0.172      0.016
39.5500      -29980.544   -29988.441        7.898   316.6     -0.175     -0.421     -0.785      0.049     -0.155      0.055
39.6000      -29980.232   -29988.947        8.716   349.4     -1.032     -0.964     -0.205     -0.501     -0.129      0.297
39.6500      -29980.206   -29988.391        8.185   328.1     -0.971     -0.692     -1.024      0.802     -0.252     -0.123
39.7000      -29981.124   -29989.469        8.344   334.5     -0.731     -0.221     -0.526      0.013     -0.445      0.143
39.7500      -29981.747   -29989.502        7.755   310.9      0.125     -0.707     -0.301     -0.047     -0.176     -0.334
39.8000      -29981.556   -29988.691        7.135   286.0     -0.472     -0.402     -0.194     -0.249     -0.022      0.041
39.8500      -29981.431   -29989.502        8.071   323.5     -0.023      0.296     -0.145      0.285     -0.553     -0.016
39.9000      -29981.829   -29989.109        7.280   291.8     -0.385      0.147      0.049     -0.771      0.791      0.120
39.9500      -29981.501   -29989.020        7.518   301.4      0.040     -0.822      0.632      0.349      0.224      0.330
40.0000      -29981.366   -29988.877        7.511   301.1     -0.180     -0.202     -0.274      0.169     -0.039     -0.031
