Time[ps]      Etot[eV]     Epot[eV]     Ekin[eV]    T[K]      ---------------------- stress [GPa] -----------------------
0.0000       -29981.249   -29989.521        8.272   331.6     -0.666     -0.043     -0.575      0.376     -0.550     -0.205
0.0500       -29980.875   -29989.273        8.398   336.6     -0.095     -0.529     -0.616      0.297     -0.223      0.667
0.1000       -29981.036   -29989.188        8.151   326.7     -2.263     -0.669      0.103      0.221     -0.263      0.306
0.1500       -29981.113   -29990.045        8.932   358.0     -0.567     -0.104      0.081      0.777      0.011     -0.062
0.2000       -29981.410   -29989.602        8.192   328.4     -0.688     -0.326     -0.673     -0.225     -0.050     -0.404
0.2500       -29981.227   -29989.566        8.339   334.3     -1.809     -0.896     -1.077      0.260     -0.350     -0.383
0.3000       -29981.914   -29989.852        7.937   318.2     -0.686     -0.647     -0.037      0.262     -0.323      0.094
0.3500       -29981.452   -29989.541        8.089   324.2      0.279      0.290      0.418      0.019      0.439      0.795
0.4000       -29981.546   -29989.221        7.675   307.6      0.479     -0.184      0.067      0.074     -0.266     -0.520
0.4500       -29981.140   -29989.592        8.452   338.8      0.436     -0.037      0.392     -0.476     -0.176      0.109
0.5000       -29980.605   -29988.654        8.049   322.7      0.063     -0.755     -1.466      0.263      0.399      0.340
0.5500       -29980.348   -29988.738        8.390   336.3      0.075     -0.822      0.247     -0.032     -0.338      0.276
0.6000       -29979.534   -29988.402        8.868   355.5     -0.367     -0.053     -0.263     -0.054      0.335      0.316
0.6500       -29979.690   -29988.674        8.983   360.1     -0.354     -0.286      0.101      0.305      0.128      0.420
0.7000       -29980.025   -29987.416        7.391   296.3     -0.353     -0.112      0.443     -1.013     -0.354     -0.093
0.7500       -29979.724   -29988.496        8.772   351.6      0.070      0.289      0.647      0.005      0.111      0.029
0.8000       -29979.824   -29988.318        8.494   340.5     -0.262      0.731      0.282      0.083     -0.018      0.668
0.8500       -29979.380   -29988.172        8.791   352.4      0.490     -0.208      0.262     -0.444      0.185      0.489
0.9000       -29979.946   -29988.590        8.644   346.5      0.245     -0.078      0.735     -0.336     -0.238     -0.319
0.9500       -29979.669   -29987.727        8.058   323.0     -0.349     -0.839     -1.043      0.547     -0.764      0.728
1.0000       -29979.493   -29987.729        8.235   330.1     -0.774      0.245      0.228     -0.087      0.486      0.523
1.0500       -29978.908   -29987.852        8.943   358.5      0.436     -1.077     -0.122      0.085      0.127      0.768
1.1000       -29978.751   -29987.928        9.177   367.8     -0.618      0.236     -0.386      0.738     -0.287      0.094
1.1500       -29979.037   -29988.309        9.272   371.6      0.543     -0.672     -0.716     -0.501      0.503      0.375
1.2000       -29979.682   -29989.086        9.404   377.0     -0.168      0.517     -0.463     -0.380     -0.121      0.140
1.2500       -29979.649   -29988.367        8.718   349.5     -0.217     -0.070      0.551      0.289     -0.493     -0.330
1.3000       -29980.403   -29988.158        7.756   310.9      0.497     -0.327     -0.386      0.301      0.951     -0.239
1.3500       -29980.427   -29987.973        7.545   302.5      0.327     -0.275      0.149     -0.741     -0.233     -0.590
1.4000       -29980.084   -29988.598        8.514   341.3      0.160     -0.767     -0.571      0.094      0.141      0.129
1.4500       -29980.131   -29988.725        8.593   344.5      0.190      0.077      0.014      0.126      0.103     -0.779
1.5000       -29980.315   -29989.018        8.703   348.9     -0.207     -0.279     -0.783     -0.115      0.501      0.419
1.5500       -29980.596   -29988.771        8.176   327.7     -0.207     -0.271     -0.998      0.136      0.804     -0.190
1.6000       -29980.493   -29988.283        7.790   312.3     -0.714     -0.716     -1.205     -0.132     -0.597      0.011
1.6500       -29980.200   -29988.889        8.688   348.3     -0.488     -0.626     -0.352      0.689      0.001      0.305
1.7000       -29981.008   -29988.799        7.791   312.3     -0.338      0.523     -0.027     -0.552      0.385     -0.360
1.7500       -29980.885   -29989.307        8.421   337.6      0.043     -0.191      1.593     -0.114     -0.498     -0.219
1.8000       -29980.913   -29989.123        8.210   329.1     -0.068      0.238     -0.220     -0.077      0.003      0.398
1.8500       -29980.874   -29989.400        8.526   341.8     -0.204     -0.308     -0.256      0.291     -0.113     -0.324
1.9000       -29981.132   -29989.082        7.950   318.7     -0.030     -0.818     -0.062     -0.349     -0.500     -0.001
1.9500       -29981.744   -29989.363        7.620   305.4     -0.760      0.130      0.478     -0.017     -0.317      0.239
2.0000       -29982.170   -29989.760        7.589   304.2      0.570     -1.223     -0.151     -0.402      0.163      0.047
2.0500       -29982.024   -29989.746        7.722   309.6     -0.738      0.259      0.427     -0.196     -0.002     -0.216
2.1000       -29981.866   -29989.527        7.662   307.1     -0.520     -1.117     -0.049     -0.358     -0.132     -0.245
2.1500       -29982.056   -29989.656        7.600   304.7      0.127     -0.362      0.383      0.151      0.548      0.496
2.2000       -29981.639   -29990.043        8.404   336.9      0.929      0.019      0.628     -0.268      0.012      0.397
2.2500       -29981.520   -29989.305        7.785   312.1     -1.723     -0.170     -0.332      0.128     -0.426      0.203
2.3000       -29982.181   -29989.713        7.532   301.9     -0.456     -0.177      0.417     -0.382      0.094      0.047
2.3500       -29981.844   -29989.389        7.545   302.4     -0.391     -0.601     -1.299      0.383     -0.242     -0.472
2.4000       -29981.996   -29989.363        7.367   295.3     -0.042     -0.510      0.145     -0.343      0.275     -0.011
2.4500       -29982.106   -29990.074        7.969   319.4     -0.438     -0.335     -1.142      0.334     -0.287     -0.681
2.5000       -29982.353   -29989.715        7.362   295.1     -0.177     -0.533      0.606     -0.628     -0.782      0.041
2.5500       -29981.498   -29989.578        8.081   323.9     -0.227      0.566     -1.149      0.549     -0.225     -0.018
2.6000       -29981.671   -29989.541        7.870   315.5     -0.104     -1.252     -0.529      0.279     -0.201     -0.246
2.6500       -29982.292   -29990.115        7.823   313.6      0.140     -0.076     -0.470      0.488     -0.150     -0.455
2.7000       -29982.009   -29989.992        7.984   320.0      0.296     -0.382      1.167     -0.186     -0.591     -0.079
2.7500       -29981.747   -29990.033        8.286   332.1     -0.620     -0.672     -0.193     -0.168     -0.173      0.104
2.8000       -29981.383   -29990.004        8.621   345.6     -0.576     -0.595     -0.664      0.352     -0.179     -0.408
2.8500       -29981.279   -29988.986        7.707   308.9     -0.205     -1.189     -0.072     -0.105      0.263     -0.028
2.9000       -29981.370   -29989.072        7.703   308.8     -0.971     -1.044     -0.921      1.066     -0.294      0.615
2.9500       -29981.900   -29989.514        7.613   305.2      0.354     -0.452     -0.694      0.279     -0.307      0.104
3.0000       -29981.944   -29989.350        7.405   296.8      0.039     -0.148      0.240      0.186     -0.460     -0.194
3.0500       -29981.583   -29989.203        7.620   305.4     -0.171      0.577      0.702     -0.149     -0.655     -0.084
3.1000       -29981.639   -29989.736        8.097   324.6      0.014     -0.378      0.230      0.003     -0.112     -0.320
3.1500       -29981.566   -29989.107        7.541   302.3     -1.215      0.093     -0.969      0.161      0.016      0.802
3.2000       -29981.633   -29988.797        7.164   287.2     -0.568     -0.926     -0.379     -0.289     -0.586     -0.467
3.2500       -29981.457   -29989.180        7.723   309.6     -0.059     -0.678     -0.801     -0.283     -0.023     -0.690
3.3000       -29981.904   -29989.725        7.820   313.5      0.351      0.022     -0.326      0.150      0.394      0.366
3.3500       -29981.646   -29989.514        7.867   315.4      0.186     -0.143      0.570      0.003      0.267     -0.001
3.4000       -29981.580   -29989.566        7.986   320.1      0.142      0.472     -0.172     -0.259     -0.572     -0.661
3.4500       -29981.946   -29989.600        7.653   306.8     -0.496     -0.239     -0.731      0.192      0.027     -0.347
3.5000       -29981.968   -29989.588        7.620   305.4     -0.178     -0.327      0.521      0.009     -0.279      0.031
3.5500       -29981.846   -29989.740        7.894   316.4      0.052     -0.071      0.296      0.192     -0.172     -0.240
3.6000       -29981.849   -29990.037        8.189   328.2      0.154     -1.059     -0.914      0.002      0.222      0.408
3.6500       -29982.168   -29989.986        7.819   313.4     -0.441     -0.126      0.171      0.172     -0.241      0.141
3.7000       -29981.788   -29989.682        7.894   316.4     -1.524     -0.373     -0.383      0.171     -0.156      0.611
3.7500       -29982.209   -29989.568        7.359   295.0      0.419     -0.154     -0.194      0.347     -0.333      0.236
3.8000       -29981.976   -29990.125        8.149   326.6     -0.144     -0.569     -0.133      0.226      0.215     -0.275
3.8500       -29981.206   -29989.670        8.464   339.3     -0.441     -0.267     -0.121      0.165     -0.223      0.190
3.9000       -29981.548   -29989.771        8.223   329.6     -0.608     -1.397     -0.024      0.086      0.459      0.259
3.9500       -29981.288   -29989.186        7.897   316.6     -0.224      0.050      0.015     -0.210     -0.126     -0.277
4.0000       -29981.282   -29989.770        8.487   340.2     -0.505      0.148     -0.668     -0.118     -0.189     -0.087
4.0500       -29981.540   -29988.969        7.429   297.8     -0.314     -0.513     -1.114     -0.033     -0.033      0.176
4.1000       -29981.260   -29989.289        8.029   321.8     -1.543     -0.285     -0.399     -0.072      0.139     -0.100
4.1500       -29981.321   -29989.205        7.884   316.0      0.402     -0.488     -0.116     -0.353      0.034      0.084
4.2000       -29981.604   -29989.816        8.213   329.2     -0.694     -0.872     -0.500     -0.271      0.706      0.652
4.2500       -29981.595   -29989.389        7.794   312.4     -0.250      0.765     -1.221     -0.048      0.103      0.174
4.3000       -29981.889   -29990.016        8.127   325.8     -0.263     -0.417     -0.520     -0.625      0.114     -0.398
4.3500       -29981.828   -29989.824        7.996   320.5     -0.876     -0.247      0.136     -0.295      0.849     -0.031
4.4000       -29981.503   -29990.043        8.540   342.3     -0.560     -0.706      0.561      0.185     -0.683      0.156
4.4500       -29981.387   -29989.910        8.523   341.7     -0.668      0.253     -0.721      0.626     -0.213     -0.053
4.5000       -29981.423   -29989.375        7.952   318.8     -0.563     -0.360      0.141      0.145     -0.015     -0.501
4.5500       -29981.362   -29989.395        8.032   322.0     -1.628     -1.149     -0.531     -0.095     -0.264      0.195
4.6000       -29981.440   -29989.172        7.732   309.9     -0.194      1.341      1.275      0.271     -0.175      0.501
4.6500       -29981.241   -29989.420        8.179   327.9     -0.767     -0.565     -0.745      0.419      0.246     -0.349
4.7000       -29980.982   -29989.682        8.699   348.7      0.029     -0.028     -0.530     -0.007     -0.059      0.431
4.7500       -29980.701   -29989.105        8.404   336.9     -0.543     -0.086     -0.377      0.720     -0.228      0.096
4.8000       -29980.869   -29988.982        8.114   325.2      0.112      0.175     -0.862      0.088     -0.339     -0.140
4.8500       -29980.635   -29989.467        8.832   354.0     -0.211     -0.237      0.645      0.154     -0.172      0.116
4.9000       -29980.358   -29990.000        9.642   386.5     -1.065     -0.038      0.479     -0.161      0.491     -0.236
4.9500       -29980.540   -29989.439        8.899   356.7     -0.390      1.090      0.364     -0.370     -0.647      0.153
5.0000       -29980.769   -29989.348        8.579   343.9     -0.307     -0.171     -0.586      0.124     -0.240     -0.017
5.0500       -29980.262   -29988.912        8.650   346.8     -0.832     -0.290     -0.375      0.423      0.177      0.040
5.1000       -29980.452   -29989.430        8.977   359.8     -0.039     -0.134      0.465     -0.329     -0.126     -0.256
5.1500       -29980.107   -29988.473        8.365   335.3      0.679      0.242     -0.282      0.527     -0.613     -0.391
5.2000       -29980.682   -29989.033        8.351   334.8     -0.782     -0.752      0.052     -0.490      0.645     -0.283
5.2500       -29980.628   -29988.686        8.058   323.0      0.801     -0.158     -0.333     -0.062      0.405      0.744
5.3000       -29980.523   -29988.732        8.210   329.1     -0.650     -0.685     -0.347      0.169     -0.051     -0.310
5.3500       -29979.674   -29987.969        8.295   332.5      0.774     -0.280      0.740     -0.213     -0.209     -0.421
5.4000       -29979.490   -29988.402        8.912   357.2     -0.208      0.200     -0.497      0.059      0.145     -0.011
5.4500       -29979.198   -29988.289        9.091   364.4      0.048      0.001     -0.474     -0.114     -0.597      0.068
5.5000       -29979.895   -29989.004        9.109   365.1     -0.016     -0.944      0.069     -0.080      0.174     -0.029
5.5500       -29980.505   -29988.768        8.262   331.2      0.854      0.249     -0.009     -0.241     -0.023     -0.280
5.6000       -29980.711   -29988.643        7.932   317.9     -0.920      0.469      0.495     -0.153     -0.086      0.491
5.6500       -29980.757   -29989.146        8.389   336.3      0.521      0.050      0.237      0.376      0.332     -0.434
5.7000       -29980.764   -29988.695        7.931   317.9      0.151      0.434      0.882     -0.287     -0.224      0.015
5.7500       -29980.109   -29988.504        8.395   336.5     -0.646     -0.255     -0.622     -0.068      0.240     -0.321
5.8000       -29980.562   -29988.793        8.231   329.9      0.592      0.187      0.252      0.026     -0.288      0.496
5.8500       -29980.767   -29989.027        8.261   331.1     -0.458     -0.418      0.350      0.167      0.498      0.267
5.9000       -29980.975   -29989.193        8.218   329.4     -0.042     -1.819     -0.425     -0.044     -0.643      0.277
5.9500       -29981.072   -29989.023        7.951   318.7     -0.441      0.426     -0.758      0.023     -0.236      0.290
6.0000       -29981.387   -29990.479        9.091   364.4     -0.132      0.002      0.003     -0.039     -0.252     -0.115
6.0500       -29980.915   -29989.490        8.576   343.8     -0.056      0.017      0.007     -0.014      0.222      0.579
6.1000       -29980.555   -29989.412        8.857   355.0      0.886      0.332      0.485     -0.335     -0.006     -0.446
6.1500       -29980.731   -29988.977        8.246   330.5     -0.635     -0.815     -0.568     -0.369     -0.594      0.425
6.2000       -29981.274   -29989.377        8.103   324.8     -0.854     -1.044     -0.735      0.432     -0.198      0.093
6.2500       -29980.919   -29989.223        8.304   332.9     -0.457     -0.832     -0.188     -0.213     -0.400      0.010
6.3000       -29980.859   -29989.982        9.124   365.7     -0.204     -0.246      0.271      0.170      0.145      0.132
6.3500       -29980.994   -29988.670        7.676   307.7     -0.535     -0.251      0.059      0.138      0.089      0.686
6.4000       -29980.398   -29989.311        8.913   357.3     -0.523      0.181      0.346      0.343      0.109      0.140
6.4500       -29980.396   -29988.346        7.950   318.7      0.206     -0.437     -1.233     -0.456      0.360      0.088
6.5000       -29980.514   -29988.682        8.168   327.4     -0.372     -0.624      0.335     -0.217      0.181      0.080
6.5500       -29980.840   -29989.457        8.617   345.4      0.005      1.039     -0.327      0.119     -0.034     -0.412
6.6000       -29980.594   -29989.000        8.406   336.9     -0.169      0.964     -0.800     -0.330      0.225     -0.392
6.6500       -29980.302   -29989.150        8.849   354.7     -0.515     -0.545     -0.212     -0.065     -0.025      0.248
6.7000       -29980.197   -29989.445        9.248   370.7      0.254      0.114      0.004      0.285      0.020      0.328
6.7500       -29980.213   -29989.080        8.868   355.5     -0.465     -0.846      0.015     -0.145     -0.149      0.584
6.8000       -29980.798   -29988.758        7.960   319.1      0.113     -0.157     -0.357      0.093     -0.066      0.151
6.8500       -29980.081   -29989.326        9.246   370.6     -0.246     -0.090     -0.322      0.053     -0.095     -0.128
6.9000       -29979.777   -29989.521        9.744   390.6      0.477      0.595      1.354      0.045      0.259      0.165
6.9500       -29979.643   -29988.898        9.256   371.0      0.708     -0.243     -0.744     -0.216     -0.105      0.205
7.0000       -29979.317   -29988.008        8.690   348.4     -0.448     -0.296     -0.857      0.051     -0.183      0.429
7.0500       -29979.303   -29988.051        8.747   350.6     -0.101      0.170      0.405      0.150      0.396      0.155
7.1000       -29978.844   -29986.746        7.902   316.7     -0.314      0.331     -0.565      0.431     -0.066     -0.331
7.1500       -29979.012   -29987.578        8.566   343.4     -0.240      0.384     -0.409      0.065      0.164      0.829
7.2000       -29978.716   -29987.715        8.999   360.7     -0.031      0.070      0.076      0.339     -0.717     -0.114
7.2500       -29978.923   -29987.639        8.715   349.4      1.727      1.315      0.171     -0.362      0.030     -0.083
7.3000       -29978.645   -29988.102        9.457   379.1      0.693      0.150      0.275      0.746     -0.309      0.463
7.3500       -29979.387   -29987.867        8.480   339.9     -0.400     -0.250     -0.200     -0.491      0.494     -0.044
7.4000       -29978.914   -29987.238        8.324   333.7     -0.417     -0.623     -0.108     -0.232     -0.356     -0.219
7.4500       -29979.040   -29987.305        8.264   331.3     -0.613     -1.313     -0.524     -0.211      0.070     -0.038
7.5000       -29979.377   -29988.643        9.266   371.4     -0.267     -0.007      0.226     -0.005      0.014      0.121
7.5500       -29978.945   -29988.664        9.720   389.6      0.214     -0.368     -0.193     -0.402      0.240      0.168
7.6000       -29979.620   -29988.648        9.029   361.9     -1.055     -0.417     -0.283      0.387     -0.081      0.063
7.6500       -29979.949   -29988.500        8.551   342.8     -0.785     -0.355     -0.496      0.475     -0.360      0.200
7.7000       -29979.951   -29988.461        8.510   341.1     -0.004     -0.370     -0.462      0.808     -0.164     -0.350
7.7500       -29979.328   -29987.406        8.078   323.8      0.237      0.132      0.417     -0.411      0.212      0.205
7.8000       -29979.021   -29987.867        8.846   354.6     -0.717      0.438     -0.225     -0.388     -0.434     -0.275
7.8500       -29979.340   -29987.879        8.539   342.3     -1.065      0.497     -0.169     -0.381     -0.347      0.157
7.9000       -29979.491   -29988.514        9.022   361.7      0.328      0.657     -0.433      0.069     -0.390     -0.142
7.9500       -29979.347   -29987.656        8.309   333.1     -1.166     -0.804     -0.896      0.253      0.275     -0.291
8.0000       -29979.163   -29987.877        8.714   349.3     -1.382      0.470      0.159      0.135     -0.236      0.373
8.0500       -29979.449   -29988.703        9.254   371.0     -0.129     -0.165     -1.044     -0.382      0.329     -0.410
8.1000       -29979.632   -29988.025        8.393   336.4     -0.671      0.291     -0.581      0.061     -0.220     -0.361
8.1500       -29979.559   -29987.893        8.334   334.0     -0.699     -0.323     -0.675     -0.349      0.273      0.570
8.2000       -29980.044   -29988.287        8.243   330.4     -0.832     -0.844     -0.395      0.390      0.470     -0.185
8.2500       -29979.733   -29988.959        9.226   369.8     -0.520     -0.075      0.046      0.199     -0.046      0.494
8.3000       -29980.293   -29988.455        8.162   327.2     -0.027     -0.081      0.130     -0.712     -0.088      0.355
8.3500       -29980.731   -29989.344        8.612   345.2     -0.813     -0.392     -0.432     -0.014      0.331     -0.043
8.4000       -29980.494   -29989.053        8.559   343.1     -0.114     -0.031      0.388      0.204     -0.603     -0.417
8.4500       -29980.708   -29989.045        8.337   334.2     -0.567     -0.168     -1.030     -0.209      0.526      0.016
8.5000       -29980.661   -29988.326        7.665   307.2     -0.713     -0.021     -1.131      0.064      0.177      0.181
8.5500       -29980.799   -29988.619        7.820   313.5      0.102     -0.091     -0.799     -0.297     -0.331      0.538
8.6000       -29980.224   -29988.162        7.938   318.2      0.099      0.044     -0.369      0.003     -0.160      0.215
8.6500       -29980.066   -29987.939        7.873   315.6     -0.536     -0.103     -0.370     -0.381     -0.157      0.630
8.7000       -29979.758   -29988.096        8.338   334.2     -0.136      0.389     -0.403     -0.576      0.378      0.125
8.7500       -29979.311   -29987.910        8.599   344.7     -0.563     -0.848     -0.492      0.245      0.245      0.214
8.8000       -29979.981   -29988.672        8.691   348.4      0.304      0.227      0.673     -0.042      0.046     -0.005
8.8500       -29979.412   -29988.666        9.254   370.9      0.488      0.480      0.142     -0.060      0.163     -0.372
8.9000       -29979.414   -29987.199        7.785   312.1     -0.003     -0.347      0.462      0.631     -0.055      0.617
8.9500       -29979.827   -29987.678        7.851   314.7      0.439     -0.074      1.011     -0.425      0.091     -0.007
9.0000       -29980.372   -29987.996        7.624   305.6      0.347      0.304      0.220     -0.148     -0.226      0.200
9.0500       -29980.165   -29987.963        7.798   312.6      0.452      0.342     -0.574      0.128      0.083      0.114
9.1000       -29979.475   -29988.033        8.558   343.1     -0.149      0.031     -0.385     -0.296     -0.558      0.260
9.1500       -29979.146   -29987.375        8.229   329.8      0.347      0.343      0.616      0.134      0.426     -0.181
9.2000       -29978.871   -29987.596        8.725   349.7     -0.251     -0.949     -0.387      0.580      0.569      0.089
9.2500       -29979.283   -29987.699        8.416   337.4     -1.184     -1.495     -0.318      0.019     -0.153      0.112
9.3000       -29979.184   -29987.945        8.761   351.2     -1.558     -1.396     -0.280      0.019      0.231      0.290
9.3500       -29979.242   -29987.488        8.246   330.5     -1.197     -0.205     -0.542      0.329     -0.465     -0.315
9.4000       -29978.784   -29987.486        8.703   348.8     -0.286     -0.449     -0.669     -0.105     -0.533     -0.707
9.4500       -29978.739   -29987.395        8.656   347.0     -0.580     -0.769     -0.658     -0.009      0.002      0.321
9.5000       -29978.800   -29987.039        8.239   330.3     -0.216      0.462      0.194     -0.087     -0.144      0.109
9.5500       -29978.740   -29987.422        8.682   348.0     -1.318     -0.114      0.058      0.265      0.296      0.155
9.6000       -29978.684   -29987.266        8.581   344.0      0.118      0.026      0.064      0.223     -0.234      0.111
9.6500       -29978.600   -29986.711        8.111   325.1      0.963     -0.812     -0.048      0.309     -0.861     -0.184
9.7000       -29978.369   -29987.746        9.377   375.9     -0.881     -0.402      0.428     -0.483     -0.122     -0.109
9.7500       -29978.911   -29987.863        8.952   358.8     -0.633     -0.632     -0.267     -0.192      0.366      0.027
9.8000       -29978.787   -29987.660        8.873   355.7      1.002     -0.900      0.012     -0.141     -0.112      0.492
9.8500       -29978.645   -29986.885        8.240   330.3     -0.701      0.673     -0.183      0.111     -0.731      0.434
9.9000       -29979.051   -29987.141        8.090   324.3      0.314     -0.448     -0.057     -0.133      0.185      0.328
9.9500       -29978.815   -29986.570        7.755   310.9      0.060     -0.816     -0.005     -0.020     -0.265     -0.226
10.0000      -29979.082   -29987.055        7.972   319.6     -0.316     -0.826     -0.697     -0.203      0.125      0.391
