Time[ps]      Etot[eV]     Epot[eV]     Ekin[eV]    T[K]      ---------------------- stress [GPa] -----------------------
0.0000        -1007.130    -1016.076        8.946   358.6      1.086      0.108      0.312     -0.508     -0.222      0.214
0.0500        -1006.994    -1016.351        9.356   375.0      0.341     -0.248     -0.281      0.088      0.234      0.238
0.1000        -1007.508    -1015.501        7.993   320.4      0.402      0.711      0.109      0.432     -0.553      0.418
0.1500        -1007.729    -1016.011        8.282   332.0      0.808      0.528      0.779      0.356      0.140      0.154
0.2000        -1007.540    -1015.869        8.329   333.9      0.041     -0.196      0.076     -0.199     -0.348      0.181
0.2500        -1007.495    -1015.684        8.189   328.3      0.542      0.247      0.850     -0.107     -0.036     -0.449
0.3000        -1007.569    -1015.511        7.942   318.4     -0.130     -0.677     -0.069     -0.122     -0.334     -0.259
0.3500        -1007.322    -1015.876        8.553   342.9     -0.043      0.862     -0.317      0.124     -0.207     -0.319
0.4000        -1008.221    -1016.348        8.127   325.8      1.009      0.062      0.955     -0.208      0.461      0.161
0.4500        -1008.271    -1016.060        7.789   312.2      0.711      0.290     -0.406      0.891      0.052      0.276
0.5000        -1008.526    -1016.797        8.271   331.5      0.136      0.367     -0.113     -0.467      0.235      0.199
0.5500        -1008.186    -1016.403        8.217   329.4     -0.007      0.193      0.433      0.390     -0.211     -0.019
0.6000        -1008.541    -1017.508        8.966   359.4      0.557      0.418      0.399     -0.013     -0.288     -0.342
0.6500        -1007.920    -1016.251        8.331   333.9      0.296     -0.225      0.111      0.263      0.036      0.403
0.7000        -1007.689    -1015.558        7.870   315.5     -0.427      0.603     -0.184     -0.007     -0.412     -0.047
0.7500        -1007.405    -1015.991        8.586   344.2      0.084      0.656     -0.265      0.497      0.482      0.404
0.8000        -1006.997    -1015.344        8.347   334.6     -0.707     -0.733     -0.456     -0.592     -0.052     -0.097
0.8500        -1007.062    -1015.440        8.378   335.8     -0.410      0.359     -0.570     -0.188     -0.024      0.312
0.9000        -1007.473    -1015.979        8.506   341.0      0.805      0.065      1.177     -0.325      0.015     -0.004
0.9500        -1007.711    -1015.844        8.133   326.0     -0.031      0.757     -0.653      0.078      0.005      0.451
1.0000        -1007.465    -1015.832        8.367   335.4     -0.954      0.410     -0.280     -0.190      0.106      0.240
1.0500        -1007.967    -1015.639        7.672   307.5      0.176      0.433     -0.784      0.082      0.016     -0.153
1.1000        -1007.868    -1016.264        8.396   336.5      0.594      0.074      1.095      0.057     -0.589      0.327
1.1500        -1007.542    -1015.228        7.686   308.1     -0.198     -0.698      0.190      0.201     -0.324     -0.008
1.2000        -1007.374    -1015.879        8.505   340.9     -1.001     -1.083     -1.366     -0.488     -0.045     -0.911
1.2500        -1007.549    -1015.696        8.147   326.6     -0.069      0.236     -0.215      0.395     -0.176     -0.063
1.3000        -1006.966    -1015.036        8.069   323.5     -0.379     -1.052     -0.570     -0.073      0.316      0.095
1.3500        -1007.189    -1015.259        8.070   323.5     -0.434     -0.524     -0.757     -0.379      0.606     -0.044
1.4000        -1007.009    -1015.313        8.304   332.9     -0.149      0.312      0.104     -0.170      0.210      0.315
1.4500        -1006.882    -1015.649        8.767   351.4     -0.886     -0.307      0.063      0.431     -0.166      0.373
1.5000        -1007.041    -1016.018        8.977   359.8     -0.337     -0.234      0.127      0.192     -0.388     -0.428
1.5500        -1007.077    -1015.444        8.368   335.4     -0.407     -0.112     -0.207     -0.489      0.327      0.130
1.6000        -1006.591    -1015.984        9.393   376.5     -1.626      0.064     -0.914      0.500     -0.035     -0.772
1.6500        -1007.199    -1015.805        8.606   345.0      0.587      0.355     -0.659     -0.426     -0.411      0.262
1.7000        -1007.299    -1015.473        8.175   327.7      1.121      0.714      0.841      0.941     -0.053      0.691
1.7500        -1006.881    -1015.808        8.927   357.8      0.049     -0.013     -0.123      0.269      0.260     -0.153
1.8000        -1006.835    -1015.559        8.724   349.7      0.721     -0.459     -0.292     -0.428      0.149     -0.070
1.8500        -1006.730    -1016.091        9.361   375.2     -1.730     -0.209     -0.308     -0.252      0.099     -0.207
1.9000        -1006.593    -1016.110        9.517   381.5     -0.437     -1.071     -0.794      0.609      0.021     -0.033
1.9500        -1006.716    -1015.495        8.779   351.9     -0.993      0.767      0.013     -0.404      0.262      0.131
2.0000        -1006.945    -1015.756        8.810   353.2      0.450     -0.601     -0.373     -0.211     -0.702      0.225
2.0500        -1007.360    -1015.892        8.532   342.0     -0.576     -0.398     -0.147      0.281      0.537     -0.107
2.1000        -1007.075    -1015.341        8.266   331.3      0.564      0.958      0.024     -0.184      0.158      0.061
2.1500        -1007.210    -1015.181        7.971   319.5      0.596     -0.138     -0.384      0.437     -0.032      0.292
2.2000        -1007.354    -1015.313        7.959   319.0      0.504      0.885      0.941     -0.170     -0.395     -0.317
2.2500        -1007.851    -1015.771        7.920   317.5     -0.213      0.256      1.174     -0.015     -0.278      0.098
2.3000        -1007.235    -1015.987        8.752   350.8     -0.257     -0.654     -1.373     -0.137     -0.788      0.001
2.3500        -1007.383    -1016.441        9.058   363.1     -0.951     -1.053     -1.201      0.476     -0.089     -0.033
2.4000        -1008.042    -1016.353        8.311   333.1     -0.105     -0.778     -0.849      0.069     -0.113      0.075
2.4500        -1008.251    -1015.763        7.512   301.1      0.355      1.425      0.484      0.302      0.791      0.229
2.5000        -1008.097    -1015.924        7.827   313.7     -0.142      0.681     -0.023      0.358      0.007      0.299
2.5500        -1008.031    -1015.824        7.793   312.4     -0.087      0.991     -0.870     -0.510      0.742     -0.028
2.6000        -1007.988    -1016.023        8.036   322.1     -0.185      0.269     -0.276      0.452      0.291     -0.309
2.6500        -1008.108    -1015.781        7.673   307.6      0.683      1.059      0.725     -0.267      0.258      0.258
2.7000        -1007.810    -1015.571        7.761   311.1      0.244      0.384      0.813      0.246      0.048      0.165
2.7500        -1008.063    -1015.872        7.809   313.0     -0.076      0.495      0.092      0.215      0.621     -0.182
2.8000        -1008.222    -1016.180        7.958   319.0      0.108     -0.198      0.535     -0.097      0.321     -0.049
2.8500        -1007.945    -1015.570        7.625   305.6     -0.487     -0.054      0.648     -0.125     -0.169      0.294
2.9000        -1008.505    -1016.523        8.018   321.4      0.605      0.028     -0.425     -0.056      0.705     -0.335
2.9500        -1008.635    -1016.548        7.913   317.2      0.062      0.425     -0.149      0.480      0.402      0.247
3.0000        -1008.113    -1015.781        7.668   307.4      0.076      0.680     -0.322     -0.209      0.323      0.258
3.0500        -1007.853    -1015.576        7.723   309.6     -1.058      0.044      0.978      0.756      0.926      0.259
3.1000        -1008.082    -1016.562        8.480   339.9     -0.014      0.252     -0.175     -0.220      0.272      0.637
3.1500        -1008.084    -1016.083        8.000   320.7     -0.616      0.052      0.287     -0.298      0.974      0.227
3.2000        -1007.363    -1015.809        8.446   338.5      0.094     -0.443     -0.119      0.488      0.331      0.315
3.2500        -1007.214    -1016.095        8.881   356.0      0.013      0.407     -0.774     -0.335      0.009      0.265
3.3000        -1007.608    -1015.769        8.161   327.1     -0.259     -0.239     -0.784      0.562      0.103      0.017
3.3500        -1007.227    -1015.485        8.258   331.0     -0.551     -0.404      0.182     -0.103      0.389      0.073
3.4000        -1006.910    -1015.833        8.923   357.7     -0.575     -0.186     -0.546      0.278      0.272      0.135
3.4500        -1006.977    -1015.489        8.512   341.2      0.579     -0.706     -1.048     -0.700     -0.017      0.301
3.5000        -1006.710    -1015.453        8.743   350.5     -0.059      0.697     -0.438      0.042      0.032      0.233
3.5500        -1007.023    -1015.921        8.898   356.7      0.323      0.079      0.248     -0.138      0.031      0.125
3.6000        -1007.227    -1014.745        7.518   301.3     -0.311      0.249     -0.331      0.157     -0.183      0.107
3.6500        -1006.639    -1015.021        8.383   336.0     -0.014      0.832     -0.376     -0.143      0.400      0.702
3.7000        -1006.566    -1015.440        8.874   355.7     -0.944      0.812      0.105     -0.004     -0.202     -0.362
3.7500        -1007.308    -1015.894        8.586   344.2      0.207     -0.198      0.021     -0.188      0.986     -0.099
3.8000        -1007.379    -1015.427        8.048   322.6     -0.048      0.300     -0.426     -0.425     -0.656     -0.364
3.8500        -1007.558    -1015.270        7.711   309.1     -0.109     -0.359     -0.357      0.562     -0.144     -1.008
3.9000        -1008.259    -1015.589        7.330   293.8      0.363      0.285      0.664     -0.103      0.325      0.201
3.9500        -1008.390    -1016.195        7.805   312.9     -0.177     -1.381      0.583      0.758     -0.341      0.001
4.0000        -1007.663    -1015.963        8.300   332.7     -0.845     -0.308     -0.160      0.052      0.325      0.050
4.0500        -1007.859    -1015.990        8.131   325.9     -0.767     -0.514      0.140     -0.046     -0.196     -0.099
4.1000        -1007.770    -1015.997        8.227   329.8      0.927      0.741     -0.204      0.230      0.258      0.602
4.1500        -1007.577    -1015.788        8.210   329.1      0.570     -0.024      0.137     -0.411     -0.395      0.032
4.2000        -1007.692    -1015.993        8.301   332.7      0.597      0.113      0.208     -0.732     -0.495     -0.485
4.2500        -1007.365    -1015.785        8.420   337.5      0.050      0.222      0.123     -0.691      0.657      0.161
4.3000        -1007.526    -1016.414        8.887   356.3     -0.302     -0.301      0.078      0.207     -0.228      0.096
4.3500        -1007.429    -1015.434        8.006   320.9      0.309      0.238     -0.844      0.254      0.226      0.214
4.4000        -1007.363    -1015.986        8.623   345.7      0.341     -0.622      0.235      0.017     -0.026      0.037
4.4500        -1008.029    -1016.463        8.434   338.1     -0.206      0.020      0.047     -0.163      0.068     -0.079
4.5000        -1008.832    -1016.519        7.687   308.1      0.270     -0.727     -0.299     -0.176      0.201     -0.267
4.5500        -1009.094    -1016.779        7.685   308.1      0.517     -0.283      0.663     -0.375      0.322     -0.237
4.6000        -1008.949    -1016.323        7.374   295.6      0.937     -0.331     -0.536     -0.582     -0.006     -0.061
4.6500        -1008.844    -1016.316        7.471   299.5      1.255      0.167      0.084     -0.422     -0.081      0.343
4.7000        -1008.361    -1016.182        7.821   313.5     -0.395     -0.446     -0.473     -0.011     -0.419     -0.444
4.7500        -1008.375    -1016.319        7.944   318.4     -0.709     -0.721      0.135      0.304      0.015     -0.119
4.8000        -1008.605    -1016.287        7.682   307.9      0.105     -0.043      0.892      0.074      0.787     -0.280
4.8500        -1008.575    -1016.429        7.854   314.8      0.527     -0.216      1.706     -0.350     -0.087     -0.763
4.9000        -1008.503    -1016.118        7.615   305.3      0.172     -0.516     -0.683     -0.119      0.086     -0.207
4.9500        -1008.256    -1015.435        7.179   287.7     -0.224     -1.533     -0.022      0.085      0.556     -0.630
5.0000        -1008.442    -1016.207        7.765   311.2      0.402     -0.471     -0.145     -0.456      0.197      0.733
