Starting an AcLe Loop 
Initial dataset: null; 
Initial geometries (1) in input/geo/*.xyz 
Convergence tolerance: emaxtol=0.0025; ermsetol=0.001; fmaxtol=0.500; frmsetol=0.031. 
starting from scratch with the input [PiNet2_Seed2_Ratio8_Batch1_Depth5_Rc6.0_Size16_Basis10_lr5e-05_Decay0.994] of size 1; 
[gen0] not training the models.
[gen0] current MD time scale 5.0 ps. 
[gen0/wat64_h3o+] energy: 10/10 failed to meet emaxtol, max=150.126100 rmse=150.125039 enum=10.0 esae=1501.250389 esse=225375.27297392; force: 1/10 failed to meet fmaxtol, max=0.513441 rmse=0.077717 fnum=5790.0 fsae=345.302856 fsse=34.97143543. 
[gen0] next time scale 5.0 ps, next training step 5005000.
-------------------------------------------------------------------------------- 
[gen1] training the models.
[gen1] current MD time scale 5.0 ps. 
[gen1/wat64_h3o+] energy: 0/10 failed to meet emaxtol, max=0.002462 rmse=0.001920 enum=10.0 esae=0.019005 esse=0.00003688; force: 0/10 failed to meet fmaxtol, max=0.230768 rmse=0.031862 fnum=5790.0 fsae=140.124504 fsse=5.87783791. 
[gen1] next time scale 5.0 ps, next training step 5010000.
-------------------------------------------------------------------------------- 
[gen2] training the models.
[gen2] current MD time scale 5.0 ps. 
[gen2/wat64_h3o+] Converged: will restart from latest frame; energy: max=0.001361 rmse=0.000961 enum=10.0 esae=0.009147 esse=0.00000924; force: max=0.150551 rmse=0.029924 fnum=5790.0 fsae=130.790814 fsse=5.18475648. 
[gen2] next time scale 10.0 ps, next no training planned.
-------------------------------------------------------------------------------- 
[gen3] not training the models.
[gen3] current MD time scale 10.0 ps. 
[gen3/wat64_h3o+] energy: 0/10 failed to meet emaxtol, max=0.001355 rmse=0.000854 enum=10.0 esae=0.007852 esse=0.00000729; force: 0/10 failed to meet fmaxtol, max=0.185587 rmse=0.031563 fnum=5790.0 fsae=137.182872 fsse=5.76829867. 
[gen3] next time scale 10.0 ps, next training step 5015000.
-------------------------------------------------------------------------------- 
[gen4] training the models.
[gen4] current MD time scale 10.0 ps. 
[gen4/wat64_h3o+] energy: 9/10 failed to meet emaxtol, max=0.002944 rmse=0.002622 enum=10.0 esae=0.026158 esse=0.00006877; force: 0/10 failed to meet fmaxtol, max=0.209235 rmse=0.029578 fnum=5790.0 fsae=129.544679 fsse=5.06548339. 
[gen4] next time scale 10.0 ps, next training step 5020000.
-------------------------------------------------------------------------------- 
[gen5] training the models.
[gen5] current MD time scale 10.0 ps. 
[gen5/wat64_h3o+] energy: 0/10 failed to meet emaxtol, max=0.001917 rmse=0.001583 enum=10.0 esae=0.015628 esse=0.00002505; force: 0/10 failed to meet fmaxtol, max=0.182236 rmse=0.027388 fnum=5790.0 fsae=119.787764 fsse=4.34301170. 
[gen5] next time scale 10.0 ps, next training step 5025000.
-------------------------------------------------------------------------------- 
[gen6] training the models.
[gen6] current MD time scale 10.0 ps. 
[gen6/wat64_h3o+] Converged: will restart from latest frame; energy: max=0.001350 rmse=0.000932 enum=10.0 esae=0.009047 esse=0.00000869; force: max=0.147004 rmse=0.028258 fnum=5790.0 fsae=124.015135 fsse=4.62338603. 
[gen6] next time scale 20.0 ps, next no training planned.
-------------------------------------------------------------------------------- 
[gen7] not training the models.
[gen7] current MD time scale 20.0 ps. 
[gen7/wat64_h3o+] Converged: will restart from latest frame; energy: max=0.001160 rmse=0.000798 enum=10.0 esae=0.007520 esse=0.00000636; force: max=0.205043 rmse=0.029211 fnum=5790.0 fsae=127.895403 fsse=4.94060579. 
[gen7] next time scale 40.0 ps, next no training planned.
-------------------------------------------------------------------------------- 
[gen8] not training the models.
[gen8] current MD time scale 40.0 ps. 
[gen8/wat64_h3o+] Converged: will restart from latest frame; energy: max=0.001628 rmse=0.000931 enum=10.0 esae=0.008602 esse=0.00000867; force: max=0.161672 rmse=0.028931 fnum=5790.0 fsae=127.241838 fsse=4.84617649. 
[gen8] next time scale 80.0 ps, next no training planned.
-------------------------------------------------------------------------------- 
[gen9] not training the models.
[gen9] current MD time scale 80.0 ps. 
[gen9/wat64_h3o+] Converged: will restart from latest frame; energy: max=0.001179 rmse=0.000827 enum=10.0 esae=0.007644 esse=0.00000684; force: max=0.185357 rmse=0.028868 fnum=5790.0 fsae=125.646947 fsse=4.82502549. 
[gen9] next time scale 160.0 ps, next no training planned.
-------------------------------------------------------------------------------- 
[gen10] not training the models.
[gen10] current MD time scale 160.0 ps. 
[gen10/wat64_h3o+] Converged: will restart from latest frame; energy: max=0.001450 rmse=0.000951 enum=10.0 esae=0.008875 esse=0.00000904; force: max=0.163124 rmse=0.029515 fnum=5790.0 fsae=128.594360 fsse=5.04370484. 
[gen10] next time scale 320.0 ps, next no training planned.
-------------------------------------------------------------------------------- 
[gen11] not training the models.
[gen11] current MD time scale 320.0 ps. 
[gen11/wat64_h3o+] Converged: will restart from latest frame; energy: max=0.001330 rmse=0.000903 enum=10.0 esae=0.008663 esse=0.00000816; force: max=0.158061 rmse=0.028976 fnum=5790.0 fsae=126.543288 fsse=4.86132496. 
[gen11] next time scale 640.0 ps, next no training planned.
-------------------------------------------------------------------------------- 
[gen12] not training the models.
[gen12] current MD time scale 640.0 ps. 
[gen12/wat64_h3o+] energy: 0/10 failed to meet emaxtol, max=0.001690 rmse=0.001048 enum=10.0 esae=0.009907 esse=0.00001099; force: 0/10 failed to meet fmaxtol, max=0.128533 rmse=0.029184 fnum=5790.0 fsae=126.956328 fsse=4.93137593. 
[gen12] next time scale 640.0 ps, next training step 5030000.
-------------------------------------------------------------------------------- 
[gen13] training the models.
[gen13] current MD time scale 640.0 ps. 
[gen13/wat64_h3o+] energy: 0/10 failed to meet emaxtol, max=0.002413 rmse=0.001879 enum=10.0 esae=0.018549 esse=0.00003531; force: 0/10 failed to meet fmaxtol, max=0.166009 rmse=0.027504 fnum=5790.0 fsae=120.750430 fsse=4.38006082. 
[gen13] next time scale 640.0 ps, next training step 5035000.
-------------------------------------------------------------------------------- 
[gen14] training the models.
[gen14] current MD time scale 640.0 ps. 
[gen14/wat64_h3o+] energy: 0/10 failed to meet emaxtol, max=0.002232 rmse=0.001768 enum=10.0 esae=0.017514 esse=0.00003127; force: 0/10 failed to meet fmaxtol, max=0.238912 rmse=0.029223 fnum=5790.0 fsae=127.286987 fsse=4.94457848. 
[gen14] next time scale 640.0 ps, next training step 5040000.
-------------------------------------------------------------------------------- 
[gen15] training the models.
[gen15] current MD time scale 640.0 ps. 
[gen15/wat64_h3o+] Converged: will restart from latest frame; energy: max=0.000460 rmse=0.000266 enum=10.0 esae=0.002189 esse=0.00000071; force: max=0.181234 rmse=0.027440 fnum=5790.0 fsae=120.899887 fsse=4.35964328. 
[gen15] next time scale 1280.0 ps, next no training planned.
-------------------------------------------------------------------------------- 
[gen16] not training the models.
[gen16] current MD time scale 1280.0 ps. 
[gen16/wat64_h3o+] Converged: will restart from latest frame; energy: max=0.000524 rmse=0.000244 enum=10.0 esae=0.001822 esse=0.00000060; force: max=0.168373 rmse=0.027833 fnum=5790.0 fsae=122.813465 fsse=4.48542426. 
[gen16] next time scale 2560.0 ps, next no training planned.
-------------------------------------------------------------------------------- 
[gen17] not training the models.
[gen17] current MD time scale 2560.0 ps. 
[gen17/wat64_h3o+] Converged: will restart from latest frame; energy: max=0.000883 rmse=0.000475 enum=10.0 esae=0.003897 esse=0.00000225; force: max=0.243832 rmse=0.028696 fnum=5790.0 fsae=123.243873 fsse=4.76782775. 
[gen17] next time scale 5000.0 ps, next no training planned.
-------------------------------------------------------------------------------- 
Starting an AcLe Loop 
Initial dataset: null; 
Initial geometries (1) in input/geo/*.xyz 
restarting from gen17 ensemble of size 1; 
[gen18] not training the models.
[gen18] current MD time scale 5000.0 ps. 
[gen18/wat64_h3o+] Converged: will restart from latest frame; energy: max=0.000672 rmse=0.000281 enum=10.0 esae=0.002240 esse=0.00000079; force: max=0.141986 rmse=0.028493 fnum=5790.0 fsae=125.371619 fsse=4.70063166. 
[gen18] next time scale 5000.0 ps, next no training planned.
-------------------------------------------------------------------------------- 
[gen19] not training the models.
[gen19] current MD time scale 5000.0 ps. 
[gen19/wat64_h3o+] Converged: will restart from latest frame; energy: max=0.000811 rmse=0.000506 enum=10.0 esae=0.004140 esse=0.00000256; force: max=0.171296 rmse=0.028722 fnum=5790.0 fsae=126.186831 fsse=4.77645495. 
[gen19] next time scale 5000.0 ps, next no training planned.
-------------------------------------------------------------------------------- 
