Time[ps]      Etot[eV]     Epot[eV]     Ekin[eV]    T[K]      ---------------------- stress [GPa] -----------------------
0.0000       -29982.264   -29990.146        7.882   316.0      0.920      0.034      0.210     -0.552     -0.196      0.195
0.0500       -29982.297   -29990.428        8.131   325.9      0.239      0.848      0.813      0.215     -0.300     -0.427
0.1000       -29982.230   -29989.943        7.713   309.2     -0.042      0.613      0.254     -0.387      0.841      0.282
0.1500       -29982.593   -29990.430        7.836   314.1      1.101     -0.261      0.626     -0.047     -0.739     -0.060
0.2000       -29982.852   -29989.824        6.972   279.5      1.044      1.423      0.715     -0.077     -0.185     -0.055
0.2500       -29982.500   -29990.004        7.504   300.8      1.207      0.854      1.513     -0.112     -0.276      0.468
0.3000       -29981.982   -29989.371        7.389   296.2      0.799     -0.416     -0.367      0.008      0.221     -0.300
0.3500       -29981.518   -29989.611        8.094   324.4      0.073      0.080      0.260      0.050     -0.414     -0.050
0.4000       -29981.539   -29989.510        7.971   319.5      1.313     -0.414      0.631     -0.811      0.287     -0.284
0.4500       -29981.503   -29989.771        8.269   331.5      1.008      0.195      0.465      0.289      0.156      0.022
0.5000       -29982.155   -29990.412        8.257   331.0      0.312      0.184      0.915     -0.156      0.308     -0.068
0.5500       -29982.135   -29990.234        8.099   324.6     -0.022      0.428      0.147      0.157     -0.101      0.177
0.6000       -29982.217   -29989.971        7.754   310.8     -0.144     -0.424     -0.061     -0.156     -0.363      0.094
0.6500       -29982.009   -29990.014        8.004   320.9     -0.682     -0.702     -0.846      0.124      0.332      0.085
0.7000       -29982.364   -29989.992        7.628   305.8      0.586      0.080     -0.681      0.401      0.153     -0.072
0.7500       -29982.009   -29989.828        7.819   313.4     -0.164     -0.335     -0.222      0.359      0.011     -0.008
0.8000       -29982.201   -29990.229        8.027   321.8      0.664      0.111     -0.289      0.222     -0.551     -0.328
0.8500       -29982.253   -29990.785        8.532   342.0      1.410      0.621      0.793     -0.374     -0.048     -0.584
0.9000       -29982.036   -29989.730        7.695   308.4     -0.573      0.653     -0.029      0.389     -0.532      0.062
0.9500       -29981.824   -29989.836        8.012   321.2      0.172      0.146     -0.025      0.049      0.189     -0.353
1.0000       -29981.840   -29989.822        7.983   320.0      0.388     -0.294      0.182     -0.897     -0.136     -0.180
1.0500       -29981.177   -29989.691        8.515   341.3      0.082     -1.120     -0.538      0.084      0.800     -0.658
1.1000       -29981.230   -29989.674        8.443   338.4     -0.162      0.294      0.300      0.057      0.355     -0.494
1.1500       -29981.808   -29990.270        8.461   339.2      0.370     -0.213     -0.127      0.054     -0.122      0.460
1.2000       -29981.680   -29989.285        7.605   304.8     -0.507      0.621      0.037      0.504     -0.348      0.546
1.2500       -29981.567   -29989.986        8.419   337.5      1.499      1.280      0.898     -0.288      0.171     -0.318
1.3000       -29981.794   -29989.035        7.241   290.3      0.898      1.197     -0.472     -0.151      0.399      0.466
1.3500       -29981.481   -29990.082        8.601   344.8      0.829      0.336      1.041      0.265      0.037     -0.185
1.4000       -29981.122   -29989.209        8.087   324.2      0.364      1.579      1.300      0.289     -0.299     -0.611
1.4500       -29981.230   -29989.600        8.370   335.5     -0.335      0.662      1.628      0.510      0.859     -0.360
1.5000       -29981.091   -29989.719        8.628   345.8      0.664     -0.643      0.859     -0.108      0.134     -0.356
1.5500       -29980.849   -29989.324        8.475   339.7      0.045      0.729      0.292      0.589     -0.283      0.373
1.6000       -29980.373   -29988.881        8.508   341.0      0.230      0.332      0.171      0.258     -0.195      0.370
1.6500       -29980.308   -29988.414        8.106   324.9      0.197     -0.084      0.526     -0.155     -0.533      0.744
1.7000       -29980.673   -29989.629        8.956   359.0     -0.228      0.994     -0.225      0.235      0.247     -0.500
1.7500       -29980.055   -29989.006        8.951   358.8     -0.434     -0.202      0.267     -0.108     -0.008      0.015
1.8000       -29980.415   -29989.383        8.968   359.5      0.747     -0.685     -1.014     -0.186      0.312     -0.189
1.8500       -29980.654   -29989.631        8.977   359.8     -0.858     -0.025     -0.537     -0.504      0.553      0.283
1.9000       -29980.733   -29989.857        9.124   365.7     -0.292     -0.713      0.428     -0.186     -0.084     -0.348
1.9500       -29980.935   -29989.834        8.899   356.7     -0.236      0.241     -0.958     -0.129      0.224      0.769
2.0000       -29980.840   -29988.641        7.800   312.7      1.240     -0.243     -0.314      0.304      0.150     -0.267
2.0500       -29980.975   -29989.303        8.328   333.8      0.697      0.358      0.937     -0.451     -0.107      0.032
2.1000       -29980.785   -29989.549        8.764   351.3      1.269      0.622      0.830      0.246     -0.266     -0.250
2.1500       -29980.810   -29988.873        8.063   323.2     -0.631      0.253     -0.629     -0.114      0.253     -0.330
2.2000       -29980.490   -29989.535        9.045   362.6      0.714      0.584      0.146     -0.637      0.716     -0.039
2.2500       -29980.744   -29989.537        8.793   352.4     -0.894     -0.541     -0.101     -0.583     -0.098     -0.198
2.3000       -29981.390   -29989.951        8.561   343.2      0.611     -0.131      0.691      0.194      0.290     -0.549
2.3500       -29981.784   -29990.145        8.360   335.1     -1.216     -0.548     -0.342      0.432     -0.056      0.371
2.4000       -29982.281   -29990.078        7.797   312.6      0.639      0.593      0.630     -0.308     -0.031     -0.008
2.4500       -29981.830   -29989.619        7.790   312.2      0.260      1.591      0.652      0.553     -0.502      0.406
2.5000       -29981.757   -29990.080        8.323   333.6      0.339     -0.106     -0.462     -0.479     -0.260      0.584
2.5500       -29981.194   -29989.715        8.521   341.6      0.098      0.598      0.426     -0.467      0.285     -0.040
2.6000       -29981.189   -29990.029        8.840   354.4      0.239     -0.077     -0.434     -0.095     -0.400     -0.541
2.6500       -29981.291   -29990.299        9.008   361.1     -0.761     -0.310     -0.708     -0.366      0.480      0.287
2.7000       -29981.867   -29989.754        7.887   316.1     -0.765     -0.220     -0.474      0.147     -0.029      0.023
2.7500       -29982.057   -29990.027        7.970   319.5      0.608      0.213      0.338     -0.440     -0.223     -0.618
2.8000       -29981.669   -29989.471        7.802   312.7      1.041      0.305      0.282      0.273     -0.018      0.204
2.8500       -29981.640   -29989.312        7.673   307.6     -0.434     -0.363      1.224      0.018     -0.220      0.264
2.9000       -29981.067   -29989.266        8.199   328.6      0.003      0.113     -0.289      0.231     -0.143     -0.079
2.9500       -29981.417   -29989.910        8.494   340.5      0.073     -0.663     -0.529     -0.085     -0.051      0.250
3.0000       -29981.779   -29990.029        8.250   330.7      0.119     -0.223      0.240     -0.289     -0.276      0.158
3.0500       -29981.479   -29988.879        7.400   296.6     -0.302      0.812     -0.393      0.129      0.715     -0.016
3.1000       -29981.142   -29989.412        8.270   331.5      0.521     -1.284     -0.026     -0.695      0.240      0.210
3.1500       -29981.217   -29989.643        8.426   337.8      0.167     -0.336     -1.244      0.198      0.321     -0.243
3.2000       -29981.535   -29989.305        7.770   311.4      0.753     -0.063     -0.326     -0.295      0.631      0.309
3.2500       -29981.912   -29989.584        7.672   307.5      0.338      0.212      0.707     -0.159     -0.405     -0.436
3.3000       -29981.737   -29990.533        8.796   352.6      0.146     -0.282      0.009     -0.131      0.384     -0.242
3.3500       -29981.843   -29990.506        8.662   347.2      0.481      0.464     -0.256      0.151      0.208     -0.231
3.4000       -29982.128   -29990.484        8.356   335.0      0.404     -0.023      1.268     -0.169      0.181      0.300
3.4500       -29982.360   -29989.830        7.470   299.4     -0.244     -0.222     -0.001     -0.191     -0.087      0.476
3.5000       -29982.293   -29990.084        7.791   312.3      0.252     -0.578     -0.233     -0.232      0.568     -0.116
3.5500       -29982.521   -29990.295        7.774   311.6      1.016     -0.540      0.132     -0.276      0.401      0.199
3.6000       -29982.119   -29990.654        8.536   342.1      0.545      0.074      0.661      0.434      0.192     -0.165
3.6500       -29982.371   -29990.223        7.851   314.7      0.187     -0.038      0.769     -0.032      0.244      0.426
3.7000       -29982.623   -29990.693        8.071   323.5      0.120      0.678     -0.012      0.457      0.595      0.097
3.7500       -29982.142   -29990.391        8.249   330.6      0.515      0.263     -0.124     -0.140      0.233     -0.223
3.8000       -29982.030   -29990.238        8.208   329.0      0.104      1.190      0.358      0.007     -0.217     -0.177
3.8500       -29981.523   -29989.143        7.619   305.4      0.471      0.916      1.201     -0.144     -0.254      0.092
3.9000       -29981.042   -29989.047        8.004   320.9      0.181      0.078      0.143     -0.762     -0.531     -0.061
3.9500       -29981.355   -29989.309        7.953   318.8      0.269      0.587      0.555     -0.214     -0.373      0.035
4.0000       -29980.904   -29989.346        8.442   338.4      0.295      0.635      0.084     -0.419      0.678      0.521
4.0500       -29980.970   -29989.189        8.219   329.5      0.290     -0.013     -0.561      0.146     -0.777     -0.100
4.1000       -29980.491   -29988.826        8.335   334.1      0.861     -0.108     -0.460      0.427      0.567     -0.064
4.1500       -29981.095   -29989.098        8.003   320.8     -0.431      0.264      0.064     -0.209     -0.781      0.182
4.2000       -29980.503   -29987.971        7.468   299.3      0.079      0.072      0.023      0.052      0.618      0.219
4.2500       -29980.567   -29988.920        8.353   334.8     -0.637     -0.789      0.424      0.307      0.077      0.133
4.3000       -29980.795   -29988.854        8.058   323.0      0.162      0.887      0.461     -0.130     -0.335      0.181
4.3500       -29980.627   -29989.598        8.971   359.6      0.237     -0.710      0.325      0.459      0.086     -0.438
4.4000       -29980.294   -29989.092        8.798   352.7     -0.814      0.186     -0.274      0.009      0.158      0.436
4.4500       -29979.967   -29988.475        8.507   341.0      0.732     -0.014      0.465      0.176      0.001     -0.492
4.5000       -29979.638   -29988.090        8.452   338.8      0.250      0.242      0.480      0.386     -0.255      0.091
4.5500       -29979.632   -29988.629        8.997   360.7     -0.996     -0.295     -0.520     -0.191      0.004      0.104
4.6000       -29979.830   -29988.975        9.144   366.5      1.301      0.487      0.182      0.049      0.178      0.482
4.6500       -29979.425   -29988.510        9.084   364.1      0.328     -0.353      0.551      0.211      0.274     -0.447
4.7000       -29979.388   -29988.078        8.690   348.4     -0.336     -0.618      0.140     -0.109     -0.245      0.419
4.7500       -29979.172   -29988.057        8.885   356.1      0.777     -0.038      0.432     -0.044      0.299     -0.401
4.8000       -29979.630   -29988.133        8.503   340.8     -0.619      0.243      0.546      0.255      0.123     -0.270
4.8500       -29979.994   -29988.469        8.474   339.7      0.441      0.304     -0.644      0.155      0.395      0.344
4.9000       -29980.117   -29988.418        8.301   332.7      1.366      0.170      0.689     -0.531     -0.274     -0.370
4.9500       -29980.348   -29989.137        8.789   352.3      0.694      0.378      1.216      0.261      0.182      0.248
5.0000       -29981.184   -29988.910        7.727   309.7     -0.431      0.486      0.296     -0.147     -0.203     -0.196
