Time[ps]      Etot[eV]     Epot[eV]     Ekin[eV]    T[K]      ---------------------- stress [GPa] -----------------------
0.0000       -29979.807   -29989.555        9.747   390.7     -0.826     -1.578     -1.672      0.138     -0.239      0.123
0.0500       -29979.819   -29988.094        8.274   331.7     -1.137     -0.100     -0.848     -0.067     -0.100     -0.474
0.1000       -29980.605   -29989.117        8.513   341.2     -1.170     -1.720     -1.405      0.162      0.066      0.410
0.1500       -29980.567   -29988.654        8.088   324.2     -0.563     -0.034     -0.463     -0.298      0.518     -0.057
0.2000       -29980.331   -29988.820        8.489   340.3      0.011      0.131      0.577      0.456     -0.091      0.250
0.2500       -29980.214   -29989.287        9.073   363.7     -0.298      0.177     -0.357      0.241      0.235     -0.576
0.3000       -29980.488   -29988.771        8.283   332.0      0.535     -0.161      0.073      0.870      0.349     -0.174
0.3500       -29981.263   -29988.840        7.576   303.7     -0.180     -0.913     -0.687      0.701      0.001     -0.091
0.4000       -29981.556   -29989.775        8.220   329.5     -0.350     -0.414      0.290     -0.099      0.140      0.238
0.4500       -29981.432   -29989.270        7.837   314.2     -0.980     -0.256     -0.990     -0.005      0.429     -0.851
0.5000       -29980.962   -29989.150        8.188   328.2      0.083     -0.475     -0.221      0.220      0.358      0.140
0.5500       -29981.002   -29988.340        7.338   294.1      0.146     -0.463     -0.059      0.851      0.397      0.013
0.6000       -29981.128   -29989.305        8.176   327.7     -0.741      0.504     -0.095     -0.001      0.456      0.441
0.6500       -29980.693   -29989.270        8.577   343.8     -1.343     -0.047     -0.300      0.011     -0.197      0.111
0.7000       -29980.733   -29988.871        8.138   326.2      0.843     -0.555     -0.108      0.120      0.077      0.200
0.7500       -29980.223   -29988.309        8.086   324.1     -0.344     -0.380     -0.554      0.267      0.055     -0.515
0.8000       -29980.118   -29988.582        8.464   339.3      0.248      0.484      0.556      0.298      0.317      0.022
0.8500       -29979.969   -29988.430        8.460   339.1     -1.097     -0.812      0.793      0.043      0.043      0.588
0.9000       -29980.484   -29988.283        7.799   312.6     -0.532     -0.455     -0.281      0.190     -0.361     -0.451
0.9500       -29980.356   -29988.281        7.925   317.7     -1.435      0.047     -0.214     -0.255     -0.327      0.469
1.0000       -29979.921   -29988.773        8.852   354.8     -0.970     -0.730     -0.161      0.635      0.394      0.213
1.0500       -29980.525   -29988.982        8.457   339.0     -0.514     -0.347     -0.505     -0.533     -0.384     -0.004
1.1000       -29980.582   -29989.281        8.700   348.7     -0.049     -0.185      0.645      0.302      0.424      0.299
1.1500       -29980.424   -29988.547        8.123   325.6      0.010     -0.079     -0.334     -0.150     -0.002     -0.118
1.2000       -29980.085   -29988.406        8.322   333.6     -0.216     -0.064     -0.220      0.017     -0.282      0.169
1.2500       -29980.329   -29988.475        8.146   326.5     -0.686      0.321     -0.245     -0.148      0.024     -0.741
1.3000       -29980.415   -29988.574        8.159   327.0     -0.446     -0.150     -0.657      0.706      0.040      0.658
1.3500       -29979.975   -29987.932        7.956   318.9      0.815     -0.015     -0.411     -0.373      0.179     -0.065
1.4000       -29980.161   -29988.248        8.087   324.1     -0.172      0.438      0.317      0.390      0.109     -0.057
1.4500       -29980.436   -29988.580        8.144   326.5     -0.019     -0.360     -0.807     -0.773     -0.290     -0.049
1.5000       -29980.796   -29988.297        7.501   300.7     -0.626     -0.731     -0.375      0.044     -0.294     -0.456
1.5500       -29980.551   -29988.324        7.773   311.6      0.445      0.745     -0.834     -0.306     -0.190     -0.232
1.6000       -29980.516   -29988.477        7.961   319.1     -0.662     -0.524     -0.136      0.869     -0.661      0.177
1.6500       -29980.017   -29988.500        8.483   340.1     -0.073      0.515     -0.198      0.103      0.240     -0.191
1.7000       -29980.176   -29988.539        8.363   335.2     -0.171     -0.962     -0.732      0.515     -0.828     -0.083
1.7500       -29980.424   -29989.961        9.537   382.3      0.145     -0.139     -0.244      0.408      0.035     -0.341
1.8000       -29980.719   -29989.230        8.512   341.2     -0.948     -0.194     -0.484      0.908      0.210     -0.341
1.8500       -29980.890   -29988.684        7.793   312.4     -1.173     -0.113      0.341      0.522     -0.323     -0.258
1.9000       -29981.227   -29988.902        7.675   307.7      0.298     -0.084     -0.253     -0.523     -0.172     -0.225
1.9500       -29981.260   -29988.938        7.677   307.7     -0.164      0.414     -0.597     -0.012      0.315      0.342
2.0000       -29981.383   -29989.209        7.826   313.7     -1.022     -0.007     -0.936     -0.015     -0.023     -0.262
2.0500       -29980.961   -29989.271        8.311   333.1     -0.389     -0.024     -0.355      0.544      0.758      0.083
2.1000       -29980.949   -29989.270        8.321   333.5      0.860     -0.752     -0.706     -0.090     -0.013     -0.505
2.1500       -29980.513   -29989.314        8.801   352.8     -1.127     -0.700     -0.316     -0.150     -0.246      0.612
2.2000       -29980.454   -29989.273        8.819   353.5     -0.625     -0.237     -0.781     -0.498     -0.142     -0.494
2.2500       -29980.461   -29989.168        8.707   349.0     -1.263     -0.276     -0.497     -0.040     -0.298     -0.574
2.3000       -29980.785   -29988.301        7.516   301.3      0.612      0.169      0.715      0.029      0.041      0.210
2.3500       -29980.288   -29988.646        8.358   335.0      0.154      1.125      0.329      0.326      0.603      0.177
2.4000       -29980.625   -29988.242        7.617   305.3      0.342      0.971      0.568     -0.224      0.031     -0.185
2.4500       -29980.752   -29989.180        8.427   337.8     -0.345     -0.218     -0.263     -0.105      0.344     -0.046
2.5000       -29980.936   -29988.873        7.937   318.2     -0.467     -0.057     -0.235     -0.106      0.389      0.230
2.5500       -29981.435   -29988.975        7.539   302.2     -0.308     -0.341      0.615      0.079      0.400     -0.044
2.6000       -29981.470   -29989.154        7.685   308.0     -0.161     -0.151     -0.314      0.227      0.104     -0.412
2.6500       -29981.332   -29988.809        7.476   299.7      0.291     -0.520      0.462     -0.237      0.003      0.358
2.7000       -29980.664   -29988.832        8.168   327.4     -0.445     -1.218     -0.571      0.326     -0.261     -0.020
2.7500       -29980.705   -29988.768        8.063   323.2     -0.455     -0.411     -0.606      0.091      0.075      0.379
2.8000       -29979.894   -29988.445        8.551   342.8     -0.155     -1.157     -0.146     -0.197      0.197     -0.178
2.8500       -29979.565   -29988.506        8.941   358.4     -0.416     -0.293     -1.074     -0.408      0.166     -0.192
2.9000       -29979.177   -29987.734        8.558   343.0     -0.838      0.194     -0.704      0.704      0.262      0.906
2.9500       -29979.029   -29987.525        8.496   340.6     -0.301     -0.861      0.442     -0.520     -0.073     -0.370
3.0000       -29979.599   -29987.791        8.192   328.4     -0.030     -0.457     -1.707      0.061     -0.550      0.024
3.0500       -29979.855   -29988.043        8.188   328.2      0.085     -0.090      0.145      0.029      0.278     -0.114
3.1000       -29980.080   -29988.686        8.606   345.0     -0.107     -0.182      0.296      0.566     -0.044     -0.678
3.1500       -29980.400   -29988.469        8.069   323.4     -0.153     -0.109     -0.205      0.023      0.636      0.027
3.2000       -29980.464   -29989.348        8.884   356.1     -0.665      0.030      0.555      0.072     -0.360      0.066
3.2500       -29980.445   -29988.744        8.299   332.7     -0.346     -0.336      0.359      0.010      0.042      0.694
3.3000       -29979.261   -29987.898        8.638   346.2      0.115     -0.432     -0.914     -0.562     -0.093      0.201
3.3500       -29979.888   -29987.969        8.081   323.9     -0.095     -0.341     -0.294      0.228     -0.583      0.602
3.4000       -29979.698   -29988.041        8.343   334.4      0.475      0.340      0.313      0.125     -0.298      0.166
3.4500       -29979.315   -29988.320        9.005   361.0     -0.419      0.072     -0.369      0.126      0.102      0.175
3.5000       -29979.608   -29988.475        8.867   355.4     -0.807     -0.198     -1.062      0.306      0.120     -0.757
3.5500       -29979.823   -29988.523        8.700   348.8     -0.856     -1.254     -0.596      0.342     -0.719     -0.160
3.6000       -29980.094   -29988.938        8.843   354.5      0.158     -0.368     -0.653      0.212     -0.034      0.077
3.6500       -29979.893   -29988.783        8.891   356.4      0.023      0.087     -1.123     -0.258     -0.481      0.567
3.7000       -29980.489   -29989.078        8.589   344.3     -0.599     -0.151     -0.284     -0.251      0.260     -0.150
3.7500       -29980.144   -29988.371        8.227   329.8      0.195     -0.424      0.170      0.129     -0.244     -0.364
3.8000       -29980.212   -29987.867        7.655   306.9      0.082      0.112     -1.434      0.206     -0.276      0.090
3.8500       -29980.000   -29989.295        9.295   372.6     -0.194      0.217     -0.851      0.181      0.260      0.287
3.9000       -29979.947   -29989.055        9.108   365.1      0.150     -0.048     -0.084      0.451     -0.151     -0.105
3.9500       -29980.487   -29988.547        8.060   323.1     -0.851      0.636      0.083     -0.511      0.027      0.534
4.0000       -29980.589   -29989.535        8.946   358.6     -0.558     -1.581      0.574      0.130     -0.973     -0.082
4.0500       -29981.081   -29988.967        7.886   316.1     -0.496      0.513     -0.973      0.331     -0.110      0.239
4.1000       -29981.042   -29988.971        7.929   317.8     -1.136     -0.948     -0.251     -0.029      0.080     -0.080
4.1500       -29980.905   -29989.715        8.809   353.1     -0.049     -0.345     -0.398     -0.857      0.052      0.181
4.2000       -29980.994   -29989.105        8.111   325.1     -0.083      0.005     -0.495      0.293     -0.094     -0.274
4.2500       -29980.965   -29988.902        7.937   318.2     -0.451      0.291     -0.338     -0.163     -0.112      0.351
4.3000       -29980.801   -29989.406        8.606   345.0     -0.824     -0.779     -0.316      0.071     -0.353     -0.926
4.3500       -29980.379   -29988.545        8.166   327.3     -0.991     -0.603     -1.242     -0.749     -0.462      0.640
4.4000       -29980.264   -29988.225        7.961   319.1     -1.450      0.051     -0.796      0.229      0.053      0.089
4.4500       -29980.734   -29989.023        8.289   332.3     -0.237     -0.728     -0.443     -0.467      0.170      0.086
4.5000       -29980.607   -29988.559        7.952   318.7     -0.553     -0.902     -0.001      0.124      0.011     -0.496
4.5500       -29980.944   -29989.133        8.189   328.3      0.492     -0.400     -0.123     -0.158     -0.062      0.081
4.6000       -29981.237   -29989.037        7.800   312.7     -0.220     -0.944     -0.486     -0.603      0.371      0.174
4.6500       -29981.210   -29989.252        8.042   322.4      0.487     -0.044      0.075     -0.063     -0.076      0.196
4.7000       -29981.130   -29989.197        8.067   323.4      0.116     -0.281     -0.577      0.079     -0.214     -0.015
4.7500       -29981.049   -29989.514        8.465   339.3      0.075     -0.301     -0.529      0.024     -0.094     -0.511
4.8000       -29981.614   -29989.217        7.603   304.8     -0.495     -0.458     -0.493     -0.426     -0.044     -0.512
4.8500       -29981.192   -29988.734        7.542   302.3     -0.517     -2.052     -0.677      0.322      0.075      0.389
4.9000       -29981.294   -29989.307        8.013   321.2     -0.126      0.323     -0.597     -0.149     -0.333     -0.356
4.9500       -29980.970   -29988.721        7.751   310.7      0.200     -0.018     -0.698      0.445     -0.126     -0.456
5.0000       -29980.875   -29988.795        7.920   317.5     -1.043     -0.542     -0.449      0.063     -0.099     -0.403
