Time[ps]      Etot[eV]     Epot[eV]     Ekin[eV]    T[K]      ---------------------- stress [GPa] -----------------------
0.0000       -29981.138   -29988.992        7.854   314.8     -0.165     -0.088      0.221     -0.153     -0.148     -0.658
0.0500       -29981.687   -29989.010        7.322   293.5      0.181     -0.264      0.153      0.155     -0.348      0.293
0.1000       -29981.249   -29988.703        7.455   298.8      0.245     -0.182      0.431      0.456     -0.247      0.636
0.1500       -29980.634   -29988.568        7.934   318.0     -1.161      0.330     -0.664      0.182      0.652      0.204
0.2000       -29980.399   -29988.553        8.153   326.8      0.555      0.677      0.547      0.689     -0.184     -0.082
0.2500       -29980.201   -29988.760        8.559   343.1     -0.093      0.650      0.264     -0.386     -0.018     -0.070
0.3000       -29980.420   -29988.641        8.220   329.5      0.224     -0.024     -1.111      0.392     -0.374      0.078
0.3500       -29980.353   -29988.594        8.240   330.3     -0.533     -0.393      0.536     -0.779      0.051      0.626
0.4000       -29979.580   -29987.760        8.180   327.9     -0.620      0.122     -0.156      0.432      0.505      0.104
0.4500       -29979.452   -29988.459        9.007   361.0      0.351     -0.324      0.503     -0.136     -0.202     -0.069
0.5000       -29979.594   -29987.430        7.836   314.1      1.636      0.799      1.071     -0.299      0.472      0.296
0.5500       -29979.470   -29988.621        9.151   366.8     -1.120     -0.440      0.935     -0.290     -0.077     -0.228
0.6000       -29978.930   -29987.506        8.576   343.8     -0.068     -0.021     -0.799      0.366      0.035     -0.026
0.6500       -29978.471   -29987.355        8.885   356.1     -0.035      0.049     -0.645      0.469     -0.503      0.165
0.7000       -29979.244   -29987.002        7.758   311.0      0.843      0.309     -0.321     -0.199      0.140      0.226
0.7500       -29979.375   -29987.494        8.119   325.5      0.831      0.622     -0.193      0.731      0.193      0.209
0.8000       -29979.601   -29988.039        8.438   338.2     -0.640      0.243      0.561     -0.192     -0.565      0.467
0.8500       -29979.507   -29988.074        8.567   343.4     -0.074      0.503      0.193     -0.144      0.680      0.189
0.9000       -29979.750   -29987.977        8.227   329.8     -0.003      0.047     -0.262     -0.645      0.010     -0.018
0.9500       -29979.352   -29987.764        8.412   337.2      0.335      0.434      0.251      0.049      0.173     -0.154
1.0000       -29979.128   -29988.064        8.936   358.2     -0.043     -0.381     -0.318      0.098     -0.253     -0.389
1.0500       -29979.493   -29988.260        8.767   351.4     -0.581     -0.223     -0.441      0.425     -0.078      0.452
1.1000       -29979.634   -29988.225        8.591   344.4      0.339      0.246     -0.633      0.023     -0.249      0.015
1.1500       -29980.143   -29988.291        8.148   326.6      0.250     -0.533     -0.281      0.223      0.121      0.086
1.2000       -29979.182   -29987.941        8.760   351.1      0.403      0.826      0.804     -0.892     -0.161     -0.021
1.2500       -29978.809   -29987.957        9.148   366.7      0.752      0.450      0.748     -0.236      0.435     -0.397
1.3000       -29979.298   -29987.953        8.655   346.9     -0.760      0.159     -0.622      0.540     -0.461      0.056
1.3500       -29979.367   -29988.430        9.063   363.3     -0.863      0.220     -0.057     -0.391     -0.377      0.213
1.4000       -29978.988   -29987.723        8.735   350.1     -0.195     -0.237      0.349     -0.625      0.021     -0.430
1.4500       -29978.753   -29987.488        8.735   350.1     -1.113      0.214      0.467     -0.504     -0.347      0.095
1.5000       -29978.233   -29987.455        9.222   369.6      0.338      0.063     -0.698     -0.329      1.161     -0.407
1.5500       -29978.085   -29988.277       10.192   408.5     -0.132      0.393     -0.018     -0.168     -0.069      0.019
1.6000       -29977.771   -29986.820        9.049   362.7     -0.468      0.313     -0.702     -0.064      0.941     -0.263
1.6500       -29977.567   -29987.131        9.564   383.4      0.720      0.478      0.763      0.593      0.177      0.204
1.7000       -29977.401   -29987.086        9.684   388.2     -0.591     -0.702     -1.546     -0.259      0.429     -0.547
1.7500       -29977.831   -29986.879        9.048   362.7      0.039     -0.133      0.597     -0.816      0.238      0.504
1.8000       -29978.116   -29986.910        8.794   352.5     -0.399      0.326     -0.487     -0.157     -0.097     -0.155
1.8500       -29978.235   -29987.666        9.431   378.0     -0.380     -0.088     -0.309     -0.256      0.131     -0.027
1.9000       -29978.244   -29987.721        9.477   379.9     -1.811     -0.777     -0.841      0.354      0.080      0.710
1.9500       -29978.506   -29987.453        8.947   358.6      0.526     -0.001      0.214      0.535      0.188      0.030
2.0000       -29978.934   -29987.660        8.726   349.8     -0.193     -0.307      0.014     -0.624      0.745     -0.022
2.0500       -29978.963   -29987.178        8.215   329.3      0.344      0.076     -0.584      0.164     -0.104      0.162
2.1000       -29979.197   -29988.406        9.209   369.1     -0.085      0.386      0.342     -0.409     -0.250      0.116
2.1500       -29978.830   -29987.646        8.817   353.4      0.196     -0.628     -0.104      0.233     -0.168     -0.287
2.2000       -29979.202   -29988.211        9.009   361.1      0.027     -0.748      0.342     -0.291      0.213      0.141
2.2500       -29979.556   -29988.658        9.102   364.8      0.439      0.692     -0.032      0.405     -0.697      0.186
2.3000       -29979.283   -29988.031        8.748   350.7      0.440      0.226     -0.015     -0.226      0.204     -0.292
2.3500       -29979.099   -29988.566        9.468   379.5     -0.015     -0.451     -0.112      0.164     -0.436     -0.183
2.4000       -29979.449   -29987.900        8.451   338.8      0.161     -0.378     -0.237      0.262      0.358     -0.642
2.4500       -29980.033   -29988.021        7.988   320.2     -0.064      0.400     -0.316      0.082      0.180      0.217
2.5000       -29980.395   -29988.650        8.255   330.9     -0.098     -0.044     -0.297      0.011      0.278     -0.266
2.5500       -29980.648   -29989.027        8.379   335.9      1.229      0.805      0.898      0.456      0.254      0.252
2.6000       -29980.936   -29989.625        8.689   348.3     -0.030      0.217      0.970     -0.424      0.186      0.668
2.6500       -29981.422   -29989.627        8.205   328.9     -0.125     -0.071      0.412     -0.454      0.249     -0.422
2.7000       -29981.030   -29989.309        8.279   331.9     -0.446     -0.298      0.533     -0.118      0.082     -0.036
2.7500       -29981.356   -29988.441        7.085   284.0      0.683      0.431      0.951     -0.434     -0.038     -0.177
2.8000       -29981.178   -29988.652        7.474   299.6      0.846     -0.410      0.508      0.025     -0.110      0.177
2.8500       -29981.300   -29988.752        7.452   298.7      1.052      0.541      0.719      0.077     -0.194      0.469
2.9000       -29981.144   -29988.688        7.543   302.4      1.630      0.966     -0.146     -0.171      0.233      0.099
2.9500       -29980.799   -29988.871        8.072   323.6      0.726      1.459      1.244     -0.328      0.380      0.353
3.0000       -29981.127   -29988.121        6.994   280.3      0.887      0.849      0.759      0.233     -0.458     -0.112
3.0500       -29981.357   -29989.033        7.676   307.7      0.123      0.621      0.557     -0.042      0.325      0.289
3.1000       -29980.890   -29988.893        8.003   320.8     -0.221      0.551     -0.304     -0.601      0.396      0.040
3.1500       -29981.053   -29989.051        7.998   320.6      0.152     -0.138      0.632      0.371     -0.235     -0.352
3.2000       -29981.017   -29988.885        7.867   315.4     -0.295      0.086      0.315     -0.070     -0.094      0.169
3.2500       -29980.662   -29989.029        8.367   335.4     -0.025      0.584      1.592     -0.090      0.056     -0.364
3.3000       -29980.739   -29988.375        7.636   306.1      0.891     -0.016      0.535      0.435      0.218      0.359
3.3500       -29980.406   -29988.590        8.184   328.1     -0.165      0.577     -0.231     -0.656     -0.265     -0.093
3.4000       -29980.905   -29989.404        8.499   340.7     -0.307     -0.302     -0.420      0.525     -0.441     -0.300
3.4500       -29981.295   -29989.824        8.529   341.9      0.576     -0.009      0.441     -0.381     -0.149     -0.149
3.5000       -29981.786   -29988.928        7.142   286.3      0.294      0.723      1.090      0.104      0.488      0.096
3.5500       -29981.008   -29989.199        8.192   328.4      0.605      0.600      0.029     -0.202      0.291      0.226
3.6000       -29981.006   -29989.443        8.437   338.2     -0.120      0.096     -0.231     -0.199      0.407      0.092
3.6500       -29980.589   -29988.584        7.995   320.5      0.556     -0.060      1.335      0.496     -0.336      0.599
3.7000       -29980.251   -29988.652        8.401   336.7      0.657      0.410      0.251     -0.194      0.395      0.126
3.7500       -29979.888   -29988.104        8.215   329.3      0.806      0.525      0.218      0.169     -0.249     -0.075
3.8000       -29980.074   -29988.254        8.180   327.9      0.288     -0.001      0.074     -0.077      0.139     -0.097
3.8500       -29979.792   -29988.000        8.208   329.0     -0.248      0.588      0.244      0.575      0.375      0.031
3.9000       -29979.310   -29987.604        8.293   332.4     -0.507      0.098      0.499     -0.381     -0.079     -0.175
3.9500       -29978.989   -29987.586        8.597   344.6      1.026      0.125      0.588     -0.046      0.556     -0.114
4.0000       -29979.241   -29987.084        7.843   314.4      0.225     -0.500     -0.125      0.113      0.170      0.087
4.0500       -29979.219   -29987.352        8.132   326.0      0.446     -0.184     -0.221     -0.225     -0.651      0.003
4.1000       -29978.850   -29987.111        8.261   331.1     -0.511      0.268     -0.169     -0.014     -0.304      0.334
4.1500       -29979.037   -29987.553        8.516   341.4      0.045      0.556     -0.512      0.527      0.519      0.677
4.2000       -29978.983   -29987.238        8.256   330.9      0.758      0.767      1.528     -0.475      0.066     -0.119
4.2500       -29978.863   -29987.672        8.809   353.1      1.118      0.171      0.312      0.446     -0.533      0.165
4.3000       -29979.122   -29987.414        8.292   332.4      1.170      0.719      0.272     -0.395      0.076      0.290
4.3500       -29979.165   -29987.861        8.696   348.6      1.683     -0.112      0.902      0.506     -0.388     -0.593
4.4000       -29979.441   -29987.406        7.965   319.3     -0.418      0.161      0.031      0.057     -1.152      0.285
4.4500       -29979.327   -29987.479        8.152   326.8      0.214      0.402     -0.209      0.413      0.432     -0.083
4.5000       -29978.988   -29987.566        8.578   343.9     -0.422     -0.659     -0.456     -0.733      0.741      0.557
4.5500       -29979.093   -29988.160        9.067   363.4      0.642      0.380      0.090      0.217      0.415      0.555
4.6000       -29979.261   -29988.162        8.901   356.8      0.423     -0.820     -0.369      0.375     -0.193      0.544
4.6500       -29979.202   -29987.785        8.584   344.1     -1.053      0.179     -0.630     -0.226     -0.112     -0.404
4.7000       -29979.660   -29987.592        7.932   318.0      0.301      0.596      0.436     -0.398     -0.476     -0.143
4.7500       -29979.669   -29987.543        7.874   315.6      0.057     -0.700      0.315      0.666      0.626      0.001
4.8000       -29979.427   -29987.883        8.456   339.0      0.314      1.240     -0.338     -0.007      0.137      0.007
4.8500       -29979.383   -29988.258        8.875   355.8      0.505      0.104      0.019     -0.235     -0.420      0.505
4.9000       -29979.573   -29987.762        8.189   328.3     -0.664     -0.632     -0.459      0.000     -0.403     -0.186
4.9500       -29979.769   -29988.859        9.090   364.4      0.585      0.131     -0.428     -0.183      0.815     -0.396
5.0000       -29980.187   -29988.889        8.702   348.8     -0.183     -0.358     -0.940     -0.070      0.053      0.111
5.0500       -29980.370   -29988.688        8.317   333.4      0.465      0.244      0.035      0.057      0.173     -0.020
5.1000       -29979.876   -29987.830        7.954   318.8      0.210      0.328     -0.296     -0.190      0.374     -0.318
5.1500       -29980.187   -29988.168        7.981   319.9     -0.378     -0.097     -0.102      0.043      0.328     -0.129
5.2000       -29979.895   -29988.416        8.521   341.5      0.508      0.413     -0.585     -0.383      0.550      0.589
5.2500       -29980.267   -29988.297        8.030   321.9     -0.120     -0.166      0.639      0.586      0.436      0.209
5.3000       -29980.225   -29987.773        7.549   302.6      1.232      0.095      0.326      0.304      0.267     -0.764
5.3500       -29980.308   -29988.182        7.874   315.6      0.704     -0.001     -0.318      0.107      0.006      0.125
5.4000       -29980.374   -29988.943        8.569   343.5      0.581     -0.396      0.394     -0.009     -0.336     -0.140
5.4500       -29980.534   -29988.205        7.671   307.5     -0.271      0.375     -0.048     -0.068     -0.302     -0.567
5.5000       -29980.646   -29988.559        7.913   317.2      0.155     -0.562     -0.865     -0.165      0.510     -0.301
5.5500       -29980.369   -29988.791        8.422   337.6     -0.297      0.097     -0.585      0.453     -0.313      0.228
5.6000       -29980.654   -29988.900        8.247   330.6     -0.587      0.138      0.193     -0.280      0.172     -0.161
5.6500       -29980.722   -29989.297        8.575   343.7      0.007     -0.561     -0.019      0.241      0.085      0.204
5.7000       -29980.517   -29988.738        8.221   329.5      0.216      0.584     -0.024     -0.493      0.101     -0.279
5.7500       -29981.008   -29989.238        8.230   329.9     -0.007      0.061     -0.015      0.056      0.503      0.356
5.8000       -29980.926   -29989.145        8.219   329.4      0.375      0.729     -0.521      0.243     -0.307      0.118
5.8500       -29980.680   -29989.201        8.521   341.6      0.104      0.414      0.511     -0.132     -0.761     -0.236
5.9000       -29980.650   -29988.074        7.424   297.6     -0.494     -0.272      0.514     -0.055      0.070     -0.123
5.9500       -29980.373   -29988.939        8.567   343.4     -0.152     -0.705     -1.762     -0.260      0.620      0.313
6.0000       -29980.397   -29988.369        7.972   319.6     -0.222      0.821      0.562      0.423     -0.923     -0.203
6.0500       -29980.641   -29988.254        7.612   305.1      0.179     -0.978     -0.815      0.089      0.973      0.225
6.1000       -29981.438   -29989.275        7.838   314.2      0.418      1.580     -0.014     -0.036     -0.295     -0.277
6.1500       -29981.653   -29989.826        8.173   327.6      0.327      0.531      0.923     -0.327      0.193      0.166
6.2000       -29981.554   -29989.209        7.655   306.9     -0.436      0.497     -0.239      0.445     -0.141     -0.737
6.2500       -29981.052   -29988.268        7.215   289.2     -0.229     -0.596      0.057      0.562      0.593     -0.364
6.3000       -29980.939   -29989.768        8.829   353.9     -0.447      1.022     -1.036     -0.182     -0.410     -0.062
6.3500       -29981.215   -29989.945        8.730   349.9     -0.333      0.211     -0.226     -0.160      0.336      0.565
6.4000       -29981.252   -29988.916        7.664   307.2      0.650      0.476      0.194      0.070      0.227     -0.181
6.4500       -29981.667   -29990.277        8.610   345.1      0.222     -0.961      0.330     -0.419      0.039     -0.210
6.5000       -29981.334   -29989.283        7.950   318.7      0.870      1.071      0.136     -0.888     -0.006      0.195
6.5500       -29981.423   -29989.301        7.878   315.8      0.603     -0.253     -0.938      0.155      0.568     -0.088
6.6000       -29981.212   -29989.271        8.060   323.1     -0.701     -0.625     -0.828     -0.546     -0.276      0.448
6.6500       -29981.258   -29989.191        7.934   318.0     -0.456     -0.249     -0.765      0.124     -0.591     -0.004
6.7000       -29980.537   -29989.238        8.701   348.8     -0.063      0.000      0.866     -0.461      0.164     -0.229
6.7500       -29980.896   -29988.682        7.786   312.1     -0.051      0.693      0.041      0.831     -0.602     -0.144
6.8000       -29980.686   -29988.742        8.056   322.9     -0.425     -0.640      0.304     -0.254      0.093      0.740
6.8500       -29980.223   -29988.518        8.295   332.5     -0.112      0.034     -0.486     -0.079     -0.464      0.161
6.9000       -29980.520   -29989.057        8.537   342.2      0.748     -0.238     -0.119      0.137     -0.071      0.382
6.9500       -29979.981   -29988.740        8.759   351.1     -0.672      0.785     -0.437      0.641     -0.748     -0.233
7.0000       -29980.322   -29988.629        8.307   333.0      0.222      0.217      1.070     -0.198      0.129     -0.133
7.0500       -29980.626   -29989.109        8.484   340.1      0.248      0.180      0.186      0.227     -0.226      0.044
7.1000       -29980.379   -29988.809        8.430   337.9     -0.823      0.628     -0.265     -0.198      0.050      0.183
7.1500       -29980.744   -29988.803        8.059   323.0      1.014     -0.616     -0.130     -0.389      0.144     -0.160
7.2000       -29980.571   -29988.463        7.891   316.3      0.063      0.950      1.063      0.318     -0.120     -0.153
7.2500       -29980.651   -29989.338        8.687   348.2      1.257      1.597      0.444     -0.148      0.244     -0.384
7.3000       -29980.097   -29989.004        8.907   357.0     -0.576     -0.505      0.685      0.527      0.098     -0.030
7.3500       -29980.259   -29989.465        9.206   369.0     -0.661     -0.044     -0.747     -0.154     -0.103      0.385
7.4000       -29980.419   -29989.107        8.688   348.3     -0.278     -0.757     -0.794     -0.319      0.684      0.069
7.4500       -29980.130   -29988.971        8.840   354.4     -0.542      0.311     -0.711     -0.214      0.148     -0.435
7.5000       -29979.964   -29988.785        8.821   353.6      0.154     -0.145     -0.409     -0.106      0.172      0.035
7.5500       -29980.335   -29988.955        8.620   345.5      0.301     -0.445     -1.676     -0.073      0.365      0.210
7.6000       -29980.168   -29989.139        8.970   359.6     -0.085      0.015      0.048      0.047     -0.082     -0.257
7.6500       -29980.496   -29988.781        8.285   332.1      0.081      0.751      0.649     -0.138      0.342      0.077
7.7000       -29980.424   -29989.045        8.621   345.6     -1.088     -0.328     -0.694     -0.005      0.228     -0.034
7.7500       -29980.584   -29989.242        8.658   347.1     -0.041      0.291      0.161     -0.202     -0.353     -0.052
7.8000       -29980.252   -29988.459        8.207   329.0      0.038     -0.165      0.108     -0.133      0.565      0.064
7.8500       -29980.905   -29989.273        8.369   335.4     -1.063     -0.416      1.183      0.566     -0.262     -0.106
7.9000       -29980.798   -29988.172        7.374   295.6     -0.085      0.219     -0.176     -0.290      0.608      0.195
7.9500       -29981.032   -29988.588        7.556   302.9     -0.569     -0.301      0.270     -0.072     -0.209     -0.412
8.0000       -29981.192   -29989.340        8.148   326.6      0.665     -0.556      0.396      0.362      0.072      0.078
8.0500       -29981.123   -29989.059        7.935   318.1     -1.010     -0.930     -0.451      0.251      0.102     -0.253
8.1000       -29981.016   -29989.672        8.656   347.0      0.030     -0.348      0.284     -0.087     -0.219     -0.166
8.1500       -29980.374   -29988.666        8.292   332.4     -0.217     -0.513      0.799      0.042     -0.184      0.598
8.2000       -29980.274   -29988.441        8.167   327.4      0.219     -1.213      0.230     -0.117      0.034      0.029
8.2500       -29979.791   -29987.812        8.021   321.5     -0.571      0.134      0.044     -0.173     -0.035      0.031
8.3000       -29979.908   -29989.271        9.364   375.3      0.079      0.319      0.267     -0.192     -0.254     -0.014
8.3500       -29978.876   -29987.996        9.120   365.6     -0.270     -0.741     -0.159      0.033      0.566      0.438
8.4000       -29978.605   -29987.736        9.131   366.0      0.053      0.076     -0.194      0.030     -0.341      0.443
8.4500       -29978.352   -29988.172        9.820   393.6     -0.343      0.546      0.722      0.010     -0.009     -0.178
8.5000       -29979.300   -29988.754        9.454   378.9      0.643      0.151      0.129     -0.530     -0.226      0.396
8.5500       -29979.744   -29988.016        8.272   331.6     -1.043     -0.678      0.128      0.539     -0.337      0.444
8.6000       -29980.300   -29989.193        8.893   356.5     -1.064      0.112     -1.021     -0.633      0.502     -0.256
8.6500       -29979.958   -29989.041        9.083   364.1      0.713     -0.148     -0.018      0.081      0.241      0.518
8.7000       -29979.735   -29988.215        8.480   339.9     -0.262      0.087     -0.368     -0.235     -0.116     -0.359
8.7500       -29980.470   -29988.367        7.898   316.6      0.055      0.657      0.047     -0.140      0.091      0.298
8.8000       -29980.786   -29989.051        8.265   331.3      0.417      0.066      1.030      0.235     -0.513     -0.371
8.8500       -29980.592   -29988.908        8.316   333.3     -1.402     -0.170      0.234     -0.366     -0.258     -0.073
8.9000       -29980.612   -29989.049        8.437   338.2     -0.127      0.747      0.489      0.442      0.227     -0.174
8.9500       -29981.467   -29989.811        8.343   334.4      0.481      0.838      0.816      0.095     -0.395     -0.103
9.0000       -29981.096   -29989.656        8.561   343.1     -0.561     -0.058     -0.017      0.070      1.303     -0.268
9.0500       -29981.095   -29989.467        8.372   335.6     -1.314     -0.265      0.336      0.270      0.246      0.399
9.1000       -29980.709   -29988.699        7.990   320.3      0.425      0.525      0.706     -0.021      0.085     -0.145
9.1500       -29981.327   -29988.896        7.569   303.4     -0.367     -0.131     -0.719     -0.005      0.162      0.227
9.2000       -29981.093   -29989.326        8.234   330.0     -0.041     -0.152      0.496      0.023      0.125     -0.020
9.2500       -29980.847   -29988.674        7.827   313.7      0.415      0.154      0.424     -0.386      0.210     -0.091
9.3000       -29980.918   -29989.330        8.412   337.2     -0.090      0.661      0.604      0.131     -0.370     -0.371
9.3500       -29981.006   -29989.012        8.006   320.9     -0.558      1.396      0.416     -0.457     -0.066     -0.217
9.4000       -29980.937   -29989.000        8.063   323.2      0.378     -0.211      0.318     -0.059      0.133     -0.090
9.4500       -29980.989   -29989.293        8.304   332.8      1.098      0.713      0.914      0.233      0.124     -0.661
9.5000       -29980.726   -29989.402        8.676   347.8      0.321      1.115      0.274      0.449      0.084      0.126
9.5500       -29980.826   -29989.076        8.251   330.7      0.435      0.465      0.468      0.031     -0.131     -0.214
9.6000       -29981.268   -29989.330        8.062   323.2      0.293      0.323      0.721     -0.055     -0.275     -0.104
9.6500       -29981.281   -29988.822        7.541   302.3      1.148      0.826      1.211     -0.496      0.161      0.139
9.7000       -29980.784   -29989.363        8.579   343.9     -0.117      0.385      0.421     -0.021      0.074      0.155
9.7500       -29981.050   -29989.443        8.393   336.4      0.087      0.428      0.608     -0.535     -0.603     -0.424
9.8000       -29980.567   -29989.113        8.546   342.6      0.561      0.760      1.076      0.317     -0.356      0.500
9.8500       -29980.784   -29988.557        7.773   311.6      0.289      0.158      0.008     -0.352      0.290      0.513
9.9000       -29980.479   -29989.100        8.621   345.6      0.749     -0.309      0.410     -0.783     -0.582      0.249
9.9500       -29980.499   -29988.404        7.905   316.9      0.041      0.683      0.468     -0.001      0.188     -0.197
10.0000      -29981.089   -29988.607        7.518   301.4     -0.185      0.276      0.201     -0.330     -0.203     -0.345
