Time[ps]      Etot[eV]     Epot[eV]     Ekin[eV]    T[K]      ---------------------- stress [GPa] -----------------------
0.0000       -29980.171   -29988.848        8.677   347.8     -0.801     -0.115     -0.652      0.338     -0.473     -0.193
0.0500       -29980.819   -29988.496        7.678   307.8      0.435     -0.013      0.956     -0.203      0.241      0.546
0.1000       -29980.746   -29988.455        7.709   309.0     -0.512     -1.141     -0.258     -0.400      0.239      0.082
0.1500       -29980.621   -29987.717        7.096   284.4      0.158      0.710      0.507     -0.294     -0.355     -0.171
0.2000       -29980.486   -29988.809        8.323   333.6      0.408      0.562      0.399      0.450      0.325      0.147
0.2500       -29979.857   -29988.633        8.776   351.8      0.273     -0.470      0.488     -0.258     -0.357     -0.090
0.3000       -29979.548   -29987.979        8.430   337.9     -1.028      0.222     -0.125      0.192     -0.189     -0.238
0.3500       -29979.597   -29988.771        9.174   367.7      0.014     -0.576     -0.489      0.300      0.188     -0.321
0.4000       -29979.438   -29988.316        8.878   355.9     -0.671      0.743     -0.379     -0.080      0.108     -0.224
0.4500       -29980.128   -29988.324        8.196   328.5     -0.566     -0.141     -0.966      0.156      0.236     -0.117
0.5000       -29979.544   -29988.080        8.536   342.2     -0.125     -0.694      0.089      0.523     -0.056     -0.085
0.5500       -29979.695   -29988.285        8.590   344.3     -0.344     -0.416     -0.570     -0.223      0.160      0.038
0.6000       -29980.155   -29988.164        8.009   321.0     -0.446      0.067     -0.704     -0.212     -0.204     -0.140
0.6500       -29980.535   -29988.725        8.189   328.3      0.126      0.327     -0.036      0.134     -0.005     -0.173
0.7000       -29980.404   -29989.139        8.734   350.1     -0.140     -0.141      0.065     -0.196     -0.272     -0.150
0.7500       -29980.117   -29988.984        8.867   355.4     -0.661     -1.302     -0.363      0.084      0.366      0.217
0.8000       -29980.361   -29988.617        8.256   330.9     -0.636     -0.432     -0.059      0.152     -0.113     -0.740
0.8500       -29980.171   -29988.486        8.315   333.3     -0.338     -0.039     -0.547     -0.062      0.015      0.715
0.9000       -29979.844   -29988.227        8.382   336.0      0.852      0.172      1.023      0.120      0.181     -0.270
0.9500       -29979.909   -29987.902        7.994   320.4      0.304     -0.027     -0.618     -0.006      0.090     -0.292
1.0000       -29980.506   -29988.627        8.121   325.5     -0.905     -0.087      0.352      0.429      0.035      0.198
1.0500       -29981.043   -29988.707        7.664   307.2     -0.530     -0.980     -0.676     -0.287     -0.239     -0.432
1.1000       -29981.076   -29989.396        8.320   333.5     -0.374     -0.296     -0.563      0.105     -0.425      0.120
1.1500       -29980.960   -29990.266        9.306   373.0     -0.299     -1.218     -0.428      0.689     -0.259     -0.237
1.2000       -29980.835   -29989.363        8.528   341.9     -0.105     -0.057     -0.070      0.013      0.702     -0.451
1.2500       -29980.790   -29989.508        8.718   349.4      0.272     -0.331     -0.157     -0.102     -0.113     -0.483
1.3000       -29980.774   -29988.908        8.134   326.0      0.277     -0.819     -0.466     -0.886      0.464      0.082
1.3500       -29981.227   -29989.557        8.330   333.9      0.284     -0.166      0.314      0.126     -0.515     -0.516
1.4000       -29981.492   -29989.439        7.948   318.6     -0.573     -0.158     -0.797     -0.511      0.012      0.068
1.4500       -29981.565   -29989.709        8.144   326.4      0.187      0.260     -1.261      0.379     -0.599      0.115
1.5000       -29980.742   -29988.844        8.102   324.8      0.703     -0.081      0.269      0.203      0.341     -0.291
1.5500       -29980.684   -29988.537        7.853   314.8     -0.003     -0.473      0.521      0.026     -0.526      0.495
1.6000       -29980.915   -29988.465        7.550   302.6     -0.610     -0.424      0.052      0.445     -0.198     -0.410
1.6500       -29980.431   -29988.504        8.072   323.6      0.133      0.316      0.007      0.125      0.324     -0.519
1.7000       -29980.291   -29989.373        9.082   364.1     -0.314     -0.013      0.052      0.124     -0.507      0.447
1.7500       -29981.106   -29989.115        8.009   321.1      0.043     -0.331      0.505      0.628     -0.518     -0.100
1.8000       -29980.793   -29988.748        7.955   318.9     -0.094     -0.388     -0.664      0.521      0.214      0.611
1.8500       -29981.432   -29989.562        8.130   325.9      0.276     -0.723     -0.171      0.482      0.174      0.044
1.9000       -29981.599   -29989.484        7.886   316.1     -0.392     -0.510      0.067     -0.484      0.282     -0.612
1.9500       -29981.470   -29989.234        7.764   311.2     -0.005      0.366      0.292     -0.275      0.316      0.338
2.0000       -29981.516   -29989.424        7.908   317.0      0.074     -0.745     -0.731     -0.073      0.105      0.333
2.0500       -29981.506   -29989.061        7.555   302.8     -0.475     -0.132     -0.188      0.336      0.086      0.615
2.1000       -29981.168   -29988.736        7.568   303.4      0.560      0.283      0.347      0.085     -0.283      0.666
2.1500       -29980.905   -29988.701        7.796   312.5      0.581      0.487     -0.145      0.616      0.084      0.394
2.2000       -29980.816   -29988.764        7.948   318.6     -0.304      0.554      0.364      0.570     -0.819     -0.010
2.2500       -29980.737   -29988.881        8.144   326.5     -0.427      0.098     -0.144      0.473      0.012      0.278
2.3000       -29980.885   -29989.068        8.183   328.0      0.340     -0.335      0.149     -0.145      0.343      0.769
2.3500       -29981.276   -29988.867        7.591   304.3      0.173      0.388      0.022     -0.291      0.513      0.008
2.4000       -29981.849   -29989.578        7.729   309.8      0.316     -0.641     -0.613      0.455      0.140      0.095
2.4500       -29981.749   -29988.900        7.151   286.7     -0.290      0.782      0.669     -0.496     -0.139      0.108
2.5000       -29981.890   -29989.166        7.276   291.7      0.719      0.694     -0.402      0.140     -0.132      0.587
2.5500       -29981.781   -29989.422        7.641   306.3     -1.363     -0.387     -0.682     -0.218      0.297     -0.534
2.6000       -29981.576   -29989.557        7.981   319.9      0.043     -0.685     -0.086      0.073      0.202     -0.172
2.6500       -29981.917   -29989.264        7.347   294.5      0.332     -0.313      0.062     -0.062      0.147     -0.305
2.7000       -29981.628   -29989.693        8.065   323.3     -0.280      0.084     -0.282      0.243      0.204     -0.067
2.7500       -29981.463   -29989.443        7.981   319.9     -0.344     -0.446      0.070     -0.150      0.016      0.206
2.8000       -29981.450   -29988.914        7.464   299.2     -0.552     -0.733      0.322     -0.064      0.252      0.338
2.8500       -29981.312   -29989.809        8.496   340.6     -0.073     -0.643     -0.715     -0.209     -0.085     -0.641
2.9000       -29980.824   -29989.271        8.447   338.6     -0.111     -1.559     -1.097     -0.081      0.293      0.044
2.9500       -29980.979   -29988.854        7.875   315.6     -0.310      1.079      0.950     -0.538     -0.002     -0.286
3.0000       -29981.307   -29989.686        8.379   335.9     -0.876     -0.345      0.319      0.054     -0.070     -0.249
3.0500       -29981.400   -29989.008        7.608   304.9     -0.158     -0.487     -1.226     -0.228      0.654      0.214
3.1000       -29981.487   -29989.541        8.054   322.8     -0.319     -1.000      0.060      0.407     -0.293     -0.086
3.1500       -29981.523   -29989.559        8.035   322.1      0.420     -0.299     -0.455     -0.051      0.139      0.060
3.2000       -29981.811   -29989.514        7.703   308.8      0.830      0.965     -0.496      0.386     -0.243      0.661
3.2500       -29981.143   -29988.521        7.379   295.8     -0.121     -0.954     -0.048      0.115      0.198     -0.542
3.3000       -29981.304   -29989.594        8.290   332.3      0.664      1.175     -0.128      0.106     -0.212      0.284
3.3500       -29981.675   -29989.428        7.752   310.7     -0.820     -0.594     -0.604     -0.037      0.349      0.283
3.4000       -29981.484   -29989.564        8.080   323.9      0.546     -0.623     -0.680     -0.139      0.188     -0.264
3.4500       -29981.648   -29989.658        8.010   321.1     -0.790     -0.333     -0.657     -0.066     -0.065      0.159
3.5000       -29981.778   -29989.650        7.873   315.6     -0.280     -1.092     -0.591      0.393      0.125      0.266
3.5500       -29981.960   -29990.316        8.356   334.9     -1.022     -0.720     -0.858     -0.452     -0.278      0.226
3.6000       -29981.803   -29990.059        8.256   330.9     -0.412      0.259     -0.309     -0.083      0.011     -0.906
3.6500       -29981.869   -29989.488        7.619   305.4     -0.259     -0.303      0.284     -0.123      0.565      0.241
3.7000       -29981.870   -29988.967        7.097   284.5      0.507      0.349      0.379      0.256     -0.589     -0.425
3.7500       -29982.055   -29989.494        7.439   298.2     -1.498     -0.202     -1.040     -0.107      0.221      0.423
3.8000       -29982.922   -29989.816        6.894   276.3      0.626     -0.067      0.227     -0.214     -0.505     -0.157
3.8500       -29982.437   -29989.664        7.227   289.7      0.139      0.309     -0.143     -0.253      0.238     -0.003
3.9000       -29982.635   -29989.764        7.129   285.8      0.272     -0.267     -0.883      0.473      0.046     -0.302
3.9500       -29982.626   -29990.168        7.542   302.3     -0.406      0.160     -0.679     -0.228      0.048      0.623
4.0000       -29982.614   -29990.934        8.319   333.5      0.066     -0.183      0.314     -0.007      0.241     -0.433
4.0500       -29982.884   -29991.092        8.208   329.0     -0.086      0.503      0.245      0.151     -0.514      0.342
4.1000       -29983.174   -29990.383        7.209   289.0      0.232     -0.186     -0.178     -0.197     -0.047     -0.545
4.1500       -29982.901   -29990.688        7.786   312.1      0.550      0.679     -0.272      0.243     -0.353      0.552
4.2000       -29982.993   -29991.012        8.018   321.4     -0.337     -0.044      0.659      0.066      0.279     -0.204
4.2500       -29982.863   -29990.438        7.574   303.6     -0.120     -0.077     -0.178      0.047     -0.094      0.126
4.3000       -29982.391   -29990.748        8.357   335.0     -0.831      0.023     -0.450      0.153      0.042      0.241
4.3500       -29982.269   -29989.906        7.638   306.2     -0.328     -0.294      0.005     -0.182      0.341      0.038
4.4000       -29982.199   -29989.697        7.499   300.6     -0.735      0.012     -1.070     -0.051      0.369     -0.675
4.4500       -29982.434   -29990.900        8.466   339.4      0.784     -0.382      0.352     -0.161     -0.350      0.455
4.5000       -29982.303   -29989.703        7.400   296.6     -0.274     -0.583     -0.161      0.516     -0.351      0.182
4.5500       -29981.983   -29990.170        8.187   328.2      0.243     -0.966      0.029     -0.227     -0.163      0.243
4.6000       -29982.250   -29990.361        8.111   325.1     -0.106     -0.087     -0.545     -0.216     -0.056     -0.095
4.6500       -29981.548   -29990.523        8.976   359.8     -0.072     -1.036     -0.353     -0.134     -0.616      0.167
4.7000       -29981.138   -29989.240        8.103   324.8     -0.632      0.347     -0.652      0.100      0.076     -0.168
4.7500       -29981.162   -29989.324        8.163   327.2      0.154     -0.779      0.479      0.262     -0.401      0.001
4.8000       -29981.420   -29989.711        8.291   332.3     -0.790      0.035     -0.642      0.497     -0.345     -0.441
4.8500       -29981.648   -29989.758        8.110   325.1     -0.079      0.211      0.219     -0.322     -0.260      0.456
4.9000       -29981.611   -29989.518        7.906   316.9     -0.942     -0.624     -0.247      0.387     -0.033      0.138
4.9500       -29981.348   -29989.486        8.138   326.2      0.456     -0.715     -0.303     -0.247     -0.655     -0.262
5.0000       -29980.895   -29989.766        8.871   355.6      0.121     -0.848     -0.299      0.299     -0.358     -0.146
5.0500       -29980.827   -29988.934        8.107   325.0     -0.896     -0.297     -0.428      0.014      0.540     -0.128
5.1000       -29980.693   -29989.666        8.973   359.7     -0.339     -1.123     -0.393     -0.252      0.080      0.604
5.1500       -29980.483   -29989.451        8.968   359.5     -0.191      0.460     -0.660     -0.153     -1.080     -0.512
5.2000       -29980.582   -29989.186        8.603   344.9     -0.637     -0.506      0.012     -0.361     -0.216     -0.166
5.2500       -29981.080   -29989.611        8.531   342.0     -0.973     -0.606      0.281      0.187     -0.409     -0.160
5.3000       -29981.068   -29988.604        7.535   302.0     -0.068      0.524     -0.520     -0.169      0.166     -0.182
5.3500       -29981.080   -29989.092        8.011   321.1     -0.395     -0.042     -0.375      0.472     -0.208     -0.325
5.4000       -29981.372   -29989.709        8.337   334.2     -0.726     -0.960     -0.190     -0.186      0.510     -0.152
5.4500       -29981.268   -29989.359        8.091   324.3     -0.038     -0.280      0.349     -0.103     -0.152     -0.001
5.5000       -29981.235   -29989.527        8.293   332.4     -0.575      0.310     -0.200     -0.192      0.129      0.045
5.5500       -29981.126   -29988.666        7.540   302.2     -1.005      0.083     -0.632      0.061      0.184      0.552
5.6000       -29980.793   -29989.088        8.295   332.5     -0.791     -0.175     -0.567     -0.273     -0.338      0.109
5.6500       -29980.676   -29988.736        8.060   323.1     -0.223      0.728      0.210      0.179     -0.017     -0.084
5.7000       -29980.500   -29988.744        8.244   330.5      0.226     -0.001      0.566     -0.466      0.542     -0.246
5.7500       -29980.728   -29988.502        7.774   311.6     -0.517      0.965     -1.030      0.714     -0.043      0.618
5.8000       -29981.289   -29989.146        7.858   315.0     -0.327     -0.808     -0.269      0.051      0.026      0.342
5.8500       -29980.958   -29988.959        8.001   320.7     -0.352      0.158      0.244     -0.167     -0.112     -0.784
5.9000       -29980.768   -29989.252        8.484   340.1      1.060      0.022      0.351     -0.036      0.485     -0.576
5.9500       -29980.545   -29988.246        7.701   308.7      0.389      0.109     -0.216      0.063     -0.316     -0.170
6.0000       -29980.692   -29988.566        7.874   315.6     -0.323     -0.497     -0.518      0.137      0.433     -0.235
6.0500       -29980.796   -29988.529        7.734   310.0     -0.799     -0.843     -0.757      0.149      0.039      0.544
6.1000       -29980.750   -29988.750        8.000   320.7      0.061      0.360     -0.460     -0.240     -0.040     -0.052
6.1500       -29981.101   -29988.729        7.628   305.8      0.135      0.024     -0.547      0.576      0.160      0.035
6.2000       -29980.857   -29989.037        8.180   327.9     -0.680     -0.398     -1.378     -0.211     -0.752      0.205
6.2500       -29980.940   -29989.305        8.365   335.3      0.390      0.268      0.111      0.227     -0.107     -0.413
6.3000       -29981.067   -29988.896        7.829   313.8     -0.391     -0.328     -0.765     -0.009      0.137      1.134
6.3500       -29981.303   -29989.055        7.751   310.7     -0.631     -0.092     -0.200      0.019     -0.634     -0.319
6.4000       -29981.188   -29989.098        7.909   317.0     -0.805     -0.040      0.537      0.688      0.249      0.172
6.4500       -29980.543   -29988.152        7.609   305.0      0.959      0.636      0.043     -0.011      0.155      0.218
6.5000       -29980.562   -29988.311        7.749   310.6     -0.234      0.123      1.494      0.714     -0.429     -0.147
6.5500       -29980.828   -29989.174        8.346   334.5      0.149      1.132     -0.080      0.509      0.727      0.045
6.6000       -29980.348   -29989.062        8.715   349.3     -0.266     -0.483     -0.770      0.168      0.033      0.030
6.6500       -29980.223   -29989.223        9.000   360.8     -0.325      0.217     -0.397      0.001     -0.341      0.466
6.7000       -29980.367   -29989.236        8.869   355.5      0.013      0.036     -0.429      0.441     -0.001      1.035
6.7500       -29981.052   -29988.842        7.790   312.3      0.184      0.738     -1.102      0.287     -0.117      0.202
6.8000       -29980.835   -29988.818        7.983   320.0     -1.853     -1.184     -0.083      0.528      0.292     -0.391
6.8500       -29980.643   -29988.662        8.019   321.5     -0.018      0.321      0.043     -0.037      0.187      0.252
6.9000       -29979.971   -29988.115        8.144   326.5     -0.481     -1.164     -0.718      0.337     -0.220     -0.255
6.9500       -29980.225   -29988.168        7.943   318.4      0.463      0.645     -0.360     -0.037     -0.033      0.491
7.0000       -29979.749   -29987.340        7.591   304.3      0.588     -0.466     -1.106     -0.281      0.387      0.051
7.0500       -29980.554   -29988.250        7.696   308.5     -0.015      0.346     -0.043     -0.331      0.321      0.825
7.1000       -29980.802   -29989.207        8.405   336.9      0.234      0.401     -0.257      0.530     -0.028     -0.315
7.1500       -29980.949   -29988.393        7.443   298.4     -1.360      0.487      0.254     -0.343     -0.058      0.164
7.2000       -29980.498   -29988.701        8.203   328.8     -0.582     -0.111     -0.043      0.100     -0.257     -0.207
7.2500       -29980.655   -29987.988        7.333   294.0     -1.306     -0.193     -0.341      0.098     -0.068     -0.448
7.3000       -29980.506   -29988.195        7.690   308.2      0.760     -0.921      1.237     -0.376     -0.589     -0.540
7.3500       -29980.176   -29987.904        7.728   309.8     -0.505      0.696     -1.019     -0.093      0.740      0.377
7.4000       -29980.245   -29988.627        8.382   336.0     -1.127     -0.012     -0.411     -0.079      0.583     -0.280
7.4500       -29980.624   -29988.990        8.366   335.3     -0.633     -0.108      0.222      0.177     -0.616     -0.036
7.5000       -29980.278   -29988.205        7.927   317.8     -0.493      0.317     -0.648     -0.291      0.157      0.060
7.5500       -29980.156   -29988.135        7.978   319.8     -0.158      0.339     -1.089     -0.243     -0.114      0.130
7.6000       -29980.593   -29988.576        7.983   320.0      0.141     -0.039      0.648      0.098      0.335     -0.357
7.6500       -29980.262   -29988.719        8.457   339.0     -0.213     -0.588     -0.281     -0.005      0.619     -0.387
7.7000       -29980.146   -29988.662        8.516   341.4     -0.191     -0.740     -0.083      0.102      0.076     -0.116
7.7500       -29979.944   -29987.785        7.842   314.3     -0.817     -0.742     -0.670      0.159      0.342     -0.176
7.8000       -29979.674   -29987.352        7.678   307.8     -0.846      0.265     -1.644      0.105      0.125      0.063
7.8500       -29979.912   -29988.811        8.899   356.7     -1.102     -1.350     -0.473      0.239      0.049     -0.235
7.9000       -29980.083   -29988.816        8.733   350.1     -0.522      0.093     -1.519     -0.362      0.007     -0.023
7.9500       -29980.211   -29988.268        8.057   322.9     -0.172     -0.844     -0.037      0.399     -0.068     -0.860
8.0000       -29980.377   -29989.178        8.800   352.8     -0.694     -0.849     -1.446     -0.141      0.069     -0.248
8.0500       -29980.587   -29989.176        8.589   344.3     -1.109     -0.256     -0.743     -0.311     -0.476      0.534
8.1000       -29980.315   -29988.594        8.279   331.8     -0.586     -0.963     -0.892      0.906      0.286     -0.405
8.1500       -29979.941   -29988.711        8.770   351.5     -1.285     -0.775     -0.381     -0.459     -0.207     -0.460
8.2000       -29979.587   -29988.299        8.712   349.2      0.683      0.376     -0.044      0.113      0.109      0.193
8.2500       -29979.608   -29987.768        8.159   327.1      0.439     -0.264      0.050      0.353     -0.095      0.227
8.3000       -29980.071   -29987.781        7.711   309.1     -0.191     -0.625     -0.089     -0.267      0.895     -0.590
8.3500       -29979.676   -29987.875        8.199   328.6     -0.104      1.191     -0.469     -0.317      0.196     -0.071
8.4000       -29979.527   -29988.160        8.633   346.1      0.546      0.768      0.888      0.472      0.854      0.259
8.4500       -29979.742   -29988.568        8.826   353.8     -0.192     -0.618     -1.157     -0.482     -0.256     -0.275
8.5000       -29979.966   -29988.520        8.554   342.9     -0.576     -1.001     -1.025     -0.022      0.253     -0.197
8.5500       -29980.388   -29988.719        8.330   333.9     -0.343     -0.111     -0.253     -0.128      0.014     -0.237
8.6000       -29980.585   -29988.781        8.197   328.6     -0.125      0.718     -0.369      0.156      0.049     -0.299
8.6500       -29980.377   -29988.262        7.885   316.1      0.804      0.412      0.208     -0.542     -0.224     -0.016
8.7000       -29980.181   -29988.262        8.081   323.9     -1.344      0.419      0.239      0.140     -0.242     -0.533
8.7500       -29980.111   -29988.340        8.228   329.8     -0.320     -0.591      0.379      0.346     -0.115     -0.352
8.8000       -29980.423   -29988.936        8.512   341.2      0.161     -0.048     -0.546      0.009     -0.101     -0.720
8.8500       -29980.203   -29988.807        8.604   344.9     -0.539     -0.339     -0.330      0.050     -0.285      0.275
8.9000       -29980.604   -29988.783        8.180   327.9     -0.751     -0.639     -0.184     -0.133      0.127      0.082
8.9500       -29980.745   -29988.938        8.192   328.4     -1.538      0.128     -0.350     -0.450      0.300      0.302
9.0000       -29980.975   -29989.590        8.615   345.3     -0.600     -0.635      0.019      0.375      0.212     -0.224
9.0500       -29980.627   -29988.973        8.346   334.5     -0.751      0.155      1.205     -0.148     -0.016     -0.081
9.1000       -29980.814   -29989.092        8.278   331.8     -0.635     -1.631     -1.019     -0.474     -0.077     -0.280
9.1500       -29980.653   -29988.832        8.179   327.9     -0.438     -0.768     -0.161     -0.472     -0.691      0.398
9.2000       -29980.731   -29988.836        8.105   324.9     -0.443     -0.626     -0.385     -0.058      0.229      0.100
9.2500       -29980.663   -29988.521        7.859   315.0     -0.313     -0.935     -0.322     -0.185     -0.178      0.765
9.3000       -29980.434   -29988.891        8.456   339.0     -0.366      0.673     -0.200     -0.014     -0.206      0.824
9.3500       -29980.325   -29988.086        7.761   311.1     -0.859     -1.066     -0.556     -0.114     -0.308     -0.146
9.4000       -29980.637   -29988.291        7.654   306.8     -0.274      1.351      0.073     -0.463     -0.134      0.278
9.4500       -29980.777   -29988.059        7.282   291.9     -0.487     -0.848      0.011      0.147     -0.166      0.509
9.5000       -29980.710   -29988.334        7.624   305.6      0.298      0.444     -0.306     -0.142      0.288      0.266
9.5500       -29980.370   -29988.678        8.307   333.0     -0.193      1.010     -0.953     -0.121      0.166     -0.334
9.6000       -29980.712   -29988.996        8.284   332.0     -0.402     -0.284     -0.701     -0.030     -0.658     -0.059
9.6500       -29980.506   -29988.490        7.984   320.1      0.097     -1.013      0.337     -0.170     -0.497      0.476
9.7000       -29980.632   -29989.307        8.675   347.7     -1.288     -0.222     -0.358      0.061      0.301     -0.084
9.7500       -29980.493   -29988.791        8.298   332.6      0.111      0.464     -0.604     -0.240     -0.054     -0.008
9.8000       -29980.558   -29989.230        8.673   347.6     -0.320     -1.027      0.571     -0.003      0.309     -0.135
9.8500       -29980.891   -29989.076        8.185   328.1     -0.181     -0.602     -0.191      0.203     -0.427      0.077
9.9000       -29980.750   -29989.006        8.256   330.9     -1.013     -0.298      0.274     -0.347     -0.131     -0.227
9.9500       -29980.371   -29989.258        8.887   356.2      0.272     -0.212     -0.136      0.041     -0.491     -0.356
10.0000      -29979.919   -29988.605        8.687   348.2     -0.100     -0.146      0.359     -0.367     -0.448     -0.033
