Time[ps]      Etot[eV]     Epot[eV]     Ekin[eV]    T[K]      ---------------------- stress [GPa] -----------------------
0.0000       -29980.435   -29988.486        8.051   322.7      0.072     -0.117     -0.654      0.419      0.086      0.663
0.0500       -29980.078   -29988.385        8.306   333.0     -0.298      0.127     -0.662     -0.223      0.363      0.006
0.1000       -29980.500   -29989.174        8.673   347.7      0.782     -0.830      0.254      0.384      0.358      0.368
0.1500       -29980.435   -29989.252        8.817   353.4      0.220      0.010      0.676     -0.006     -0.120      0.061
0.2000       -29981.290   -29989.025        7.736   310.1     -0.283      0.449     -0.409     -0.314     -0.494     -0.449
0.2500       -29981.452   -29989.893        8.441   338.4      0.355      0.123     -0.577      0.458      0.717      0.278
0.3000       -29981.777   -29990.088        8.311   333.2      0.034      0.166     -0.488      0.141     -0.618      0.390
0.3500       -29981.876   -29989.453        7.577   303.7     -0.247     -0.999     -0.617      0.395      0.449     -0.671
0.4000       -29981.868   -29989.912        8.044   322.5     -1.118     -0.561     -1.025      0.237     -0.394      0.042
0.4500       -29982.426   -29989.846        7.419   297.4     -0.740      0.055      0.565     -0.488      0.365     -0.102
0.5000       -29982.872   -29990.188        7.315   293.2     -0.732     -0.338     -0.620     -0.142     -0.291      0.309
0.5500       -29982.271   -29989.871        7.600   304.6     -0.617     -0.148     -1.223      0.266      0.045      0.595
0.6000       -29981.598   -29989.928        8.330   333.9     -0.435     -0.126      0.509     -0.228      0.141      0.052
0.6500       -29981.312   -29989.041        7.729   309.8     -0.361     -0.190     -0.905     -0.685      0.552     -0.498
0.7000       -29981.469   -29989.812        8.344   334.5     -0.415     -0.435     -0.541     -0.368      0.261      0.032
0.7500       -29981.432   -29989.447        8.015   321.3      0.051      0.102      0.252      0.395     -0.159     -0.304
0.8000       -29981.622   -29989.916        8.294   332.5     -0.030     -0.397      0.352      0.123      0.437      0.310
0.8500       -29981.755   -29990.812        9.057   363.1     -0.216     -1.256      0.012      0.567      0.388     -0.129
0.9000       -29981.810   -29989.938        8.127   325.8     -1.651     -1.317     -0.392      0.058     -0.184     -0.154
0.9500       -29982.060   -29989.490        7.430   297.8     -0.178      0.389     -0.190      0.529      0.189     -0.087
1.0000       -29981.775   -29989.693        7.918   317.4     -0.717     -1.491     -1.452      0.170     -0.312      0.160
1.0500       -29981.934   -29989.787        7.853   314.8     -0.740     -1.027     -0.800      0.493     -0.075     -0.042
1.1000       -29981.884   -29989.820        7.936   318.1      0.250     -0.304     -0.335      0.767      0.073      0.443
1.1500       -29982.434   -29989.975        7.540   302.3     -0.515      0.249      0.518     -0.107      0.182     -0.123
1.2000       -29982.234   -29989.172        6.938   278.1     -0.244     -0.086      0.267      0.992     -0.550      0.035
1.2500       -29982.179   -29990.037        7.858   315.0     -1.530      0.376     -0.388     -0.269     -0.221      0.020
1.3000       -29981.976   -29989.535        7.559   303.0     -0.944     -0.463     -0.641      0.542     -0.208     -0.083
1.3500       -29982.275   -29989.818        7.543   302.4     -0.137      0.056     -0.143     -0.723     -0.301      0.042
1.4000       -29982.525   -29989.953        7.428   297.8     -0.292     -0.139      0.212      0.369      0.023     -0.339
1.4500       -29982.547   -29989.346        6.799   272.5      0.005      0.111     -1.074      0.451      0.225     -0.026
1.5000       -29981.967   -29989.770        7.802   312.7     -0.464     -0.989     -1.481     -0.226      0.436      0.280
1.5500       -29981.848   -29989.756        7.908   317.0     -0.805      0.419      0.042     -0.208     -0.243     -0.168
1.6000       -29981.712   -29990.186        8.474   339.7     -0.553     -0.835     -0.424      0.637      0.468      0.355
1.6500       -29981.946   -29989.270        7.324   293.6      0.777     -0.446     -0.071     -0.201     -0.698     -0.494
1.7000       -29982.092   -29990.170        8.078   323.8     -0.796     -0.765     -1.316      0.038      0.193      0.504
1.7500       -29981.844   -29989.205        7.361   295.1      0.068     -1.185     -0.528     -0.035      0.190     -0.424
1.8000       -29981.652   -29989.551        7.899   316.6      0.164     -0.723     -0.150      0.087     -0.642      0.167
1.8500       -29981.072   -29989.131        8.058   323.0      0.193     -0.597     -0.868      0.231      0.186      0.227
1.9000       -29980.819   -29989.316        8.498   340.6     -0.077      0.421      0.073      0.076     -0.198      0.320
1.9500       -29980.650   -29989.010        8.360   335.1     -0.334     -0.602     -0.152      0.448     -0.263     -0.109
2.0000       -29980.482   -29988.354        7.871   315.5      0.650     -0.362      0.618     -0.512     -0.488     -0.210
2.0500       -29980.395   -29988.193        7.798   312.6     -0.155     -0.984     -0.541     -0.222      0.598      0.302
2.1000       -29979.905   -29988.822        8.917   357.5      0.750      0.123      0.541     -0.170     -0.400     -0.083
2.1500       -29980.675   -29989.074        8.399   336.7      0.278     -0.090      0.270     -0.133      0.084     -0.445
2.2000       -29980.233   -29988.617        8.384   336.1      0.250     -0.094      0.110     -0.525      0.180      0.006
2.2500       -29980.236   -29988.422        8.185   328.1     -0.875     -0.539      0.572     -0.408     -0.452      0.332
2.3000       -29980.263   -29988.877        8.614   345.3     -0.031     -0.010     -0.806      0.758     -0.383     -0.183
2.3500       -29980.020   -29988.805        8.785   352.1     -0.960     -0.426     -0.555     -0.123     -0.429     -0.158
2.4000       -29980.149   -29989.314        9.165   367.4      0.006      0.211      0.399      0.958      0.077      0.292
2.4500       -29980.883   -29989.564        8.681   348.0      0.589      0.814      1.057     -0.681      0.244     -0.334
2.5000       -29980.884   -29989.504        8.620   345.5      0.210     -0.700     -0.627      0.311     -0.223     -0.384
2.5500       -29981.156   -29989.209        8.053   322.8     -0.919     -1.047     -0.133      0.580      0.043      0.111
2.6000       -29981.208   -29989.457        8.249   330.7     -0.029     -0.498     -0.709      0.016      0.087      0.670
2.6500       -29981.187   -29989.234        8.047   322.6     -1.484     -0.437     -0.168     -0.107      0.441     -0.088
2.7000       -29981.073   -29989.199        8.126   325.7     -1.378     -1.108     -1.092     -0.003     -0.025      0.642
2.7500       -29981.345   -29989.230        7.885   316.1     -0.120     -0.412      0.461     -0.084      0.471      0.153
2.8000       -29981.457   -29989.414        7.957   319.0     -0.261      0.107     -0.944      0.040      0.406      0.082
2.8500       -29981.397   -29989.609        8.213   329.2      0.340     -0.206      0.112      0.123      0.153      0.004
2.9000       -29980.956   -29989.541        8.585   344.1     -0.292     -0.645     -0.331     -0.363     -0.516     -0.288
2.9500       -29981.158   -29989.398        8.240   330.3     -0.121     -1.150     -0.262      0.519     -0.203     -0.312
3.0000       -29981.342   -29989.717        8.375   335.7      0.176     -0.974     -0.255     -0.345     -0.399     -0.590
3.0500       -29981.029   -29989.695        8.666   347.4     -0.142      0.082     -0.580     -0.284      0.087      0.315
3.1000       -29981.152   -29989.410        8.259   331.0     -0.476     -0.150     -0.577      0.461     -0.106      0.481
3.1500       -29981.172   -29989.348        8.175   327.7      0.163     -0.214     -0.056      0.064      0.242     -0.416
3.2000       -29980.933   -29989.359        8.426   337.7     -0.315     -0.026     -0.835     -0.700     -0.143      0.076
3.2500       -29980.674   -29988.770        8.095   324.5      0.327      0.254     -0.646      0.094     -0.018      0.590
3.3000       -29980.557   -29988.686        8.129   325.8     -0.802     -1.295     -0.093      0.241     -0.755      0.075
3.3500       -29980.535   -29988.588        8.053   322.8     -0.169      0.384      0.303     -0.364      0.053      0.023
3.4000       -29980.583   -29989.523        8.941   358.4     -0.925     -1.097     -1.107      0.492     -0.252     -0.083
3.4500       -29980.442   -29989.168        8.726   349.8     -0.335     -1.309     -0.155     -0.691     -0.214     -0.223
3.5000       -29980.191   -29989.582        9.391   376.4      0.095     -0.046     -0.274      0.016      0.737      0.039
3.5500       -29980.646   -29988.994        8.348   334.6     -0.425     -0.870     -0.919     -0.068      0.422      0.061
3.6000       -29980.276   -29988.916        8.640   346.3     -1.757     -0.481     -0.486      0.021      0.147     -0.336
3.6500       -29980.668   -29988.545        7.877   315.7     -0.958     -0.175     -1.206      0.205      0.407     -0.443
3.7000       -29980.479   -29989.031        8.552   342.8      0.310      0.614      0.030      0.033     -0.421     -0.201
3.7500       -29980.633   -29989.217        8.584   344.1     -0.246      0.212     -0.118      0.090      0.170     -0.020
3.8000       -29980.399   -29989.383        8.984   360.1      0.290     -0.606      0.031     -0.122     -0.100     -0.501
3.8500       -29980.312   -29988.539        8.227   329.8     -0.062      0.088     -0.164     -0.123      0.444      0.495
3.9000       -29980.434   -29988.639        8.205   328.9      0.139      0.473     -0.064      0.098     -0.270     -0.188
3.9500       -29980.416   -29988.658        8.243   330.4     -0.534     -0.703      0.751     -0.663      0.175     -0.314
4.0000       -29980.329   -29988.334        8.005   320.9     -0.203     -0.123     -0.810     -0.111     -0.390      0.153
4.0500       -29980.445   -29988.877        8.432   338.0     -1.156     -0.370      0.073      0.354      0.187      0.036
4.1000       -29980.643   -29989.141        8.497   340.6     -0.013      0.411      0.957      0.248     -0.475     -0.061
4.1500       -29980.355   -29988.984        8.629   345.9     -0.307      0.341      0.278      0.283      0.326      0.545
4.2000       -29980.495   -29989.828        9.333   374.1     -0.241     -0.070     -0.193      0.289     -0.425      0.205
4.2500       -29980.556   -29989.133        8.577   343.8      0.495      0.390      0.818      0.202     -0.452      0.317
4.3000       -29980.456   -29989.090        8.634   346.1     -0.273     -0.584     -0.470     -0.013      0.385      0.163
4.3500       -29980.817   -29989.111        8.294   332.5      0.923      0.313     -0.754     -0.359      0.185     -0.651
4.4000       -29980.609   -29989.301        8.692   348.4     -1.615     -0.615     -0.503      0.902     -0.462      0.111
4.4500       -29980.905   -29988.891        7.985   320.1      0.462     -0.377     -1.068     -0.179     -0.469     -0.170
4.5000       -29980.748   -29989.443        8.695   348.5     -0.564     -0.359     -1.217     -0.218      0.206      0.249
4.5500       -29980.620   -29988.775        8.155   326.9     -0.407     -0.799      0.474     -0.195      0.007      0.325
4.6000       -29980.328   -29989.250        8.922   357.6      0.342      0.183     -0.396      0.307     -0.312      0.113
4.6500       -29980.702   -29989.375        8.673   347.7     -0.319      0.475     -0.409     -0.515      0.272     -0.361
4.7000       -29980.292   -29988.668        8.376   335.8     -0.077      0.236      0.234     -0.542     -0.767     -0.022
4.7500       -29980.305   -29987.828        7.523   301.5      0.163     -0.140      0.122      0.584     -0.118     -0.689
4.8000       -29980.635   -29989.625        8.990   360.4      0.490      0.672      0.599      0.260     -0.318      0.213
4.8500       -29980.812   -29988.906        8.095   324.5      0.895     -0.006     -0.110      0.573      0.012     -0.429
4.9000       -29981.197   -29989.297        8.100   324.7     -0.513      0.125      0.776      0.259      0.244     -0.315
4.9500       -29981.029   -29989.754        8.725   349.7      0.344     -1.073     -0.524      0.079      0.004      0.183
5.0000       -29980.981   -29989.572        8.591   344.4     -1.139     -1.156     -0.461      0.098     -0.017     -0.151
