Time[ps]      Etot[eV]     Epot[eV]     Ekin[eV]    T[K]      ---------------------- stress [GPa] -----------------------
0.0000       -29980.614   -29988.365        7.752   310.7     -0.261     -0.201      0.249     -0.288     -0.100     -0.621
0.0500       -29980.671   -29988.396        7.726   309.7      0.372      0.357      0.413      0.512     -0.303      0.473
0.1000       -29980.297   -29988.023        7.727   309.7      0.652      0.505      0.590      0.645      0.106     -0.042
0.1500       -29979.931   -29987.787        7.856   314.9     -0.713      0.005      0.247      0.238     -0.623     -0.243
0.2000       -29979.996   -29987.662        7.666   307.3     -0.159      0.403      1.304      0.161      0.715     -0.023
0.2500       -29979.632   -29987.701        8.070   323.5     -1.381     -0.322      0.045     -0.445     -0.521     -0.251
0.3000       -29979.426   -29987.328        7.902   316.8     -0.055     -0.696      1.215     -0.010     -0.112     -0.017
0.3500       -29979.674   -29987.744        8.070   323.5     -0.898      0.129     -0.369      0.373     -0.103     -0.443
0.4000       -29979.806   -29988.477        8.670   347.6      1.797      0.979      0.424     -0.441     -0.109      0.387
0.4500       -29979.997   -29988.635        8.638   346.3     -0.289      0.249      0.969      0.146      0.384      0.116
0.5000       -29980.032   -29988.123        8.091   324.3      0.128      1.358      0.837      0.114     -0.111     -0.057
0.5500       -29979.575   -29987.516        7.941   318.3     -0.553      1.059      0.376      0.309     -0.245      0.276
0.6000       -29980.049   -29987.750        7.701   308.7     -0.688     -0.245      1.248      0.579     -0.416     -0.118
0.6500       -29979.076   -29987.945        8.869   355.5     -0.078     -0.069     -0.292     -0.054     -0.058     -0.076
0.7000       -29979.048   -29987.510        8.462   339.2     -0.419     -0.187     -0.333      0.286     -0.139     -0.058
0.7500       -29979.388   -29987.715        8.327   333.8      0.799      0.274      0.957      0.149      0.108      0.079
0.8000       -29979.166   -29987.021        7.855   314.9     -0.404      0.543      1.203     -0.026     -0.455      0.554
0.8500       -29979.651   -29987.938        8.287   332.2     -0.175     -0.022     -0.502     -0.237      0.156      0.525
0.9000       -29979.232   -29986.754        7.522   301.5     -0.056      0.833     -0.117     -0.076      0.178     -0.610
0.9500       -29979.302   -29987.980        8.679   347.9     -0.336     -0.112     -0.136      0.218     -0.537     -0.147
1.0000       -29979.686   -29987.943        8.257   331.0     -0.069      0.264      0.518      0.171      0.064      0.040
1.0500       -29979.823   -29987.752        7.929   317.8      0.665     -0.028      0.389      0.478     -0.154     -0.345
1.1000       -29979.536   -29988.020        8.484   340.1      0.576     -0.268     -0.170      0.091      0.188      0.351
1.1500       -29979.614   -29987.693        8.079   323.9     -0.302      0.679      0.394     -0.323      0.136      0.315
1.2000       -29979.673   -29988.092        8.419   337.5     -0.044     -0.366     -0.925     -0.534      0.853      0.031
1.2500       -29979.553   -29986.666        7.113   285.1      0.411     -0.795      1.179     -0.289     -0.412      0.831
1.3000       -29979.877   -29987.477        7.599   304.6     -1.150     -1.210     -0.551      0.093     -0.196      0.371
1.3500       -29979.459   -29987.037        7.578   303.8      0.115      0.176     -0.013     -0.111     -0.354      0.208
1.4000       -29979.159   -29987.359        8.200   328.7     -0.715     -0.358      0.961      0.492      0.399      0.029
1.4500       -29979.312   -29987.150        7.839   314.2     -1.542     -0.721      0.010     -0.564      0.128      0.145
1.5000       -29979.382   -29988.137        8.755   350.9      0.493     -0.428      0.065      0.197     -0.050      0.194
1.5500       -29979.950   -29987.850        7.900   316.7     -0.609     -0.182     -0.486     -0.373      0.100      0.222
1.6000       -29980.336   -29988.113        7.778   311.8      0.675      0.732      0.922     -0.100      0.387      0.119
1.6500       -29979.547   -29988.133        8.586   344.2      0.856      0.846      0.796     -0.185     -0.223      0.145
1.7000       -29978.961   -29987.863        8.902   356.8     -0.115      0.782     -0.399     -0.800     -0.343     -0.256
1.7500       -29978.791   -29987.246        8.455   338.9      0.126     -0.165     -0.108      0.114     -0.221      0.026
1.8000       -29979.144   -29987.268        8.124   325.6     -0.206     -0.099     -1.524     -0.078      0.199     -0.484
1.8500       -29979.349   -29987.766        8.417   337.4      0.773      0.366     -0.107     -0.017      0.515      0.626
1.9000       -29979.469   -29987.902        8.433   338.1      1.066      0.290      0.891      0.452     -0.236      0.197
1.9500       -29979.406   -29987.898        8.493   340.4      0.041      0.213     -0.238     -0.113      0.025     -0.166
2.0000       -29979.453   -29988.141        8.687   348.2     -1.170     -0.561     -0.603     -0.244     -0.093     -0.017
2.0500       -29979.929   -29988.148        8.219   329.5     -0.453     -0.480     -0.389     -0.190     -0.136      0.200
2.1000       -29979.803   -29988.199        8.397   336.6      0.420     -0.382     -0.457      0.589     -0.333     -0.195
2.1500       -29979.345   -29987.307        7.962   319.1      0.359      0.426      1.037     -0.505      0.013     -0.137
2.2000       -29979.360   -29987.592        8.231   330.0      0.495     -0.110      0.714     -0.269     -0.262     -0.255
2.2500       -29979.520   -29987.820        8.300   332.7     -0.001     -0.783     -0.819      0.467     -0.024      0.651
2.3000       -29980.096   -29988.713        8.617   345.4      0.253      0.666      0.845      0.093     -0.396      0.030
2.3500       -29980.572   -29988.459        7.887   316.2      0.630      0.122      0.341      0.021     -0.089      0.159
2.4000       -29980.368   -29988.195        7.827   313.7     -0.176      0.138      0.620     -0.232     -0.710     -0.069
2.4500       -29980.623   -29988.000        7.377   295.7      0.295      0.170     -1.396      0.310      0.237     -0.000
2.5000       -29980.702   -29988.594        7.892   316.4      0.026     -0.367      0.341     -0.052     -0.016     -0.005
2.5500       -29980.238   -29988.066        7.828   313.8     -0.481     -0.329     -0.364      0.622     -0.971     -0.260
2.6000       -29979.908   -29987.602        7.694   308.4      0.258      0.572      0.702     -0.094     -0.236     -0.126
2.6500       -29979.766   -29987.346        7.580   303.8     -0.175     -0.566     -1.189      0.148      0.072      0.464
2.7000       -29979.471   -29987.633        8.162   327.2     -0.380     -0.595      0.030      0.555      0.129     -0.691
2.7500       -29979.379   -29987.705        8.326   333.8     -0.211      0.377     -0.225      0.498     -0.121      0.388
2.8000       -29979.638   -29987.768        8.129   325.9      0.475      0.029     -0.036     -0.252      0.059     -0.601
2.8500       -29979.060   -29986.939        7.880   315.9      0.534     -0.636      0.174      0.867     -0.046      0.488
2.9000       -29978.905   -29987.389        8.484   340.1      0.479     -0.170     -0.879     -0.132      0.307     -0.572
2.9500       -29979.368   -29988.182        8.814   353.3      0.097     -0.242      0.560      0.104     -0.252      0.467
3.0000       -29979.339   -29986.551        7.211   289.1      0.278      1.008      0.332     -0.259      0.107     -0.278
3.0500       -29979.278   -29987.420        8.142   326.4      1.185      0.699      0.250     -0.698      0.266      0.277
3.1000       -29979.681   -29988.334        8.653   346.9     -0.004     -0.133      0.087     -0.179      0.206      0.405
3.1500       -29980.577   -29987.984        7.408   296.9      0.144      0.583      0.695      0.236      0.380     -0.182
3.2000       -29979.763   -29987.689        7.926   317.7      0.875      0.841      0.272     -0.210     -0.573      0.077
3.2500       -29979.703   -29987.746        8.043   322.4     -0.275      0.045      0.828      0.418      0.063      0.221
3.3000       -29979.316   -29987.994        8.678   347.9      0.339      0.152     -0.166      0.020     -0.092     -0.593
3.3500       -29979.584   -29987.996        8.412   337.2      0.007      0.534      0.786      0.040     -0.479     -0.054
3.4000       -29979.035   -29986.842        7.807   312.9      0.323      0.357     -0.944     -0.542      0.182     -0.085
3.4500       -29979.045   -29987.410        8.365   335.3     -0.619     -0.293      1.102      0.593     -0.084     -0.295
3.5000       -29979.134   -29987.332        8.198   328.6      0.455      0.545      0.285      0.338     -0.126     -0.453
3.5500       -29979.573   -29987.820        8.247   330.6     -0.223      0.051     -0.507     -0.386      0.230     -0.252
3.6000       -29979.765   -29988.129        8.364   335.3      0.462      0.311     -0.042      0.539     -0.183      0.163
3.6500       -29980.255   -29987.754        7.499   300.6      0.224     -0.642     -0.294     -0.434     -0.249     -0.808
3.7000       -29980.107   -29988.072        7.966   319.3      0.376      0.331     -0.226     -0.090     -0.173      0.184
3.7500       -29980.088   -29987.539        7.451   298.7     -0.765      0.444      0.579     -0.356     -0.167      0.073
3.8000       -29979.773   -29987.844        8.071   323.5      0.263      0.590      0.145      0.279      0.286     -0.229
3.8500       -29979.496   -29987.361        7.865   315.3     -0.031     -0.005     -0.246      0.126      0.137     -0.189
3.9000       -29979.534   -29987.977        8.443   338.4     -0.088     -0.376      0.257     -1.240     -0.057      0.033
3.9500       -29979.717   -29987.881        8.164   327.3     -0.050      0.328     -0.377      0.144      0.096      0.006
4.0000       -29980.210   -29988.639        8.429   337.9     -0.533      0.014      0.320      0.332      0.105      0.622
4.0500       -29980.274   -29988.342        8.068   323.4      0.245      0.162      0.035     -0.470      0.068     -0.563
4.1000       -29980.044   -29988.486        8.442   338.4     -0.172     -0.086      0.611      0.132      0.307     -0.135
4.1500       -29980.651   -29988.707        8.056   322.9      0.306      0.109      0.006     -0.081     -0.182     -0.097
4.2000       -29981.246   -29988.613        7.368   295.3     -0.024     -0.356      0.129     -0.090      0.170      0.428
4.2500       -29981.008   -29988.721        7.713   309.2     -0.459     -0.095      0.025     -0.052     -0.230     -0.388
4.3000       -29980.645   -29987.648        7.003   280.7      0.453      0.348     -0.284     -0.418      0.212     -0.011
4.3500       -29980.476   -29988.301        7.825   313.6      0.246     -0.392     -0.434      0.094     -0.026      0.001
4.4000       -29980.224   -29988.828        8.604   344.9     -0.404     -0.601     -1.053     -0.063     -0.023      0.082
4.4500       -29980.357   -29988.053        7.696   308.5      0.748      0.271     -0.215      0.149     -0.050     -0.260
4.5000       -29980.124   -29987.768        7.643   306.4     -0.818      0.330      0.004     -0.032      0.219      0.200
4.5500       -29979.707   -29987.881        8.174   327.6      0.939      0.267      0.182     -0.178     -0.524     -0.155
4.6000       -29979.695   -29987.549        7.853   314.8     -0.653     -0.373      0.494     -0.082      0.197      0.437
4.6500       -29980.223   -29988.076        7.854   314.8      0.199      0.520     -0.745      0.365     -0.211     -0.044
4.7000       -29980.479   -29988.139        7.660   307.0      0.466      0.457      0.328     -0.012     -0.107      0.133
4.7500       -29980.723   -29988.383        7.660   307.1     -1.232     -1.205     -0.230     -0.107     -0.328     -0.282
4.8000       -29980.790   -29988.348        7.557   302.9      0.325     -0.274     -0.071      0.146      0.251     -0.198
4.8500       -29980.664   -29987.896        7.232   289.9     -0.161      0.620     -0.333      0.081      0.582     -0.541
4.9000       -29980.395   -29987.877        7.482   299.9      0.132     -0.138      0.906      0.034      0.112      0.578
4.9500       -29980.206   -29988.354        8.148   326.6     -1.069     -0.606     -1.288     -0.574     -0.373     -0.342
5.0000       -29980.191   -29988.236        8.045   322.5      0.154      0.573     -1.091     -0.106      0.245      0.278
5.0500       -29979.643   -29987.877        8.233   330.0      0.143      0.339      0.864      0.043     -0.006     -0.437
5.1000       -29979.069   -29987.381        8.311   333.2      0.344      0.578      1.263     -0.300      0.287      0.674
5.1500       -29979.050   -29987.746        8.696   348.6      0.062     -0.363     -0.138      0.026     -0.691     -0.310
5.2000       -29979.220   -29987.885        8.665   347.3      0.450     -0.420      0.004      0.166      0.122     -0.368
5.2500       -29979.111   -29987.342        8.231   329.9      0.538      0.416      0.001      0.283     -0.375      0.161
5.3000       -29979.283   -29987.701        8.419   337.5      0.018      0.090     -0.391     -0.526      0.285     -0.209
5.3500       -29979.246   -29987.178        7.932   317.9     -0.319     -0.064      0.068     -0.174      0.412     -0.072
5.4000       -29978.748   -29987.695        8.947   358.6      0.773     -0.131      0.324     -0.036     -0.525     -0.033
5.4500       -29978.182   -29986.932        8.750   350.7      0.067      0.548     -0.114     -0.643      0.363      0.630
5.5000       -29978.707   -29987.686        8.978   359.9      0.851     -0.322     -0.567      0.098      0.268     -0.478
5.5500       -29978.641   -29987.301        8.660   347.1      0.068      0.277     -0.136      0.034     -0.113      0.382
5.6000       -29979.193   -29987.529        8.336   334.1      1.122     -0.254      0.004      0.219     -0.001     -0.000
5.6500       -29979.720   -29987.635        7.915   317.3     -0.481      0.211      0.531      0.021      0.442     -0.574
5.7000       -29979.483   -29988.076        8.593   344.4      0.709      0.928     -0.066      0.310     -0.064      0.271
5.7500       -29979.612   -29987.785        8.173   327.6     -0.027      0.110     -0.500     -0.061      0.587     -0.195
5.8000       -29978.584   -29986.770        8.185   328.1      0.318      0.251      0.124     -0.358     -0.001      0.429
5.8500       -29979.124   -29987.398        8.274   331.7      0.589     -0.009      0.340      0.204      0.067     -0.212
5.9000       -29978.951   -29987.818        8.867   355.4     -0.345      0.086     -0.096     -0.144     -0.052     -0.278
5.9500       -29978.810   -29987.107        8.297   332.6      0.205      0.271     -0.135     -0.054     -0.204      0.198
6.0000       -29978.390   -29986.820        8.431   337.9      0.403      0.704      0.986      0.546     -0.047     -0.282
6.0500       -29978.190   -29987.023        8.834   354.1      0.774      0.345     -0.339     -0.379     -0.456     -0.155
6.1000       -29978.319   -29987.297        8.978   359.9      0.955     -0.815     -0.169      0.618      0.011      0.517
6.1500       -29978.525   -29986.811        8.286   332.1      0.786      0.546      0.301      0.249     -0.112     -0.895
6.2000       -29978.525   -29987.141        8.615   345.3      0.403      0.620      0.164      0.581      0.247     -0.270
6.2500       -29978.879   -29987.412        8.534   342.1      0.110      0.354     -0.072     -0.693     -0.108      0.132
6.3000       -29979.277   -29987.402        8.126   325.7      0.122      1.180     -0.047      0.286      0.344     -0.444
6.3500       -29979.264   -29987.387        8.123   325.6      0.699      0.141      0.488     -0.167     -0.713      0.084
6.4000       -29980.174   -29988.180        8.006   320.9      0.451      0.002     -0.034      0.301      0.275     -0.543
6.4500       -29980.141   -29988.162        8.021   321.5     -0.067      0.018     -0.403     -0.222      0.058      0.165
6.5000       -29980.184   -29988.334        8.150   326.7      0.472     -0.503     -0.125     -0.005     -0.096     -0.678
6.5500       -29980.407   -29988.600        8.192   328.4      0.145      0.845      0.386     -0.330      0.009      0.471
6.6000       -29980.714   -29988.330        7.616   305.3      0.251      0.514      0.204     -0.582     -0.512     -0.320
6.6500       -29980.925   -29988.561        7.636   306.1      0.259      0.299      0.920      0.021     -0.080      0.338
6.7000       -29980.749   -29988.523        7.774   311.6      0.626     -1.085     -0.194     -0.369     -0.118      0.133
6.7500       -29980.225   -29988.383        8.157   327.0     -0.185      0.038      0.006     -0.648     -0.180      0.301
6.8000       -29980.837   -29988.678        7.841   314.3      0.667      0.524      0.946     -0.053     -0.145     -0.082
6.8500       -29980.584   -29988.344        7.760   311.1      0.119      0.132      0.547      0.195      0.365      0.145
6.9000       -29979.898   -29987.328        7.431   297.9      0.315      0.367      0.221     -0.075      0.206      0.138
6.9500       -29979.743   -29987.693        7.950   318.7      0.279     -0.746      0.273     -0.140      0.144      0.202
7.0000       -29979.856   -29988.428        8.571   343.6     -0.338     -1.006     -0.128      0.459      0.255     -0.383
7.0500       -29979.910   -29987.840        7.930   317.9     -0.025      0.251      0.218     -0.232      0.188     -0.669
7.1000       -29980.011   -29988.135        8.123   325.6      0.150     -0.332     -0.075      0.231     -0.190     -0.037
7.1500       -29979.925   -29988.441        8.516   341.4      0.073      0.398      0.627      0.390      0.066     -0.412
7.2000       -29980.152   -29988.314        8.162   327.2      0.158      0.081      0.672     -0.205      0.106      0.401
7.2500       -29979.934   -29987.344        7.410   297.0      0.464      0.305     -0.032     -0.138     -0.294      0.063
7.3000       -29979.480   -29987.723        8.243   330.4      0.435     -0.606      0.561     -0.515      0.177     -0.136
7.3500       -29979.036   -29987.365        8.329   333.9      0.890     -0.235      0.268     -0.131     -0.131      0.489
7.4000       -29979.232   -29987.404        8.173   327.6      0.919      0.002      0.174      0.146     -0.038     -0.763
7.4500       -29979.627   -29987.383        7.756   310.9     -0.266     -0.518     -0.322      0.258      0.103      0.087
7.5000       -29979.921   -29987.111        7.190   288.2     -0.392     -0.493      0.236     -0.653      0.370      0.309
7.5500       -29979.846   -29987.828        7.982   319.9     -0.129     -0.205     -0.778      0.303     -0.540     -0.292
7.6000       -29979.691   -29987.977        8.286   332.1     -0.881     -0.426     -0.193     -0.030     -0.466     -0.306
7.6500       -29978.991   -29987.830        8.839   354.3      0.391      0.438      0.849      0.189     -0.024     -0.777
7.7000       -29978.932   -29987.580        8.648   346.6     -0.516      0.094     -0.844     -0.385     -0.120     -0.391
7.7500       -29978.557   -29987.883        9.326   373.8      0.141      0.289     -0.650     -0.078     -0.185      0.945
7.8000       -29978.351   -29987.199        8.848   354.7      0.051     -0.336      1.240      0.247      0.062     -0.092
7.8500       -29978.360   -29987.459        9.099   364.7      0.109      0.207      0.611     -0.384      0.475      0.173
7.9000       -29978.811   -29987.703        8.892   356.4      1.022      0.481      1.047     -0.092      0.285     -0.151
7.9500       -29979.264   -29988.158        8.894   356.5     -0.240      0.115     -1.437     -0.401     -0.122     -0.205
8.0000       -29979.763   -29988.051        8.288   332.2      0.218     -0.680     -0.226      0.278      0.040      0.177
8.0500       -29980.090   -29987.279        7.190   288.2     -0.386     -0.101      0.090      0.094     -0.533     -0.019
8.1000       -29979.783   -29988.994        9.211   369.2      0.123     -0.758     -0.276     -0.042      0.366      0.156
8.1500       -29980.021   -29988.197        8.176   327.7     -0.735     -0.026      0.241      0.098     -0.238     -0.184
8.2000       -29980.322   -29988.225        7.902   316.8     -1.027     -0.611     -0.304      0.487      0.041      0.402
8.2500       -29980.238   -29988.312        8.075   323.7      0.256     -0.385     -0.185     -0.077     -0.029     -0.339
8.3000       -29980.087   -29989.162        9.075   363.8     -1.091     -0.849     -0.785      0.455      0.423      0.863
8.3500       -29980.281   -29988.066        7.786   312.1     -0.181     -0.919      0.023     -0.517     -0.080     -0.224
8.4000       -29980.451   -29987.863        7.413   297.1     -0.090     -0.113      0.023      0.373     -0.467     -0.818
8.4500       -29980.562   -29988.375        7.813   313.2     -0.069     -0.892      0.554      0.084     -0.064     -0.171
8.5000       -29980.408   -29987.982        7.575   303.6      0.699     -0.617     -0.116      0.499      0.221      0.163
8.5500       -29980.124   -29988.328        8.204   328.9     -0.238     -0.390     -0.765     -0.079      0.103      0.278
8.6000       -29980.559   -29988.410        7.852   314.7      0.361      0.843      0.381      0.304     -0.259     -0.296
8.6500       -29981.020   -29988.018        6.998   280.5     -0.130      0.546     -0.182     -0.131      0.114      0.403
8.7000       -29980.570   -29988.199        7.629   305.8     -0.294     -0.609      0.719     -0.154     -0.554     -0.309
8.7500       -29980.830   -29988.742        7.912   317.2     -0.162      0.668     -0.103      0.115     -0.082     -0.215
8.8000       -29980.481   -29988.609        8.128   325.8     -0.673      0.384     -0.009     -0.148     -0.280     -0.044
8.8500       -29980.401   -29988.191        7.791   312.3     -0.659     -0.844     -0.454     -0.062     -0.030      0.188
8.9000       -29980.201   -29988.406        8.205   328.9      0.985      0.787      0.084      0.340      0.748     -0.748
8.9500       -29980.128   -29988.100        7.972   319.5     -1.169     -0.547     -0.111      0.285     -0.381     -0.206
9.0000       -29980.317   -29987.789        7.472   299.5      0.040     -0.883     -0.739     -0.383      0.159      0.122
9.0500       -29980.009   -29987.318        7.310   293.0     -0.361      0.049     -0.537      0.373     -0.128     -0.898
9.1000       -29980.330   -29988.004        7.674   307.6      0.143     -0.314     -0.151     -0.122     -0.188     -0.178
9.1500       -29980.070   -29987.725        7.655   306.8      0.445      0.353     -0.368     -0.305     -0.090     -0.191
9.2000       -29979.753   -29987.984        8.231   329.9      0.657     -0.121     -0.188      0.102      0.259     -0.344
9.2500       -29979.616   -29988.180        8.563   343.3     -0.893     -0.173     -0.678     -0.366      0.263     -0.329
9.3000       -29979.828   -29987.480        7.653   306.8      1.174      0.355     -0.191      0.068     -0.234      0.505
9.3500       -29979.883   -29987.986        8.103   324.8     -0.210     -0.417      0.155     -0.572     -0.398      0.316
9.4000       -29979.934   -29987.627        7.693   308.4     -0.023      0.337      0.057      0.308     -0.133      0.375
9.4500       -29979.443   -29987.553        8.110   325.1     -0.371     -0.709     -0.619      0.216      0.204      0.057
9.5000       -29979.569   -29988.539        8.970   359.6      0.372      0.008      0.222     -0.565      0.187     -0.324
9.5500       -29979.562   -29988.340        8.778   351.9     -0.240     -0.263      0.165     -0.047     -0.274      0.266
9.6000       -29980.187   -29988.354        8.166   327.3     -0.174      0.130     -0.703      0.288     -0.047      0.319
9.6500       -29980.186   -29988.180        7.994   320.4     -0.227     -0.566      0.126     -0.427     -0.372     -0.106
9.7000       -29979.762   -29988.059        8.297   332.6      1.120     -0.516      0.216      0.423      0.113     -0.701
9.7500       -29979.397   -29987.162        7.765   311.2      0.553     -0.114     -0.753      0.216     -0.233      0.483
9.8000       -29979.948   -29987.521        7.574   303.6      0.574     -0.021      0.711      0.344     -0.171     -0.361
9.8500       -29980.003   -29988.195        8.193   328.4      0.444      0.229     -0.354     -0.104      0.329     -0.463
9.9000       -29979.574   -29987.734        8.160   327.1      0.788      0.831      0.365     -0.391     -0.293     -0.203
9.9500       -29979.660   -29988.285        8.626   345.8      0.793     -0.341      0.358      0.086     -0.280     -0.464
10.0000      -29979.637   -29987.988        8.351   334.8      0.505      0.084     -0.035      0.025      0.175     -0.385
