Time[ps]      Etot[eV]     Epot[eV]     Ekin[eV]    T[K]      ---------------------- stress [GPa] -----------------------
0.0000       -29981.612   -29989.676        8.064   323.2     -0.587      0.026     -0.569      0.306     -0.528     -0.184
0.0500       -29982.005   -29989.650        7.645   306.5     -0.765     -0.443     -0.658     -0.544     -0.132      0.856
0.1000       -29982.206   -29990.002        7.796   312.5     -0.930     -0.267     -0.173     -0.197     -0.130      0.492
0.1500       -29981.942   -29990.189        8.247   330.6      0.036     -0.688     -0.121     -0.124      0.078      0.059
0.2000       -29981.740   -29989.953        8.213   329.2     -0.704     -0.490      0.247      0.321      0.410     -0.174
0.2500       -29981.903   -29990.008        8.104   324.9     -0.592     -0.417      0.426     -0.018      0.213     -0.156
0.3000       -29981.780   -29989.670        7.889   316.2      0.388     -0.856     -0.369      0.142     -0.275     -0.234
0.3500       -29982.062   -29990.400        8.338   334.2      0.130      0.170     -0.360     -0.209      0.485     -0.143
0.4000       -29982.578   -29990.092        7.514   301.2     -0.360     -0.544      0.927      0.024     -0.208      0.061
0.4500       -29982.280   -29990.154        7.874   315.6     -0.441     -0.201      0.478      0.396     -0.354     -0.398
0.5000       -29983.004   -29990.770        7.766   311.3     -0.129     -0.355      0.563     -0.057      0.124      0.389
0.5500       -29983.191   -29990.916        7.725   309.7      0.571      0.217      0.169      0.354      0.431      0.102
0.6000       -29982.796   -29990.213        7.417   297.3     -0.462     -0.495     -0.118      0.158      0.256     -0.437
0.6500       -29982.410   -29990.125        7.715   309.3     -0.255     -0.986     -0.786     -0.658     -0.228      0.287
0.7000       -29982.816   -29989.846        7.030   281.8     -1.702     -0.324     -0.576      0.020     -0.432     -0.243
0.7500       -29982.892   -29990.559        7.667   307.3      0.170     -0.496      0.283      0.276     -0.207      0.110
0.8000       -29982.852   -29990.270        7.418   297.3     -0.493      0.278      0.779      0.159      0.274     -0.285
0.8500       -29982.288   -29990.168        7.880   315.9     -0.147      0.029      0.483      0.306     -0.021      0.484
0.9000       -29982.289   -29990.115        7.826   313.7      0.043     -0.452      0.034     -0.102      0.029      0.273
0.9500       -29982.430   -29989.898        7.469   299.4     -0.663     -0.030     -0.215     -0.372     -0.159     -0.124
1.0000       -29981.835   -29989.592        7.757   310.9      0.683      1.053      0.452      0.557     -0.516     -0.172
1.0500       -29981.786   -29990.141        8.355   334.9     -0.191      0.226      0.393      0.086      0.082     -0.069
1.1000       -29981.770   -29989.654        7.884   316.0     -1.160     -0.923     -0.590      0.214      0.224      0.294
1.1500       -29982.048   -29990.623        8.575   343.7     -0.728     -1.448     -1.415      0.094     -0.089      0.035
1.2000       -29981.733   -29990.010        8.277   331.8     -0.159     -1.418     -0.199      0.075      0.285     -0.057
1.2500       -29981.541   -29989.287        7.746   310.5     -0.157      0.251      0.726      0.178     -0.374      0.212
1.3000       -29981.677   -29990.311        8.634   346.1     -0.152     -0.849     -0.162     -0.074      0.384     -0.201
1.3500       -29981.421   -29989.779        8.358   335.0     -0.901      0.166     -0.241     -0.202      0.169     -0.208
1.4000       -29981.568   -29989.637        8.069   323.4     -0.390     -0.410     -0.619      0.129     -0.354      0.486
1.4500       -29981.595   -29989.371        7.776   311.7     -0.427      0.183     -0.726      0.362     -0.301     -0.476
1.5000       -29981.927   -29989.736        7.810   313.1     -0.091     -0.042      0.734      0.438     -0.126      0.118
1.5500       -29981.423   -29989.883        8.460   339.1      0.275      0.024     -0.155      0.630      0.092     -0.429
1.6000       -29981.667   -29989.787        8.120   325.5     -0.139     -0.135     -0.219     -0.308     -0.521      0.112
1.6500       -29981.322   -29989.693        8.372   335.6      0.083     -0.919     -0.952      0.060     -0.511      0.218
1.7000       -29981.315   -29989.656        8.341   334.4     -0.561      0.124     -0.289     -0.040      0.575     -0.141
1.7500       -29981.168   -29989.295        8.127   325.8     -0.653     -0.695      0.220      0.462     -0.552     -0.479
1.8000       -29981.591   -29989.564        7.974   319.6     -0.498     -0.798     -0.002     -0.203     -0.340     -0.223
1.8500       -29981.427   -29989.709        8.282   332.0      0.193      0.073      0.239     -0.085     -0.161     -0.734
1.9000       -29982.041   -29989.529        7.488   300.2     -0.378     -0.546     -0.130     -0.359     -0.165     -0.028
1.9500       -29981.628   -29989.662        8.034   322.0      0.393      0.934      0.078      0.163      0.381     -0.308
2.0000       -29981.545   -29989.000        7.455   298.8      0.541     -0.369      0.433     -0.405     -0.469      0.157
2.0500       -29981.512   -29989.098        7.586   304.1      0.710      0.241      0.182      0.343      0.030      0.542
2.1000       -29981.157   -29989.760        8.603   344.8      0.240     -0.225      0.525      0.087     -0.568      0.005
2.1500       -29981.229   -29989.781        8.552   342.8     -0.180     -0.918     -0.279     -0.115      0.611     -0.331
2.2000       -29981.456   -29989.396        7.940   318.3      0.745      0.674     -0.405     -0.241      0.058     -0.072
2.2500       -29981.294   -29989.664        8.370   335.5     -0.076     -0.116      0.708     -0.483     -0.362      0.406
2.3000       -29981.059   -29988.904        7.845   314.5      0.097     -0.426     -0.452     -0.490     -0.258     -0.240
2.3500       -29981.430   -29989.418        7.987   320.2     -0.354     -0.071      0.294      0.048     -0.048      0.194
2.4000       -29981.210   -29989.086        7.876   315.7      0.234      0.218      0.411     -0.264      0.109      0.090
2.4500       -29981.378   -29988.752        7.374   295.6      0.193      0.218     -0.089      0.089      0.410      0.244
2.5000       -29981.311   -29988.986        7.676   307.7      0.070      0.063      0.481     -0.431      0.197      0.032
2.5500       -29981.048   -29988.762        7.714   309.2     -0.163     -0.191     -0.051      0.245      0.222      0.034
2.6000       -29980.783   -29989.123        8.340   334.3     -0.343     -0.081     -0.593     -0.425      0.269      0.439
2.6500       -29981.221   -29989.080        7.859   315.0     -0.678     -0.512      0.634      0.263      0.291     -0.299
2.7000       -29981.266   -29989.311        8.044   322.4     -0.577     -0.643     -0.704     -0.538      0.410      0.564
2.7500       -29980.755   -29989.398        8.644   346.5      0.146      0.387     -0.011      0.128      0.245     -0.578
2.8000       -29980.743   -29989.562        8.820   353.5      0.466      0.566     -0.153     -0.099      0.075      0.400
2.8500       -29981.034   -29989.824        8.790   352.3     -0.371     -0.542     -0.149      0.200      0.289     -0.504
2.9000       -29981.365   -29989.898        8.533   342.0     -0.685      0.182     -0.810      0.032      0.155      0.170
2.9500       -29981.257   -29990.092        8.835   354.1      0.169      0.416      0.273     -0.117     -0.251      0.066
3.0000       -29981.765   -29989.502        7.737   310.1      0.007      0.671     -0.809     -0.240     -0.012     -0.341
3.0500       -29981.920   -29989.602        7.682   307.9      0.540      0.006      0.424     -0.186      0.362     -0.352
3.1000       -29982.234   -29989.650        7.417   297.3     -0.229     -0.095     -0.375     -0.286     -0.040     -0.497
3.1500       -29982.060   -29989.648        7.588   304.2     -0.542      0.118     -0.601      0.331      0.308      0.017
3.2000       -29981.533   -29988.641        7.108   284.9      0.802      1.279      0.357     -0.258      0.097      0.640
3.2500       -29981.182   -29989.705        8.523   341.6      0.240      0.428      0.930      0.617     -0.328     -0.358
3.3000       -29981.004   -29989.648        8.645   346.5     -0.753     -0.818      0.084     -0.363      0.029      0.134
3.3500       -29981.023   -29989.141        8.117   325.4     -0.606     -1.207     -0.016     -0.513      0.368      0.108
3.4000       -29980.527   -29988.490        7.963   319.2     -0.872     -0.976     -0.670     -0.124      0.461      0.033
3.4500       -29980.393   -29988.426        8.033   322.0     -0.250     -0.526      0.735     -0.171      0.377      0.550
3.5000       -29980.346   -29988.988        8.642   346.4     -0.259     -0.740     -0.076     -0.442     -0.421     -0.172
3.5500       -29981.060   -29989.125        8.065   323.3      0.125      0.008      0.181      0.126      0.267      0.017
3.6000       -29981.243   -29989.758        8.515   341.3      0.073     -0.785     -0.975      0.035     -0.395      0.376
3.6500       -29981.046   -29989.545        8.499   340.7     -0.305     -0.191     -0.155     -0.099      0.313      0.385
3.7000       -29980.509   -29989.174        8.665   347.3     -0.646     -0.625     -0.132      0.235     -0.329     -0.615
3.7500       -29980.124   -29989.088        8.964   359.3      0.076     -1.440      0.094      0.132      0.136      0.074
3.8000       -29980.305   -29989.076        8.771   351.6     -0.527     -0.513      0.283      0.127     -0.231      0.366
3.8500       -29979.988   -29988.758        8.770   351.5     -0.745      0.011     -1.056     -0.196      0.227      0.302
3.9000       -29980.023   -29989.303        9.280   372.0     -0.128      0.087      0.516     -0.181     -0.647     -0.473
3.9500       -29979.782   -29988.607        8.826   353.8      0.097      0.006     -0.276      0.664      0.343      0.465
4.0000       -29980.200   -29988.645        8.445   338.5     -0.148      1.170      0.382      0.107      0.007     -0.584
4.0500       -29979.829   -29989.156        9.328   373.9      1.121      0.360      0.093     -0.137     -0.312     -0.159
4.1000       -29979.370   -29988.404        9.035   362.1      0.719      0.449      0.404      0.257      0.335      0.123
4.1500       -29979.227   -29988.619        9.392   376.5      0.895      0.275      0.044      0.686     -0.309     -0.153
4.2000       -29979.437   -29988.189        8.753   350.8      0.798      0.093     -0.223      0.432     -0.207      0.077
4.2500       -29979.893   -29988.150        8.257   331.0     -0.353      0.535      0.202     -0.283     -0.210      0.100
4.3000       -29980.424   -29988.992        8.568   343.5     -0.841     -1.000     -1.335      0.459     -0.284     -0.249
4.3500       -29980.377   -29989.541        9.164   367.3      0.509     -0.666     -0.610      0.881      0.148     -0.489
4.4000       -29980.608   -29988.871        8.263   331.2     -0.846     -0.530     -0.328     -0.650      0.072      0.262
4.4500       -29981.093   -29989.354        8.260   331.1     -0.067     -1.209      0.130     -0.098      0.318      0.448
4.5000       -29981.082   -29989.387        8.305   332.9     -0.969     -0.722     -1.171     -0.105     -0.401      0.012
4.5500       -29981.453   -29990.389        8.936   358.2      0.112      0.589     -0.166      0.453     -0.350      0.098
4.6000       -29981.735   -29989.680        7.945   318.5      0.271     -0.232      0.435      0.164      0.260     -0.199
4.6500       -29981.913   -29989.906        7.994   320.4     -0.430     -0.098     -0.162      0.167     -0.362      0.525
4.7000       -29982.027   -29989.939        7.912   317.2     -1.088     -0.483     -0.211      0.198     -0.164     -0.055
4.7500       -29982.033   -29989.391        7.358   294.9      0.176     -0.147     -0.925     -0.844     -0.482     -0.422
4.8000       -29982.067   -29990.152        8.085   324.1      0.021      0.474     -1.084     -0.215     -0.055      0.254
4.8500       -29982.303   -29990.088        7.785   312.1     -0.407      0.625     -0.119      0.043      0.403      0.153
4.9000       -29981.880   -29989.334        7.454   298.8     -0.229     -0.499     -0.091      0.168      0.013      0.428
4.9500       -29982.063   -29991.121        9.058   363.1     -0.246     -0.308     -0.228      0.423      0.462     -0.316
5.0000       -29981.845   -29989.803        7.958   319.0     -0.778     -0.195     -0.939     -0.934     -0.060     -0.021
5.0500       -29981.569   -29989.279        7.711   309.1      0.003     -0.089     -0.388      0.144     -0.010      0.488
5.1000       -29981.250   -29989.131        7.881   315.9     -0.563      0.096     -0.571      0.201     -0.249     -0.346
5.1500       -29981.333   -29988.787        7.454   298.8     -0.650     -0.824      0.134     -0.359      0.206      0.234
5.2000       -29981.614   -29989.623        8.009   321.0     -0.743     -0.148     -0.363     -0.192      0.465      0.085
5.2500       -29981.080   -29990.295        9.215   369.4     -0.299      0.069     -0.373     -0.260     -0.169      0.251
5.3000       -29981.227   -29989.406        8.180   327.9     -0.573      0.493      1.085     -0.122     -0.294      0.290
5.3500       -29981.652   -29989.539        7.888   316.2      0.102      0.001      0.792     -0.161      0.465      0.010
5.4000       -29981.487   -29989.629        8.142   326.4     -0.274      0.789      1.196     -0.268     -0.207      0.306
5.4500       -29981.079   -29990.072        8.993   360.5     -0.303      0.464      1.241      0.279     -0.187      0.366
5.5000       -29980.810   -29989.031        8.221   329.5     -0.380      0.038     -0.715      0.045      0.428      0.016
5.5500       -29980.712   -29989.332        8.620   345.5      0.016      0.227     -0.479     -0.136      0.009      0.214
5.6000       -29981.104   -29989.238        8.134   326.1     -1.003     -0.319     -1.250     -0.116      0.115     -0.011
5.6500       -29981.639   -29989.293        7.654   306.8      0.889      0.870      0.741     -0.323     -0.432     -0.213
5.7000       -29981.503   -29989.838        8.335   334.1     -0.402      0.141      0.308     -0.096     -0.145      0.329
5.7500       -29981.026   -29989.535        8.509   341.1      0.163     -0.420      0.322     -0.138      0.227      0.179
5.8000       -29980.767   -29988.576        7.809   313.0      0.089     -0.652     -1.174     -0.097     -0.260     -0.061
5.8500       -29981.278   -29989.264        7.985   320.1     -0.829      0.005     -0.558     -0.174      0.293      0.246
5.9000       -29981.057   -29988.719        7.662   307.1      0.089      0.066      0.975     -0.003      0.055     -0.404
5.9500       -29981.203   -29989.281        8.078   323.8      0.282     -0.179      0.335      0.155      0.238      0.433
6.0000       -29981.048   -29989.178        8.130   325.9      0.073     -0.489     -0.453      0.065      0.197      0.179
6.0500       -29981.304   -29989.645        8.340   334.3      0.650     -0.305      0.851      0.278      0.322     -0.063
6.1000       -29980.977   -29989.080        8.103   324.8     -0.242      0.061     -1.109     -0.078     -0.736     -0.020
6.1500       -29981.121   -29989.197        8.077   323.7     -0.551     -0.323     -0.700      0.615     -0.545      0.253
6.2000       -29981.116   -29989.713        8.596   344.6     -0.377      0.086      0.174     -0.183      0.167      0.291
6.2500       -29981.484   -29990.252        8.768   351.4      0.097     -0.170      0.478     -0.042     -0.157      0.055
6.3000       -29982.104   -29989.906        7.802   312.8      0.510     -0.373     -0.692      0.168     -0.822      0.568
6.3500       -29982.521   -29990.012        7.491   300.3      0.671     -0.312      0.025     -0.145      0.258     -0.826
6.4000       -29982.470   -29990.443        7.973   319.6     -0.197     -0.514     -0.405     -0.229     -0.317     -0.173
6.4500       -29982.387   -29990.406        8.019   321.4     -0.282      0.089     -0.495      0.094     -0.009     -0.535
6.5000       -29981.877   -29990.016        8.138   326.2     -0.512     -0.575     -0.323     -0.450     -0.061     -0.149
6.5500       -29981.164   -29990.053        8.888   356.3     -0.414     -0.016      0.518     -0.399     -0.429      0.229
6.6000       -29980.645   -29989.684        9.039   362.3     -0.988     -0.420     -0.883      0.610     -0.162      0.203
6.6500       -29980.870   -29989.055        8.185   328.1      0.397      0.406     -0.412      0.040      0.037     -0.232
6.7000       -29981.382   -29989.283        7.901   316.7      0.418     -0.048      0.021      0.372     -0.257     -0.114
6.7500       -29981.271   -29988.922        7.651   306.7      0.604     -0.020      0.053      0.074     -0.667     -0.484
6.8000       -29981.639   -29990.383        8.744   350.5     -0.195      0.573     -0.440     -0.203      0.349      0.055
6.8500       -29981.260   -29989.465        8.205   328.9      0.085      0.124     -0.984     -0.074     -0.605      0.185
6.9000       -29981.109   -29989.285        8.176   327.7     -0.862     -0.735      0.311     -0.076      0.183      0.086
6.9500       -29980.624   -29989.070        8.447   338.6     -0.586      0.738      0.075     -0.060      0.052      0.107
7.0000       -29980.506   -29989.148        8.643   346.4      0.771     -0.278      0.038     -0.392     -0.216      0.038
7.0500       -29981.495   -29990.582        9.087   364.2      0.677      1.114      0.283     -0.019     -0.156      0.070
7.1000       -29981.738   -29989.803        8.065   323.3     -0.764     -0.673      0.296     -0.277     -0.486      0.125
7.1500       -29981.381   -29989.855        8.474   339.7      0.426      0.509      0.246      0.216      0.597      0.102
7.2000       -29981.123   -29989.547        8.424   337.7     -0.456      0.402     -0.558     -0.072      0.545     -0.526
7.2500       -29981.497   -29989.467        7.970   319.5      0.484     -0.356     -0.979      0.062     -0.079      0.071
7.3000       -29981.378   -29989.443        8.065   323.3     -0.123      0.076      1.008     -0.248      0.148     -0.188
7.3500       -29981.089   -29988.787        7.698   308.6      0.223      0.047     -0.140      0.112     -0.174      0.663
7.4000       -29980.970   -29988.709        7.739   310.2     -0.746      0.805      0.137      0.094      0.219      0.259
7.4500       -29980.909   -29988.994        8.085   324.1     -0.098      0.034     -0.015      0.071     -0.042     -0.323
7.5000       -29980.459   -29988.967        8.508   341.0     -1.433      0.049     -0.747      0.610     -0.389      0.023
7.5500       -29980.142   -29988.395        8.253   330.8      0.302      0.718     -1.495     -0.083     -0.192      0.286
7.6000       -29980.850   -29989.469        8.618   345.5     -0.227     -0.191     -0.291      0.457      0.277     -0.293
7.6500       -29981.200   -29988.945        7.745   310.5     -0.141      1.222     -0.493     -0.193     -0.109      0.225
7.7000       -29981.261   -29989.467        8.206   328.9      0.211      0.598      1.513      0.081      0.161      0.060
7.7500       -29981.445   -29989.229        7.784   312.0     -0.901      0.402      0.665      0.303     -0.085      0.048
7.8000       -29981.702   -29989.336        7.634   306.0      0.133     -0.364     -0.609      0.402      0.353     -0.053
7.8500       -29981.582   -29989.021        7.440   298.2      0.073      0.593      0.366      0.192      0.106     -0.151
7.9000       -29981.433   -29988.430        6.997   280.5     -0.656     -0.383      0.062      0.417     -0.480      0.091
7.9500       -29981.832   -29989.000        7.168   287.3      0.355      0.139      0.322     -0.252     -0.074     -0.260
8.0000       -29982.378   -29989.252        6.874   275.5      0.429      0.573     -0.578      0.556     -0.157      0.315
8.0500       -29981.956   -29989.502        7.546   302.5      0.149     -0.005      0.157     -0.136     -0.758     -0.403
8.1000       -29981.219   -29989.746        8.527   341.8     -0.312      0.040     -0.047      0.109      0.179      0.193
8.1500       -29980.753   -29989.258        8.504   340.9      1.573      0.480      0.233     -0.193      0.307      0.423
8.2000       -29981.344   -29989.521        8.178   327.8      0.536      0.678      0.522      0.470     -0.247     -0.028
8.2500       -29981.521   -29989.809        8.287   332.2      0.504      0.021      0.048      0.402      0.530      0.036
8.3000       -29981.347   -29989.318        7.971   319.5     -0.040      0.977      0.327     -0.014      0.578     -0.132
8.3500       -29981.415   -29988.992        7.578   303.7     -0.149     -0.726     -0.130      0.132     -0.030     -0.166
8.4000       -29981.861   -29989.705        7.845   314.4     -1.053      0.411      0.418     -0.380     -0.032      0.208
8.4500       -29981.642   -29989.547        7.905   316.9      0.461      0.099     -0.327      0.654      0.280     -0.251
8.5000       -29982.006   -29990.023        8.018   321.4     -0.148      0.236     -0.290     -0.153     -0.249     -0.517
8.5500       -29981.549   -29989.340        7.791   312.3      0.262     -0.101      0.278     -0.114      0.262     -0.102
8.6000       -29982.005   -29989.650        7.645   306.5      0.253     -0.277     -0.050     -0.147     -0.174     -0.088
8.6500       -29982.123   -29989.297        7.173   287.5      0.188     -0.068     -0.128     -0.578      0.206     -0.137
8.7000       -29982.326   -29990.334        8.008   321.0      0.674      0.276      0.366      0.388      0.075     -0.502
8.7500       -29982.008   -29989.359        7.352   294.7      0.569     -0.580      0.851      0.609     -0.166      0.275
8.8000       -29981.672   -29990.150        8.478   339.8     -0.364      0.292     -0.291      0.443      0.626      0.008
8.8500       -29981.414   -29989.836        8.422   337.6     -0.014     -0.067     -0.357      0.111     -0.453     -0.627
8.9000       -29981.967   -29990.387        8.419   337.5     -0.112      0.084     -0.482     -0.216      0.085      0.087
8.9500       -29982.116   -29990.471        8.354   334.9     -0.525     -0.403      0.697     -0.005     -0.399     -0.026
9.0000       -29982.443   -29990.020        7.577   303.7      0.275     -0.209     -0.915     -0.154      0.168     -0.387
9.0500       -29982.318   -29990.141        7.823   313.6     -0.186      0.079      0.111      0.251     -0.211      0.346
9.1000       -29982.537   -29990.357        7.821   313.5      0.494      0.094      0.719     -0.515     -0.469      0.157
9.1500       -29982.047   -29989.914        7.867   315.3     -0.405      0.397     -0.442      0.159      0.358      0.156
9.2000       -29982.105   -29990.279        8.175   327.7      0.857     -0.355      0.442     -0.335      0.374     -0.333
9.2500       -29982.267   -29990.303        8.036   322.1     -0.579     -0.166      0.414      0.476     -0.020      0.170
9.3000       -29982.171   -29990.367        8.196   328.5      0.538     -0.796      0.166     -0.846      0.025     -0.079
9.3500       -29981.864   -29989.588        7.724   309.6      0.379     -0.158      0.216     -0.124      0.272      0.330
9.4000       -29981.931   -29990.084        8.153   326.8      0.140      0.356      1.080      0.299     -0.396      0.597
9.4500       -29982.047   -29989.977        7.929   317.8     -0.185     -0.445      0.203      0.089     -0.246      0.018
9.5000       -29981.652   -29990.061        8.409   337.1     -0.253     -0.943     -0.793     -0.888      0.234     -0.234
9.5500       -29981.954   -29990.160        8.206   328.9      0.144     -0.053      0.775      0.076     -0.140     -0.224
9.6000       -29981.435   -29989.848        8.412   337.2      0.370      0.325      1.075      0.067     -0.123      0.401
9.6500       -29981.631   -29989.715        8.084   324.0      0.409      0.450      0.302      0.037     -0.110     -0.241
9.7000       -29981.119   -29989.629        8.510   341.1      0.756      0.355      0.006     -0.772      0.247     -0.324
9.7500       -29980.810   -29989.316        8.506   341.0     -0.702      0.698     -0.326      0.025      0.536      0.056
9.8000       -29980.972   -29989.842        8.870   355.5      0.055     -0.316     -0.622      0.023      0.181     -0.062
9.8500       -29981.564   -29990.402        8.838   354.3      0.072      0.585     -0.203     -0.130      0.341     -0.880
9.9000       -29980.887   -29989.363        8.477   339.8      0.564      0.939      0.786      0.111      0.341     -0.308
9.9500       -29980.766   -29989.727        8.960   359.2     -0.303     -0.003      0.511     -0.523     -0.156      0.059
10.0000      -29980.786   -29989.213        8.427   337.8      0.215     -0.037     -1.346      0.118     -0.335      0.264
