Time[ps]      Etot[eV]     Epot[eV]     Ekin[eV]    T[K]      ---------------------- stress [GPa] -----------------------
0.0000       -29982.105   -29990.291        8.186   328.1      0.593     -0.244     -0.032     -0.611     -0.203      0.154
0.0500       -29982.113   -29990.703        8.590   344.3     -1.001     -0.964     -0.048     -0.111      0.279     -0.005
0.1000       -29982.686   -29990.816        8.130   325.9     -0.407     -0.455     -0.668      0.070      0.096     -0.018
0.1500       -29983.602   -29991.098        7.496   300.5      0.121     -0.132      0.137     -0.483      0.070      0.076
0.2000       -29983.423   -29991.486        8.064   323.2      0.125     -0.204     -0.337      0.260     -0.481      0.120
0.2500       -29983.921   -29991.809        7.887   316.2      0.326      0.714      0.209     -0.119     -0.088      0.249
0.3000       -29984.148   -29991.072        6.924   277.6      0.231     -0.432     -0.107     -0.322     -0.185     -0.418
0.3500       -29984.349   -29991.213        6.864   275.2      0.316     -0.922      0.095     -0.273      0.089     -0.475
0.4000       -29984.058   -29991.291        7.233   290.0      0.691      0.154      0.161     -0.302      0.004      0.453
0.4500       -29983.874   -29991.105        7.232   289.9      0.176     -0.260      0.541      0.341     -0.097     -0.200
0.5000       -29983.822   -29990.859        7.037   282.1      1.373     -0.942     -0.397      0.167      0.020     -0.087
0.5500       -29983.467   -29991.041        7.574   303.6      0.158      1.264      0.216     -0.109     -0.166      0.265
0.6000       -29983.011   -29991.295        8.284   332.1      0.385     -0.257      0.737      0.252     -0.284     -0.368
0.6500       -29983.151   -29991.143        7.992   320.4     -0.067     -0.148     -0.268      0.544     -0.214     -0.306
0.7000       -29982.795   -29991.361        8.566   343.4     -0.134     -1.096     -0.552     -0.344     -0.423      0.196
0.7500       -29982.004   -29989.910        7.906   316.9     -0.704     -0.873     -1.169      0.353     -0.076      0.035
0.8000       -29982.288   -29990.135        7.847   314.5     -0.534     -0.767      0.345      0.348     -0.028     -0.033
0.8500       -29982.811   -29990.428        7.616   305.3     -0.696      0.042     -0.337     -0.311      0.070     -0.006
0.9000       -29982.615   -29990.229        7.613   305.2     -0.083     -0.201     -0.636     -0.462      0.338     -0.125
0.9500       -29982.680   -29990.479        7.798   312.6     -0.565     -0.891      0.831     -0.576      0.310     -0.008
1.0000       -29982.839   -29990.576        7.737   310.1     -0.465     -0.144     -1.087      0.241      0.370     -0.050
1.0500       -29982.612   -29990.764        8.151   326.7      0.189      0.907     -0.267      0.482      0.133     -0.061
1.1000       -29982.267   -29989.324        7.057   282.9     -0.528      0.147      0.498      0.007      0.579      0.516
1.1500       -29982.176   -29990.127        7.951   318.7      0.016     -0.291     -0.668      0.235     -0.341      0.054
1.2000       -29982.180   -29990.465        8.285   332.1     -0.200      0.306      0.952     -0.060     -0.552      0.172
1.2500       -29981.914   -29990.279        8.365   335.3     -0.288     -0.226     -0.205     -0.075      0.333     -0.217
1.3000       -29981.935   -29989.971        8.035   322.1     -0.736      0.055     -0.510      0.200     -0.142      0.110
1.3500       -29982.370   -29990.641        8.270   331.5     -0.736     -0.140     -0.312      0.293      0.514      0.150
1.4000       -29981.663   -29989.967        8.304   332.9     -1.127     -0.119     -0.463     -0.696     -0.444      0.346
1.4500       -29981.852   -29989.824        7.972   319.6      0.850     -0.489      0.378      0.158      0.154     -0.576
1.5000       -29981.813   -29989.592        7.779   311.8      0.174     -0.034     -0.130      0.142     -0.161      0.007
1.5500       -29981.471   -29989.777        8.307   333.0      0.403      0.332     -0.441      0.448     -0.029     -0.149
1.6000       -29981.431   -29990.389        8.957   359.0     -1.020      0.012     -0.698     -0.337     -0.127      0.455
1.6500       -29981.396   -29989.994        8.599   344.7     -0.640     -0.775     -0.707      0.821     -0.340     -0.101
1.7000       -29981.392   -29989.637        8.244   330.5      0.485      0.161     -0.840     -0.220      0.264      0.283
1.7500       -29981.484   -29989.879        8.395   336.5     -0.356     -0.557     -0.073      0.278      0.320     -0.314
1.8000       -29981.543   -29989.734        8.192   328.4     -1.160     -1.668     -0.490     -0.206      0.331     -0.169
1.8500       -29981.787   -29990.012        8.224   329.7     -0.044     -0.461     -0.764     -0.240     -0.010     -0.121
1.9000       -29981.604   -29989.941        8.338   334.2     -0.186     -0.221     -0.329     -0.293      0.377     -0.157
1.9500       -29981.796   -29990.115        8.319   333.5      0.019     -0.474     -0.595      0.072     -0.091     -0.318
2.0000       -29981.536   -29989.904        8.369   335.5     -0.983     -0.018      0.512      0.131      0.023     -0.060
2.0500       -29981.552   -29989.412        7.860   315.1      0.096      0.068     -0.801      0.155     -0.160     -0.675
2.1000       -29981.524   -29989.555        8.030   321.9     -0.230      0.377      0.566     -0.852      0.323      0.256
2.1500       -29980.882   -29989.512        8.630   345.9      0.729      0.180      0.315      0.019     -0.192     -0.021
2.2000       -29980.666   -29989.314        8.649   346.7      0.156     -0.425     -0.899      0.139      0.742      0.261
2.2500       -29980.989   -29989.477        8.488   340.2     -0.106     -0.441     -0.073      0.075      0.590      0.067
2.3000       -29981.168   -29989.795        8.627   345.8      0.139     -0.271     -0.405      0.095     -0.281     -0.533
2.3500       -29981.153   -29989.498        8.345   334.5      0.094      0.070      0.094     -0.527      0.007     -0.206
2.4000       -29981.087   -29989.467        8.380   335.9      0.015      0.393      0.384      0.433      0.400      0.138
2.4500       -29981.216   -29989.980        8.764   351.3      0.379     -0.270     -0.195     -0.545      0.430     -0.223
2.5000       -29981.286   -29989.721        8.434   338.1      1.190      0.577      0.393      0.107      0.251      0.324
2.5500       -29981.734   -29989.533        7.799   312.6     -0.752     -0.029     -1.229     -0.112     -0.418      0.216
2.6000       -29981.504   -29989.732        8.228   329.8      1.020     -0.217      0.409     -0.140      0.268     -0.487
2.6500       -29981.568   -29989.121        7.553   302.8      0.168      0.588      0.039      0.031      0.336     -0.192
2.7000       -29981.262   -29988.430        7.167   287.3      0.518     -0.587      0.003      0.121      0.270     -0.137
2.7500       -29981.067   -29989.211        8.144   326.4      0.241      0.406      0.476      0.228     -0.157      0.463
2.8000       -29981.113   -29989.229        8.116   325.3      0.484     -0.074      0.207     -0.208      0.056      0.140
2.8500       -29980.995   -29989.215        8.220   329.5     -0.022      0.343     -0.284      0.314      0.167      0.299
2.9000       -29981.363   -29989.488        8.125   325.7     -0.613     -0.047     -0.630     -0.216      0.017      0.408
2.9500       -29981.550   -29989.646        8.096   324.5      0.088     -0.401      0.062      0.267      0.031     -0.085
3.0000       -29981.422   -29989.506        8.084   324.0     -0.340     -0.167     -1.251      0.072     -0.223     -0.215
3.0500       -29981.432   -29989.420        7.988   320.2      0.649      0.109      0.565      0.450      0.186      0.566
3.1000       -29980.964   -29988.938        7.973   319.6     -0.391      0.334     -1.272     -0.085      0.184     -0.436
3.1500       -29980.613   -29989.090        8.477   339.8      0.747      0.563      0.172     -0.058      0.012      0.556
3.2000       -29980.305   -29988.326        8.021   321.5      0.611     -0.734     -0.480     -0.022      0.186     -0.180
3.2500       -29980.026   -29988.535        8.509   341.1      0.181      1.295      0.433     -0.284      0.128      0.437
3.3000       -29980.389   -29987.920        7.531   301.9     -0.912     -1.101     -0.173      0.266     -0.126     -0.438
3.3500       -29980.149   -29989.023        8.874   355.7     -0.268     -0.093     -0.652      0.195      0.077     -0.112
3.4000       -29979.777   -29988.859        9.083   364.1     -1.110     -1.205     -0.411      0.183      0.194      0.569
3.4500       -29979.966   -29988.561        8.595   344.5     -0.872      0.061     -1.678     -0.098     -0.124      0.532
3.5000       -29980.361   -29988.803        8.441   338.4     -0.143     -0.433     -0.433     -0.107      0.750     -0.019
3.5500       -29979.964   -29988.680        8.715   349.4      0.780      0.351     -0.124     -0.000     -0.474      0.268
3.6000       -29979.909   -29989.180        9.271   371.6     -0.256     -0.148     -0.483      0.206      0.716      0.291
3.6500       -29980.417   -29989.238        8.821   353.6      0.888      0.299     -0.915      0.182      0.229     -0.113
3.7000       -29980.083   -29988.100        8.016   321.3     -0.413     -0.361     -0.111      0.054     -0.055     -0.169
3.7500       -29980.475   -29989.330        8.856   355.0     -0.924     -0.722     -0.257      0.003      0.077     -0.135
3.8000       -29980.771   -29989.020        8.248   330.6     -0.419      0.031     -1.112     -0.410      0.124     -0.331
3.8500       -29981.003   -29988.938        7.934   318.1      0.160     -0.369      0.112     -0.595     -0.417      0.140
3.9000       -29980.787   -29989.018        8.230   329.9      0.398     -0.020      0.135      0.024      0.443      0.244
3.9500       -29980.132   -29988.465        8.332   334.0      0.679     -0.835     -0.592     -0.630      0.016     -0.775
4.0000       -29980.118   -29987.971        7.853   314.8      0.063      1.119      0.239      0.082      0.122      0.470
4.0500       -29980.026   -29988.010        7.984   320.0     -0.260      0.197      0.319     -0.212      0.225     -0.008
4.1000       -29979.784   -29988.557        8.772   351.6      0.613      0.583      0.315     -0.126     -0.561      0.242
4.1500       -29980.291   -29988.191        7.900   316.7      0.157     -0.171     -0.083     -0.057     -0.004     -0.340
4.2000       -29980.391   -29989.529        9.139   366.3     -0.651      0.417     -0.690      0.018     -0.359      0.299
4.2500       -29980.498   -29989.102        8.604   344.9     -0.334     -0.952     -1.082     -0.163     -0.265     -0.556
4.3000       -29980.894   -29989.396        8.503   340.8      0.085     -0.038     -0.653     -0.234      0.353      0.116
4.3500       -29980.891   -29989.061        8.169   327.5     -0.579     -0.504      0.909      0.119     -0.069     -0.363
4.4000       -29980.383   -29989.133        8.750   350.8     -0.305     -0.391      0.673     -0.167      0.274      0.139
4.4500       -29980.356   -29989.076        8.720   349.5      0.573      0.263     -0.012      0.219     -0.066      0.751
4.5000       -29980.229   -29989.287        9.058   363.1     -0.785      0.033     -0.602      0.345     -0.554     -0.228
4.5500       -29980.161   -29989.168        9.007   361.0     -0.609     -0.949     -0.729     -0.395     -0.076      0.192
4.6000       -29980.108   -29989.336        9.228   369.9     -0.840     -0.235      0.162     -0.269     -0.383      0.884
4.6500       -29980.281   -29988.914        8.633   346.1     -0.715     -0.583      0.445      0.780     -0.252     -0.198
4.7000       -29980.637   -29988.996        8.360   335.1      0.625     -0.247      1.089     -0.238     -0.028      0.059
4.7500       -29980.192   -29988.947        8.756   351.0     -1.193     -0.748     -1.052      0.041     -0.336     -0.296
4.8000       -29980.711   -29989.025        8.315   333.3     -0.388     -0.646     -0.272     -0.129     -0.071     -0.040
4.8500       -29980.928   -29988.859        7.932   317.9      0.206     -0.625     -0.086     -0.042      0.168     -0.030
4.9000       -29981.255   -29989.246        7.991   320.3     -1.232     -0.204     -0.037      0.300      0.033     -0.195
4.9500       -29981.495   -29989.629        8.134   326.0      0.967     -0.379     -0.397      0.172     -0.325     -0.581
5.0000       -29981.624   -29989.098        7.474   299.6     -1.095     -0.255      0.248      0.496      0.353      0.001
