Time[ps]      Etot[eV]     Epot[eV]     Ekin[eV]    T[K]      ---------------------- stress [GPa] -----------------------
0.0000       -29980.468   -29988.217        7.749   310.6      0.146      0.253      0.411      0.359     -0.224      0.179
0.0500       -29980.635   -29989.326        8.691   348.4     -0.671     -0.385     -0.766     -0.093     -0.120      0.033
0.1000       -29980.630   -29989.654        9.024   361.7     -0.562      0.041     -0.088     -0.174     -0.147      0.511
0.1500       -29980.430   -29988.936        8.505   340.9      0.436     -0.509      1.171      0.015      0.330     -0.204
0.2000       -29980.467   -29988.420        7.952   318.8      1.490      0.888      1.012     -0.291     -0.295     -0.195
0.2500       -29980.213   -29989.232        9.020   361.6      0.932     -0.101     -0.869      0.277      0.312      0.083
0.3000       -29980.430   -29988.996        8.566   343.4      0.452      0.596      0.158     -0.003     -0.065     -0.092
0.3500       -29980.037   -29988.141        8.104   324.8      0.066      0.908      0.038      0.749      0.059      0.793
0.4000       -29980.285   -29988.881        8.596   344.6      1.101      0.663      1.003      0.298      0.109      0.799
0.4500       -29979.843   -29989.176        9.333   374.1      0.153      0.408      0.447     -0.522     -0.325      0.768
0.5000       -29979.812   -29988.762        8.950   358.8     -0.005     -0.226     -0.584     -0.452      0.488      0.178
0.5500       -29980.383   -29988.291        7.908   317.0      0.748     -0.810      0.801      0.038     -0.482      0.206
0.6000       -29980.182   -29988.242        8.060   323.1     -0.079     -0.425      0.699     -0.468      0.136      0.620
0.6500       -29979.821   -29988.469        8.647   346.6     -1.323     -0.117     -0.886      0.096     -0.407      0.449
0.7000       -29980.555   -29988.971        8.416   337.4     -0.735      0.828      0.089      0.112     -0.053     -0.066
0.7500       -29980.672   -29988.342        7.670   307.4      0.853     -0.431      0.062     -0.238     -0.176      0.475
0.8000       -29980.557   -29988.912        8.356   334.9     -0.957      0.318     -0.250     -0.167      0.235     -0.563
0.8500       -29980.653   -29989.045        8.392   336.4      0.458      0.352     -0.741     -0.047      0.319      0.365
0.9000       -29980.988   -29989.160        8.172   327.6     -0.200     -0.551     -0.803     -0.000      0.721     -0.015
0.9500       -29981.158   -29990.094        8.935   358.2     -0.038      0.337      0.096     -0.016      0.204     -0.155
1.0000       -29980.605   -29989.613        9.009   361.1      1.007      0.657      0.500      0.010      0.768      0.576
1.0500       -29980.547   -29989.707        9.160   367.2      0.018      0.055     -0.741     -0.057     -0.479     -0.009
1.1000       -29981.015   -29989.598        8.582   344.0     -0.177     -0.804     -0.521      0.356     -0.106      0.364
1.1500       -29981.799   -29990.123        8.324   333.7     -0.147     -0.834      0.159     -0.681      0.359     -0.180
1.2000       -29982.148   -29990.738        8.591   344.4      0.518     -0.368      0.485     -0.065      0.303      0.368
1.2500       -29982.161   -29990.115        7.954   318.8     -0.528     -0.311     -0.323      0.642      0.534     -0.372
1.3000       -29982.367   -29989.977        7.609   305.0     -0.399      0.241     -0.509     -0.531     -0.356      0.187
1.3500       -29982.276   -29990.326        8.050   322.7      0.223      0.050      0.151     -0.601      0.091     -0.440
1.4000       -29982.083   -29990.479        8.395   336.5     -0.670     -0.241     -0.962     -0.243      0.023      0.275
1.4500       -29982.318   -29989.908        7.590   304.3      0.479     -1.083      0.305     -0.043      0.156      0.106
1.5000       -29982.259   -29990.635        8.376   335.8      0.151     -0.493     -0.188      0.203     -0.227      0.431
1.5500       -29982.433   -29990.633        8.200   328.7     -0.390     -0.022      0.176     -0.414      0.490     -0.235
1.6000       -29982.247   -29990.871        8.624   345.7     -0.113     -0.293      0.011      0.676     -0.218      0.048
1.6500       -29982.056   -29989.527        7.471   299.5     -0.123     -0.171      0.055      0.038     -0.559     -0.428
1.7000       -29982.019   -29990.010        7.990   320.3     -0.347     -0.395     -0.141     -0.332      0.273     -0.338
1.7500       -29981.972   -29990.602        8.630   345.9     -0.117     -0.090     -0.788      0.082      0.076      0.036
1.8000       -29981.800   -29990.025        8.225   329.7     -0.286      0.229     -0.242      0.056      0.184     -0.256
1.8500       -29982.003   -29989.912        7.909   317.0     -0.971      0.272     -0.717      0.320      0.067      0.394
1.9000       -29981.775   -29989.939        8.165   327.3      0.168     -0.947     -0.741      0.266     -0.106      0.579
1.9500       -29981.927   -29990.307        8.380   335.9     -1.236     -0.321     -0.393      0.214      0.106      0.362
2.0000       -29982.345   -29990.549        8.204   328.9     -0.719     -1.912     -0.485      0.440      0.240      0.465
2.0500       -29981.876   -29989.420        7.544   302.4      0.896     -0.094     -0.214      0.377      0.295      0.333
2.1000       -29982.016   -29989.953        7.937   318.2     -0.127     -0.140      1.253     -0.686     -0.695      0.096
2.1500       -29981.714   -29989.596        7.882   315.9     -0.274     -1.331     -0.125      0.404      0.361      0.148
2.2000       -29981.272   -29989.848        8.576   343.8     -0.613     -0.467      0.384      0.428     -0.618      0.134
2.2500       -29981.231   -29990.109        8.879   355.9      0.724      0.326      0.758     -0.349     -0.109     -0.009
2.3000       -29981.037   -29990.100        9.062   363.3     -0.552      0.289     -0.344     -0.272     -0.077     -0.159
2.3500       -29980.798   -29989.652        8.854   354.9      0.289     -0.126      0.386      0.169      0.217      0.294
2.4000       -29981.137   -29989.811        8.674   347.7      0.125      0.069     -0.010     -0.120     -0.256     -0.048
2.4500       -29980.719   -29988.990        8.271   331.5      0.987      0.010     -0.169      0.323     -0.027     -0.776
2.5000       -29980.955   -29989.246        8.291   332.3      0.373     -0.037     -0.379     -0.499     -0.542      0.300
2.5500       -29981.132   -29989.809        8.677   347.8      0.358     -0.586     -0.282     -0.584      0.178     -0.471
2.6000       -29981.826   -29990.225        8.399   336.7      0.323      1.104      0.129     -0.276     -0.227      0.512
2.6500       -29981.477   -29989.537        8.060   323.1      0.328      0.586      0.923     -0.035      0.093     -0.140
2.7000       -29981.291   -29989.762        8.471   339.5      0.124     -0.469      0.033     -0.183     -0.157     -0.174
2.7500       -29981.641   -29990.230        8.589   344.3      0.556      0.775      0.875     -0.077      0.041     -0.097
2.8000       -29982.014   -29990.205        8.192   328.4     -0.087      0.397     -0.080     -0.623     -0.058     -0.830
2.8500       -29981.469   -29990.025        8.556   343.0      1.073      0.063     -0.075      0.455     -0.547      0.268
2.9000       -29981.053   -29989.205        8.152   326.8     -0.455      0.397      0.686     -0.531     -0.370      0.039
2.9500       -29981.048   -29989.326        8.279   331.8     -0.039      0.812     -0.527     -0.005     -0.032      0.086
3.0000       -29980.920   -29990.037        9.117   365.5     -0.399     -1.189      0.327      0.513     -0.381     -0.724
3.0500       -29980.803   -29989.965        9.162   367.3     -0.544     -0.466      0.114     -0.114      0.025      0.409
3.1000       -29981.469   -29989.715        8.246   330.5     -0.017     -0.188      0.649      0.540      0.092      0.853
3.1500       -29981.182   -29989.623        8.441   338.4      0.492     -0.568     -0.220     -0.311     -0.245     -0.345
3.2000       -29981.620   -29989.164        7.544   302.4      0.033     -0.498      0.029      0.029      0.226      0.540
3.2500       -29981.767   -29989.686        7.919   317.4     -0.231     -0.476     -0.503     -0.407      0.576     -0.466
3.3000       -29981.764   -29989.939        8.176   327.7      0.353      0.364      0.413      0.460     -0.152     -0.410
3.3500       -29981.616   -29989.756        8.140   326.3     -0.152     -0.410     -0.084     -0.297      0.446     -0.002
3.4000       -29981.633   -29990.223        8.589   344.3     -1.092     -0.057      0.360      0.187     -0.119     -0.203
3.4500       -29981.047   -29989.367        8.320   333.5     -0.271      0.214     -0.531     -0.117     -0.248      0.218
3.5000       -29981.509   -29989.400        7.892   316.3      0.328     -0.898      0.031      0.543      0.654     -0.075
3.5500       -29981.152   -29989.475        8.322   333.6     -0.495     -0.068      0.049     -0.545      0.113      0.338
3.6000       -29980.495   -29988.736        8.241   330.4     -0.230     -0.050     -0.457      0.224     -0.190     -0.265
3.6500       -29979.742   -29988.283        8.541   342.4      0.946      0.215     -0.268      0.601      0.459     -0.309
3.7000       -29979.737   -29989.047        9.310   373.2     -0.787     -0.023      0.563     -0.070      0.158     -0.097
3.7500       -29979.961   -29988.924        8.963   359.3      0.585      0.110      0.033      0.788      0.824      0.021
3.8000       -29979.743   -29988.645        8.901   356.8      0.299     -0.139      0.690     -0.627      0.127     -0.193
3.8500       -29980.540   -29988.742        8.202   328.8     -0.269      0.456     -0.088      0.336     -0.117     -0.214
3.9000       -29980.830   -29989.379        8.549   342.7     -0.565      0.151      0.181      0.397     -0.175      0.130
3.9500       -29980.329   -29988.881        8.552   342.8     -0.309     -0.197     -1.642      0.136     -0.205     -0.189
4.0000       -29980.335   -29989.018        8.682   348.0     -0.735     -0.264     -0.649     -0.544      0.423     -0.100
4.0500       -29980.641   -29989.357        8.716   349.4     -0.187      0.374      0.003      0.146     -0.729      0.018
4.1000       -29980.469   -29989.764        9.295   372.6      0.338      0.608      0.424     -0.182      0.389      0.158
4.1500       -29980.802   -29989.822        9.021   361.6      0.111     -0.904     -0.795      0.018      0.081     -0.245
4.2000       -29980.355   -29989.562        9.207   369.1      0.084     -0.424     -0.300     -0.469      0.238     -0.460
4.2500       -29980.517   -29989.258        8.741   350.4     -0.230     -0.481      0.280      0.200     -0.188     -0.148
4.3000       -29981.110   -29989.598        8.488   340.2      0.562     -0.246      0.387     -0.115      0.069     -0.151
4.3500       -29980.774   -29989.965        9.191   368.4     -0.530     -0.547     -0.739     -0.630     -0.085      0.475
4.4000       -29980.773   -29988.896        8.123   325.6     -0.535     -0.966     -0.128     -0.177     -0.081     -0.226
4.4500       -29980.502   -29990.326        9.825   393.8      0.128      0.789      0.359     -0.389     -0.057      0.183
4.5000       -29980.537   -29988.750        8.213   329.2      0.009      0.072      0.223     -0.122     -0.200     -0.039
4.5500       -29980.624   -29988.594        7.970   319.5      0.009     -0.064      0.043      0.223      0.467      0.006
4.6000       -29980.935   -29989.439        8.504   340.9      0.861      0.652     -0.068      0.090      0.418      0.086
4.6500       -29980.723   -29988.623        7.900   316.7     -0.093      1.234     -0.601     -0.251      0.327     -0.635
4.7000       -29980.852   -29989.691        8.840   354.3     -0.218     -0.734     -0.275      0.011     -0.310      0.162
4.7500       -29980.554   -29989.414        8.860   355.1     -0.555     -0.202     -0.068     -0.171      0.472      0.347
4.8000       -29981.122   -29989.016        7.894   316.4      0.774      1.184      1.301     -0.079     -0.278      0.362
4.8500       -29981.618   -29989.518        7.900   316.7      1.036      0.779      1.719     -0.071     -0.191      0.349
4.9000       -29982.054   -29990.080        8.026   321.7      0.598      0.525      0.320      0.060      0.101     -0.278
4.9500       -29981.857   -29989.523        7.667   307.3     -0.031      0.389     -0.612     -0.707      0.161     -0.128
5.0000       -29981.951   -29989.826        7.875   315.7      0.027      0.698      0.451      0.406     -0.042     -0.090
5.0500       -29982.034   -29989.693        7.659   307.0     -0.434     -0.133     -0.212     -0.488     -0.028      0.727
5.1000       -29982.709   -29990.426        7.717   309.3     -0.359     -0.256     -0.464      0.074     -0.226     -0.063
5.1500       -29982.794   -29990.641        7.847   314.5     -0.121      0.493      0.017     -0.359      0.217     -0.186
5.2000       -29983.226   -29990.689        7.464   299.2     -0.314      0.213     -0.486      0.091     -0.131      0.216
5.2500       -29982.908   -29990.535        7.628   305.7      1.220     -0.627     -0.118     -0.073     -0.146      0.337
5.3000       -29982.182   -29990.211        8.029   321.9      0.280      0.021      0.509     -0.350     -0.223      0.083
5.3500       -29981.977   -29989.682        7.705   308.8      1.344      0.892      0.601     -0.213     -0.305     -0.190
5.4000       -29981.441   -29989.814        8.373   335.6     -0.165      0.092     -0.394     -0.099     -0.021      0.171
5.4500       -29981.025   -29990.127        9.102   364.9      0.296      0.753     -0.215      0.010      0.231      0.052
5.5000       -29981.262   -29989.436        8.173   327.6     -0.165     -0.052     -0.204      0.171     -0.168      0.103
5.5500       -29981.199   -29989.734        8.536   342.1      0.424     -0.139      0.576     -0.088      0.319      0.128
5.6000       -29981.632   -29989.930        8.298   332.6      0.717      0.231      0.264      0.338      0.010      0.285
5.6500       -29981.758   -29989.371        7.613   305.2      0.099      0.813      0.733     -0.172     -0.105      0.424
5.7000       -29981.537   -29989.080        7.544   302.4     -0.313      1.002     -0.299      0.401     -0.621      0.462
5.7500       -29981.684   -29990.260        8.576   343.8      0.148      0.159      0.821     -0.002      0.235     -0.197
5.8000       -29981.395   -29989.672        8.277   331.8      0.170     -0.174      0.755     -0.051      0.265      0.224
5.8500       -29981.040   -29989.016        7.975   319.7      0.652     -0.222      0.191     -0.047      0.556     -0.787
5.9000       -29981.215   -29989.053        7.838   314.2     -0.955     -0.269     -1.360     -0.192     -0.003      0.218
5.9500       -29980.781   -29989.486        8.706   349.0      0.437      0.212      0.376     -0.493      0.021     -0.278
6.0000       -29980.812   -29988.369        7.557   302.9     -0.503     -0.697     -0.524     -0.059     -0.016     -0.215
6.0500       -29981.369   -29989.088        7.719   309.4     -0.525     -0.206     -0.861     -0.357     -0.310     -0.547
6.1000       -29981.213   -29988.943        7.730   309.9      0.699      0.092     -0.482      0.102     -0.434      0.186
6.1500       -29980.862   -29989.156        8.294   332.5     -0.066     -0.197      0.288      0.183      0.389      0.815
6.2000       -29981.221   -29989.357        8.136   326.1      0.059      0.189      0.507      0.315     -0.069      0.294
6.2500       -29980.865   -29988.889        8.024   321.6     -0.325      0.462      0.151     -0.007      0.089      0.047
6.3000       -29981.120   -29989.186        8.065   323.3      0.088     -0.649     -0.510     -0.408     -0.617     -0.355
6.3500       -29981.343   -29989.064        7.721   309.5      1.308      0.688      0.182      0.717     -0.333      0.288
6.4000       -29981.275   -29989.121        7.846   314.5      0.264     -0.624      0.420      0.094     -0.379     -0.046
6.4500       -29981.944   -29989.301        7.356   294.9     -0.323      0.230      0.569      0.103     -0.191      0.632
6.5000       -29981.654   -29989.656        8.003   320.8      0.413      0.353      0.518      0.474     -0.038      0.397
6.5500       -29981.324   -29990.039        8.715   349.3      0.215      0.630      0.643      0.189     -0.703      0.463
6.6000       -29981.291   -29989.355        8.064   323.3      0.366      0.187      0.049     -0.245      0.072      0.229
6.6500       -29981.514   -29989.758        8.244   330.4     -0.039      0.284     -0.743      0.105     -0.187      0.109
6.7000       -29982.217   -29989.623        7.406   296.9      0.276      0.470     -0.733      0.312     -0.157     -0.158
6.7500       -29981.984   -29989.355        7.372   295.5      0.017     -0.853      0.446     -0.445      0.155      0.033
6.8000       -29981.615   -29989.098        7.483   299.9      0.410      0.277     -0.521      0.319     -0.138     -0.036
6.8500       -29981.821   -29988.625        6.804   272.7     -0.073     -0.400      0.151     -0.333      0.133      0.489
6.9000       -29981.994   -29989.160        7.167   287.3     -0.234     -0.411     -0.191      0.008     -0.369     -0.138
6.9500       -29981.752   -29989.996        8.244   330.5      0.100      0.293      0.229     -0.694     -0.094     -0.611
7.0000       -29981.423   -29989.148        7.726   309.7     -0.025     -0.515     -0.531     -0.421      0.384      0.355
7.0500       -29981.390   -29989.129        7.739   310.2      0.200      0.065     -0.009      0.108      0.141     -0.355
7.1000       -29981.682   -29989.033        7.352   294.7      0.431      0.464      0.412     -0.225     -0.446      0.373
7.1500       -29981.682   -29989.660        7.979   319.8     -0.121      0.464     -0.001      0.507     -0.458      0.048
7.2000       -29981.314   -29988.928        7.613   305.2     -0.400     -0.113     -0.556     -0.037      0.013      0.071
7.2500       -29981.207   -29989.709        8.502   340.8     -0.310     -0.003      0.552     -0.620     -0.627      0.065
7.3000       -29981.177   -29988.551        7.374   295.6      0.587      0.234      0.362      0.210     -0.161     -0.439
7.3500       -29980.577   -29988.230        7.654   306.8      0.205      0.772     -0.150     -0.112     -0.472     -0.020
7.4000       -29980.719   -29988.396        7.678   307.8      1.124     -0.250     -0.710     -0.353      0.093      0.178
7.4500       -29980.878   -29988.877        7.999   320.6     -0.221     -0.012      0.310      0.522     -0.022     -0.129
7.5000       -29980.791   -29988.705        7.914   317.2      0.247      0.274      0.079      0.196     -0.268      0.208
7.5500       -29980.991   -29988.986        7.995   320.5      0.781      0.508      0.021      0.306     -0.140     -0.012
7.6000       -29980.921   -29989.148        8.228   329.8     -0.295     -0.103      0.026      0.094      0.052     -0.299
7.6500       -29980.464   -29989.412        8.948   358.7      0.007      0.610      1.113     -0.037     -0.088      0.291
7.7000       -29980.715   -29988.385        7.670   307.5     -0.079     -0.442     -0.244      0.338      0.451     -0.170
7.7500       -29980.593   -29989.258        8.665   347.3     -0.348     -0.588     -0.104     -0.239      0.196     -0.148
7.8000       -29980.688   -29988.652        7.964   319.3     -1.204     -0.641     -0.408     -0.577      0.443      0.144
7.8500       -29981.045   -29989.342        8.297   332.6      0.036      0.105     -0.419      0.201      0.178      0.101
7.9000       -29981.090   -29989.217        8.127   325.8     -0.399     -0.475     -0.303      0.192     -0.315      0.064
7.9500       -29981.347   -29988.961        7.614   305.2     -0.074     -0.587     -0.754      0.280     -0.206      0.485
8.0000       -29981.256   -29989.342        8.086   324.1     -0.406      0.294      0.528      0.197      0.240     -0.365
8.0500       -29981.452   -29989.428        7.976   319.7      0.517      0.111      1.660     -0.177     -0.331      0.307
8.1000       -29980.782   -29989.211        8.429   337.9      0.370     -0.107      0.144      0.309     -0.336     -0.199
8.1500       -29981.100   -29989.002        7.902   316.7      0.008      0.178     -0.507      0.016     -0.040     -0.053
8.2000       -29981.065   -29989.357        8.293   332.4      0.304      0.587      0.435      0.358     -0.057      0.187
8.2500       -29981.024   -29988.660        7.637   306.1     -0.184     -0.105      0.132     -0.085      0.122     -0.504
8.3000       -29980.894   -29988.838        7.944   318.4      0.101      0.543     -0.506     -0.517      0.163      0.131
8.3500       -29980.713   -29989.363        8.651   346.8     -0.140     -0.400     -0.406      0.575      0.009      0.281
8.4000       -29979.957   -29988.705        8.749   350.7      0.534     -0.403     -0.118     -0.169     -0.605     -0.080
8.4500       -29980.161   -29988.672        8.510   341.1     -0.595     -0.841      0.145      0.008     -0.423     -0.066
8.5000       -29980.611   -29987.385        6.773   271.5      0.560      0.193     -0.425     -0.572      0.078      0.108
8.5500       -29980.007   -29988.414        8.407   337.0      0.543      0.692      0.254     -0.310     -0.100      0.594
8.6000       -29979.978   -29988.961        8.983   360.1      0.220     -0.359      0.409      0.217     -0.124      0.224
8.6500       -29980.104   -29988.650        8.547   342.6      0.039      0.125     -0.662     -0.096      0.038     -0.160
8.7000       -29980.238   -29988.684        8.446   338.6     -0.737     -0.443     -0.029      0.174     -0.060      0.031
8.7500       -29980.061   -29988.037        7.976   319.7     -0.600      0.302     -0.260      0.176     -0.566      0.758
8.8000       -29980.095   -29988.605        8.511   341.1     -0.519      0.374     -0.127     -0.010      0.402     -0.066
8.8500       -29979.902   -29988.168        8.266   331.3      0.007     -0.024      0.349      0.401      0.954     -0.176
8.9000       -29979.396   -29987.766        8.370   335.5      0.238     -0.872     -0.101     -0.244     -0.067      0.340
8.9500       -29979.661   -29988.008        8.346   334.6     -1.205     -0.348      0.131     -0.363     -0.710     -0.243
9.0000       -29979.447   -29988.211        8.764   351.3      0.275     -0.186      0.521     -0.033      0.277      0.143
9.0500       -29979.522   -29987.879        8.357   335.0     -0.230      0.219     -0.008      0.195     -0.857     -0.050
9.1000       -29979.846   -29987.242        7.396   296.5      0.292      0.034      0.903     -0.294     -0.042     -0.492
9.1500       -29980.147   -29988.764        8.617   345.4      0.370      0.485      0.769     -0.537     -0.615      0.299
9.2000       -29980.242   -29988.928        8.686   348.2      0.076      0.346     -0.668     -0.358      0.473      0.260
9.2500       -29980.198   -29988.574        8.376   335.8     -1.245      0.093     -0.520      0.274      0.348     -0.062
9.3000       -29979.782   -29988.674        8.891   356.4      0.347     -0.094     -0.238     -0.605      0.536      0.091
9.3500       -29979.956   -29988.055        8.098   324.6     -0.594     -0.475     -0.171     -0.033      0.430      0.037
9.4000       -29979.969   -29988.352        8.382   336.0      0.537      0.158      0.949      0.356     -0.282     -0.874
9.4500       -29979.873   -29988.416        8.543   342.5     -0.004     -0.769      0.105     -0.176     -0.223      0.644
9.5000       -29980.218   -29988.768        8.550   342.7     -0.322      0.822      0.921      0.594     -0.186     -0.136
9.5500       -29980.162   -29989.227        9.065   363.4      0.581      0.918      0.218      0.225     -0.226     -0.392
9.6000       -29980.233   -29989.043        8.810   353.1      1.132     -0.238      0.087      0.255     -0.715      0.404
9.6500       -29981.002   -29989.533        8.532   342.0     -0.178      0.501      0.230     -0.760      0.219      0.107
9.7000       -29980.740   -29989.080        8.341   334.3      0.529     -0.594     -0.008      0.303      0.009      0.291
9.7500       -29980.164   -29988.885        8.720   349.6     -0.524      0.237      0.089     -0.276     -0.273     -0.618
9.8000       -29980.459   -29988.562        8.103   324.8      0.495     -0.352     -0.671     -0.655      0.006      0.400
9.8500       -29980.407   -29988.557        8.150   326.7     -0.723     -0.358     -0.629      0.467     -0.401     -0.609
9.9000       -29980.452   -29989.332        8.880   356.0     -0.089     -1.193     -0.268     -0.224      0.391     -0.649
9.9500       -29980.628   -29988.926        8.298   332.6     -0.843      0.016     -0.388      0.659     -0.354      0.688
10.0000      -29980.644   -29988.793        8.149   326.6      0.439     -0.971     -0.542     -0.513      0.203     -0.008
