# Step  E_PER_ATOM_RMSE  E_RMSE  F_RMSE
10000       7.144857e-03   1.378957e+00   1.494128e-01 
40000       6.300787e-03   1.216052e+00   9.368984e-02 
70000       1.388761e-02   2.680309e+00   7.788555e-02 
100000      7.584830e-03   1.463872e+00   7.125442e-02 
130000      7.802753e-03   1.505931e+00   6.288134e-02 
160000      1.509432e-03   2.913203e-01   6.073053e-02 
190000      7.204441e-03   1.390457e+00   5.628659e-02 
220000      9.658045e-03   1.864003e+00   5.441854e-02 
250000      7.999492e-03   1.543902e+00   5.297954e-02 
280000      3.166085e-03   6.110544e-01   5.238594e-02 
310000      5.840431e-03   1.127203e+00   5.105440e-02 
340000      5.411187e-03   1.044359e+00   4.898983e-02 
370000      2.514998e-03   4.853947e-01   4.670537e-02 
400000      1.013093e-03   1.955269e-01   4.609747e-02 
430000      6.620542e-03   1.277765e+00   4.674430e-02 
460000      1.641455e-03   3.168008e-01   4.435330e-02 
490000      3.770954e-03   7.277941e-01   4.602615e-02 
520000      1.463440e-03   2.824439e-01   4.631137e-02 
550000      3.556005e-03   6.863091e-01   4.252473e-02 
580000      7.064037e-03   1.363359e+00   4.199333e-02 
610000      6.584497e-03   1.270808e+00   4.145230e-02 
640000      2.112059e-03   4.076274e-01   4.096107e-02 
670000      1.906649e-03   3.679833e-01   4.084513e-02 
700000      5.521604e-03   1.065670e+00   4.003241e-02 
730000      1.993002e-03   3.846493e-01   3.973531e-02 
760000      5.504647e-03   1.062397e+00   4.253695e-02 
790000      3.683402e-03   7.108967e-01   4.069145e-02 
820000      4.317338e-03   8.332464e-01   4.090037e-02 
850000      3.523655e-03   6.800654e-01   3.865572e-02 
880000      3.330645e-03   6.428144e-01   3.836287e-02 
910000      6.907610e-03   1.333169e+00   3.803317e-02 
940000      8.691805e-03   1.677518e+00   3.971623e-02 
970000      1.347439e-03   2.600557e-01   3.782782e-02 
1000000     1.231764e-03   2.377305e-01   3.687174e-02 
1030000     3.586852e-03   6.922624e-01   3.704239e-02 
1060000     2.848938e-03   5.498450e-01   4.908768e-02 
1090000     2.201335e-03   4.248577e-01   3.639312e-02 
1120000     2.000384e-03   3.860741e-01   3.624898e-02 
1150000     2.206919e-03   4.259353e-01   3.600040e-02 
1180000     3.505852e-03   6.766292e-01   3.553412e-02 
1210000     8.981706e-04   1.733469e-01   3.715377e-02 
1240000     5.866489e-03   1.132232e+00   3.552018e-02 
1270000     2.532613e-03   4.887944e-01   3.677612e-02 
1300000     2.003845e-03   3.867421e-01   3.521566e-02 
1330000     1.285791e-03   2.481577e-01   3.604873e-02 
1360000     3.782192e-03   7.299631e-01   3.693344e-02 
1390000     2.585120e-03   4.989281e-01   3.440445e-02 
1420000     6.043490e-04   1.166394e-01   3.537743e-02 
1450000     2.073854e-03   4.002539e-01   3.454648e-02 
1480000     1.188577e-03   2.293953e-01   3.392320e-02 
1510000     2.825185e-03   5.452608e-01   3.535763e-02 
1540000     1.267558e-03   2.446386e-01   3.553666e-02 
1570000     4.748969e-03   9.165509e-01   3.398746e-02 
1600000     4.106930e-03   7.926373e-01   3.345743e-02 
1630000     3.490042e-03   6.735781e-01   3.416411e-02 
1660000     1.935686e-03   3.735873e-01   3.697908e-02 
1690000     1.197788e-03   2.311731e-01   3.289057e-02 
1720000     2.701368e-03   5.213642e-01   3.303215e-02 
1750000     1.693158e-03   3.267794e-01   3.276648e-02 
1780000     2.901100e-03   5.599123e-01   3.282501e-02 
1810000     2.242624e-03   4.328264e-01   3.316415e-02 
1840000     1.597104e-03   3.082409e-01   3.251196e-02 
1870000     4.331535e-03   8.359863e-01   3.223057e-02 
1900000     1.499286e-03   2.893622e-01   3.246699e-02 
1930000     3.175887e-03   6.129460e-01   3.245098e-02 
1960000     1.429035e-03   2.758038e-01   3.301421e-02 
1990000     1.085291e-03   2.094612e-01   3.478787e-02 
2020000     6.010474e-03   1.160021e+00   3.459010e-02 
2050000     1.532480e-03   2.957687e-01   3.454977e-02 
2080000     2.360056e-03   4.554908e-01   3.194401e-02 
2110000     5.366777e-04   1.035788e-01   3.229604e-02 
2140000     2.579784e-03   4.978981e-01   3.243106e-02 
2170000     1.249988e-03   2.412477e-01   3.265754e-02 
2200000     1.536866e-03   2.966151e-01   3.112594e-02 
2230000     2.074071e-03   4.002957e-01   3.327312e-02 
2260000     2.304075e-03   4.446864e-01   3.099901e-02 
2290000     5.099277e-03   9.841604e-01   3.368788e-02 
2320000     1.535450e-03   2.963419e-01   3.126737e-02 
2350000     7.762337e-03   1.498131e+00   3.220573e-02 
2380000     1.153880e-03   2.226987e-01   3.081806e-02 
2410000     3.657441e-03   7.058861e-01   3.079764e-02 
2440000     4.926092e-03   9.507357e-01   3.096843e-02 
2470000     1.659310e-03   3.202468e-01   3.087207e-02 
2500000     3.823597e-03   7.379544e-01   3.140236e-02 
2530000     1.653982e-03   3.192185e-01   3.078805e-02 
2560000     1.726131e-03   3.331433e-01   3.061221e-02 
2590000     5.711846e-04   1.102387e-01   3.025001e-02 
2620000     3.276215e-03   6.323096e-01   3.056402e-02 
2650000     5.318465e-03   1.026464e+00   3.064426e-02 
2680000     4.586613e-03   8.852162e-01   3.005084e-02 
2710000     3.302916e-03   6.374628e-01   3.125801e-02 
2740000     2.660941e-03   5.135615e-01   3.020475e-02 
2770000     1.564391e-03   3.019275e-01   3.008694e-02 
2800000     3.000510e-03   5.790985e-01   3.030965e-02 
2830000     1.285292e-03   2.480614e-01   3.102233e-02 
2860000     2.019775e-03   3.898165e-01   3.023638e-02 
2890000     1.675030e-03   3.232807e-01   3.098143e-02 
2920000     3.813983e-03   7.360986e-01   3.089879e-02 
2950000     1.736608e-03   3.351654e-01   3.021070e-02 
2980000     2.192553e-03   4.231627e-01   2.956567e-02 
3010000     1.896594e-03   3.660426e-01   2.948801e-02 
3040000     4.406568e-03   8.504677e-01   2.932228e-02 
3070000     2.023685e-03   3.905711e-01   2.977110e-02 
3100000     4.844212e-04   9.349330e-02   2.933100e-02 
3130000     4.064762e-03   7.844989e-01   2.908382e-02 
3160000     4.643176e-04   8.961333e-02   3.024513e-02 
3190000     2.564931e-03   4.950318e-01   2.981278e-02 
3220000     2.285015e-03   4.410080e-01   3.037328e-02 
3250000     1.846601e-03   3.563939e-01   2.898494e-02 
3280000     1.479347e-03   2.855140e-01   2.931184e-02 
3310000     4.688438e-03   9.048686e-01   3.037852e-02 
3340000     3.235811e-03   6.245117e-01   3.012508e-02 
3370000     3.569284e-03   6.888717e-01   2.910963e-02 
3400000     9.010081e-04   1.738946e-01   2.985584e-02 
3430000     7.261043e-04   1.401381e-01   2.949824e-02 
3460000     3.456096e-03   6.670265e-01   2.937811e-02 
3490000     1.493524e-03   2.882500e-01   2.869510e-02 
3520000     2.303289e-03   4.445348e-01   2.856962e-02 
3550000     2.579726e-03   4.978870e-01   2.890057e-02 
3580000     2.125365e-03   4.101955e-01   3.456133e-02 
3610000     1.522774e-03   2.938953e-01   2.932209e-02 
3640000     2.142980e-03   4.135953e-01   2.857590e-02 
3670000     2.487286e-03   4.800461e-01   2.924006e-02 
3700000     2.366944e-03   4.568202e-01   2.842068e-02 
3730000     4.518804e-03   8.721292e-01   2.864216e-02 
3760000     8.949520e-04   1.727258e-01   2.827069e-02 
3790000     1.035993e-03   1.999466e-01   3.008268e-02 
3820000     1.897000e-03   3.661210e-01   2.893638e-02 
3850000     2.902461e-03   5.601749e-01   2.886264e-02 
3880000     8.818537e-04   1.701977e-01   2.941452e-02 
3910000     2.775998e-03   5.357676e-01   2.805220e-02 
3940000     1.521487e-03   2.936469e-01   3.018948e-02 
3970000     7.109052e-04   1.372047e-01   2.874804e-02 
4000000     2.966422e-03   5.725194e-01   2.792207e-02 
4030000     2.944244e-03   5.682391e-01   2.978666e-02 
4060000     8.049973e-04   1.553645e-01   2.897309e-02 
4090000     1.169042e-03   2.256251e-01   2.854825e-02 
4120000     2.133210e-03   4.117095e-01   2.766928e-02 
4150000     3.330561e-03   6.427984e-01   2.801077e-02 
4180000     2.155218e-03   4.159570e-01   2.820322e-02 
4210000     2.498522e-03   4.822147e-01   2.764737e-02 
4240000     8.254726e-04   1.593162e-01   2.773365e-02 
4270000     2.021828e-03   3.902127e-01   2.826755e-02 
4300000     1.722633e-03   3.324682e-01   2.795589e-02 
4330000     1.499338e-03   2.893722e-01   2.752688e-02 
4360000     8.737755e-04   1.686386e-01   2.766644e-02 
4390000     9.698687e-04   1.871847e-01   2.897483e-02 
4420000     2.195471e-03   4.237259e-01   2.760758e-02 
4450000     1.539670e-03   2.971564e-01   2.888845e-02 
4480000     1.017092e-03   1.962987e-01   2.822771e-02 
4510000     4.217867e-04   8.140485e-02   3.162722e-02 
4540000     1.628765e-03   3.143517e-01   2.812021e-02 
4570000     6.178399e-04   1.192431e-01   2.849115e-02 
4600000     7.863605e-04   1.517676e-01   2.789413e-02 
4630000     1.470208e-03   2.837501e-01   2.738553e-02 
4660000     2.186777e-03   4.220479e-01   2.797460e-02 
4690000     1.901222e-03   3.669358e-01   2.732590e-02 
4720000     1.383957e-03   2.671037e-01   2.733825e-02 
4750000     2.658037e-03   5.130011e-01   2.782903e-02 
4780000     1.328318e-03   2.563654e-01   2.690010e-02 
4810000     3.201525e-04   6.178946e-02   2.788883e-02 
4840000     2.882418e-03   5.563067e-01   2.690533e-02 
4870000     3.005591e-03   5.800788e-01   2.739606e-02 
4900000     3.525420e-03   6.804061e-01   2.725493e-02 
4930000     1.126207e-03   2.173579e-01   2.714871e-02 
4960000     1.506539e-03   2.907620e-01   2.719765e-02 
4990000     3.109241e-03   6.000835e-01   2.697109e-02 
5000000     3.538376e-04   6.829068e-02   2.741228e-02 
5001000     5.052196e-03   9.750738e-01   3.333551e-02 
5005000     3.596911e-03   6.942039e-01   3.160839e-02 
5006000     7.468668e-04   1.441453e-01   2.901219e-02 
5010000     2.072285e-03   3.999510e-01   2.880751e-02 
