Time[ps]      Etot[eV]     Epot[eV]     Ekin[eV]    T[K]      ---------------------- stress [GPa] -----------------------
0.0000       -29982.226   -29990.102        7.876   315.7      0.790     -0.265     -0.745     -0.290      0.015     -0.448
0.0500       -29981.973   -29990.715        8.742   350.4     -0.468      0.183     -0.279      0.110     -0.320     -0.154
0.1000       -29981.559   -29990.693        9.135   366.2     -0.400     -0.215     -0.461      0.082     -0.038     -0.150
0.1500       -29981.673   -29989.820        8.147   326.6     -0.093     -0.300      0.793      0.570     -0.124     -0.364
0.2000       -29982.012   -29990.115        8.103   324.8      1.052     -0.086     -0.163     -0.151     -0.027     -0.089
0.2500       -29982.325   -29990.525        8.201   328.7      0.507      0.112      0.676     -0.333     -0.413     -0.483
0.3000       -29982.033   -29990.209        8.176   327.7      0.069      0.317      0.380     -0.040      0.160      0.045
0.3500       -29982.459   -29989.627        7.168   287.3      0.521      0.577     -0.096      0.098      0.029     -0.097
0.4000       -29981.922   -29989.480        7.559   303.0      0.935      0.236      0.504      0.382     -0.193     -0.315
0.4500       -29982.001   -29990.393        8.392   336.4      0.576      0.953      0.852     -0.061      0.154      0.246
0.5000       -29981.936   -29989.395        7.459   299.0     -0.101      1.048      0.323      0.353      0.093      0.280
0.5500       -29981.294   -29989.857        8.564   343.3     -0.126     -0.747     -0.226     -0.258      0.058      0.098
0.6000       -29981.293   -29989.914        8.621   345.6     -1.214      0.099     -1.725     -0.100      0.199     -0.491
0.6500       -29981.032   -29989.738        8.706   349.0     -0.426     -1.243      0.282     -0.203     -0.175      0.099
0.7000       -29981.146   -29989.574        8.428   337.8      0.085      0.153      0.657      0.486      0.491     -0.413
0.7500       -29981.152   -29989.828        8.676   347.8     -0.378     -0.349     -0.014     -0.347      0.165      0.207
0.8000       -29980.775   -29989.498        8.723   349.6      0.354     -0.985      0.254      0.265     -0.657      0.026
0.8500       -29981.000   -29989.643        8.642   346.4     -0.449      0.234      0.147      0.275      0.735     -0.299
0.9000       -29981.553   -29989.732        8.179   327.9      0.318      0.243     -0.123      0.139     -0.573      0.336
0.9500       -29981.609   -29989.814        8.206   328.9      0.221      1.072      0.104     -0.163     -0.200      0.122
1.0000       -29981.392   -29989.512        8.120   325.5     -0.138     -0.646      0.295      0.604     -0.013      0.232
1.0500       -29981.185   -29988.945        7.760   311.1      0.635      0.390     -0.128     -0.043      0.268     -0.400
1.1000       -29981.288   -29989.129        7.841   314.3      0.335     -0.568      0.128     -0.431      0.723      0.237
1.1500       -29981.471   -29989.967        8.496   340.5      0.326     -0.001     -0.345      0.379     -1.011     -0.676
1.2000       -29981.655   -29989.779        8.124   325.7      0.239     -0.461     -0.085      0.109      0.003      0.479
1.2500       -29981.780   -29989.541        7.761   311.1     -0.572     -0.077     -0.387     -0.062      0.330     -0.703
1.3000       -29981.823   -29989.369        7.546   302.5      0.401      0.635      1.405      0.142      0.033      0.036
1.3500       -29981.422   -29990.047        8.625   345.7      0.089      0.152      0.211     -0.537      0.256      0.335
1.4000       -29982.223   -29989.412        7.189   288.2      0.358      0.547      1.250      0.012      0.146      0.532
1.4500       -29982.563   -29990.115        7.552   302.7     -0.244      0.656      0.847      0.354      0.455      0.120
1.5000       -29982.272   -29990.059        7.786   312.1      0.600     -0.125     -0.068     -0.911     -0.204     -1.097
1.5500       -29982.118   -29989.576        7.458   299.0     -0.110     -0.545      0.872      0.294      0.191      0.871
1.6000       -29981.824   -29989.646        7.822   313.5      1.832     -0.029     -0.016     -0.068     -0.595     -0.729
1.6500       -29981.602   -29989.191        7.589   304.2      0.329      0.064     -0.294      0.231     -0.304     -0.457
1.7000       -29981.925   -29989.363        7.438   298.2      0.292     -0.483     -0.209      0.054     -0.495      0.188
1.7500       -29981.610   -29989.105        7.495   300.4      0.269      0.319      0.105      0.114      0.321     -0.170
1.8000       -29981.900   -29989.855        7.955   318.9     -0.544     -0.781      0.054     -0.434     -0.213     -0.004
1.8500       -29982.022   -29990.342        8.320   333.5      0.281      0.220      0.544      0.162      0.218     -0.432
1.9000       -29982.615   -29990.590        7.975   319.7      0.816      0.205      0.169     -0.029      0.106      0.195
1.9500       -29982.266   -29989.850        7.584   304.0     -0.290      0.319      0.861      0.546      0.025     -0.343
2.0000       -29982.297   -29989.695        7.398   296.5      0.565      0.126      0.125     -0.111     -0.299     -0.519
2.0500       -29982.673   -29989.783        7.110   285.0     -0.634     -0.079     -0.084     -0.216     -0.069     -0.111
2.1000       -29982.550   -29990.527        7.977   319.8      0.720      0.352      0.912     -0.234     -0.165     -0.070
2.1500       -29982.407   -29990.361        7.954   318.8      0.186     -0.392      0.494      0.291     -0.258     -0.043
2.2000       -29982.479   -29990.277        7.799   312.6      0.455      0.062     -0.752      0.685     -0.200     -0.354
2.2500       -29981.749   -29989.898        8.149   326.7     -0.035     -0.246      0.113     -0.334     -0.147      0.134
2.3000       -29981.145   -29989.572        8.427   337.8     -0.480     -0.071     -0.892     -0.112      0.457     -0.339
2.3500       -29981.730   -29989.441        7.712   309.1      0.065     -0.884     -0.208      0.010     -0.189     -0.171
2.4000       -29981.629   -29989.973        8.344   334.5      0.650     -0.307     -0.051      0.465      0.280      0.434
2.4500       -29982.177   -29989.850        7.673   307.6      0.140      0.643     -0.010     -0.501      0.504      0.224
2.5000       -29982.442   -29989.883        7.441   298.3     -0.294     -0.470     -0.151      0.399      0.320     -0.048
2.5500       -29981.923   -29989.486        7.564   303.2     -0.343     -0.275     -0.574     -0.092      0.358      0.627
2.6000       -29982.324   -29990.043        7.719   309.4     -0.290     -0.422     -0.211     -0.158      0.105      0.052
2.6500       -29982.448   -29990.625        8.177   327.8     -0.486      0.482      0.712     -0.282      0.030      0.348
2.7000       -29982.488   -29990.451        7.963   319.2     -1.045      0.008     -0.380     -0.484      0.580      0.167
2.7500       -29982.699   -29990.082        7.383   295.9      0.326      0.287     -0.204      0.491      0.183      0.089
2.8000       -29982.726   -29990.275        7.550   302.6     -0.214     -0.195      0.503      0.146     -0.181     -0.008
2.8500       -29982.536   -29990.135        7.599   304.6      0.779     -0.919      1.187     -0.068      0.089      0.309
2.9000       -29982.591   -29990.053        7.462   299.1     -0.242     -0.400      0.224      1.136     -0.534      0.017
2.9500       -29982.782   -29990.389        7.606   304.9      1.160     -0.933      0.756     -0.448      0.388      0.125
3.0000       -29983.027   -29990.773        7.746   310.5      0.249      0.116     -0.668      0.094      0.144     -0.430
3.0500       -29982.539   -29990.125        7.586   304.1      0.319      0.049      0.225      0.151     -0.016      0.112
3.1000       -29982.060   -29989.857        7.797   312.6      0.305     -0.055      0.686      0.453     -0.025     -0.201
3.1500       -29981.625   -29990.221        8.596   344.6      0.132      0.512     -0.101      0.199      0.064     -0.229
3.2000       -29981.236   -29989.568        8.332   334.0      1.061      0.334      0.124      0.258     -0.366     -0.325
3.2500       -29981.326   -29990.229        8.903   356.9     -0.254     -0.260     -0.301     -0.157      0.360     -0.029
3.3000       -29981.602   -29989.971        8.369   335.5      0.509     -0.374     -0.348     -0.091     -0.830      0.119
3.3500       -29982.194   -29989.912        7.718   309.4     -0.558      0.283     -0.734     -0.166     -0.127     -0.204
3.4000       -29982.014   -29990.051        8.037   322.2      0.877      0.122     -0.028      0.164      0.153      0.052
3.4500       -29981.782   -29989.572        7.790   312.3      0.408      0.423      0.703      0.021      0.099      0.033
3.5000       -29982.271   -29989.604        7.333   293.9      1.257     -0.337      0.047     -0.657     -0.299      0.117
3.5500       -29981.961   -29988.904        6.943   278.3      0.420      0.226     -0.502      0.346      0.164     -0.494
3.6000       -29981.994   -29989.965        7.971   319.5      0.128      0.316      0.119     -0.367      0.272      0.013
3.6500       -29982.334   -29990.336        8.002   320.8      0.170     -0.331     -0.293      0.318      0.475     -0.587
3.7000       -29982.245   -29990.814        8.569   343.5     -0.781     -0.087     -0.487     -0.146     -0.149      0.343
3.7500       -29982.521   -29990.721        8.200   328.7     -0.579     -0.044     -1.015     -0.165     -0.204     -0.123
3.8000       -29982.233   -29989.900        7.667   307.3      0.884      0.357      0.281      0.504     -0.143     -0.145
3.8500       -29982.034   -29990.268        8.233   330.0      0.628     -0.512     -0.131      0.351     -0.209     -0.430
3.9000       -29982.240   -29990.539        8.300   332.7      0.466     -0.105     -0.040      0.082     -0.278     -0.143
3.9500       -29981.846   -29990.080        8.234   330.1      0.369     -0.897      0.327     -0.539      0.214     -0.059
4.0000       -29981.746   -29989.619        7.873   315.6      0.446      0.335      0.336      0.352      0.174      0.267
4.0500       -29981.753   -29989.416        7.663   307.2     -0.096     -0.029      0.372      0.309     -0.709     -0.354
4.1000       -29981.205   -29989.355        8.151   326.7      0.606      0.114     -0.170      0.235     -0.273      0.397
4.1500       -29981.038   -29988.701        7.664   307.2     -0.073      0.329     -0.223      0.327     -0.655      0.118
4.2000       -29980.539   -29988.727        8.187   328.2      0.053     -0.216     -0.357     -0.031     -0.293      0.134
4.2500       -29980.971   -29989.143        8.171   327.5     -0.295     -0.249      0.278      0.601     -0.391      0.082
4.3000       -29980.800   -29988.705        7.905   316.9      0.364      0.005     -0.156     -0.327      0.029     -0.470
4.3500       -29980.563   -29988.564        8.002   320.7     -0.683     -0.055      1.309     -0.498      0.124      0.145
4.4000       -29980.954   -29988.656        7.703   308.8      0.902      0.031      0.035      0.085      0.100     -0.439
4.4500       -29981.073   -29988.355        7.283   291.9      0.259      0.600      0.870      0.240      0.428      0.100
4.5000       -29981.597   -29989.117        7.520   301.4     -0.190     -0.572      0.240     -0.056      0.193      0.049
4.5500       -29981.321   -29989.131        7.810   313.1     -0.603     -0.083     -0.502      0.277      0.670      0.172
4.6000       -29981.411   -29989.646        8.236   330.1      0.231      0.536     -1.004      0.002     -0.075      0.096
4.6500       -29981.474   -29989.270        7.795   312.5      0.325     -0.763      0.195      0.019     -0.729     -0.138
4.7000       -29981.681   -29989.590        7.908   317.0      0.585      0.046      0.338     -0.381      0.497      0.220
4.7500       -29982.018   -29990.025        8.008   321.0     -0.325     -0.093     -0.092      0.364     -0.531      0.098
4.8000       -29981.270   -29988.908        7.638   306.2      0.101     -0.037      0.578     -0.351     -0.043      0.376
4.8500       -29981.526   -29989.668        8.142   326.4     -0.451      0.420     -0.393     -0.231     -0.346      0.586
4.9000       -29981.498   -29989.020        7.521   301.5      0.275      0.589      0.545      0.213     -0.343     -0.206
4.9500       -29982.063   -29989.568        7.505   300.8      0.202      0.499     -0.041     -0.431     -0.183      0.405
5.0000       -29981.743   -29989.854        8.110   325.1     -0.255     -0.204      0.421      0.497      0.197      0.197
