Time[ps]      Etot[eV]     Epot[eV]     Ekin[eV]    T[K]      ---------------------- stress [GPa] -----------------------
0.0000       -29980.790   -29988.115        7.326   293.6      0.280      0.331      0.549      0.378     -0.239      0.146
0.0500       -29980.733   -29988.941        8.208   329.0     -0.575     -0.757     -0.529     -0.299      0.692      0.324
0.1000       -29981.170   -29988.830        7.660   307.1      0.240     -0.622     -0.398      0.259      0.226      0.691
0.1500       -29980.932   -29988.984        8.053   322.8     -0.528      0.681      0.113      0.282     -0.272     -0.736
0.2000       -29980.451   -29988.312        7.862   315.1      1.018      0.480      0.468      0.062     -0.159      0.157
0.2500       -29980.550   -29988.348        7.798   312.6      0.785      1.277      0.986     -0.635     -0.113     -0.204
0.3000       -29980.534   -29988.908        8.374   335.7      1.396      0.739     -0.322     -0.353     -0.251      0.218
0.3500       -29980.552   -29989.271        8.719   349.5      0.966      0.818      0.491     -0.851     -0.297      0.432
0.4000       -29981.036   -29989.562        8.527   341.8     -0.693      0.926     -0.127      0.509      0.111      0.219
0.4500       -29981.369   -29989.271        7.903   316.8      0.461      0.001      0.319     -0.178      0.391      0.049
0.5000       -29981.047   -29988.057        7.010   281.0     -0.253      0.382     -0.184     -0.262     -0.052      0.556
0.5500       -29981.287   -29989.672        8.385   336.1      1.121     -0.323     -0.298     -0.097     -0.023      0.213
0.6000       -29980.773   -29988.299        7.526   301.7      0.123      1.008      1.493     -0.663     -0.113     -0.195
0.6500       -29980.593   -29988.971        8.378   335.8     -0.444     -0.143     -0.728      0.033      0.455     -0.069
0.7000       -29980.623   -29988.846        8.223   329.6      0.317      0.723      0.072      0.083     -0.019     -0.204
0.7500       -29980.579   -29988.621        8.042   322.4      0.698      0.960      1.189     -0.396      0.546      0.404
0.8000       -29980.755   -29988.572        7.817   313.3      1.168      1.445      0.043     -0.037     -0.376     -0.034
0.8500       -29981.193   -29988.383        7.190   288.2      0.165      0.157      0.870      0.374      0.193      0.146
0.9000       -29981.353   -29989.121        7.768   311.4      1.421      0.913     -0.235     -0.057      0.523     -0.517
0.9500       -29980.868   -29988.605        7.738   310.2     -0.638     -0.263      0.766      0.002      0.246      0.385
1.0000       -29980.724   -29989.346        8.621   345.6      0.719     -0.572      0.278      0.080     -0.007     -0.184
1.0500       -29980.394   -29988.701        8.307   333.0      0.209     -0.131     -0.088      0.180      0.316      0.100
1.1000       -29980.503   -29988.357        7.855   314.9     -0.172      0.291      0.404     -0.651     -0.041     -0.630
1.1500       -29980.832   -29988.520        7.687   308.1     -0.020      0.579      0.063      0.623     -0.246      0.252
1.2000       -29980.455   -29987.770        7.314   293.2      0.752      1.204      0.762     -0.780     -0.206     -0.706
1.2500       -29980.132   -29989.131        8.999   360.7     -0.510      0.209     -0.633     -0.531     -0.064      0.237
1.3000       -29980.229   -29989.088        8.859   355.1     -0.519     -0.359      0.353     -0.226     -0.217      0.487
1.3500       -29980.133   -29988.768        8.635   346.1     -0.090     -0.659     -0.652     -0.157     -0.439      0.322
1.4000       -29980.812   -29988.053        7.241   290.3      0.693      0.481      0.637      0.304      0.401      0.265
1.4500       -29980.588   -29988.410        7.823   313.6     -0.230      0.434      0.394     -0.259     -0.376      0.318
1.5000       -29980.490   -29988.414        7.924   317.6      0.766      1.459      0.500      0.218      0.409      0.170
1.5500       -29979.860   -29988.781        8.921   357.6      0.378      0.775      0.490      0.024     -0.077     -0.097
1.6000       -29980.269   -29988.709        8.440   338.3     -0.072      0.539      0.577     -0.393     -0.143     -0.170
1.6500       -29980.347   -29988.098        7.751   310.7      1.094      0.169      0.659     -0.369      0.535     -0.587
1.7000       -29980.467   -29988.600        8.132   326.0     -0.751     -0.326     -1.176     -0.248     -0.600     -0.049
1.7500       -29980.129   -29988.438        8.309   333.1      0.296      0.749     -0.111     -0.511      0.576     -0.203
1.8000       -29980.198   -29989.188        8.989   360.3     -0.324     -0.402     -0.657      0.481     -0.086     -0.009
1.8500       -29980.203   -29989.150        8.947   358.6     -1.063      0.159     -1.274      0.068     -0.150     -0.414
1.9000       -29980.642   -29988.990        8.348   334.6      0.328     -0.275     -0.044      0.251      0.358      0.311
1.9500       -29981.036   -29988.518        7.482   299.9     -0.080      0.289      0.121     -0.104     -0.199     -0.179
2.0000       -29980.634   -29988.576        7.942   318.3      0.964      1.916      0.882     -0.169     -0.049     -0.186
2.0500       -29980.627   -29988.869        8.242   330.4      0.185     -0.231      0.423      0.590      0.640      0.194
2.1000       -29980.714   -29989.047        8.333   334.0      0.076     -0.097      0.237     -0.098     -0.160      0.128
2.1500       -29980.519   -29988.613        8.094   324.4      0.116      0.959      0.542      0.069     -0.315      0.370
2.2000       -29980.048   -29988.520        8.471   339.6      0.243      0.495      0.936     -0.512      0.275      0.117
2.2500       -29979.828   -29988.758        8.929   357.9     -0.395     -0.670     -0.577      0.030     -0.258      0.961
2.3000       -29979.570   -29988.266        8.696   348.6      0.354     -0.038     -0.258      0.412     -0.001      0.189
2.3500       -29979.521   -29988.402        8.882   356.0      0.292     -0.114      0.002      0.224     -0.371      0.093
2.4000       -29979.529   -29988.537        9.008   361.1      0.190      0.933      0.436      0.032      0.712      0.027
2.4500       -29979.550   -29987.379        7.829   313.8      0.261      0.654     -0.622      0.331      0.107     -0.371
2.5000       -29979.709   -29987.668        7.959   319.0     -0.050     -0.899      0.526      0.220      0.264      0.329
2.5500       -29979.643   -29988.322        8.680   347.9      0.021      0.492      0.715      0.375      0.088      0.005
2.6000       -29979.356   -29987.852        8.496   340.5      0.944     -0.167      0.688     -0.563      0.027      0.373
2.6500       -29979.100   -29987.914        8.814   353.3      0.226     -0.008      0.826      0.147      0.090     -1.259
2.7000       -29979.398   -29988.012        8.614   345.3      0.546     -0.219     -0.599     -0.095      0.158      0.388
2.7500       -29979.716   -29987.736        8.021   321.5      0.360     -0.369      0.174      0.012     -0.031      0.062
2.8000       -29980.030   -29988.256        8.226   329.7      0.694      0.292     -0.023     -0.027     -0.148      0.033
2.8500       -29980.154   -29988.064        7.910   317.1      1.086     -0.563     -0.610      0.040     -0.091     -0.084
2.9000       -29980.466   -29988.615        8.149   326.7      0.301     -0.046      0.496      0.568      0.210     -0.229
2.9500       -29980.458   -29988.316        7.858   315.0      0.519     -0.377     -0.351     -0.457     -0.025      0.083
3.0000       -29980.367   -29988.762        8.395   336.5      0.548      0.528      0.579      0.132      0.407      0.275
3.0500       -29980.595   -29988.980        8.386   336.1     -0.232      0.097      0.204      0.685      0.513      0.328
3.1000       -29980.836   -29988.432        7.596   304.5      0.629      0.175     -0.878     -0.027     -0.106      0.063
3.1500       -29980.645   -29989.000        8.355   334.9      0.302      0.552      0.202      0.362      0.224     -0.199
3.2000       -29980.320   -29988.791        8.471   339.6     -0.248     -0.089     -0.254     -0.065      0.327      0.202
3.2500       -29980.302   -29989.266        8.963   359.3     -0.391     -0.915     -0.976     -0.134     -0.277     -0.242
3.3000       -29980.694   -29989.176        8.482   340.0      0.892     -0.244      1.054      0.139     -0.147     -0.145
3.3500       -29981.093   -29988.709        7.616   305.3      0.804     -0.115      0.692     -0.204     -0.142      0.146
3.4000       -29980.505   -29988.619        8.115   325.3      0.680     -0.092      0.494      0.230     -0.226      0.411
3.4500       -29980.979   -29988.135        7.155   286.8     -0.101     -0.041      0.423      0.287      0.290     -0.245
3.5000       -29980.447   -29988.273        7.827   313.7      0.814      0.343      0.244      0.035      0.204      0.556
3.5500       -29979.807   -29987.695        7.889   316.2     -0.215      1.075      0.868     -0.055      0.015     -0.104
3.6000       -29979.578   -29987.852        8.274   331.7      0.058      0.583      0.085      0.605     -0.330     -0.542
3.6500       -29979.661   -29988.670        9.009   361.1      0.605     -0.250     -0.748     -0.195      0.257      0.318
3.7000       -29980.307   -29988.402        8.095   324.5      0.399      1.053      1.654      0.099     -0.079     -0.452
3.7500       -29979.875   -29988.492        8.617   345.4      1.147     -0.111      0.559     -0.630      0.379      0.635
3.8000       -29979.780   -29988.691        8.911   357.2     -0.998      0.932     -0.363      0.129      0.006     -0.913
3.8500       -29980.157   -29988.904        8.747   350.6      0.592      0.459      0.714      0.626     -0.128      0.075
3.9000       -29979.999   -29989.074        9.075   363.8     -0.408      0.263      0.073     -0.291      0.676      0.105
3.9500       -29980.025   -29988.928        8.902   356.9      0.293      0.142     -0.706      0.212      0.485     -0.308
4.0000       -29980.048   -29987.922        7.874   315.6      0.363      0.149      1.149      0.377      0.338     -0.142
4.0500       -29979.919   -29988.412        8.493   340.4      0.651      1.006      0.586     -0.082     -0.160     -0.193
4.1000       -29979.713   -29989.014        9.300   372.8      0.082      0.254     -0.124     -0.345     -0.346     -0.313
4.1500       -29979.823   -29988.281        8.458   339.0      0.112     -0.508      0.831     -0.098      0.160      0.018
4.2000       -29979.963   -29988.188        8.224   329.7     -0.021      0.827      0.325      0.042     -0.211      0.456
4.2500       -29979.712   -29987.898        8.187   328.2      1.151      0.596      0.203     -0.300      0.510      0.113
4.3000       -29979.150   -29987.912        8.762   351.2     -0.655      0.022     -0.201     -0.197     -0.062     -0.055
4.3500       -29979.654   -29987.697        8.043   322.4      0.352     -0.483     -0.439     -0.312     -0.014     -0.757
4.4000       -29979.208   -29988.000        8.792   352.4      0.178     -0.815      0.406     -0.889     -0.532     -0.214
4.4500       -29979.589   -29988.518        8.928   357.9      0.379      0.979      0.764      0.075     -0.048     -0.112
4.5000       -29979.240   -29988.225        8.985   360.1      0.021      0.241      0.326      0.236      0.014     -0.212
4.5500       -29979.752   -29988.373        8.621   345.6     -0.248     -0.197      0.307     -0.394     -0.277      0.285
4.6000       -29979.688   -29987.750        8.062   323.2      0.737      0.340      0.521      0.677      0.115     -0.128
4.6500       -29979.915   -29988.094        8.179   327.8     -1.191      0.419     -0.969     -0.147      0.477     -0.073
4.7000       -29979.251   -29987.434        8.183   328.0      0.245      0.322      0.310      0.138     -0.066     -0.088
4.7500       -29979.018   -29988.086        9.068   363.5     -0.091      0.606      0.003     -0.080      0.748      0.216
4.8000       -29979.317   -29987.812        8.495   340.5      0.099     -0.262      0.358      0.304      0.079      0.057
4.8500       -29978.962   -29987.965        9.003   360.9      1.256     -0.470     -0.268     -0.245      0.309      0.211
4.9000       -29978.113   -29988.102        9.989   400.4     -0.061     -0.161      0.025      0.062      0.350     -0.058
4.9500       -29978.616   -29987.887        9.271   371.6     -0.584     -0.179      0.740     -0.337     -0.274      0.526
5.0000       -29978.763   -29987.447        8.684   348.1      0.265     -0.123      0.471      0.084      0.106      0.487
5.0500       -29978.561   -29986.861        8.300   332.7     -0.654     -0.358      0.222      0.077      0.450      0.225
5.1000       -29978.770   -29987.408        8.638   346.3      0.348      0.613      0.359     -0.602     -0.424     -0.604
5.1500       -29978.945   -29987.877        8.932   358.0      0.593      0.845      0.571     -0.481     -0.207      0.252
5.2000       -29979.387   -29987.723        8.335   334.1      0.335      0.382      0.036      0.385      0.217      0.008
5.2500       -29978.758   -29987.230        8.472   339.6      0.102     -0.396     -0.103     -0.073      0.081      0.344
5.3000       -29978.682   -29987.719        9.036   362.2     -0.488     -0.263     -0.734      0.374      0.136      0.055
5.3500       -29978.695   -29988.039        9.344   374.6      0.480      0.441      0.515     -0.095     -0.268      0.059
5.4000       -29978.781   -29987.301        8.520   341.5     -0.721     -0.638     -0.173     -0.169      0.162      0.312
5.4500       -29979.303   -29987.938        8.635   346.1      0.137      0.179     -1.226     -0.363     -0.317     -0.477
5.5000       -29979.365   -29987.352        7.986   320.1     -0.595     -0.640     -0.099     -0.599     -0.038     -0.268
5.5500       -29979.951   -29988.686        8.735   350.1     -0.406      0.769     -0.603     -0.360     -0.177     -0.595
5.6000       -29979.651   -29988.301        8.650   346.7      0.074      0.676      0.904     -0.674     -0.310      0.244
5.6500       -29979.478   -29988.525        9.047   362.6     -0.062      0.057     -0.083     -0.164      0.240      0.759
5.7000       -29979.846   -29988.025        8.179   327.9     -0.919     -0.858     -0.544      0.282     -0.561      0.140
5.7500       -29979.687   -29987.953        8.266   331.3     -0.213      0.187      0.035     -0.111     -0.077      0.336
5.8000       -29979.643   -29987.232        7.590   304.2     -0.355     -0.216     -0.724     -0.086      0.056      0.153
5.8500       -29979.507   -29987.787        8.280   331.9     -0.332     -0.978     -1.110     -0.061     -0.598      0.116
5.9000       -29979.842   -29987.842        8.000   320.7      1.049      0.936      0.716      0.055     -0.087      0.600
5.9500       -29979.763   -29987.555        7.792   312.3      0.541     -0.186      0.455     -0.695     -0.473     -0.079
6.0000       -29979.944   -29988.375        8.431   338.0     -0.018      0.298      0.297     -0.047      0.046      0.477
6.0500       -29980.224   -29988.016        7.791   312.3      0.557      1.435      0.023      0.046      0.024      0.244
6.1000       -29980.120   -29988.434        8.313   333.2      0.465      1.328      0.854     -0.238     -0.091     -0.222
6.1500       -29979.268   -29988.480        9.213   369.3     -0.109     -0.526     -0.199      0.277      0.267      0.180
6.2000       -29979.411   -29987.908        8.498   340.6     -0.262     -1.718     -0.766     -0.318     -0.018      0.311
6.2500       -29979.724   -29987.936        8.211   329.1     -0.705     -0.465      0.568      0.128     -0.075      0.089
6.3000       -29978.874   -29987.387        8.513   341.2     -0.345      0.280     -0.214      0.169     -0.016      0.175
6.3500       -29979.766   -29988.078        8.312   333.2     -0.294     -0.024      0.085     -0.210     -0.304     -0.051
6.4000       -29979.004   -29987.156        8.153   326.8      0.942     -0.067      0.195      0.286      0.099      0.018
6.4500       -29979.083   -29987.459        8.376   335.8      0.158     -0.292     -0.547     -0.392      0.333      0.168
6.5000       -29979.552   -29987.418        7.866   315.3      1.053      0.612      0.706     -0.275     -0.203      0.184
6.5500       -29979.174   -29987.820        8.646   346.6      0.117      0.330     -0.058     -0.161      0.796     -0.218
6.6000       -29979.087   -29988.180        9.092   364.5      0.342      0.251     -0.302      0.691     -0.324      0.262
6.6500       -29980.003   -29987.816        7.813   313.2      0.549      0.208      0.408      0.011      0.393     -0.027
6.7000       -29980.210   -29987.586        7.376   295.6      0.742      0.697      0.744      0.897     -0.481      0.367
6.7500       -29979.709   -29987.893        8.184   328.0      0.106      0.437      0.272      0.213     -0.095      0.114
6.8000       -29979.745   -29987.959        8.214   329.3      0.015     -0.442     -0.079      0.076     -0.026     -0.010
6.8500       -29979.714   -29987.770        8.055   322.9      0.830      0.306      0.424      0.457      0.296     -0.149
6.9000       -29980.031   -29988.891        8.860   355.1      0.755      0.160      0.023     -0.091      0.593     -0.577
6.9500       -29979.555   -29987.838        8.283   332.0      1.249      0.186     -0.228     -0.006     -0.005     -0.549
7.0000       -29980.126   -29988.199        8.073   323.6      0.412     -0.370      0.973      0.040      0.107      0.155
7.0500       -29980.253   -29988.148        7.896   316.5      0.632     -0.245     -0.216      0.159     -0.403     -0.210
7.1000       -29980.363   -29988.090        7.727   309.7      1.212      0.101      0.257      0.316     -0.110     -0.271
7.1500       -29980.224   -29987.781        7.557   302.9      0.651      0.309      0.982     -0.421     -0.378      0.396
7.2000       -29980.221   -29988.877        8.656   347.0      0.257      0.898      0.068      0.671      0.329     -0.410
7.2500       -29980.183   -29989.150        8.967   359.4     -0.430     -0.081     -0.682     -0.570     -0.079     -0.104
7.3000       -29980.076   -29988.576        8.500   340.7     -0.479      0.599     -0.502     -0.039      0.050     -0.044
7.3500       -29980.147   -29988.697        8.551   342.8      0.297     -0.014      0.116      0.380     -0.412     -0.280
7.4000       -29980.166   -29987.633        7.467   299.3      0.711      1.352      0.960     -0.327     -0.567     -0.529
7.4500       -29980.384   -29988.227        7.843   314.4     -0.221      0.379     -0.178      0.362     -0.431     -0.103
7.5000       -29980.367   -29988.379        8.012   321.2     -0.417     -0.053      0.061     -0.043     -0.375      0.323
7.5500       -29979.851   -29988.127        8.276   331.8     -0.696     -0.233      0.154      0.529     -0.352     -0.195
7.6000       -29979.663   -29988.002        8.339   334.3      0.729     -0.080      0.732      0.145      0.094      0.678
7.6500       -29979.595   -29988.412        8.817   353.4     -1.034      0.121      0.016      0.150     -0.572     -0.384
7.7000       -29979.270   -29987.711        8.441   338.4     -1.382     -0.295      0.802      0.771      0.094      0.872
7.7500       -29979.122   -29987.910        8.789   352.3     -0.111     -0.319     -0.541     -0.303     -0.232     -0.291
7.8000       -29979.065   -29987.428        8.363   335.2     -0.570      0.304     -0.364      0.704     -0.419      0.238
7.8500       -29978.942   -29987.422        8.480   339.9     -0.096      0.021     -0.135      0.178     -0.385      0.038
7.9000       -29979.128   -29987.197        8.069   323.4     -0.298      0.024      0.629      0.295     -0.252      0.417
7.9500       -29979.284   -29987.404        8.120   325.5      0.511     -0.727     -0.646     -0.080      0.394     -0.553
8.0000       -29979.074   -29988.029        8.955   359.0      0.418     -0.573      0.509     -0.333     -0.251      0.431
8.0500       -29978.921   -29987.584        8.663   347.3      0.690      0.287     -0.502      0.539     -0.267     -0.604
8.1000       -29979.528   -29988.088        8.559   343.1     -0.533     -0.034     -0.379     -0.287      0.218     -0.311
8.1500       -29979.950   -29988.451        8.501   340.8     -0.644      0.302     -0.001      0.123      0.454      0.199
8.2000       -29980.098   -29988.539        8.441   338.4     -0.026      0.366      0.209      0.372     -0.686      0.101
8.2500       -29980.524   -29988.730        8.206   328.9     -0.028      0.975     -0.273     -0.121     -0.294      0.258
8.3000       -29980.273   -29988.504        8.231   329.9      0.362      0.431      1.438     -0.363     -0.090      0.264
8.3500       -29979.915   -29988.182        8.267   331.4     -0.008      0.670     -0.480     -0.056      0.195      0.737
8.4000       -29979.952   -29988.238        8.286   332.1      0.888      1.079      0.524     -0.487      0.092      0.286
8.4500       -29980.338   -29988.494        8.156   326.9      0.099      0.067     -0.252      0.177     -0.219     -0.135
8.5000       -29980.462   -29988.670        8.208   329.0      0.949     -0.031     -0.480      0.265      0.026     -0.168
8.5500       -29980.450   -29988.721        8.271   331.5      0.513      0.894      0.350      0.444     -0.124      0.093
8.6000       -29979.992   -29988.662        8.671   347.6      0.019     -0.163     -0.123     -0.093     -0.083      0.277
8.6500       -29980.076   -29988.514        8.438   338.2     -0.375      0.094     -0.194     -0.124      0.026     -0.452
8.7000       -29980.180   -29989.047        8.867   355.4     -0.217      0.003     -0.219     -0.314     -0.384     -0.108
8.7500       -29980.508   -29988.510        8.002   320.8     -0.540      0.035      0.053      0.162      0.128     -0.063
8.8000       -29980.267   -29988.291        8.024   321.7      0.571      0.502      0.828      0.350     -0.017     -0.329
8.8500       -29979.950   -29988.352        8.401   336.8      0.034     -0.150     -0.465      0.488      0.008      0.005
8.9000       -29979.635   -29987.555        7.920   317.5     -0.654     -0.573      0.030      0.053     -0.213      0.191
8.9500       -29980.071   -29987.795        7.724   309.6     -0.331     -0.362      0.308     -0.428      0.184      0.368
9.0000       -29979.701   -29989.459        9.758   391.1     -0.245      0.033     -0.025      0.000     -0.517     -0.008
9.0500       -29979.913   -29989.143        9.230   370.0     -0.011      0.454      0.020      0.614     -0.121      0.511
9.1000       -29979.709   -29988.297        8.588   344.2     -0.761     -0.476      0.103     -0.010     -0.091      0.002
9.1500       -29979.681   -29987.834        8.153   326.8      0.227     -0.762      0.509      0.105     -0.221     -0.149
9.2000       -29979.673   -29987.873        8.200   328.7      0.134      0.349      0.999     -0.096     -0.176     -0.368
9.2500       -29979.087   -29987.873        8.786   352.2     -0.204     -0.348     -0.369      0.411     -0.386     -0.044
9.3000       -29978.509   -29987.359        8.850   354.8      0.125      0.028     -0.355     -0.350      0.331      0.390
9.3500       -29978.594   -29986.824        8.231   329.9     -0.172      0.124      0.320      0.598     -0.388      0.100
9.4000       -29978.981   -29987.412        8.431   338.0      0.168      0.341      0.582     -0.626     -0.078     -0.497
9.4500       -29979.415   -29987.422        8.007   321.0     -0.202     -0.335     -0.447      0.080     -0.235      0.289
9.5000       -29979.355   -29987.742        8.387   336.2     -0.473     -0.251      0.110     -0.243     -0.202     -0.459
9.5500       -29979.687   -29988.178        8.490   340.3     -0.328      1.012     -0.499     -0.480      0.217      0.453
9.6000       -29979.415   -29987.598        8.182   328.0     -0.013     -0.046      0.491     -0.034     -0.461      0.429
9.6500       -29979.360   -29987.787        8.427   337.8     -0.200      0.493     -0.923      0.120     -0.091      0.086
9.7000       -29979.213   -29987.953        8.740   350.4     -0.150      0.393     -0.203     -0.100      0.450      0.572
9.7500       -29979.070   -29987.277        8.207   329.0      0.720      0.167      0.987     -0.574     -0.295      0.186
9.8000       -29978.994   -29987.895        8.901   356.8     -0.392     -0.386      0.197      0.058     -0.170     -0.241
9.8500       -29979.158   -29987.369        8.211   329.1     -0.177      0.265      0.876     -0.956     -0.286      0.244
9.9000       -29978.909   -29987.770        8.861   355.2      0.167     -0.439     -0.474     -0.297      0.107     -0.117
9.9500       -29979.179   -29987.523        8.345   334.5      0.452      0.914      0.035     -0.172     -0.616      0.202
10.0000      -29979.422   -29986.838        7.416   297.3      1.000      0.614     -0.194      0.286      0.217      0.238
