Starting an AcLe Loop 
Initial dataset: null; 
Initial geometries (1) in input/geo/*.xyz 
Convergence tolerance: emaxtol=0.0025; ermsetol=0.001; fmaxtol=0.500; frmsetol=0.031. 
starting from scratch with the input [PiNet2_Seed1_Ratio8_Batch1_Depth5_Rc6.0_Size16_Basis10_lr5e-05_Decay0.994] of size 1; 
[gen0] not training the models.
[gen0] current MD time scale 5.0 ps. 
[gen0/wat64_h3o+] energy: 10/10 failed to meet emaxtol, max=150.125324 rmse=150.124374 enum=10.0 esae=1501.243740 esse=225373.27675882; force: 0/10 failed to meet fmaxtol, max=0.421288 rmse=0.072587 fnum=5790.0 fsae=323.034938 fsse=30.50708240. 
[gen0] next time scale 5.0 ps, next training step 5005000.
-------------------------------------------------------------------------------- 
[gen1] training the models.
[gen1] current MD time scale 5.0 ps. 
[gen1/wat64_h3o+] energy: 10/10 failed to meet emaxtol, max=0.003891 rmse=0.003431 enum=10.0 esae=0.034162 esse=0.00011770; force: 0/10 failed to meet fmaxtol, max=0.171712 rmse=0.031530 fnum=5790.0 fsae=139.037940 fsse=5.75594931. 
[gen1] next time scale 5.0 ps, next training step 5010000.
-------------------------------------------------------------------------------- 
[gen2] training the models.
[gen2] current MD time scale 5.0 ps. 
[gen2/wat64_h3o+] energy: 1/10 failed to meet emaxtol, max=0.002894 rmse=0.002244 enum=10.0 esae=0.022168 esse=0.00005034; force: 0/10 failed to meet fmaxtol, max=0.167600 rmse=0.029085 fnum=5790.0 fsae=126.626210 fsse=4.89797434. 
[gen3] training the models.
[gen3] current MD time scale 5.0 ps. 
[gen2] next time scale 5.0 ps, next training step 5015000.
-------------------------------------------------------------------------------- 
[gen3/wat64_h3o+] Converged: will restart from latest frame; energy: max=0.000750 rmse=0.000383 enum=10.0 esae=0.003310 esse=0.00000147; force: max=0.158611 rmse=0.029588 fnum=5790.0 fsae=130.122283 fsse=5.06868918. 
[gen3] next time scale 10.0 ps, next no training planned.
-------------------------------------------------------------------------------- 
[gen4] not training the models.
[gen4] current MD time scale 10.0 ps. 
[gen4/wat64_h3o+] energy: 0/10 failed to meet emaxtol, max=0.000760 rmse=0.000357 enum=10.0 esae=0.002910 esse=0.00000128; force: 0/10 failed to meet fmaxtol, max=0.166003 rmse=0.031128 fnum=5790.0 fsae=138.049515 fsse=5.61011584. 
[gen4] next time scale 10.0 ps, next training step 5020000.
-------------------------------------------------------------------------------- 
[gen5] training the models.
[gen5] current MD time scale 10.0 ps. 
[gen5/wat64_h3o+] energy: 1/10 failed to meet emaxtol, max=0.002680 rmse=0.001685 enum=10.0 esae=0.016346 esse=0.00002839; force: 0/10 failed to meet fmaxtol, max=0.149557 rmse=0.029370 fnum=5790.0 fsae=129.663129 fsse=4.99430566. 
[gen5] next time scale 10.0 ps, next training step 5025000.
-------------------------------------------------------------------------------- 
[gen6] training the models.
[gen6] current MD time scale 10.0 ps. 
[gen6/wat64_h3o+] energy: 1/10 failed to meet emaxtol, max=0.002982 rmse=0.002171 enum=10.0 esae=0.021441 esse=0.00004712; force: 0/10 failed to meet fmaxtol, max=0.153937 rmse=0.029166 fnum=5790.0 fsae=127.566762 fsse=4.92520490. 
[gen6] next time scale 10.0 ps, next training step 5030000.
-------------------------------------------------------------------------------- 
[gen7] training the models.
[gen7] current MD time scale 10.0 ps. 
[gen7/wat64_h3o+] energy: 5/10 failed to meet emaxtol, max=0.002844 rmse=0.002458 enum=10.0 esae=0.024353 esse=0.00006043; force: 0/10 failed to meet fmaxtol, max=0.212394 rmse=0.027760 fnum=5790.0 fsae=121.115532 fsse=4.46200999. 
[gen7] next time scale 10.0 ps, next training step 5035000.
-------------------------------------------------------------------------------- 
[gen8] training the models.
[gen8] current MD time scale 10.0 ps. 
[gen8/wat64_h3o+] energy: 10/10 failed to meet emaxtol, max=0.004008 rmse=0.003514 enum=10.0 esae=0.034926 esse=0.00012349; force: 0/10 failed to meet fmaxtol, max=0.207595 rmse=0.028076 fnum=5790.0 fsae=122.632711 fsse=4.56401648. 
[gen8] next time scale 10.0 ps, next training step 5040000.
-------------------------------------------------------------------------------- 
[gen9] training the models.
[gen9] current MD time scale 10.0 ps. 
[gen9/wat64_h3o+] energy: 1/10 failed to meet emaxtol, max=0.002590 rmse=0.002057 enum=10.0 esae=0.020284 esse=0.00004229; force: 0/10 failed to meet fmaxtol, max=0.157166 rmse=0.033784 fnum=5790.0 fsae=150.021702 fsse=6.60844703. 
[gen9] next time scale 10.0 ps, next training step 5045000.
-------------------------------------------------------------------------------- 
[gen10] training the models.
[gen10] current MD time scale 10.0 ps. 
[gen10/wat64_h3o+] energy: 3/10 failed to meet emaxtol, max=0.002683 rmse=0.002446 enum=10.0 esae=0.024418 esse=0.00005982; force: 0/10 failed to meet fmaxtol, max=0.143719 rmse=0.028328 fnum=5790.0 fsae=124.381247 fsse=4.64625141. 
[gen10] next time scale 10.0 ps, next training step 5050000.
-------------------------------------------------------------------------------- 
[gen11] training the models.
[gen11] current MD time scale 10.0 ps. 
[gen11/wat64_h3o+] energy: 0/10 failed to meet emaxtol, max=0.001834 rmse=0.001617 enum=10.0 esae=0.016082 esse=0.00002615; force: 0/10 failed to meet fmaxtol, max=0.152007 rmse=0.027403 fnum=5790.0 fsae=119.690824 fsse=4.34793600. 
[gen11] next time scale 10.0 ps, next training step 5055000.
-------------------------------------------------------------------------------- 
[gen12] training the models.
[gen12] current MD time scale 10.0 ps. 
[gen12/wat64_h3o+] energy: 0/10 failed to meet emaxtol, max=0.002143 rmse=0.001759 enum=10.0 esae=0.017422 esse=0.00003093; force: 0/10 failed to meet fmaxtol, max=0.120969 rmse=0.027029 fnum=5790.0 fsae=119.523605 fsse=4.23007934. 
[gen12] next time scale 10.0 ps, next training step 5060000.
-------------------------------------------------------------------------------- 
[gen13] training the models.
[gen13] current MD time scale 10.0 ps. 
[gen13/wat64_h3o+] energy: 0/10 failed to meet emaxtol, max=0.001965 rmse=0.001673 enum=10.0 esae=0.016601 esse=0.00002800; force: 0/10 failed to meet fmaxtol, max=0.198270 rmse=0.026640 fnum=5790.0 fsae=116.325066 fsse=4.10898645. 
[gen13] next time scale 10.0 ps, next training step 5065000.
-------------------------------------------------------------------------------- 
[gen14] training the models.
[gen14] current MD time scale 10.0 ps. 
[gen14/wat64_h3o+] Converged: will restart from latest frame; energy: max=0.000852 rmse=0.000555 enum=10.0 esae=0.005196 esse=0.00000308; force: max=0.171096 rmse=0.026488 fnum=5790.0 fsae=116.075410 fsse=4.06222640. 
[gen14] next time scale 20.0 ps, next no training planned.
-------------------------------------------------------------------------------- 
[gen15] not training the models.
[gen15] current MD time scale 20.0 ps. 
[gen15/wat64_h3o+] Converged: will restart from latest frame; energy: max=0.000706 rmse=0.000489 enum=10.0 esae=0.004431 esse=0.00000239; force: max=0.166134 rmse=0.026350 fnum=5790.0 fsae=115.790944 fsse=4.02020143. 
[gen15] next time scale 40.0 ps, next no training planned.
-------------------------------------------------------------------------------- 
[gen16] not training the models.
[gen16] current MD time scale 40.0 ps. 
[gen16/wat64_h3o+] Converged: will restart from latest frame; energy: max=0.000646 rmse=0.000354 enum=10.0 esae=0.002999 esse=0.00000125; force: max=0.184293 rmse=0.026700 fnum=5790.0 fsae=117.050591 fsse=4.12753904. 
[gen16] next time scale 80.0 ps, next no training planned.
-------------------------------------------------------------------------------- 
[gen17] not training the models.
[gen17] current MD time scale 80.0 ps. 
[gen17/wat64_h3o+] Converged: will restart from latest frame; energy: max=0.000849 rmse=0.000489 enum=10.0 esae=0.004233 esse=0.00000239; force: max=0.184298 rmse=0.027559 fnum=5790.0 fsae=119.838214 fsse=4.39741726. 
[gen17] next time scale 160.0 ps, next no training planned.
-------------------------------------------------------------------------------- 
[gen18] not training the models.
[gen18] current MD time scale 160.0 ps. 
[gen18/wat64_h3o+] Converged: will restart from latest frame; energy: max=0.000818 rmse=0.000386 enum=10.0 esae=0.003162 esse=0.00000149; force: max=0.151233 rmse=0.027845 fnum=5790.0 fsae=120.742205 fsse=4.48916986. 
[gen18] next time scale 320.0 ps, next no training planned.
-------------------------------------------------------------------------------- 
Starting an AcLe Loop 
Initial dataset: null; 
Initial geometries (1) in input/geo/*.xyz 
restarting from gen18 ensemble of size 1; 
[gen19] not training the models.
[gen19] current MD time scale 320.0 ps. 
[gen19/wat64_h3o+] Converged: will restart from latest frame; energy: max=0.000818 rmse=0.000446 enum=10.0 esae=0.003499 esse=0.00000199; force: max=0.145883 rmse=0.027608 fnum=5790.0 fsae=121.218540 fsse=4.41311075. 
[gen19] next time scale 640.0 ps, next no training planned.
-------------------------------------------------------------------------------- 
[gen20] not training the models.
[gen20] current MD time scale 640.0 ps. 
[gen20/wat64_h3o+] Converged: will restart from latest frame; energy: max=0.000505 rmse=0.000269 enum=10.0 esae=0.002216 esse=0.00000072; force: max=0.142815 rmse=0.027930 fnum=5790.0 fsae=121.949491 fsse=4.51679359. 
[gen21] not training the models.
[gen21] current MD time scale 1280.0 ps. 
[gen20] next time scale 1280.0 ps, next no training planned.
-------------------------------------------------------------------------------- 
[gen21/wat64_h3o+] Converged: will restart from latest frame; energy: max=0.000825 rmse=0.000480 enum=10.0 esae=0.004156 esse=0.00000230; force: max=0.130871 rmse=0.027393 fnum=5790.0 fsae=120.075875 fsse=4.34480571. 
[gen21] next time scale 2560.0 ps, next no training planned.
-------------------------------------------------------------------------------- 
[gen22] not training the models.
[gen22] current MD time scale 2560.0 ps. 
[gen22/wat64_h3o+] Converged: will restart from latest frame; energy: max=0.000663 rmse=0.000395 enum=10.0 esae=0.003613 esse=0.00000156; force: max=0.126104 rmse=0.027631 fnum=5790.0 fsae=122.566254 fsse=4.42065600. 
[gen22] next time scale 5000.0 ps, next no training planned.
-------------------------------------------------------------------------------- 
[gen23] not training the models.
[gen23] current MD time scale 5000.0 ps. 
[gen23/wat64_h3o+] Converged: will restart from latest frame; energy: max=0.000794 rmse=0.000392 enum=10.0 esae=0.003325 esse=0.00000154; force: max=0.193496 rmse=0.027553 fnum=5790.0 fsae=121.899163 fsse=4.39555591. 
[gen23] next time scale 5000.0 ps, next no training planned.
-------------------------------------------------------------------------------- 
[gen24] not training the models.
[gen24] current MD time scale 5000.0 ps. 
[gen24/wat64_h3o+] Converged: will restart from latest frame; energy: max=0.000794 rmse=0.000447 enum=10.0 esae=0.003580 esse=0.00000200; force: max=0.141995 rmse=0.027464 fnum=5790.0 fsae=121.730503 fsse=4.36709453. 
[gen24] next time scale 5000.0 ps, next no training planned.
-------------------------------------------------------------------------------- 
