Time[ps]      Etot[eV]     Epot[eV]     Ekin[eV]    T[K]      ---------------------- stress [GPa] -----------------------
0.0000       -29980.813   -29988.887        8.073   323.6     -0.155     -0.735      0.253      0.630     -0.012      0.095
0.0500       -29981.011   -29989.232        8.221   329.5     -0.128      0.518      0.167      0.043     -0.050     -0.224
0.1000       -29981.034   -29989.246        8.212   329.2     -0.586     -0.643      0.237     -0.254      0.099      0.672
0.1500       -29980.460   -29988.582        8.122   325.6     -0.644     -0.354      0.323     -0.033      0.068     -0.150
0.2000       -29979.615   -29987.838        8.223   329.6     -0.952      0.315     -1.033      0.019     -0.085      0.504
0.2500       -29979.144   -29987.783        8.639   346.3     -0.833     -1.134      0.456     -0.465      0.095      0.191
0.3000       -29979.812   -29988.492        8.680   347.9     -0.172     -0.509     -0.937      0.676      0.506      0.068
0.3500       -29980.270   -29988.510        8.239   330.3      0.581      0.030      0.134     -0.026     -0.105     -0.674
0.4000       -29980.497   -29988.658        8.161   327.1      0.377      0.045      0.030      0.572     -0.137      0.438
0.4500       -29980.328   -29988.402        8.075   323.7     -0.472      0.080     -0.914      0.293      0.341     -0.257
0.5000       -29979.947   -29987.846        7.899   316.6     -0.309     -1.393      0.566      0.520      0.249      0.409
0.5500       -29979.665   -29987.830        8.165   327.3      0.391     -0.255     -0.085      0.357     -0.198     -0.290
0.6000       -29980.172   -29987.625        7.453   298.8     -0.240     -0.281      0.254      0.122     -0.020      0.470
0.6500       -29980.591   -29988.588        7.997   320.6      0.324     -0.511     -0.594     -0.295     -0.128      0.195
0.7000       -29980.605   -29988.873        8.268   331.4     -0.326      0.126      0.215      0.182      0.510     -0.114
0.7500       -29980.516   -29989.197        8.681   348.0      0.726     -0.084     -0.206     -0.167     -0.283     -0.199
0.8000       -29980.276   -29988.812        8.537   342.2     -0.525      0.807     -1.004      0.283     -0.043     -0.240
0.8500       -29980.182   -29988.258        8.076   323.7      0.094      0.577     -0.159     -0.410      0.179      0.156
0.9000       -29979.989   -29988.412        8.423   337.6     -0.289      0.128     -0.204      0.367     -0.439      0.462
0.9500       -29980.525   -29988.752        8.227   329.8      0.204     -0.610     -0.124      0.093     -0.190      0.304
1.0000       -29980.293   -29988.311        8.018   321.4      0.177      0.593     -0.224      0.685      0.680      0.341
1.0500       -29979.580   -29987.463        7.883   316.0     -0.144     -0.955     -0.260      0.456     -0.432     -0.350
1.1000       -29979.398   -29987.877        8.479   339.9     -0.621     -0.556     -0.454      0.103     -0.193      0.198
1.1500       -29979.000   -29988.508        9.508   381.1      0.021     -0.061      1.054      0.384      0.564      0.045
1.2000       -29978.895   -29987.938        9.042   362.5      0.175      0.216     -0.594      0.370      0.081     -0.177
1.2500       -29978.959   -29987.533        8.574   343.7      0.018      0.147      0.629      0.622     -0.071     -0.176
1.3000       -29979.133   -29988.189        9.056   363.0     -0.831      0.233      0.031     -0.137      0.245     -0.209
1.3500       -29979.423   -29988.172        8.749   350.7     -0.680     -1.143     -0.344      0.263      0.162     -0.354
1.4000       -29979.491   -29987.633        8.142   326.4      0.176     -0.435      1.453      0.157     -0.052      0.373
1.4500       -29979.805   -29987.744        7.939   318.2     -0.217      0.309      0.733      0.005     -0.064      0.097
1.5000       -29980.107   -29988.553        8.446   338.5      0.322      0.093     -0.225      0.199      0.455     -0.242
1.5500       -29979.786   -29988.201        8.415   337.3     -0.726     -0.196      0.203     -0.227      0.116      0.349
1.6000       -29980.374   -29988.740        8.366   335.4     -0.574     -0.106      0.383      0.708      0.136      0.200
1.6500       -29980.187   -29988.811        8.624   345.7     -0.714     -0.336     -0.545     -0.261     -0.389      0.077
1.7000       -29980.410   -29988.576        8.166   327.3      0.245      0.114      0.175     -0.886      0.225      0.394
1.7500       -29980.328   -29988.201        7.873   315.6     -0.147     -0.129      0.746      0.163      0.209     -0.352
1.8000       -29981.024   -29989.373        8.349   334.7     -0.310      0.554     -0.244     -0.384      0.441      0.196
1.8500       -29980.662   -29988.373        7.711   309.1     -0.348     -0.750      0.276     -0.140     -0.697      0.467
1.9000       -29980.804   -29988.859        8.056   322.9     -0.287      0.110      1.175      0.044      0.227      0.005
1.9500       -29981.133   -29989.123        7.990   320.3     -0.500     -0.398     -0.370     -0.179     -0.319     -0.453
2.0000       -29980.645   -29988.451        7.806   312.9     -0.330     -0.549     -0.523      0.093     -0.519      0.222
2.0500       -29980.947   -29989.293        8.346   334.5     -1.194     -0.512      0.066      0.074     -0.230      0.095
2.1000       -29980.922   -29989.029        8.108   325.0     -0.712     -0.844     -0.658      0.257      0.028     -0.178
2.1500       -29980.422   -29988.957        8.535   342.1     -0.898     -0.796     -0.910      0.180      0.032      0.567
2.2000       -29980.745   -29989.826        9.081   364.0      0.647     -1.072     -0.481     -0.905      0.244      0.242
2.2500       -29981.168   -29988.982        7.814   313.2     -1.081     -0.320     -0.029     -0.033     -0.749      0.121
2.3000       -29980.714   -29989.203        8.489   340.3     -0.060     -0.077      0.097      0.407     -0.263     -0.370
2.3500       -29980.390   -29988.898        8.509   341.1     -1.190     -0.157      0.591     -0.239      0.033      0.222
2.4000       -29980.979   -29988.865        7.886   316.1     -0.773      0.433     -0.158      0.038     -0.254     -0.125
2.4500       -29980.996   -29989.293        8.297   332.6      0.234     -0.745      0.758      0.005     -0.166     -0.220
2.5000       -29980.404   -29988.414        8.010   321.1     -0.726     -0.102     -0.307      0.060      0.024      0.071
2.5500       -29980.584   -29989.039        8.455   338.9      0.761     -0.071     -0.114     -0.432      0.203      0.028
2.6000       -29981.115   -29989.080        7.965   319.3     -0.104      0.772     -0.632     -0.367      0.262     -0.802
2.6500       -29981.458   -29989.426        7.968   319.4     -0.941     -0.221     -0.059      0.379     -0.259      0.147
2.7000       -29981.374   -29989.701        8.327   333.8      0.157      0.109      0.613     -0.309      0.367     -0.049
2.7500       -29981.479   -29989.328        7.849   314.6     -1.020     -0.828      0.073      0.483      0.100     -0.417
2.8000       -29982.090   -29989.668        7.578   303.7      0.257      0.002      0.367     -0.444     -0.319      0.265
2.8500       -29982.014   -29989.963        7.949   318.6     -0.267     -0.747     -0.927     -0.184      0.555      0.043
2.9000       -29981.670   -29989.949        8.280   331.9     -0.094     -0.080     -0.239     -0.289     -0.128     -0.007
2.9500       -29982.235   -29989.609        7.374   295.6     -0.371     -0.139      0.064     -0.395      0.467     -0.528
3.0000       -29982.535   -29989.961        7.426   297.7     -0.436      0.176     -1.051     -0.613     -0.058      0.412
3.0500       -29982.184   -29990.355        8.172   327.6      0.015      0.512      0.837      0.106      0.171     -0.168
3.1000       -29982.069   -29989.592        7.523   301.6     -0.386      0.421     -0.347      0.111     -0.105      0.208
3.1500       -29981.321   -29989.322        8.001   320.7     -0.596      0.422     -0.070      0.837     -0.102     -0.034
3.2000       -29981.573   -29989.664        8.091   324.3     -0.428     -0.332     -0.692      0.165      0.368      0.847
3.2500       -29982.012   -29990.182        8.170   327.5     -0.764      0.122      0.120     -0.096     -0.436     -0.050
3.3000       -29981.957   -29990.006        8.049   322.6      0.423      0.433     -0.319     -0.513      0.141      0.197
3.3500       -29981.835   -29988.549        6.714   269.1     -0.236      0.714      0.496     -0.277     -0.336      0.231
3.4000       -29981.704   -29989.455        7.751   310.7      0.191     -0.021     -0.464      0.047     -0.168      0.631
3.4500       -29981.625   -29989.564        7.940   318.3     -0.976     -0.365     -0.695      0.234     -0.076     -0.277
3.5000       -29981.414   -29989.123        7.709   309.0      0.613      0.691      0.218      0.178     -0.113     -0.086
3.5500       -29981.849   -29989.512        7.663   307.2     -0.529      0.141     -0.997      0.258      0.199     -0.144
3.6000       -29981.689   -29989.541        7.852   314.7     -0.208     -0.463     -0.393      0.317      0.088      0.319
3.6500       -29981.318   -29989.082        7.764   311.2     -0.589     -0.582      0.139      0.049      0.051     -0.251
3.7000       -29981.429   -29989.488        8.059   323.0     -0.719     -0.026     -0.230      0.347      0.267     -0.112
3.7500       -29981.732   -29989.664        7.932   317.9      0.206     -0.300     -0.173     -0.408     -0.321     -0.386
3.8000       -29981.468   -29989.146        7.678   307.8      1.166     -0.010     -0.344      0.562     -0.471      0.035
3.8500       -29981.582   -29989.051        7.469   299.4     -0.471      0.132     -0.129     -0.119      0.285      0.206
3.9000       -29981.799   -29989.982        8.184   328.0     -1.483     -0.296     -0.220     -0.121     -0.117     -0.027
3.9500       -29981.894   -29989.408        7.514   301.2     -0.595     -0.809     -0.046     -0.457      0.380      0.799
4.0000       -29981.380   -29989.578        8.198   328.6     -1.511     -1.076     -1.622     -0.032     -1.060      0.602
4.0500       -29981.691   -29989.307        7.616   305.3     -0.240     -0.807     -0.286     -0.001     -0.002      0.191
4.1000       -29981.369   -29989.914        8.545   342.5     -0.575     -0.560     -0.945      0.398      0.110      0.161
4.1500       -29981.152   -29989.135        7.983   320.0     -0.206      0.162     -0.853     -0.470      0.213      0.462
4.2000       -29980.942   -29988.920        7.978   319.8     -1.185     -0.591     -0.355     -0.662      0.223     -0.167
4.2500       -29980.491   -29988.529        8.038   322.2     -0.053     -1.149     -0.736      0.060      0.146     -0.146
4.3000       -29979.981   -29988.580        8.599   344.7      0.132     -0.038      0.124      0.103     -0.087      0.368
4.3500       -29980.193   -29988.855        8.662   347.2     -0.272     -0.401     -0.352     -0.165     -0.535     -0.181
4.4000       -29979.941   -29988.410        8.469   339.5     -0.478      0.018     -0.816      0.378      0.819      0.507
4.4500       -29979.986   -29988.398        8.413   337.2     -0.418     -0.631      0.038      0.320      0.081     -0.366
4.5000       -29979.508   -29988.084        8.576   343.8     -0.437      0.557     -0.185      0.084     -0.010      0.066
4.5500       -29979.259   -29988.234        8.975   359.8     -0.782     -0.390     -0.215      0.160      0.073     -0.243
4.6000       -29979.502   -29987.395        7.893   316.4     -0.543     -0.230     -0.209      0.119     -0.210      0.824
4.6500       -29979.522   -29987.814        8.292   332.4     -0.578     -0.600     -0.372      0.385      0.185     -0.019
4.7000       -29979.587   -29988.436        8.849   354.7      0.531      0.286     -0.053      0.188     -0.114      0.356
4.7500       -29979.288   -29988.307        9.018   361.5     -1.025     -0.508     -1.130     -0.173      0.406      0.458
4.8000       -29979.160   -29988.037        8.877   355.8     -0.313     -0.719     -0.665      0.218      0.321     -0.008
4.8500       -29978.671   -29987.600        8.929   357.9     -0.573      0.728     -0.543     -0.204     -0.423     -0.038
4.9000       -29979.241   -29986.867        7.627   305.7     -0.388     -0.531      0.111     -0.349     -0.004      0.314
4.9500       -29978.906   -29987.424        8.518   341.4     -0.800     -0.633     -0.722     -0.097      0.783      0.625
5.0000       -29978.984   -29987.031        8.047   322.6      0.076     -0.092     -0.498      0.349      0.447     -0.466
