Time[ps]      Etot[eV]     Epot[eV]     Ekin[eV]    T[K]      ---------------------- stress [GPa] -----------------------
0.0000       -29980.429   -29987.641        7.212   289.1      0.076      0.033      0.390      0.318     -0.276      0.099
0.0500       -29980.194   -29988.172        7.978   319.8     -0.982     -0.373      0.180     -0.011      0.388     -0.113
0.1000       -29979.632   -29988.451        8.819   353.5      0.271     -0.539      0.238      0.092      0.070      0.580
0.1500       -29979.752   -29988.893        9.140   366.4     -0.680     -0.046     -0.610     -0.012     -0.330      0.487
0.2000       -29980.234   -29989.271        9.037   362.3     -0.155     -0.019     -1.119     -0.188      0.165     -0.056
0.2500       -29980.007   -29988.229        8.222   329.6     -1.286     -0.773     -0.669      0.795      0.073     -0.421
0.3000       -29979.786   -29988.107        8.322   333.6      0.181      0.572     -0.056     -0.193      0.099     -0.459
0.3500       -29980.258   -29989.547        9.289   372.4      0.241      0.397      0.898      0.296     -0.444      0.182
0.4000       -29980.456   -29989.455        8.999   360.7     -0.108     -0.107     -0.545     -0.719      0.208     -0.539
0.4500       -29980.521   -29989.475        8.954   358.9      0.414      1.119     -0.033     -0.375      0.592     -0.040
0.5000       -29980.364   -29989.059        8.695   348.5     -0.131     -1.042     -0.624      0.055      0.443      0.572
0.5500       -29980.326   -29988.828        8.502   340.8     -0.920     -1.134     -0.341      0.324      0.092      0.064
0.6000       -29980.426   -29989.057        8.631   346.0      0.107      0.543     -0.726     -0.593     -0.141      0.157
0.6500       -29980.896   -29989.125        8.229   329.9     -0.273     -0.422      0.653      0.049      0.063      0.367
0.7000       -29980.367   -29988.939        8.572   343.6     -0.504     -0.157     -1.126      0.065      0.332     -0.754
0.7500       -29980.438   -29989.137        8.699   348.7     -0.994     -1.070     -1.422      0.019     -0.213      0.155
0.8000       -29980.761   -29989.777        9.016   361.4     -1.025     -0.917     -0.185     -0.368     -0.182      0.886
0.8500       -29980.726   -29989.670        8.944   358.5     -0.779     -0.731     -0.474     -0.067      0.365      0.154
0.9000       -29981.192   -29989.461        8.269   331.5     -0.471      0.668     -0.040     -0.616     -0.166     -0.243
0.9500       -29981.360   -29989.160        7.800   312.7     -0.755     -0.092     -1.491      0.500      0.610     -0.039
1.0000       -29981.381   -29988.969        7.588   304.1     -0.241      0.227      0.220     -0.374      0.094     -0.060
1.0500       -29981.060   -29988.488        7.428   297.7     -0.326      0.066     -0.567     -0.128      0.072      0.068
1.1000       -29981.384   -29988.609        7.225   289.6     -0.448      0.048     -0.732      0.258     -0.099      0.358
1.1500       -29981.702   -29989.494        7.792   312.4      0.158     -1.054      0.818     -0.191      0.359     -0.599
1.2000       -29981.321   -29989.160        7.839   314.2     -0.259     -0.471     -0.101      0.602      0.147      0.048
1.2500       -29981.455   -29988.932        7.477   299.7     -0.722     -0.707     -0.474      0.217     -0.116      0.432
1.3000       -29980.980   -29989.082        8.102   324.8     -0.831     -0.109      0.525      0.440      0.391      0.336
1.3500       -29980.543   -29989.318        8.775   351.7     -0.301      0.283      0.760     -0.396     -0.159      0.129
1.4000       -29980.701   -29989.559        8.858   355.1     -0.392     -0.205      0.289      0.379     -0.437      0.474
1.4500       -29980.996   -29989.227        8.230   329.9     -0.397     -0.946     -0.116      0.062     -0.113      0.414
1.5000       -29980.573   -29989.684        9.111   365.2      0.192     -0.108      0.331     -0.104     -0.021      0.401
1.5500       -29980.634   -29988.660        8.026   321.7      0.073      0.378     -0.005     -0.493      0.298      0.719
1.6000       -29980.724   -29989.385        8.661   347.2     -0.130     -0.721     -0.420     -0.097      0.213      0.034
1.6500       -29980.052   -29988.311        8.258   331.0      0.771     -1.366     -0.205      0.771      0.456     -0.144
1.7000       -29980.151   -29987.584        7.433   297.9     -0.325      0.159     -0.688      0.319      0.030     -0.763
1.7500       -29980.124   -29988.754        8.630   345.9     -0.584     -1.249      0.380     -0.261     -0.111      0.265
1.8000       -29979.608   -29988.639        9.031   362.0     -0.230     -0.310     -0.629      0.102     -0.863      0.237
1.8500       -29979.709   -29988.990        9.281   372.0      0.039     -0.792     -0.379     -0.037     -0.171      0.747
1.9000       -29979.638   -29988.344        8.705   349.0      0.223      0.567      0.307      0.261     -0.420      0.016
1.9500       -29979.583   -29987.461        7.878   315.8     -0.017     -1.045     -0.713      0.261     -0.331      0.456
2.0000       -29980.202   -29988.439        8.237   330.2     -0.193      0.350      0.523     -0.439      0.360     -0.499
2.0500       -29980.113   -29988.027        7.915   317.3      0.958     -0.352     -0.709      0.937     -0.263      0.386
2.1000       -29979.748   -29989.133        9.385   376.2     -0.813      0.021     -0.293     -0.051     -0.395     -0.061
2.1500       -29980.205   -29989.201        8.996   360.6     -0.437     -0.535      0.246     -0.374      0.020      0.366
2.2000       -29980.011   -29988.049        8.038   322.2      0.318     -0.266     -0.156     -0.171     -0.211      0.259
2.2500       -29980.313   -29988.721        8.408   337.0     -0.118      0.419     -0.347      0.190     -0.109     -0.470
2.3000       -29981.046   -29988.172        7.126   285.6      0.657      0.516      0.740      0.145      0.047     -0.088
2.3500       -29980.990   -29988.693        7.703   308.8      0.104      0.691      0.224      0.629     -0.293      0.251
2.4000       -29981.005   -29988.781        7.776   311.7     -0.089      0.833      0.491      0.404      0.176     -0.224
2.4500       -29981.343   -29988.711        7.368   295.3     -0.333     -0.729     -0.476      0.389     -0.169      0.465
2.5000       -29981.075   -29989.102        8.026   321.7      0.510      0.065      0.253      0.330      0.157      0.443
2.5500       -29981.402   -29988.811        7.409   297.0      0.011     -0.452      0.204     -0.297      0.105      0.209
2.6000       -29981.567   -29989.654        8.087   324.2      1.055     -0.293      0.184     -0.477      0.175      0.099
2.6500       -29981.607   -29989.842        8.235   330.1     -0.029     -0.159     -0.258     -0.301      0.534      0.365
2.7000       -29981.561   -29990.014        8.453   338.8     -0.691     -0.254     -0.009     -0.193      0.406      0.036
2.7500       -29981.558   -29989.445        7.888   316.2     -0.577     -0.568     -0.614     -0.379     -0.274      0.179
2.8000       -29981.529   -29989.891        8.362   335.2     -0.330      0.063     -0.429     -0.106      0.563     -0.010
2.8500       -29981.293   -29989.434        8.140   326.3     -0.102     -0.614      0.416     -0.034     -0.280     -0.148
2.9000       -29981.177   -29989.197        8.021   321.5     -0.400      0.261     -0.363      0.613     -0.229     -0.039
2.9500       -29980.893   -29988.541        7.648   306.6      0.320     -0.962      0.250     -0.161      0.057      0.215
3.0000       -29981.013   -29988.879        7.866   315.3      0.282     -0.005     -0.614      0.415     -0.368      0.359
3.0500       -29980.706   -29988.887        8.180   327.9     -0.942     -0.795      0.214      0.009      0.458      0.556
3.1000       -29980.789   -29989.332        8.543   342.5     -0.089     -0.439     -0.448      0.032      0.054     -0.393
3.1500       -29980.623   -29988.258        7.635   306.1     -0.882     -1.243     -1.499      0.179      0.439      0.437
3.2000       -29980.147   -29988.484        8.338   334.2     -0.403     -1.157      0.114      0.562      0.038     -0.254
3.2500       -29980.714   -29989.316        8.603   344.8     -0.901      0.115     -0.105      0.151      0.492     -0.018
3.3000       -29980.223   -29988.105        7.883   316.0      0.015     -1.027     -0.741     -0.093      0.630      0.297
3.3500       -29980.459   -29988.338        7.879   315.8      0.710      0.174      0.233     -0.506     -0.033     -0.142
3.4000       -29980.644   -29988.684        8.039   322.3     -1.050     -0.237     -0.405      0.077      0.325      0.013
3.4500       -29980.593   -29988.504        7.911   317.1      0.251      0.300     -0.512     -0.609     -0.008     -0.546
3.5000       -29980.786   -29988.795        8.009   321.0     -1.033     -0.070     -0.738      0.349     -0.123     -0.021
3.5500       -29980.855   -29988.861        8.006   320.9      1.009      0.600      0.393     -0.465      0.422      0.755
3.6000       -29981.485   -29988.879        7.394   296.4      0.302      0.154      1.087     -0.274     -0.203     -0.287
3.6500       -29981.699   -29989.801        8.102   324.8     -0.135     -0.667     -0.675     -0.478     -0.233      0.090
3.7000       -29981.798   -29990.248        8.450   338.7     -0.667     -1.103     -0.810     -0.341      0.200     -0.160
3.7500       -29981.689   -29989.861        8.172   327.6     -0.022     -0.439      0.034      0.212     -0.597     -0.341
3.8000       -29981.083   -29989.250        8.167   327.4      0.531     -0.865     -0.841      0.274      0.394      0.206
3.8500       -29980.732   -29989.059        8.326   333.8     -0.126     -0.755      0.143      0.407     -0.396      0.568
3.9000       -29980.956   -29988.949        7.993   320.4     -0.076     -0.006     -1.040     -0.370     -0.123     -0.502
3.9500       -29980.903   -29988.381        7.478   299.8     -0.575     -0.329     -0.295     -0.284     -0.442      0.300
4.0000       -29980.944   -29988.432        7.488   300.2     -1.013     -0.064     -1.460     -0.527      0.185     -0.324
4.0500       -29980.924   -29989.205        8.281   331.9     -0.298     -1.065     -1.001      0.014      0.250      0.115
4.1000       -29980.880   -29988.213        7.333   293.9     -1.221     -0.774     -1.028     -0.149      0.197     -0.046
4.1500       -29980.605   -29989.045        8.440   338.3      0.131      0.321      0.505     -0.244      0.115     -0.085
4.2000       -29980.445   -29988.084        7.639   306.2     -0.639      0.398     -0.323     -0.425     -0.236     -0.433
4.2500       -29980.352   -29987.715        7.362   295.1      0.176      0.523      0.628     -0.051     -0.416      0.424
4.3000       -29980.419   -29988.297        7.877   315.8      0.129      1.127      0.723      0.295     -0.175     -0.571
4.3500       -29980.569   -29988.621        8.052   322.8     -0.464      1.090     -0.171      0.199     -0.129     -0.026
4.4000       -29980.697   -29989.223        8.525   341.7     -0.406      0.784      1.185      0.145      0.302      0.006
4.4500       -29980.995   -29988.936        7.941   318.3      0.220     -0.686     -0.213     -0.141      0.015     -0.169
4.5000       -29980.307   -29988.254        7.947   318.6      0.282      0.135      0.360     -0.024      0.382     -0.070
4.5500       -29980.055   -29988.062        8.007   321.0      0.598      0.180     -0.251     -0.306      0.285     -0.133
4.6000       -29979.950   -29988.043        8.093   324.4      0.787      0.407      1.018     -0.134     -0.011      0.306
4.6500       -29980.004   -29988.781        8.778   351.9      0.784      0.652      0.143      0.071     -0.229     -0.521
4.7000       -29980.354   -29988.891        8.536   342.2     -0.557     -1.081     -1.040      0.516      0.477     -0.122
4.7500       -29980.094   -29988.059        7.965   319.3     -0.904     -1.039     -0.290      0.232      0.346     -0.219
4.8000       -29980.044   -29989.182        9.138   366.3     -0.420      0.359      0.355      0.306     -0.141     -0.404
4.8500       -29980.523   -29988.934        8.411   337.1      0.003      0.249     -0.022     -0.450      0.683     -0.003
4.9000       -29980.115   -29988.736        8.621   345.6     -0.421     -0.476      0.579      0.246     -0.029     -0.124
4.9500       -29980.455   -29988.279        7.825   313.6     -0.090      0.458      0.031      0.378      0.011     -0.167
5.0000       -29980.356   -29988.287        7.931   317.9     -0.305      0.827      0.154     -0.017     -0.248      0.078
5.0500       -29980.235   -29988.201        7.967   319.3      0.074     -0.643      0.618     -0.775      0.075     -0.031
5.1000       -29980.053   -29988.730        8.678   347.8     -0.416      0.279     -0.913      0.269      0.013     -0.198
5.1500       -29980.058   -29988.650        8.593   344.4      0.288     -0.430     -0.068      0.315     -0.491     -0.102
5.2000       -29980.554   -29987.871        7.317   293.3     -0.475     -0.186     -0.484     -0.336     -0.410     -0.445
5.2500       -29980.144   -29988.537        8.393   336.4     -0.686     -0.423     -0.411      0.181     -0.085     -0.060
5.3000       -29979.956   -29988.490        8.534   342.1     -0.828      0.788      0.304      0.245      0.253     -0.512
5.3500       -29980.336   -29988.490        8.154   326.8     -0.608     -0.460     -0.403     -0.033     -0.234      0.204
5.4000       -29979.781   -29987.660        7.879   315.8     -0.423      0.052      0.018     -0.012     -0.133      0.404
5.4500       -29979.467   -29987.418        7.951   318.7      0.005      0.056     -0.898     -0.477      0.365     -0.121
5.5000       -29979.852   -29988.461        8.609   345.1     -0.422     -0.908      0.163      0.744     -0.047     -0.182
5.5500       -29979.813   -29989.037        9.224   369.7     -0.849      0.601     -0.114     -0.420     -0.334     -0.141
5.6000       -29979.729   -29988.832        9.103   364.9     -0.115     -0.286     -0.551      0.626      0.270     -0.160
5.6500       -29979.773   -29988.643        8.869   355.5     -0.831      0.317     -0.078     -0.500     -0.566     -0.423
5.7000       -29979.402   -29988.303        8.901   356.8      0.038      0.057      0.495      0.391      0.033      0.204
5.7500       -29979.607   -29988.008        8.401   336.7     -0.320      0.253      0.292     -0.141      0.408     -0.119
5.8000       -29980.122   -29988.875        8.753   350.9      0.259      0.197     -0.555     -0.272      0.476     -0.256
5.8500       -29980.078   -29988.328        8.251   330.7     -0.908     -0.190     -0.103     -0.280      0.048      0.409
5.9000       -29979.838   -29988.537        8.699   348.7     -0.398     -0.120      0.550      0.471      0.104      0.310
5.9500       -29980.626   -29988.674        8.048   322.6      0.056     -0.724     -0.696     -0.717      0.053      0.106
6.0000       -29980.737   -29989.867        9.130   366.0     -0.155     -0.759      0.024     -0.294     -0.640      0.459
6.0500       -29980.530   -29988.775        8.245   330.5     -0.707     -0.513      0.009     -0.122      0.215     -0.211
6.1000       -29980.968   -29989.520        8.552   342.8     -0.506     -0.816     -0.779     -0.501      0.219     -0.150
6.1500       -29981.405   -29990.027        8.622   345.6     -0.439     -0.674     -0.499      0.390      0.293      0.148
6.2000       -29981.176   -29989.609        8.433   338.0      0.025      0.512      0.195     -0.072      0.032     -0.262
6.2500       -29980.465   -29988.744        8.279   331.9      0.323     -0.284      0.914      0.019      0.415      0.115
6.3000       -29980.432   -29988.748        8.317   333.4      0.696      0.319      0.042     -0.014      0.237     -0.308
6.3500       -29980.534   -29988.605        8.072   323.6     -0.165     -0.112     -0.293     -0.073      0.244      0.917
6.4000       -29980.618   -29988.861        8.244   330.4     -0.768     -0.657      0.349      0.397      0.113     -0.166
6.4500       -29980.563   -29989.635        9.071   363.6     -0.778     -0.402     -0.586     -0.056     -0.096     -0.161
6.5000       -29980.575   -29989.453        8.878   355.9     -0.162      0.020     -0.383     -0.180      0.186     -0.237
6.5500       -29980.640   -29988.633        7.993   320.4     -0.773      0.320     -0.279     -0.212     -0.581      0.111
6.6000       -29980.145   -29988.439        8.295   332.5     -0.217     -1.361      0.056     -0.338     -0.476      0.092
6.6500       -29979.716   -29987.920        8.204   328.8      0.725     -0.701     -0.194     -0.011      0.786     -0.450
6.7000       -29979.745   -29987.736        7.991   320.3     -0.036      0.642     -0.712      0.425      0.553      0.775
6.7500       -29980.023   -29987.797        7.774   311.6      0.775     -0.365      0.128      0.066      0.178     -0.061
6.8000       -29979.837   -29988.260        8.423   337.6     -0.237     -0.613     -0.859     -0.452      0.305      0.172
6.8500       -29979.706   -29988.293        8.587   344.2      0.912     -0.197     -0.310     -0.750      0.048      0.163
6.9000       -29979.981   -29988.715        8.734   350.1     -0.290     -0.161      0.846      0.785      0.001      0.776
6.9500       -29980.190   -29988.693        8.503   340.8      0.143     -0.506     -1.207      0.089      0.148     -0.366
7.0000       -29980.789   -29988.480        7.692   308.3     -0.459     -0.235      0.047      0.220      0.168      0.073
7.0500       -29980.254   -29988.312        8.059   323.0     -1.275      0.428     -0.567      0.406     -0.432     -0.169
7.1000       -29980.398   -29989.166        8.768   351.4      0.683     -0.618     -0.261      0.016      0.335     -0.721
7.1500       -29980.487   -29988.975        8.488   340.2      0.096     -0.247     -0.075      0.138     -0.205      0.418
7.2000       -29980.717   -29988.611        7.895   316.5     -0.727     -0.230      0.094     -0.004     -0.214     -0.879
7.2500       -29981.247   -29989.188        7.940   318.3      0.397      0.414      0.523      0.353      0.539     -0.064
7.3000       -29980.663   -29989.000        8.337   334.2     -1.873      0.245     -0.786      0.062      0.142      0.204
7.3500       -29980.806   -29988.740        7.934   318.1     -0.113     -0.790     -0.434      0.030     -0.044      0.236
7.4000       -29980.474   -29988.676        8.201   328.7     -1.251      0.263      0.870      0.070      0.143     -0.054
7.4500       -29980.341   -29987.873        7.532   301.9      1.066      0.984     -0.021      0.576     -0.389     -0.358
7.5000       -29980.401   -29988.994        8.594   344.5      0.402      0.681      0.408     -0.526      0.155      0.550
7.5500       -29980.371   -29988.154        7.783   312.0     -0.464     -0.353     -0.158      0.049      0.576      0.289
7.6000       -29980.771   -29988.305        7.534   302.0      0.964      0.910      1.405      0.496      0.017      0.093
7.6500       -29980.523   -29987.830        7.307   292.9     -0.132      0.322      0.365     -0.049     -0.203      0.442
7.7000       -29980.664   -29988.807        8.143   326.4     -0.173     -0.268     -0.432     -0.629      0.033     -0.164
7.7500       -29980.307   -29988.131        7.824   313.6     -0.861     -0.179      0.122      0.164      0.274      0.089
7.8000       -29980.305   -29988.525        8.220   329.5     -1.039     -0.347     -0.288     -0.323     -0.102     -0.222
7.8500       -29980.201   -29988.516        8.314   333.3     -0.592     -1.354     -1.067      1.075      0.092      0.393
7.9000       -29980.217   -29988.186        7.968   319.4     -0.334     -0.416     -0.544     -0.071      0.087      0.249
7.9500       -29980.064   -29988.324        8.260   331.1     -0.516      0.203     -0.400      0.569     -0.292     -0.232
8.0000       -29979.739   -29987.881        8.142   326.4      0.891     -0.936     -0.028      0.411     -0.098     -0.181
8.0500       -29979.870   -29987.789        7.919   317.4     -0.052      0.366      0.394      0.239     -0.074     -0.275
8.1000       -29980.425   -29988.824        8.400   336.7     -0.112     -0.836     -1.051     -0.119      0.211      0.061
8.1500       -29980.177   -29988.328        8.152   326.8      0.024     -0.837     -0.122     -0.304     -0.470     -0.242
8.2000       -29980.010   -29987.520        7.510   301.0     -0.457     -1.386     -1.153      0.577     -0.271      0.056
8.2500       -29979.698   -29987.961        8.263   331.2     -0.055      0.698     -0.011     -0.399      0.058     -0.689
8.3000       -29979.609   -29987.807        8.197   328.6      0.298      0.199     -0.023     -0.092     -0.190     -0.386
8.3500       -29980.315   -29988.139        7.824   313.6      0.685     -0.147     -0.827     -0.168     -0.421      0.583
8.4000       -29979.978   -29987.391        7.412   297.1     -1.032     -0.956     -0.775     -0.053      0.507     -0.556
8.4500       -29980.141   -29988.055        7.914   317.2     -0.896     -0.392     -0.086     -0.038     -0.046      0.445
8.5000       -29980.188   -29988.541        8.353   334.8      0.009      0.439      0.301      0.030      0.086      0.141
8.5500       -29979.886   -29987.703        7.817   313.3     -0.442     -0.065      0.341      0.064     -0.046     -0.708
8.6000       -29979.818   -29988.061        8.243   330.4     -0.298      0.062     -0.533     -0.278      0.253      0.424
8.6500       -29979.351   -29987.461        8.110   325.1     -0.387      0.365     -0.322      0.193      0.312      0.274
8.7000       -29979.380   -29988.182        8.802   352.8     -0.309     -1.345     -0.097      0.100      0.279      0.145
8.7500       -29979.741   -29988.107        8.366   335.4      0.364     -0.231      0.915     -0.212      0.386     -0.156
8.8000       -29979.314   -29988.051        8.737   350.2      0.038      0.160      0.042     -0.175      0.192      0.009
8.8500       -29979.288   -29987.584        8.296   332.6      0.547      0.409      0.043     -0.194     -0.028      0.288
8.9000       -29979.221   -29987.811        8.589   344.3     -0.512     -0.365     -0.330     -0.048      0.033     -0.607
8.9500       -29979.051   -29988.092        9.041   362.4     -1.177     -0.906      0.384      0.264      0.149      0.618
9.0000       -29978.937   -29988.400        9.463   379.3      0.419      0.512     -0.202      0.388     -0.532     -0.440
9.0500       -29978.846   -29987.432        8.586   344.2     -0.584     -0.321      0.686      0.175      0.672     -0.174
9.1000       -29978.725   -29986.885        8.160   327.1     -0.415      0.088     -1.039      0.592      0.041      0.070
9.1500       -29979.432   -29988.197        8.765   351.4      0.119     -0.234     -0.628      0.465      0.014     -0.414
9.2000       -29979.743   -29988.254        8.511   341.2     -1.100      0.003      0.369      0.413      0.483      0.141
9.2500       -29979.679   -29988.010        8.331   333.9     -0.479     -0.462     -1.613      0.083     -0.601     -0.247
9.3000       -29979.421   -29987.830        8.409   337.1     -1.135     -0.056      0.179      0.586     -0.012     -0.202
9.3500       -29979.377   -29987.943        8.566   343.4      0.059     -0.246      0.136     -0.613      0.006     -0.673
9.4000       -29979.569   -29987.391        7.822   313.5     -0.097      0.447     -1.059      0.207      0.084     -0.247
9.4500       -29979.064   -29987.457        8.393   336.4      0.714      0.695      0.661      0.054     -0.032      0.127
9.5000       -29979.029   -29987.838        8.809   353.1     -0.792     -0.210     -0.477      0.106     -0.334     -0.513
9.5500       -29979.180   -29987.639        8.459   339.1     -0.133     -0.293     -0.272     -0.518     -0.375     -0.012
9.6000       -29979.504   -29987.564        8.060   323.1      0.182      0.618      0.467      0.380     -0.258      0.174
9.6500       -29978.907   -29987.795        8.888   356.3     -0.549      0.056      0.038      0.054      0.022     -0.018
9.7000       -29978.596   -29987.660        9.064   363.3      0.126     -0.335     -0.089      0.151      0.186     -0.249
9.7500       -29978.828   -29988.193        9.366   375.4     -0.347      0.024     -0.155     -0.742     -0.047     -0.153
9.8000       -29978.850   -29987.770        8.920   357.5     -0.336     -2.047      0.531     -0.016     -0.587     -0.535
9.8500       -29978.834   -29987.395        8.561   343.2      0.167     -0.019     -1.209     -0.510      0.107      0.465
9.9000       -29978.976   -29987.391        8.415   337.3     -0.095      0.263      0.058     -0.133      0.130      0.441
9.9500       -29979.146   -29987.875        8.729   349.9     -0.579     -0.108     -0.986     -0.239     -0.145     -0.475
10.0000      -29979.250   -29987.770        8.519   341.5     -0.200      0.556      0.222     -0.037      0.511     -0.003
