Time[ps]      Etot[eV]     Epot[eV]     Ekin[eV]    T[K]      ---------------------- stress [GPa] -----------------------
0.0000       -29980.462   -29988.354        7.891   316.3     -0.164      0.535     -0.186      0.467      0.033      0.218
0.0500       -29980.480   -29988.654        8.175   327.7      0.339     -0.258      0.506      0.446     -0.543     -0.293
0.1000       -29980.848   -29988.801        7.952   318.8     -0.319      0.008      0.269      0.026      0.510      0.166
0.1500       -29981.185   -29988.908        7.723   309.6      0.527      0.736     -0.067     -0.228     -0.524     -0.354
0.2000       -29980.915   -29989.588        8.673   347.6     -0.140     -0.501      0.123     -0.065     -0.477     -0.038
0.2500       -29981.140   -29989.074        7.935   318.1      0.789      0.084      0.051     -0.462     -0.190     -0.281
0.3000       -29981.153   -29988.895        7.742   310.3     -0.633     -0.084      0.048      0.481      0.201      0.193
0.3500       -29981.130   -29989.496        8.366   335.3      1.215     -0.437      0.643     -0.342     -0.024      0.536
0.4000       -29981.203   -29988.914        7.711   309.1     -0.045     -0.221     -0.469      0.097     -0.301     -0.200
0.4500       -29981.252   -29988.771        7.520   301.4     -0.007     -0.844     -0.115     -0.486      0.242      0.279
0.5000       -29980.578   -29988.990        8.412   337.2      0.527     -0.158     -0.528      0.033     -0.131     -0.153
0.5500       -29980.964   -29989.234        8.270   331.5     -0.555     -0.920      0.094      0.360     -0.296      0.172
0.6000       -29981.400   -29989.332        7.932   317.9      0.137      0.142     -0.843     -0.003     -0.114     -0.064
0.6500       -29980.873   -29988.748        7.875   315.7      0.220      0.336      0.338      0.641     -0.420     -0.186
0.7000       -29980.605   -29989.336        8.731   350.0     -0.606     -0.478     -0.107     -0.328      0.032      0.386
0.7500       -29980.971   -29988.959        7.988   320.2      1.068     -0.119     -0.858     -0.570      0.330      0.289
0.8000       -29980.931   -29989.062        8.131   325.9      0.300      0.028      0.613      0.452      0.060     -0.108
0.8500       -29981.124   -29989.211        8.087   324.2     -0.042     -0.579     -0.875     -0.584     -0.166      0.337
0.9000       -29981.139   -29988.904        7.766   311.3     -0.237     -0.971     -0.253      0.335      0.049     -0.372
0.9500       -29980.919   -29988.229        7.310   293.0     -0.863     -0.520     -0.252     -0.337     -0.227     -0.308
1.0000       -29981.200   -29989.244        8.044   322.4      0.762     -0.330      0.830      0.368      0.899      0.036
1.0500       -29981.232   -29989.227        7.995   320.5      0.467      0.756      0.426      0.082      0.472     -0.368
1.1000       -29981.664   -29989.471        7.807   312.9     -0.002     -0.018      0.422     -0.371      0.040      0.124
1.1500       -29981.822   -29989.666        7.844   314.4      0.407     -0.402      0.789      0.183     -0.126      0.180
1.2000       -29982.209   -29989.828        7.619   305.4      0.736      0.421     -0.034     -0.118     -0.218      0.585
1.2500       -29981.742   -29989.555        7.812   313.2     -0.441      0.373      0.370      0.229      0.002     -0.584
1.3000       -29981.973   -29989.988        8.015   321.3     -0.483     -0.154     -0.618     -0.281     -0.050     -0.134
1.3500       -29981.371   -29989.789        8.419   337.5      0.254     -0.012     -0.149     -0.593      0.184      0.161
1.4000       -29982.100   -29990.012        7.911   317.1     -0.298     -0.711     -0.159      0.079     -0.075     -0.341
1.4500       -29981.859   -29989.590        7.731   309.9      0.200      0.411      0.128     -0.353      0.491     -0.056
1.5000       -29982.536   -29989.666        7.130   285.8      0.366      0.288     -0.653      0.473     -0.231      0.025
1.5500       -29982.336   -29989.973        7.636   306.1     -0.364     -0.147     -0.292     -0.484     -0.294      0.341
1.6000       -29982.178   -29989.934        7.756   310.9      0.400     -0.115     -0.368     -0.161      0.128      0.010
1.6500       -29981.184   -29988.744        7.561   303.1     -0.071      0.223     -0.262      0.529     -0.117      0.266
1.7000       -29981.396   -29988.830        7.434   298.0      0.728      0.498      1.620     -0.553     -0.075      0.208
1.7500       -29980.789   -29989.193        8.404   336.9     -0.274     -0.320     -0.249      0.145     -0.632     -0.759
1.8000       -29980.694   -29988.422        7.728   309.8      0.488     -0.257      0.460      0.334     -0.274      0.204
1.8500       -29980.577   -29988.195        7.618   305.4      0.582      0.295     -0.790      0.011      0.327      0.081
1.9000       -29980.437   -29988.545        8.108   325.0     -0.926     -1.246     -0.897      0.347     -0.096      0.111
1.9500       -29979.980   -29988.699        8.719   349.5     -0.294     -0.344      0.109     -0.283     -0.320      0.175
2.0000       -29979.416   -29988.010        8.594   344.5     -0.238     -1.327      0.129     -0.240      0.198      0.656
2.0500       -29979.875   -29988.598        8.723   349.6     -0.399      0.836     -0.558      0.002      0.006      0.323
2.1000       -29979.378   -29988.662        9.284   372.2     -0.610     -0.302      0.390      0.108      0.162      0.482
2.1500       -29979.626   -29988.320        8.694   348.5      0.264      0.106      0.725     -0.167      0.449     -0.003
2.2000       -29980.323   -29988.645        8.322   333.6     -0.363     -0.097     -0.925      0.210      0.462      0.171
2.2500       -29980.461   -29989.152        8.691   348.4     -0.258     -0.025     -0.405      0.460      0.705     -0.108
2.3000       -29979.979   -29988.957        8.978   359.9     -0.830     -1.264     -0.788     -0.512      0.264     -0.166
2.3500       -29980.062   -29988.129        8.067   323.3      0.278      0.309     -1.059      0.625     -0.486      0.307
2.4000       -29980.398   -29988.713        8.315   333.3     -0.228     -0.089     -0.555     -0.250     -0.055      0.353
2.4500       -29980.133   -29988.848        8.715   349.3      0.248      0.098     -0.073      0.849      0.016      0.840
2.5000       -29980.762   -29989.350        8.587   344.2      0.131     -0.232      0.843     -0.312     -0.686     -0.377
2.5500       -29980.953   -29988.887        7.934   318.0      0.640      0.486      0.582      0.287      0.163     -0.115
2.6000       -29980.742   -29988.754        8.012   321.1     -0.564     -1.209     -0.296     -0.386      0.042     -0.478
2.6500       -29980.584   -29988.090        7.506   300.9      0.617      0.383     -0.233      0.020      0.372      0.085
2.7000       -29980.841   -29988.012        7.170   287.4      0.231     -0.273      0.781     -0.059     -0.467     -0.320
2.7500       -29980.879   -29988.322        7.443   298.4      0.727      0.133      0.172     -0.190      0.215      0.046
2.8000       -29980.467   -29989.158        8.691   348.4     -0.647     -0.580     -0.072      0.463     -0.430     -0.201
2.8500       -29980.017   -29988.381        8.364   335.2     -0.037      0.343     -0.299     -0.020      0.501     -0.249
2.9000       -29979.793   -29988.336        8.543   342.4     -0.662     -0.334     -0.071      0.387     -0.252     -0.002
2.9500       -29979.891   -29988.072        8.182   328.0      0.458     -0.608     -0.438     -0.015     -0.038      0.374
3.0000       -29980.486   -29988.268        7.782   311.9     -1.107      0.238     -0.117      0.052     -0.498     -0.037
3.0500       -29980.096   -29988.168        8.072   323.6     -0.940     -0.656     -0.458     -0.054     -0.080      0.137
3.1000       -29980.125   -29988.424        8.299   332.6     -0.684      0.323     -0.139      0.138      0.045     -0.149
3.1500       -29980.554   -29989.004        8.450   338.7      0.790      0.071      0.737      0.015      0.149      0.221
3.2000       -29980.796   -29989.393        8.597   344.6     -0.258      0.341     -0.705      0.078     -0.434      0.099
3.2500       -29980.231   -29988.619        8.388   336.2      0.077      0.803      0.155      0.124      0.082     -0.281
3.3000       -29980.070   -29989.018        8.948   358.7      0.282      0.257      0.693     -0.031      0.091      0.408
3.3500       -29980.559   -29988.564        8.006   320.9      0.415     -0.311      0.501      0.008      0.197     -0.375
3.4000       -29980.350   -29989.084        8.734   350.1     -0.469     -0.542     -0.229      0.272     -0.117      0.319
3.4500       -29980.225   -29988.789        8.564   343.3     -0.611      0.511     -0.425      0.007     -0.176     -0.404
3.5000       -29980.572   -29988.877        8.305   332.9     -0.507     -0.039     -0.285      0.125      0.093     -0.182
3.5500       -29980.520   -29988.154        7.634   306.0      0.372      0.464      0.382      0.193      0.230      0.355
3.6000       -29981.114   -29988.314        7.200   288.6     -0.368     -0.246     -0.504     -0.143      0.420      0.256
3.6500       -29980.948   -29988.453        7.505   300.8      0.020      0.151      0.248     -0.867     -0.167     -0.187
3.7000       -29981.116   -29989.436        8.320   333.5     -0.018      0.206      0.036      0.325     -0.023      0.537
3.7500       -29981.573   -29988.939        7.366   295.3     -0.293      0.197     -0.571     -0.007      0.141     -0.229
3.8000       -29981.859   -29990.541        8.682   348.0      0.271      0.558      0.136      0.117      0.400      0.505
3.8500       -29981.519   -29989.896        8.377   335.8      0.100      0.484      0.428     -0.030     -0.353      0.029
3.9000       -29981.253   -29989.164        7.911   317.1      1.012     -0.207     -0.149     -0.299     -0.082      0.016
3.9500       -29981.432   -29989.600        8.168   327.4     -0.059      0.095      0.431     -0.332     -0.667      0.176
4.0000       -29981.788   -29989.432        7.644   306.4      1.435      0.206      0.972      0.351      0.154      0.031
4.0500       -29981.496   -29989.285        7.789   312.2      0.551     -0.122     -0.295     -0.161     -0.119      0.099
4.1000       -29981.483   -29989.926        8.443   338.4     -0.119      0.022     -0.342     -0.112     -0.382      0.406
4.1500       -29981.476   -29989.381        7.904   316.8     -0.272     -0.219      0.022      0.139     -0.189     -0.543
4.2000       -29981.724   -29989.066        7.343   294.3     -0.172      0.266     -0.351     -0.310      0.148      0.145
4.2500       -29981.585   -29989.494        7.909   317.0     -0.715     -0.087      1.163      0.318     -0.180     -0.121
4.3000       -29981.406   -29989.490        8.084   324.1      0.388     -0.271     -0.679     -0.359      0.263      0.223
4.3500       -29981.854   -29989.373        7.519   301.4     -0.417     -0.106     -0.224     -0.195     -0.254      0.064
4.4000       -29982.005   -29989.787        7.782   311.9      0.569      0.132     -0.667     -0.220      0.347     -0.088
4.4500       -29981.578   -29989.377        7.799   312.6     -0.548      0.393      0.018     -0.030      0.138      0.271
4.5000       -29981.124   -29988.951        7.827   313.8      0.396      0.428     -0.224     -0.192     -0.363      0.106
4.5500       -29981.300   -29989.076        7.776   311.7      0.690     -0.622     -0.470     -0.339      0.003      0.120
4.6000       -29981.858   -29989.416        7.558   303.0      0.071     -0.341      0.396      0.135     -0.229     -0.067
4.6500       -29981.754   -29989.582        7.828   313.8     -0.094      0.385     -0.250      0.033      0.597      0.374
4.7000       -29981.369   -29989.645        8.276   331.7      0.693     -0.216      0.241     -0.345     -0.257      0.517
4.7500       -29981.348   -29989.584        8.236   330.2     -0.262     -0.414     -0.178     -0.186      0.382      0.237
4.8000       -29980.795   -29988.793        7.998   320.6     -0.147      0.018     -1.493      0.026     -0.168     -0.467
4.8500       -29980.882   -29989.391        8.509   341.1     -0.213     -0.321     -0.321      0.096     -0.417      0.481
4.9000       -29980.728   -29988.824        8.096   324.5     -0.526     -0.166      0.511      0.397      0.128     -0.371
4.9500       -29980.680   -29989.719        9.039   362.3     -0.726     -0.669     -1.223      0.007      0.315     -0.553
5.0000       -29981.017   -29989.191        8.175   327.7      0.118      0.085     -0.235      0.358     -0.771      0.234
5.0500       -29981.260   -29989.480        8.221   329.5     -0.043      0.618     -1.088     -0.243      0.069      0.180
5.1000       -29980.906   -29989.268        8.362   335.2     -0.479     -0.186      0.156     -0.069      0.069      0.481
5.1500       -29980.330   -29988.111        7.782   311.9      0.083     -0.449     -1.237      0.432      0.158      0.234
5.2000       -29980.476   -29989.176        8.700   348.7      0.262     -0.862      0.177     -0.657     -0.322     -0.117
5.2500       -29980.633   -29988.680        8.047   322.6     -0.600      0.454      0.828      0.061     -0.225      0.381
5.3000       -29980.649   -29988.770        8.121   325.5     -0.038     -1.567     -1.446     -0.476      0.250     -0.033
5.3500       -29980.885   -29988.705        7.820   313.5     -0.505     -0.364     -0.097      0.415     -0.337     -0.294
5.4000       -29980.419   -29987.580        7.161   287.1     -0.147      0.301     -0.514     -0.146      0.023     -0.641
5.4500       -29980.620   -29988.385        7.765   311.2      0.217      0.437     -0.126     -0.199     -0.381      0.116
5.5000       -29980.932   -29989.504        8.572   343.6      1.072      1.146      0.809     -0.209      0.427     -0.585
5.5500       -29980.195   -29988.318        8.124   325.6      0.595      1.755     -0.336      0.414      0.133      0.312
5.6000       -29980.859   -29988.727        7.867   315.4     -0.529     -1.157     -0.411      0.700     -0.052      0.019
5.6500       -29980.437   -29988.389        7.952   318.7     -0.401      0.201      0.071      0.492      0.044      0.044
5.7000       -29980.139   -29988.732        8.593   344.5     -0.130     -0.665     -0.106     -0.631     -0.246      0.544
5.7500       -29980.980   -29988.533        7.554   302.8     -0.298     -0.136     -0.318      0.380      0.001     -0.340
5.8000       -29981.095   -29988.912        7.817   313.3      0.967     -0.058      0.713     -0.017     -0.238      0.484
5.8500       -29980.958   -29988.885        7.926   317.7     -0.781     -0.226      0.048      0.124     -0.234     -0.074
5.9000       -29980.674   -29988.350        7.675   307.7     -0.219      0.126      0.441      0.192      0.035      0.074
5.9500       -29980.691   -29988.857        8.167   327.4      0.795      1.004      0.398      0.001     -0.169     -0.009
6.0000       -29980.772   -29988.635        7.862   315.2      0.411      0.151     -0.127     -0.280      0.144     -0.393
6.0500       -29980.697   -29989.068        8.372   335.6      0.949      0.021     -0.258     -0.318      0.107      0.499
6.1000       -29979.904   -29988.004        8.100   324.7     -0.095     -0.472      0.336     -0.434     -0.329     -0.228
6.1500       -29979.527   -29988.486        8.959   359.1      0.129     -0.270      0.450      0.119     -0.033      0.006
6.2000       -29979.387   -29987.377        7.990   320.3      0.136     -0.319     -0.663     -0.096     -0.321      0.158
6.2500       -29979.400   -29987.959        8.559   343.1     -0.476     -0.285      0.041     -0.254     -0.098     -0.855
6.3000       -29979.713   -29988.975        9.262   371.3      0.710      0.290      0.475      0.023     -0.470      0.505
6.3500       -29980.408   -29988.830        8.422   337.6      0.491     -0.285     -0.071     -0.194      0.083      0.039
6.4000       -29980.601   -29988.512        7.910   317.1     -1.256     -0.562     -0.765      0.114     -0.080     -0.347
6.4500       -29980.770   -29989.012        8.241   330.4      0.483      0.433     -0.360     -0.067      0.029     -0.013
6.5000       -29981.141   -29989.797        8.656   347.0      0.162      0.019      0.052      0.179     -0.131     -0.130
6.5500       -29980.813   -29988.494        7.681   307.9      0.757      0.310     -0.666      0.304      0.091     -0.282
6.6000       -29980.461   -29989.352        8.890   356.4      0.134     -0.157     -0.508      0.026      0.290      0.020
6.6500       -29980.189   -29988.430        8.241   330.3      0.347      0.483      0.265      0.192     -0.541     -0.222
6.7000       -29980.521   -29988.709        8.188   328.2      0.218     -0.644     -0.640     -0.112     -0.215     -0.321
6.7500       -29980.172   -29987.783        7.611   305.1     -0.365      1.222     -0.205      0.316      0.090      0.292
6.8000       -29980.187   -29987.709        7.522   301.5     -0.432      0.144      0.341      0.254     -0.277     -0.174
6.8500       -29980.520   -29988.355        7.836   314.1      0.499     -0.214     -1.038     -0.083      0.761     -0.250
6.9000       -29980.434   -29988.316        7.882   315.9      0.149      0.204      0.145     -0.079      0.024     -0.034
6.9500       -29980.541   -29988.117        7.577   303.7      0.495      0.328      0.807      0.610     -0.066     -0.307
7.0000       -29979.917   -29987.873        7.956   318.9      0.184     -0.310      0.297      0.000     -0.126      0.470
7.0500       -29979.765   -29988.062        8.297   332.6     -1.614     -0.184     -0.860     -0.104      0.182      0.023
7.1000       -29979.878   -29988.297        8.419   337.5     -0.548     -0.166     -0.258     -0.137     -0.197     -0.409
7.1500       -29979.433   -29988.078        8.646   346.6     -0.241      0.936      0.151     -0.135     -0.943     -0.319
7.2000       -29980.098   -29988.988        8.891   356.4      0.353      0.822     -0.564     -0.374     -0.317     -0.254
7.2500       -29980.068   -29987.922        7.854   314.8     -0.264     -0.474     -0.772     -0.025      0.019      0.005
7.3000       -29980.502   -29987.928        7.426   297.7      0.197      0.386      0.023     -0.105     -0.159      0.505
7.3500       -29980.202   -29988.691        8.489   340.3     -0.673     -0.199     -0.698     -0.269     -0.139     -0.288
7.4000       -29980.254   -29988.057        7.802   312.7      0.160      0.451      0.481     -0.271      0.350      0.134
7.4500       -29980.460   -29988.840        8.380   335.9      0.508     -0.393     -0.247      0.594     -0.017     -0.008
7.5000       -29980.110   -29987.830        7.720   309.5     -0.497      1.159      0.200     -0.524      0.109     -0.345
7.5500       -29980.430   -29988.824        8.394   336.5     -0.167      0.636      0.881      0.128     -0.297      0.226
7.6000       -29980.737   -29988.271        7.535   302.0      0.113      0.378      0.230     -0.146      0.237     -0.259
7.6500       -29980.379   -29989.322        8.944   358.5     -0.530      0.832      0.197      0.183      0.268      0.061
7.7000       -29980.041   -29989.258        9.216   369.4     -0.233     -0.233     -0.085     -0.308      0.387      0.498
7.7500       -29980.787   -29989.082        8.295   332.5     -0.447      0.146      0.378      0.445     -0.459     -0.024
7.8000       -29980.538   -29988.660        8.123   325.6     -0.129     -0.289     -1.129     -0.447      0.173      0.198
7.8500       -29980.433   -29988.066        7.633   306.0     -0.591     -0.439     -1.089      0.714     -0.217     -0.383
7.9000       -29980.113   -29987.619        7.506   300.9      0.692     -0.470      0.103     -0.306     -0.154     -0.041
7.9500       -29980.603   -29988.299        7.696   308.5      0.321      0.447     -0.119      0.346      0.009     -0.149
8.0000       -29980.941   -29988.789        7.848   314.6     -0.442     -0.149      0.374      0.088      0.417     -0.289
8.0500       -29980.704   -29989.340        8.636   346.2      0.859      0.171     -0.163      0.051      0.258      0.356
8.1000       -29980.698   -29988.957        8.259   331.0     -0.618     -0.393     -0.621     -0.043     -0.136     -0.382
8.1500       -29980.450   -29988.760        8.310   333.1     -0.152     -0.811     -0.635     -0.260     -0.051      0.143
8.2000       -29980.740   -29988.594        7.854   314.8     -0.839     -1.443      0.458      0.430      0.255     -0.255
8.2500       -29980.624   -29988.613        7.989   320.3     -0.231     -0.149      0.358      0.381      0.151     -0.097
8.3000       -29980.065   -29989.143        9.078   363.9      0.464      0.228     -0.390      0.336      0.289      0.091
8.3500       -29980.393   -29988.547        8.154   326.9      0.799     -0.245     -0.612     -0.360     -0.037     -0.164
8.4000       -29980.215   -29988.328        8.113   325.2     -0.248     -0.130     -0.041      0.460     -0.157      0.120
8.4500       -29980.639   -29988.340        7.701   308.7     -0.209      0.075     -0.123     -0.451     -0.378     -0.023
8.5000       -29980.573   -29989.139        8.566   343.4      0.167     -0.028      0.261     -0.093      0.127      0.164
8.5500       -29981.011   -29989.664        8.653   346.9      0.491     -0.263     -0.109      0.586      0.238      0.504
8.6000       -29980.732   -29989.004        8.271   331.6     -0.641     -0.071     -0.143     -0.159      0.070     -0.039
8.6500       -29980.775   -29989.094        8.319   333.4      0.740     -0.294      0.468     -0.129     -0.107      0.159
8.7000       -29981.209   -29988.688        7.479   299.8      0.412     -0.080      0.457     -0.056     -0.436     -0.781
8.7500       -29980.434   -29988.951        8.517   341.4      0.042      0.535     -0.120      0.100     -0.290     -0.049
8.8000       -29980.227   -29988.684        8.456   339.0      0.925     -0.223      0.166     -0.168      0.334      0.119
8.8500       -29980.355   -29988.736        8.382   336.0     -0.085     -0.795      0.280      0.914      0.118     -0.195
8.9000       -29980.105   -29988.561        8.455   338.9     -0.204      0.346      0.025     -0.287      0.224      0.229
8.9500       -29980.156   -29987.723        7.567   303.3      0.082      0.164     -0.214     -0.092     -0.293     -0.733
9.0000       -29980.183   -29988.480        8.297   332.6     -0.828      0.160     -0.563     -0.737     -0.015      0.358
9.0500       -29980.632   -29989.084        8.452   338.8     -0.185      0.480      0.287     -0.114     -0.244     -0.256
9.1000       -29980.450   -29988.488        8.038   322.2     -0.218      0.571      0.380      0.210     -0.421      0.365
9.1500       -29980.423   -29988.029        7.606   304.9      0.012      0.921     -0.541     -0.073      0.736     -1.096
9.2000       -29980.372   -29988.545        8.173   327.6     -1.006     -1.131     -0.373     -0.064     -0.194     -0.120
9.2500       -29980.177   -29988.557        8.380   335.9     -0.469      0.713     -0.675      0.053      0.195      0.444
9.3000       -29980.330   -29988.406        8.076   323.7      1.049      0.785      1.012     -0.347      0.119     -0.021
9.3500       -29980.374   -29988.721        8.347   334.6     -0.002     -0.399     -0.389     -0.523      0.111     -0.107
9.4000       -29980.820   -29988.955        8.135   326.1      0.589      0.162      0.108      0.159      0.296     -0.330
9.4500       -29981.127   -29989.152        8.025   321.7      0.187      0.361      1.301     -0.082      0.406      0.673
9.5000       -29981.395   -29989.301        7.906   316.9      0.389      0.075      0.472      0.165     -0.094     -0.322
9.5500       -29981.043   -29988.654        7.611   305.1      0.688      1.274      0.768     -0.681     -0.395      0.294
9.6000       -29981.092   -29988.375        7.283   291.9      0.501      0.446     -0.223      0.777     -0.005     -0.267
9.6500       -29980.471   -29988.412        7.941   318.3     -0.668     -0.708      0.046      0.556      0.043     -0.343
9.7000       -29980.962   -29989.182        8.220   329.5     -0.428     -1.033     -0.262      0.039     -0.070      0.022
9.7500       -29981.350   -29989.193        7.843   314.4     -0.844      0.535     -0.031     -0.049     -0.073      0.097
9.8000       -29981.115   -29988.582        7.467   299.3     -0.948     -0.863     -0.323     -0.422      0.132      0.217
9.8500       -29980.541   -29988.510        7.968   319.4      0.452      0.920     -0.042      0.376      0.514     -0.041
9.9000       -29980.648   -29988.684        8.036   322.1     -0.420     -0.577     -0.069     -0.109     -0.303     -0.335
9.9500       -29980.228   -29988.605        8.378   335.8     -0.503     -0.014     -0.295     -0.297      0.090      0.031
10.0000      -29980.530   -29988.443        7.914   317.2      0.059      0.635      0.758      0.231      0.281     -0.029
10.0500      -29980.621   -29988.441        7.820   313.5     -0.498      0.992      1.098     -0.179      0.416     -0.147
10.1000      -29980.344   -29988.668        8.324   333.7      0.263      0.189     -0.034     -0.399     -0.106     -0.407
10.1500      -29980.183   -29988.799        8.616   345.4     -0.041     -0.522      0.046     -0.455     -0.001     -0.115
10.2000      -29980.460   -29988.049        7.589   304.2     -0.119     -0.541      0.154     -0.243      0.177      0.412
10.2500      -29980.662   -29988.768        8.106   324.9     -0.475     -0.430      0.419      0.417     -0.674     -0.482
10.3000      -29980.666   -29988.816        8.150   326.7     -0.331     -0.731      0.210     -0.184     -0.072      0.174
10.3500      -29980.810   -29988.908        8.098   324.6      0.058     -0.967      0.435     -0.315      0.320      0.707
10.4000      -29980.737   -29988.760        8.023   321.6     -0.367     -0.206     -0.814      0.259      0.768      0.050
10.4500      -29980.558   -29988.193        7.635   306.1     -0.134     -0.679      0.009      0.236     -0.528     -0.236
10.5000      -29981.021   -29989.355        8.334   334.1      0.169      0.188      0.143     -0.229      0.009     -0.367
10.5500      -29980.940   -29989.059        8.118   325.4     -0.066      0.595      0.078     -0.034     -0.149     -0.044
10.6000      -29981.067   -29989.193        8.126   325.7     -0.911     -1.022     -0.145     -0.248      0.184      0.230
10.6500      -29980.943   -29988.752        7.809   313.0      0.312      0.288      0.497      0.267     -0.158     -0.096
10.7000      -29980.681   -29988.701        8.020   321.5     -0.784      0.128     -0.586     -0.262      0.168      0.132
10.7500      -29980.410   -29988.256        7.846   314.5      0.379     -0.300     -0.005      0.042     -0.454     -0.574
10.8000      -29980.525   -29988.506        7.981   319.9     -0.385      1.119      0.067     -0.398     -0.038     -0.216
10.8500      -29980.431   -29988.141        7.710   309.0     -0.045      0.420     -0.461      0.770     -0.229     -0.107
10.9000      -29980.421   -29988.680        8.259   331.1     -1.099     -0.567     -0.304      0.187      0.542     -0.373
10.9500      -29980.134   -29988.098        7.964   319.2     -0.417     -0.369     -0.107     -0.016     -0.183     -0.869
11.0000      -29980.079   -29988.852        8.772   351.6      0.300     -0.657     -0.060      0.002     -0.470     -0.167
11.0500      -29979.382   -29987.854        8.471   339.6     -0.033      0.006     -0.213      0.073      0.005      0.238
11.1000      -29980.065   -29988.105        8.040   322.3      0.629      0.162     -0.067     -0.092     -0.252      0.103
11.1500      -29980.053   -29988.498        8.445   338.5     -0.259     -0.442     -0.181     -0.344     -0.380     -0.248
11.2000      -29980.142   -29988.465        8.323   333.6     -1.220     -0.166     -0.648     -0.479     -0.493     -0.892
11.2500      -29979.984   -29988.279        8.295   332.5     -0.352     -0.199     -0.346      0.379      0.480     -0.172
11.3000      -29980.112   -29988.102        7.990   320.3     -0.198      0.612     -0.339     -0.075      0.371      0.487
11.3500      -29980.796   -29988.943        8.147   326.6     -0.665     -0.483     -0.086      0.015     -0.040     -0.326
11.4000      -29980.774   -29989.057        8.283   332.0      0.329      0.218      0.073      0.013      0.127      0.017
11.4500      -29980.530   -29987.951        7.421   297.5     -0.947     -0.390     -0.959     -0.074     -0.455      0.485
11.5000      -29980.085   -29988.371        8.286   332.1      0.444      0.285      0.522     -0.154     -0.428     -0.374
11.5500      -29980.089   -29988.369        8.280   331.9      0.483     -0.625      0.751     -0.416      0.227     -0.318
11.6000      -29979.874   -29988.576        8.702   348.8      0.185     -0.281      0.469      0.332      0.065      0.707
11.6500      -29979.907   -29987.398        7.491   300.3      0.191     -0.397     -0.370     -0.024      0.571      0.176
11.7000      -29979.714   -29988.445        8.731   350.0     -0.060      0.691      0.530      0.605     -0.509      0.318
11.7500      -29979.885   -29988.244        8.360   335.1      0.276      0.592     -0.029      0.222      0.206      0.230
11.8000      -29980.421   -29988.645        8.224   329.7      0.208      0.642     -0.573      0.288      0.446     -0.109
11.8500      -29980.066   -29988.441        8.375   335.7     -0.805     -1.436     -1.062     -0.669     -0.228     -0.380
11.9000      -29980.092   -29988.258        8.165   327.3     -0.892     -0.534      0.293      0.542      0.207      0.198
11.9500      -29979.940   -29988.285        8.345   334.5      0.644     -0.283      0.013      0.014     -0.601     -0.359
12.0000      -29980.133   -29988.344        8.211   329.1     -0.590      0.340      0.640      0.252      0.202     -0.169
12.0500      -29979.891   -29988.074        8.183   328.0      0.082      0.245     -0.153     -0.070     -0.255      0.384
12.1000      -29980.094   -29988.279        8.185   328.1      0.157      0.348     -0.444      0.204     -0.484     -0.344
12.1500      -29979.614   -29987.764        8.149   326.7     -0.800      0.392     -0.989     -0.685      0.061      0.415
12.2000      -29979.917   -29988.672        8.755   350.9     -0.047      0.298     -0.142     -0.289     -0.068     -0.426
12.2500      -29980.131   -29988.969        8.838   354.3      0.762     -0.315      0.910     -0.293     -0.268     -0.476
12.3000      -29980.156   -29988.451        8.295   332.5      0.135     -0.264     -0.429      0.397      0.419      0.132
12.3500      -29980.114   -29988.227        8.112   325.2     -0.239     -0.684     -0.809     -0.543     -0.390     -0.585
12.4000      -29980.462   -29988.510        8.047   322.6      0.251      0.099      0.402     -0.052      0.084      0.607
12.4500      -29980.513   -29988.396        7.883   316.0     -0.261     -0.435     -0.322      0.015     -0.118      0.031
12.5000      -29980.827   -29988.434        7.607   304.9     -0.195      1.560     -0.028     -0.060     -0.157      0.301
12.5500      -29980.707   -29988.248        7.541   302.3      0.030     -1.317     -0.541     -0.040      0.666     -0.312
12.6000      -29980.746   -29988.561        7.814   313.2     -0.118      0.758     -0.993      0.307      0.369     -0.218
12.6500      -29980.560   -29989.137        8.576   343.8     -0.984     -0.814      0.372      0.552      0.429     -0.083
12.7000      -29980.462   -29988.572        8.110   325.1      0.595      0.831      0.346     -0.133      0.075     -0.290
12.7500      -29980.916   -29988.557        7.640   306.3     -0.314      0.875      0.089      0.100     -0.544     -0.066
12.8000      -29980.299   -29988.588        8.289   332.3      0.507     -0.565      0.439     -0.016      0.171      0.440
12.8500      -29979.889   -29988.590        8.701   348.8     -0.399     -0.445      0.283      0.195      0.107      0.253
12.9000      -29979.391   -29987.512        8.121   325.5     -1.066     -0.296     -0.641     -0.065      0.011     -0.161
12.9500      -29980.139   -29988.492        8.353   334.8      0.246      0.202      0.758     -0.005     -0.127      0.052
13.0000      -29980.326   -29988.941        8.616   345.4     -0.554     -0.308      0.626      0.374      0.215      0.369
13.0500      -29980.081   -29988.408        8.328   333.8      0.005      0.291     -0.155     -0.268     -0.908     -0.194
13.1000      -29980.402   -29989.027        8.625   345.7     -0.439      0.326     -0.308      0.341      0.204     -0.273
13.1500      -29981.131   -29988.777        7.646   306.5     -0.109      0.762      0.111     -0.366      0.152      0.081
13.2000      -29980.865   -29989.242        8.378   335.8     -0.599      0.623     -0.456      0.597     -0.161     -0.181
13.2500      -29980.915   -29987.994        7.079   283.7     -0.170     -1.228     -0.960     -0.035     -0.464      0.658
13.3000      -29980.988   -29988.674        7.686   308.1     -0.031     -0.537      0.212      0.132     -0.031     -0.260
13.3500      -29981.041   -29988.301        7.259   291.0      0.539      0.875      0.214     -0.539     -0.120     -0.222
13.4000      -29980.720   -29988.260        7.540   302.2     -0.185      0.829     -0.447     -0.048      0.588      0.152
13.4500      -29980.446   -29989.131        8.684   348.1      1.034      0.427      0.824      0.071      0.172      0.270
13.5000      -29981.056   -29988.730        7.674   307.6      0.044     -0.249      0.072     -0.063      0.238      0.097
13.5500      -29980.868   -29989.598        8.729   349.9      0.382     -0.523      0.432     -0.316     -0.275     -0.101
13.6000      -29980.474   -29988.514        8.040   322.3     -0.202     -0.672      0.790      0.006      0.257      0.461
13.6500      -29980.478   -29988.744        8.266   331.3      0.338      0.336     -0.085     -0.119     -0.242     -0.318
13.7000      -29980.418   -29988.238        7.820   313.5      0.347     -0.125     -0.500     -0.396     -0.136      0.597
13.7500      -29981.117   -29988.533        7.416   297.3      0.048     -0.755     -0.564     -0.593     -0.236     -0.078
13.8000      -29980.317   -29988.289        7.972   319.6     -0.383     -0.805      1.043     -0.205      0.026      0.124
13.8500      -29980.238   -29988.127        7.889   316.2     -0.257     -0.086     -0.622     -0.129      0.124      0.138
13.9000      -29980.550   -29988.002        7.452   298.7     -0.722     -0.688     -0.163     -0.312     -0.098      0.417
13.9500      -29981.130   -29988.650        7.520   301.4     -0.001      0.342      0.001      0.127     -0.500      0.454
14.0000      -29981.525   -29988.613        7.088   284.1     -0.509     -0.392      0.154     -0.152     -0.160      0.506
14.0500      -29981.719   -29989.326        7.607   304.9      0.910      0.169      0.049     -0.129      0.134      0.126
14.1000      -29980.841   -29989.582        8.741   350.4     -0.555      0.065     -0.396      0.322      0.129      0.043
14.1500      -29981.228   -29989.197        7.969   319.4     -0.006     -0.559     -0.302      0.343     -0.149      0.149
14.2000      -29981.231   -29989.385        8.154   326.8     -0.241      0.086      0.454     -0.140      0.329      0.458
14.2500      -29981.027   -29989.133        8.105   324.9      0.076     -0.633      0.139     -0.122     -0.078     -0.238
14.3000      -29981.203   -29989.033        7.831   313.9      0.035      1.635     -0.187     -0.297     -0.327      0.208
14.3500      -29980.973   -29988.764        7.790   312.3     -0.167      0.762      0.544     -0.063      0.447      0.102
14.4000      -29980.930   -29989.445        8.516   341.3     -0.169     -0.469     -0.785      0.053      0.110     -0.259
14.4500      -29981.010   -29988.912        7.902   316.8      0.432      0.506     -0.369     -0.103     -0.098      0.902
14.5000      -29980.695   -29989.180        8.484   340.1      0.104      0.700      1.317     -0.089     -0.000      0.347
14.5500      -29980.394   -29988.844        8.450   338.7      0.508      0.283     -0.565      0.103     -0.538     -0.342
14.6000      -29979.868   -29987.867        7.999   320.6     -0.391      0.939     -0.389      0.736     -0.172      0.472
14.6500      -29979.512   -29988.352        8.839   354.3      0.081     -0.575     -0.622     -0.032      0.172     -0.050
14.7000      -29979.670   -29988.779        9.109   365.1     -0.278     -0.265     -0.333      0.084      0.108      0.388
14.7500      -29979.795   -29988.342        8.547   342.6     -0.052      0.492      0.371      0.050      0.329      0.568
14.8000      -29980.011   -29988.434        8.422   337.6     -0.887     -0.181     -0.572     -0.126      0.410      0.382
14.8500      -29980.267   -29988.773        8.507   341.0      0.624     -0.063      0.287     -0.164     -0.035      0.102
14.9000      -29980.505   -29988.363        7.858   315.0     -0.135      0.724     -0.138     -0.261      0.104     -0.042
14.9500      -29980.021   -29988.695        8.674   347.7      0.300      0.124      0.223     -0.813      0.244     -0.244
15.0000      -29979.866   -29987.957        8.092   324.3      0.766      0.624      0.588      0.618     -0.714      0.248
15.0500      -29979.841   -29988.082        8.241   330.3      0.977      1.705      0.646     -1.070      0.261      0.047
15.1000      -29979.862   -29988.559        8.697   348.6      0.240     -0.970      0.371     -0.038      0.509      0.180
15.1500      -29980.283   -29988.703        8.420   337.5      0.476      1.438      0.713     -0.313     -0.008     -0.082
15.2000      -29980.883   -29988.646        7.764   311.2      0.328      0.149      0.236      0.295     -0.230     -0.082
15.2500      -29981.229   -29988.963        7.734   310.0     -0.509     -0.331      0.148     -0.361      0.080     -0.406
15.3000      -29980.815   -29989.232        8.418   337.4      0.862      1.156     -0.134      0.027      0.283      0.031
15.3500      -29980.915   -29989.525        8.610   345.1      0.421      0.068      0.638     -0.255      0.113      0.260
15.4000      -29981.185   -29989.246        8.061   323.1      0.382      1.718     -0.038      0.164      0.105      0.674
15.4500      -29981.258   -29989.652        8.395   336.5      0.377      0.153      0.505      0.106     -0.169     -0.508
15.5000      -29981.172   -29989.264        8.092   324.4     -0.509     -0.436     -0.933     -0.324      0.063     -0.358
15.5500      -29980.955   -29989.111        8.157   327.0     -0.120      0.403     -0.221      0.393     -0.427     -0.670
15.6000      -29981.112   -29989.518        8.406   336.9     -0.279     -0.740     -0.538     -0.476      0.314      0.368
15.6500      -29981.156   -29988.908        7.753   310.8     -0.828      0.841      0.434      0.053     -0.162      0.178
15.7000      -29980.910   -29989.045        8.135   326.1      0.021      0.183     -0.670     -0.163      0.090     -0.047
15.7500      -29981.305   -29989.066        7.762   311.1     -0.324     -0.776      0.065     -0.077     -0.102     -0.354
15.8000      -29981.001   -29989.084        8.083   324.0      0.707     -0.313     -0.174      0.216      0.086      0.052
15.8500      -29980.523   -29989.371        8.848   354.7      0.194     -0.279      0.087     -0.509     -0.166     -0.049
15.9000      -29980.735   -29988.832        8.097   324.6     -0.051     -0.660      0.782     -0.132      0.394     -0.061
15.9500      -29981.084   -29988.709        7.625   305.7      0.539      1.188     -0.078     -0.236      0.360     -0.013
16.0000      -29981.393   -29989.562        8.169   327.5      0.436      0.821      0.894      0.164     -0.040      0.104
16.0500      -29981.173   -29989.256        8.083   324.0      0.322      0.371     -0.275      0.254     -0.586      0.482
16.1000      -29980.466   -29989.412        8.946   358.6     -0.003      0.548     -0.264     -0.674     -0.667      0.116
16.1500      -29980.461   -29988.355        7.895   316.5      0.253      0.307      0.050     -0.128     -0.138      0.228
16.2000      -29980.661   -29988.395        7.734   310.0      0.970      0.755      0.433     -0.486     -0.012      0.489
16.2500      -29980.373   -29988.729        8.355   334.9      0.796      0.717      0.033      0.300     -0.506     -0.221
16.3000      -29980.286   -29989.047        8.761   351.2      0.448      0.672      1.346     -0.224      0.144     -0.038
16.3500      -29979.914   -29987.879        7.965   319.3     -0.281      0.483     -1.179     -0.443      0.197     -0.147
16.4000      -29980.005   -29987.932        7.927   317.7      0.170     -0.652      0.062      0.157     -0.098     -0.346
16.4500      -29979.320   -29988.328        9.008   361.1     -0.216      0.001     -0.570      0.010     -0.131      0.969
16.5000      -29979.708   -29987.855        8.147   326.6     -0.684     -0.146      0.598      0.174      0.033      0.181
16.5500      -29979.544   -29988.980        9.437   378.3     -0.180     -0.192     -0.470     -0.324     -0.132     -0.563
16.6000      -29980.281   -29988.035        7.754   310.8      0.335      0.721      1.016      0.147     -0.242      0.602
16.6500      -29979.965   -29988.693        8.729   349.9      0.814      0.492     -0.308     -0.229     -0.073     -0.273
16.7000      -29980.406   -29987.811        7.405   296.8      0.736      0.219      0.119      0.162     -0.066     -0.277
16.7500      -29980.074   -29988.434        8.360   335.1     -0.276     -0.083     -0.339     -0.434      0.334     -0.143
16.8000      -29980.233   -29989.264        9.031   362.0      0.272     -0.253      0.123     -0.267     -0.151     -0.791
16.8500      -29980.942   -29989.123        8.181   327.9      0.249     -0.318      0.058      0.016     -0.179      0.292
16.9000      -29981.600   -29989.459        7.859   315.0     -0.103     -0.132      0.002     -0.110     -0.246     -0.381
16.9500      -29981.236   -29988.965        7.729   309.8      0.750      0.182      0.148     -0.073     -0.772      0.293
17.0000      -29981.046   -29988.617        7.571   303.5     -0.099     -0.001      0.301      0.065      0.174     -0.649
17.0500      -29981.070   -29988.811        7.740   310.3     -0.020     -0.494      0.649      0.184      0.151      0.105
17.1000      -29980.529   -29989.254        8.725   349.7      0.786      0.359      0.589      0.256     -0.466      0.106
17.1500      -29980.203   -29989.225        9.022   361.6      0.089      0.308     -0.530     -0.535     -0.427     -0.105
17.2000      -29980.083   -29989.031        8.948   358.7      0.336     -0.731      0.037     -0.844      0.486      0.364
17.2500      -29979.695   -29988.582        8.887   356.2      0.335      0.374      0.166      0.411     -0.206      0.257
17.3000      -29979.656   -29988.168        8.512   341.2      0.144     -0.846     -0.051      0.251      0.435     -0.919
17.3500      -29979.510   -29988.826        9.316   373.4     -0.507     -0.831      0.139     -0.138     -0.017      0.550
17.4000      -29979.220   -29987.146        7.927   317.7      0.938      0.087      1.335      0.530      0.154      0.270
17.4500      -29979.323   -29988.062        8.740   350.3     -0.251      0.146     -0.548     -0.519      0.343      0.039
17.5000      -29979.780   -29988.125        8.345   334.5      0.756      0.682      1.234      1.119     -0.345      0.003
17.5500      -29979.741   -29987.697        7.956   318.9      0.142      0.088     -0.530     -0.411      0.216      0.121
17.6000      -29979.732   -29987.883        8.151   326.7      0.655      0.321      1.269     -0.239     -0.327     -0.246
17.6500      -29979.455   -29988.506        9.051   362.8     -0.530     -0.779      0.284     -0.964     -0.217      0.293
17.7000      -29979.650   -29987.762        8.112   325.2      1.501      0.574      1.130     -0.097      0.087      0.135
17.7500      -29980.006   -29988.742        8.736   350.2      1.374      0.339      0.515      0.380      0.238     -0.080
17.8000      -29980.358   -29988.191        7.834   314.0     -0.650      0.153      0.332     -0.452     -0.132     -0.356
17.8500      -29979.386   -29987.930        8.544   342.5     -0.529     -0.220     -0.641      0.163     -0.220     -0.075
17.9000      -29979.488   -29987.885        8.397   336.6      0.170     -0.151     -0.806     -0.366     -0.414     -0.717
17.9500      -29979.676   -29988.861        9.186   368.2     -0.631     -0.921      0.200      0.537      0.419      0.150
18.0000      -29980.039   -29988.789        8.750   350.8      0.886     -0.103     -0.089      0.125     -0.621      0.151
18.0500      -29980.465   -29988.557        8.092   324.4     -0.179     -0.536     -0.346     -0.369     -0.164     -0.128
18.1000      -29980.083   -29988.256        8.173   327.6      0.220      0.131     -0.143      0.215      0.858     -0.773
18.1500      -29980.185   -29988.104        7.918   317.4      1.380      0.393      0.975     -0.565     -0.450      0.234
18.2000      -29980.188   -29988.207        8.019   321.4     -0.812      0.336     -0.336     -0.085     -0.103      0.002
18.2500      -29980.432   -29988.375        7.943   318.4      0.640      1.065     -0.021     -0.413     -0.188     -0.320
18.3000      -29980.401   -29988.395        7.994   320.4      1.209      0.597      0.569      0.052      0.379     -0.087
18.3500      -29980.061   -29988.578        8.517   341.4      0.404      0.833      0.771     -0.654     -0.438     -0.112
18.4000      -29980.053   -29988.232        8.179   327.9     -0.073      0.573     -0.394      0.574      0.296      0.367
18.4500      -29980.100   -29988.422        8.322   333.6      0.690      0.192      0.904     -0.034      0.147      0.252
18.5000      -29979.872   -29988.902        9.030   362.0     -0.925      0.005      0.377     -0.317     -0.091     -0.153
18.5500      -29980.033   -29988.600        8.566   343.4      0.472      0.365     -0.004      0.172     -0.029     -0.485
18.6000      -29981.102   -29989.146        8.044   322.5      0.312      0.662      0.286      0.314      0.044     -0.095
18.6500      -29981.510   -29989.514        8.003   320.8     -0.196     -0.557      0.026      0.532      0.659     -0.921
18.7000      -29981.348   -29989.406        8.058   323.0     -0.209     -0.359     -0.477      0.513     -0.207      0.000
18.7500      -29981.170   -29989.148        7.978   319.8     -0.379      0.475     -0.113      0.282     -0.092      0.065
18.8000      -29980.858   -29988.695        7.837   314.1      0.123      0.272      0.308      0.054     -0.202     -0.446
18.8500      -29980.313   -29989.152        8.840   354.3      0.458      0.473      1.586      0.023     -0.297      0.183
18.9000      -29980.397   -29988.678        8.280   331.9     -0.188     -0.007     -0.076      0.427      0.281     -0.538
18.9500      -29980.625   -29988.982        8.357   335.0     -0.551     -0.070     -0.159      0.080     -0.761      0.313
19.0000      -29980.801   -29989.061        8.260   331.1      0.255      0.602     -0.107     -0.346      0.057      0.378
19.0500      -29980.984   -29988.559        7.574   303.6     -0.279      0.137      0.313     -0.199      0.208     -0.118
19.1000      -29980.359   -29989.592        9.233   370.1     -0.480     -0.176     -0.380      0.142     -0.005     -0.027
19.1500      -29980.612   -29989.094        8.482   340.0      0.180      0.537      1.282     -0.371     -0.302      0.450
19.2000      -29980.680   -29989.461        8.781   352.0     -0.031      0.826      0.551     -0.018     -0.005      0.008
19.2500      -29981.042   -29989.316        8.275   331.7      0.578     -0.101     -0.610      0.155     -0.240     -0.629
19.3000      -29981.160   -29989.361        8.202   328.8     -0.535     -0.354      0.378      0.029      0.233     -0.040
19.3500      -29981.293   -29988.998        7.705   308.9     -0.393     -0.103      0.106     -0.550     -0.247      0.504
19.4000      -29981.529   -29989.348        7.819   313.4     -0.529     -0.417      0.201      0.073     -0.106      0.034
19.4500      -29981.498   -29989.430        7.932   318.0      0.076      0.611     -0.190     -0.531      0.885     -0.017
19.5000      -29981.887   -29990.266        8.379   335.9     -0.152     -0.043      0.559      0.082     -0.097      0.286
19.5500      -29981.544   -29990.215        8.671   347.6      0.547     -0.279      0.105      0.184     -0.075     -0.085
19.6000      -29981.950   -29989.904        7.954   318.8     -0.229     -0.027      0.278      0.216     -0.720     -0.534
19.6500      -29981.954   -29990.064        8.111   325.1     -0.287      0.243     -0.178      0.036      0.185     -0.291
19.7000      -29981.866   -29989.350        7.483   300.0      0.266     -0.200      0.292     -0.379      0.292     -0.158
19.7500      -29981.532   -29989.879        8.346   334.6      0.194     -0.109     -0.071     -0.386      0.325      0.803
19.8000      -29981.580   -29989.293        7.713   309.2     -0.612      0.172      0.258     -0.311      0.431     -0.257
19.8500      -29981.917   -29989.525        7.608   305.0      0.111     -0.341      0.275     -0.299      0.058     -0.646
19.9000      -29981.526   -29989.518        7.992   320.4     -0.380     -0.449     -0.391      0.034     -0.310      0.120
19.9500      -29980.859   -29988.635        7.775   311.7      0.675      0.329      0.447      0.487      0.339      0.109
20.0000      -29980.929   -29989.082        8.153   326.8      0.513      1.263      0.899     -0.084      0.503      0.062
