Time[ps]      Etot[eV]     Epot[eV]     Ekin[eV]    T[K]      ---------------------- stress [GPa] -----------------------
0.0000       -29980.125   -29988.076        7.951   318.7     -0.093     -0.052      0.301      0.374     -0.215      0.068
0.0500       -29980.369   -29989.145        8.775   351.8     -1.182     -0.566     -1.205     -0.555      0.222     -0.147
0.1000       -29980.373   -29989.035        8.663   347.2      0.091      0.111      0.330      0.234      0.577      0.142
0.1500       -29980.188   -29988.934        8.746   350.6      0.430     -0.877      0.092     -0.111     -0.316      0.314
0.2000       -29980.493   -29988.914        8.421   337.6     -0.047      0.369      0.031     -0.037      0.222      0.142
0.2500       -29980.045   -29988.570        8.526   341.8      0.151      0.334     -0.242     -0.306      0.086      0.104
0.3000       -29980.105   -29989.045        8.940   358.4     -0.065      0.342      0.316      0.165      0.017      0.072
0.3500       -29979.220   -29988.625        9.405   377.0      0.338      0.285      0.066      1.022      0.110     -0.159
0.4000       -29979.490   -29989.107        9.617   385.5      0.979     -0.043      0.168     -0.367      0.506     -0.356
0.4500       -29979.675   -29988.059        8.384   336.1      0.765      0.448      0.122      0.959      0.146      0.353
0.5000       -29979.933   -29988.156        8.223   329.6     -0.248      0.043      0.867     -0.201     -0.563      0.318
0.5500       -29979.776   -29988.318        8.542   342.4     -0.379     -0.207     -0.220     -0.331     -0.515     -0.789
0.6000       -29979.751   -29988.557        8.806   353.0     -0.043     -0.814     -0.031      0.154      0.585      0.175
0.6500       -29979.609   -29988.832        9.223   369.7      0.282     -0.028      0.737     -0.270     -0.365      0.655
0.7000       -29979.912   -29988.240        8.328   333.8     -0.346     -0.503     -0.299     -0.486      0.109      0.151
0.7500       -29980.135   -29988.652        8.517   341.4      0.232     -0.532     -0.096      0.610     -0.197     -0.250
0.8000       -29980.078   -29988.852        8.774   351.7     -0.561     -0.881     -0.312     -0.362      0.177     -0.375
0.8500       -29979.980   -29989.025        9.045   362.6     -0.069      0.333      0.365     -0.593      0.182     -0.837
0.9000       -29979.928   -29988.340        8.411   337.2     -0.518     -0.277      0.110      0.079      0.393      0.002
0.9500       -29979.424   -29988.902        9.479   379.9     -0.106     -1.334     -1.431      0.079     -0.094      0.148
1.0000       -29979.408   -29988.143        8.735   350.1      0.636      0.303     -0.097     -0.154     -0.002      0.070
1.0500       -29979.768   -29988.518        8.750   350.7     -0.381      0.014      0.678      0.302      0.229     -0.295
1.1000       -29980.218   -29988.537        8.319   333.5     -0.593     -0.041      0.034     -0.480     -0.272     -0.087
1.1500       -29979.833   -29988.771        8.938   358.3      0.343     -0.697     -0.767      0.307      0.005     -0.307
1.2000       -29979.830   -29988.205        8.375   335.7     -0.079     -0.858     -0.090     -0.366     -0.168     -0.508
1.2500       -29980.161   -29989.225        9.064   363.3      0.526      0.364      0.009     -0.083     -0.223      0.334
1.3000       -29980.503   -29988.631        8.128   325.8     -0.096     -0.865     -0.115     -0.297     -0.329     -0.099
1.3500       -29980.650   -29988.990        8.340   334.3     -0.459     -0.329      1.002     -0.473     -0.391      0.586
1.4000       -29980.678   -29989.037        8.359   335.1     -1.111     -0.715     -1.084      0.222      0.285      0.215
1.4500       -29980.465   -29989.115        8.651   346.8     -0.298     -1.363      0.328      0.143      0.403      0.239
1.5000       -29980.174   -29989.262        9.088   364.3     -0.685     -0.042      0.275      0.474      0.496     -0.546
1.5500       -29980.200   -29988.287        8.087   324.2     -0.232     -0.456     -0.917     -0.415     -0.240     -0.291
1.6000       -29980.624   -29988.768        8.143   326.4     -0.333     -0.110      0.100     -0.002     -0.015     -0.012
1.6500       -29980.441   -29988.219        7.777   311.8     -0.665     -0.610     -0.474      0.205      0.217     -0.080
1.7000       -29980.563   -29989.320        8.757   351.0      0.702      0.116      0.113     -0.058     -0.113      0.129
1.7500       -29980.692   -29989.617        8.925   357.8     -0.558      0.672      0.337     -0.000     -0.294     -0.042
1.8000       -29980.498   -29988.094        7.596   304.5      0.137     -0.076     -0.040     -0.416     -0.214     -0.218
1.8500       -29980.597   -29988.520        7.922   317.6     -0.827     -0.111     -0.160     -0.330     -0.059      0.221
1.9000       -29980.246   -29988.680        8.434   338.1      0.043     -0.862     -0.153      0.570     -0.429     -0.092
1.9500       -29980.493   -29988.846        8.353   334.8     -0.341     -0.581      0.197      0.079     -0.023      0.445
2.0000       -29980.265   -29987.953        7.688   308.2     -0.356     -0.043     -0.760     -0.265      0.416      0.378
2.0500       -29980.451   -29988.783        8.332   334.0     -0.511     -0.085     -0.077      0.340     -0.144      0.050
2.1000       -29980.898   -29989.049        8.150   326.7      0.797      0.588      0.551     -0.076     -0.017      0.308
2.1500       -29981.043   -29988.986        7.944   318.4     -0.358     -0.178     -0.614      0.409     -0.272     -0.153
2.2000       -29981.347   -29989.180        7.833   314.0     -0.730     -0.827     -0.111     -0.438     -0.243     -0.240
2.2500       -29981.388   -29989.215        7.827   313.8     -1.156     -0.621     -1.085     -0.076      0.292      0.319
2.3000       -29981.499   -29989.590        8.091   324.3      0.685     -0.628     -0.611     -0.153     -0.044      0.367
2.3500       -29981.658   -29989.195        7.537   302.1     -0.461      0.792     -0.299     -0.062     -0.174      0.046
2.4000       -29981.296   -29988.945        7.649   306.6     -0.684     -0.520      0.142      0.059      0.199     -0.278
2.4500       -29981.250   -29989.014        7.764   311.2     -0.051     -0.191     -0.175     -0.314     -0.463      0.110
2.5000       -29980.926   -29989.270        8.344   334.5      0.574     -0.235     -0.201      0.189     -0.380      0.374
2.5500       -29981.215   -29988.855        7.640   306.3     -0.309      0.662     -0.298      0.040      0.117     -0.384
2.6000       -29980.802   -29989.025        8.224   329.6     -0.521     -0.749      0.301      0.246     -0.187     -0.689
2.6500       -29980.827   -29989.074        8.247   330.6     -0.311      0.501     -0.484      0.552     -0.349     -0.265
2.7000       -29980.655   -29988.443        7.788   312.2      0.007     -0.018     -0.251     -0.141     -0.475     -0.415
2.7500       -29980.408   -29988.676        8.268   331.4      0.066     -0.269      0.086      0.268      0.202     -0.005
2.8000       -29980.475   -29987.908        7.433   297.9     -0.158     -0.153     -0.386     -0.079     -0.474      0.512
2.8500       -29979.662   -29988.324        8.662   347.2     -0.253      0.014     -0.727      0.307     -0.169     -0.415
2.9000       -29980.083   -29988.477        8.394   336.5      0.585     -0.442      0.361      0.150      0.189      0.572
2.9500       -29980.018   -29987.717        7.699   308.6      0.002     -0.158      0.079      0.580     -0.185     -0.095
3.0000       -29980.030   -29988.018        7.987   320.2     -1.116     -0.163     -0.224     -0.011     -0.375     -0.282
3.0500       -29979.896   -29988.314        8.419   337.5      0.476     -0.037     -0.444      0.245     -0.123      0.528
3.1000       -29979.876   -29989.055        9.179   367.9     -0.294      0.255      0.675      0.433     -0.374     -0.078
3.1500       -29980.098   -29988.727        8.629   345.9     -0.064     -0.438     -1.181     -0.063     -0.010      0.119
3.2000       -29980.519   -29988.484        7.965   319.3     -0.648     -0.219     -0.578     -0.187     -0.314     -0.027
3.2500       -29980.179   -29988.396        8.217   329.4     -0.393     -0.765     -0.499      0.192      0.011     -0.197
3.3000       -29980.149   -29987.967        7.818   313.4      0.443     -0.548     -0.019      0.023     -0.010      0.559
3.3500       -29980.447   -29988.359        7.913   317.2      0.371     -0.036      0.166      0.495      0.144      0.232
3.4000       -29980.578   -29988.801        8.223   329.6     -0.146      0.214     -0.192     -0.726     -0.121      0.249
3.4500       -29979.730   -29988.434        8.703   348.9     -0.470      0.202     -0.470      0.000      0.057      0.029
3.5000       -29979.415   -29988.068        8.653   346.9      0.908     -0.685     -0.339     -0.189      0.068      0.400
3.5500       -29980.014   -29988.566        8.552   342.8     -0.561      0.400      0.767     -0.550     -0.414     -0.250
3.6000       -29979.971   -29988.291        8.320   333.5      0.548     -0.861     -0.004     -0.174     -0.502      0.755
3.6500       -29980.028   -29988.350        8.322   333.6      0.384      0.507     -0.416     -0.120      0.104     -0.721
3.7000       -29979.594   -29987.400        7.807   312.9     -0.528      0.144     -0.155     -0.170      0.546      0.289
3.7500       -29979.656   -29988.721        9.065   363.4     -0.450     -0.132     -0.902      0.033      0.424     -0.431
3.8000       -29980.283   -29988.541        8.258   331.0     -0.345     -0.082      0.179     -0.163     -0.091      0.266
3.8500       -29980.810   -29988.533        7.723   309.6      0.722      0.477      0.942      0.295      0.113     -0.377
3.9000       -29981.097   -29988.975        7.877   315.8     -0.270      0.380      0.179     -0.403      0.332     -0.172
3.9500       -29981.118   -29988.883        7.765   311.2     -0.720     -0.214     -0.312     -0.232     -0.215     -0.345
4.0000       -29981.199   -29988.889        7.690   308.3     -0.660      0.476      0.017      0.196     -0.421      0.235
4.0500       -29980.921   -29988.682        7.761   311.1      0.032     -0.117     -0.675     -0.267      0.172     -0.034
4.1000       -29981.107   -29988.791        7.684   308.0     -0.599     -0.392     -0.632     -0.131     -0.138     -0.160
4.1500       -29981.387   -29988.904        7.517   301.3      0.074      0.718      0.093     -0.219     -0.066     -0.290
4.2000       -29981.899   -29989.000        7.101   284.6      0.622      0.715      0.569     -0.331     -0.156     -0.275
4.2500       -29981.440   -29988.855        7.416   297.3     -0.716     -0.594     -0.137     -0.041      0.084      0.831
4.3000       -29981.526   -29989.078        7.552   302.7      1.037     -0.098      0.900      0.034     -0.681     -0.199
4.3500       -29981.444   -29989.689        8.245   330.5      0.600      0.470      0.010     -0.126      0.177      0.246
4.4000       -29981.491   -29989.461        7.970   319.5      0.371     -0.274      0.569     -0.329     -0.409     -0.246
4.4500       -29980.785   -29988.551        7.766   311.3      0.227     -0.180     -0.007     -0.115     -0.120     -0.262
4.5000       -29981.147   -29988.980        7.833   314.0      0.183     -0.254      0.203      0.338     -0.038     -0.455
4.5500       -29981.216   -29988.895        7.678   307.8     -0.490      0.145     -0.193     -0.000      0.708      0.330
4.6000       -29981.325   -29988.473        7.147   286.5      0.264      0.910     -0.477      0.053     -0.591     -0.048
4.6500       -29981.787   -29989.178        7.391   296.3      1.228     -0.319      1.590     -0.155      0.576     -0.009
4.7000       -29981.873   -29989.650        7.778   311.8      0.100      0.548     -0.675      0.143     -0.466      0.352
4.7500       -29981.880   -29989.635        7.755   310.9     -0.423     -0.289      0.162      0.189     -0.515     -0.033
4.8000       -29981.754   -29989.002        7.248   290.5     -0.147     -0.164     -0.097      0.082     -0.487     -0.010
4.8500       -29981.784   -29989.312        7.529   301.8     -0.349     -0.109     -0.643     -0.716      0.250      0.155
4.9000       -29981.730   -29989.348        7.617   305.3      0.643      0.396     -0.168     -0.188     -0.227      0.111
4.9500       -29981.717   -29989.656        7.939   318.3     -0.427     -0.047     -0.849     -0.050      0.477      0.102
5.0000       -29982.035   -29989.174        7.138   286.1     -0.136      0.503      0.771     -0.109     -0.167     -0.127
5.0500       -29981.699   -29989.115        7.416   297.3     -0.055      0.258      0.609      0.366     -0.071      0.343
5.1000       -29981.060   -29988.877        7.817   313.3      0.313     -0.385     -0.328     -1.193     -0.145     -0.555
5.1500       -29981.200   -29989.402        8.203   328.8      0.416      0.484     -0.548      0.471      0.296     -0.114
5.2000       -29981.459   -29989.664        8.205   328.9     -0.667     -0.057      0.362      0.000      0.276      0.033
5.2500       -29980.770   -29988.404        7.634   306.0      0.767     -0.440     -0.232     -0.093     -0.007     -0.408
5.3000       -29980.666   -29988.430        7.764   311.2     -0.091      0.004      0.214     -0.460     -0.451      0.692
5.3500       -29981.094   -29989.119        8.025   321.7      0.192     -0.597     -0.070      0.004      0.526      0.182
5.4000       -29980.304   -29988.383        8.079   323.9      0.038      0.094      0.395     -0.416     -0.414     -0.106
5.4500       -29980.091   -29988.635        8.544   342.5     -0.221      0.054      0.415      0.122     -0.006     -0.115
5.5000       -29979.922   -29988.854        8.931   358.0      0.346      0.023      0.318      0.456      0.130      0.102
5.5500       -29980.515   -29988.740        8.225   329.7     -0.474      0.090     -0.150     -0.518     -0.108      0.159
5.6000       -29980.688   -29989.105        8.418   337.4      0.041     -0.321     -0.403      0.378      0.616      0.053
5.6500       -29980.943   -29988.857        7.914   317.2      0.270     -0.228      0.021     -0.258     -0.305      0.244
5.7000       -29981.065   -29987.852        6.787   272.0      0.315     -0.487      0.130     -0.293      0.173     -0.166
5.7500       -29979.567   -29987.730        8.163   327.2     -0.711      0.781      0.739     -0.056     -0.328     -0.765
5.8000       -29980.103   -29987.844        7.741   310.3     -0.230     -0.310     -0.813     -0.523      0.176      0.192
5.8500       -29980.304   -29987.732        7.429   297.8     -0.138      0.052      0.727      0.249      0.050      0.402
5.9000       -29980.223   -29987.869        7.646   306.5      0.387      0.251      0.913     -0.080     -0.029     -0.721
5.9500       -29980.501   -29988.541        8.040   322.3      0.862      0.509      0.343      0.191      0.523      0.199
6.0000       -29980.364   -29988.365        8.002   320.7     -0.526     -1.067     -0.392      0.265      0.299     -0.323
6.0500       -29980.573   -29988.689        8.117   325.3     -0.718     -0.262     -0.219     -0.398      0.201      0.205
6.1000       -29980.652   -29989.543        8.891   356.4      0.085     -1.051     -0.796      0.410     -0.610     -0.442
6.1500       -29979.878   -29988.828        8.950   358.7     -0.743     -0.192     -0.348     -0.162      0.101     -0.191
6.2000       -29979.310   -29988.164        8.854   354.9     -0.374      0.562      0.806     -0.154     -0.370     -0.144
6.2500       -29979.672   -29988.713        9.040   362.4      0.065      0.471      0.547     -0.404     -0.197     -0.277
6.3000       -29980.129   -29987.785        7.656   306.9      0.466      0.410      0.310      0.035      0.912      0.096
6.3500       -29980.375   -29988.400        8.026   321.7      0.120      0.827      0.683     -0.355      0.009     -0.333
6.4000       -29980.652   -29988.303        7.651   306.7      0.328      0.230      0.108      0.690     -0.213     -0.454
6.4500       -29980.670   -29988.621        7.951   318.7      0.776      0.495      0.379      0.019      0.152     -0.154
6.5000       -29980.248   -29988.166        7.918   317.4     -0.166      0.713      0.499      0.205      0.160      0.268
6.5500       -29980.392   -29988.457        8.065   323.3      0.105     -0.706     -0.073     -0.424      0.112      0.037
6.6000       -29980.157   -29988.117        7.960   319.1     -0.197     -1.030     -0.091      0.041     -0.476     -0.096
6.6500       -29980.731   -29988.104        7.372   295.5      0.858      0.195      0.670      0.382     -0.158     -0.135
6.7000       -29981.589   -29989.551        7.962   319.1      0.898     -0.282      0.241      0.285     -0.492     -0.409
6.7500       -29981.637   -29989.471        7.833   314.0     -0.319      1.369      0.525     -0.132      0.215      0.321
6.8000       -29981.841   -29989.672        7.831   313.9      0.119     -0.225      0.442      0.163      0.124     -0.039
6.8500       -29981.816   -29989.215        7.399   296.6      0.589      1.264     -0.169      0.095     -0.041     -0.076
6.9000       -29981.367   -29989.346        7.979   319.8     -0.179     -0.099      0.808      0.349      0.247      0.150
6.9500       -29980.940   -29989.309        8.368   335.4     -1.155     -0.139     -0.532     -0.200     -0.429      0.610
7.0000       -29981.050   -29989.473        8.423   337.6      0.401     -0.291     -0.207     -0.001     -0.102      0.066
7.0500       -29980.759   -29988.861        8.102   324.8      0.183     -0.358      1.039      0.133      0.064      0.287
7.1000       -29981.168   -29989.443        8.275   331.7      0.758     -0.935     -0.259      0.622      0.314      0.284
7.1500       -29981.143   -29989.082        7.939   318.2      0.057     -0.124     -0.174     -0.063     -0.128     -0.549
7.2000       -29981.437   -29989.572        8.136   326.1     -0.006     -0.600      0.359      0.426     -0.259      0.336
7.2500       -29981.096   -29988.787        7.691   308.3      0.331      0.626      0.192      0.694      0.114      0.164
7.3000       -29980.711   -29988.801        8.090   324.3     -0.213      0.160     -0.474     -0.005     -0.092      0.120
7.3500       -29980.598   -29987.846        7.247   290.5     -0.111     -0.384     -0.595     -0.007     -0.255      0.007
7.4000       -29980.506   -29988.078        7.572   303.5     -0.155      0.012     -0.626      0.343     -0.295      0.307
7.4500       -29980.585   -29987.961        7.376   295.7     -0.013     -0.977      0.328     -0.607      0.171      0.391
7.5000       -29980.337   -29988.615        8.278   331.8      0.539     -0.370      0.662      0.217     -0.213      0.086
7.5500       -29980.287   -29988.033        7.746   310.5     -1.035      0.289     -0.094     -0.544      0.238      0.172
7.6000       -29980.375   -29988.203        7.828   313.8     -0.303     -0.828     -0.258     -0.090     -0.163      0.048
7.6500       -29980.141   -29988.729        8.588   344.2     -0.538     -1.086     -1.298     -0.271      0.190      0.066
7.7000       -29980.140   -29988.629        8.489   340.3      0.074     -0.469     -0.676      0.001     -0.055     -0.416
7.7500       -29980.404   -29988.408        8.004   320.8      0.862      0.203      0.412     -0.020      0.202      0.401
7.8000       -29980.147   -29988.631        8.484   340.1     -0.385     -0.016     -0.568     -0.126     -0.668     -0.001
7.8500       -29979.935   -29989.303        9.368   375.5      0.025     -0.030     -0.037     -0.089     -0.122      0.549
7.9000       -29979.988   -29988.641        8.653   346.9     -0.016     -0.535     -0.303     -0.449     -0.322     -0.944
7.9500       -29979.810   -29988.961        9.151   366.8      0.188     -0.364     -0.466      0.626     -0.111      0.615
8.0000       -29979.771   -29988.162        8.392   336.4     -0.637     -0.665     -0.959      0.167      0.546      0.233
8.0500       -29979.538   -29987.713        8.175   327.7     -0.442     -0.101      1.120     -0.331     -0.100     -0.702
8.1000       -29979.255   -29987.660        8.406   336.9     -1.166      0.447     -0.971     -0.059     -0.659     -0.330
8.1500       -29980.090   -29987.992        7.902   316.7     -0.182     -0.950      0.425      0.221      0.342     -0.190
8.2000       -29979.892   -29987.496        7.604   304.8      0.110      0.011      0.544      0.251     -1.019      0.388
8.2500       -29979.710   -29987.951        8.241   330.3      0.065     -0.062      0.360      0.251     -0.200     -0.380
8.3000       -29979.613   -29988.264        8.651   346.8     -0.180      0.286     -0.444     -0.099     -0.344     -0.289
8.3500       -29979.807   -29987.668        7.861   315.1     -0.539     -0.778     -0.706     -0.376     -0.246      0.146
8.4000       -29980.468   -29988.086        7.618   305.4     -0.744     -0.414     -0.739     -0.223     -0.222     -0.124
8.4500       -29980.853   -29988.648        7.795   312.5     -0.023      0.314     -0.088      0.165      0.276     -0.065
8.5000       -29980.638   -29988.428        7.790   312.2     -0.682      0.315     -0.009      0.064     -0.072      0.298
8.5500       -29980.307   -29988.508        8.200   328.7      0.262     -0.097     -0.154     -0.157     -0.061     -0.022
8.6000       -29979.978   -29987.260        7.282   291.9     -0.062     -0.539     -1.359     -0.148     -0.110     -0.779
8.6500       -29979.521   -29987.707        8.186   328.1     -0.574     -0.172     -0.420      0.135     -0.348      0.354
8.7000       -29979.449   -29987.441        7.992   320.4     -0.087     -0.568     -0.633      0.398      0.316      0.071
8.7500       -29979.466   -29987.717        8.251   330.7     -0.498      0.010      0.685     -0.071     -0.378      0.435
8.8000       -29979.350   -29987.498        8.148   326.6     -0.814     -0.573     -0.876      0.317     -0.365     -0.169
8.8500       -29978.949   -29987.303        8.354   334.9      0.588     -0.037     -0.256     -0.087     -0.158      0.048
8.9000       -29978.892   -29986.943        8.051   322.7      0.246      0.046      0.141     -0.176     -0.103     -0.549
8.9500       -29978.661   -29986.613        7.952   318.8     -0.635     -0.174     -0.945     -0.263      0.511      0.074
9.0000       -29978.376   -29986.514        8.138   326.2      0.353     -1.501     -0.120      0.251     -0.441     -0.330
9.0500       -29977.915   -29986.463        8.547   342.6     -0.138      0.041     -1.574     -0.136     -0.085     -0.016
9.1000       -29978.015   -29986.656        8.642   346.4     -0.664     -0.101      0.052      0.383      0.535     -0.261
9.1500       -29978.386   -29987.469        9.083   364.1      0.060     -0.032     -0.714     -0.252     -0.352      0.082
9.2000       -29978.449   -29987.162        8.713   349.3     -0.137     -0.262      0.367      0.399      0.136     -0.243
9.2500       -29978.272   -29986.590        8.318   333.4      0.099      0.390     -0.038     -0.904     -0.350      0.302
9.3000       -29978.246   -29986.689        8.443   338.5      0.308      0.114      0.335      0.157     -0.206     -0.561
9.3500       -29977.993   -29986.791        8.798   352.7     -0.676     -0.910     -0.066      0.103     -0.555      0.310
9.4000       -29978.128   -29986.014        7.885   316.1     -0.581      0.550      0.111     -0.769     -0.098      0.220
9.4500       -29978.591   -29987.092        8.501   340.8      0.031     -0.509      0.452     -0.080     -0.063     -0.082
9.5000       -29978.566   -29986.867        8.301   332.7     -0.480     -0.075     -0.274     -0.413     -0.076     -0.363
9.5500       -29978.484   -29986.826        8.342   334.4      0.323      0.108     -0.171      0.210     -0.156      0.153
9.6000       -29977.998   -29986.551        8.552   342.8     -0.119      0.001     -0.388     -0.138     -0.362      0.395
9.6500       -29978.338   -29986.594        8.255   330.9     -0.041     -0.016     -0.049     -0.416      0.075      0.057
9.7000       -29977.985   -29986.730        8.746   350.6     -0.087     -0.258     -0.354     -0.066     -0.438     -0.055
9.7500       -29978.645   -29986.162        7.517   301.3     -0.151     -0.411     -0.146     -0.549      0.349     -0.482
9.8000       -29978.451   -29987.709        9.258   371.1      1.007      0.411      0.579      0.134     -0.918      0.673
9.8500       -29978.494   -29987.088        8.594   344.5     -0.248     -0.461     -0.646     -0.153      0.947     -0.529
9.9000       -29978.326   -29987.582        9.256   371.0     -0.400      0.773      0.927      0.083     -0.391      0.188
9.9500       -29978.534   -29986.855        8.322   333.6     -0.350      0.216     -0.592      0.015      0.225      0.394
10.0000      -29978.310   -29986.234        7.924   317.6      0.471     -0.441      0.000     -0.004     -0.002      0.045
