Time[ps]      Etot[eV]     Epot[eV]     Ekin[eV]    T[K]      ---------------------- stress [GPa] -----------------------
0.0000       -29980.982   -29989.170        8.188   328.2     -0.258     -0.244      0.161     -0.271     -0.093     -0.689
0.0500       -29981.044   -29989.223        8.179   327.8      0.801     -0.011      0.380      0.224     -0.205      1.209
0.1000       -29981.115   -29989.504        8.389   336.3      0.045     -0.212      0.066      0.199      0.038     -0.060
0.1500       -29981.443   -29990.137        8.694   348.5     -0.541      0.826      0.082     -0.586      0.183     -0.181
0.2000       -29981.310   -29989.590        8.280   331.9      0.006     -0.083     -0.939      0.404     -0.220      0.402
0.2500       -29981.529   -29989.594        8.065   323.3     -0.023      1.584     -0.247     -0.249     -0.041     -0.141
0.3000       -29981.766   -29989.973        8.206   329.0     -0.473     -0.379     -1.156     -0.594     -0.127     -0.060
0.3500       -29980.953   -29988.996        8.043   322.4      0.562     -0.149     -0.114      0.796     -0.802      0.590
0.4000       -29980.573   -29989.863        9.290   372.4      0.003      0.992     -0.707     -0.342     -0.027      0.115
0.4500       -29980.824   -29988.871        8.047   322.6     -0.033      0.370      0.380      0.213      1.030     -0.084
0.5000       -29980.492   -29989.641        9.149   366.7      0.280      0.943     -0.223     -0.277      0.280      0.309
0.5500       -29980.940   -29989.525        8.586   344.2      0.196     -0.141      0.063      0.049      0.562      0.412
0.6000       -29981.073   -29989.707        8.634   346.1      0.443      0.178      0.467      0.412     -0.857      0.154
0.6500       -29981.441   -29988.609        7.168   287.3     -0.379     -0.481     -0.891      0.223      0.539      0.217
0.7000       -29981.424   -29989.459        8.035   322.1     -0.921     -0.285     -0.082     -0.127      0.237     -0.101
0.7500       -29981.927   -29990.303        8.375   335.7      0.552      0.372      0.145      0.184     -0.159      0.359
0.8000       -29981.660   -29989.814        8.155   326.9      1.301      0.234     -0.341     -0.074      0.431      0.198
0.8500       -29982.120   -29989.113        6.993   280.3     -0.187     -0.524     -1.238      0.277     -0.146      0.152
0.9000       -29982.800   -29990.533        7.733   310.0      0.549     -0.335     -0.621      0.018      0.325      0.248
0.9500       -29982.947   -29990.789        7.842   314.3      0.186      0.261     -0.008      0.166      0.205      0.775
1.0000       -29982.622   -29990.332        7.710   309.1      0.773     -0.357     -0.305     -0.211      0.315     -0.146
1.0500       -29982.418   -29990.459        8.041   322.3      0.526      0.700     -0.081      0.088      0.005     -0.686
1.1000       -29982.012   -29990.561        8.549   342.7     -0.132     -0.033     -0.117     -0.268      0.120      0.075
1.1500       -29982.234   -29990.455        8.221   329.5      0.960      0.844      0.535      0.225     -0.165      0.081
1.2000       -29982.289   -29989.865        7.577   303.7     -0.478      0.395      0.123     -0.185      0.362      0.037
1.2500       -29982.560   -29990.631        8.071   323.5     -0.321      0.308     -0.251     -0.333      0.078      0.476
1.3000       -29982.249   -29990.068        7.819   313.4      0.515      0.912      0.031     -0.414      0.172      0.198
1.3500       -29982.365   -29989.938        7.573   303.6     -0.232     -0.671     -0.318      0.018      0.498      0.094
1.4000       -29982.243   -29989.867        7.624   305.6     -0.193     -0.078      0.182     -0.070     -0.113     -0.430
1.4500       -29981.798   -29989.893        8.095   324.5      0.443      0.177      0.781     -0.168      0.157      0.590
1.5000       -29981.557   -29989.672        8.115   325.3      1.370      1.359      0.087      0.536     -0.066     -0.260
1.5500       -29981.274   -29989.736        8.462   339.2      0.786      0.557      0.510     -0.033      0.177      0.593
1.6000       -29981.472   -29989.650        8.179   327.8      0.103      0.517      0.135      0.130     -0.022      0.262
1.6500       -29981.563   -29989.859        8.297   332.6     -0.672     -0.551     -0.343     -0.234      0.299      0.538
1.7000       -29981.115   -29989.955        8.840   354.3     -0.440      1.035      0.434      0.185      0.194     -0.656
1.7500       -29981.052   -29989.070        8.019   321.4      0.062     -0.102      1.231      0.699     -0.265      0.621
1.8000       -29980.628   -29989.361        8.734   350.1      0.659      0.157      1.024      0.150      0.239     -0.662
1.8500       -29981.419   -29989.631        8.212   329.2      0.147      0.327      0.112      0.100     -0.053      0.050
1.9000       -29981.836   -29989.807        7.970   319.5      0.779      1.010      1.172     -0.055     -0.385     -0.414
1.9500       -29981.998   -29989.561        7.562   303.1     -0.223     -0.182      0.321     -0.042      0.115      0.038
2.0000       -29981.383   -29990.111        8.728   349.9     -0.318     -0.050     -0.821      0.519      0.407     -0.362
2.0500       -29982.027   -29989.738        7.711   309.1     -0.604     -0.676      0.238     -0.655      0.361     -0.288
2.1000       -29982.407   -29990.283        7.876   315.7     -0.351      0.017     -0.531      0.004      0.351     -0.201
2.1500       -29982.367   -29990.240        7.873   315.6     -0.664     -0.345      0.002      0.065      0.140     -0.366
2.2000       -29982.139   -29990.086        7.947   318.5      0.325     -0.581      0.564      0.485     -0.331     -0.161
2.2500       -29981.897   -29989.498        7.601   304.7     -0.152      0.527     -0.233     -0.109     -0.250      0.241
2.3000       -29982.175   -29990.119        7.944   318.4      0.292     -0.352     -0.373     -0.364     -0.251     -0.174
2.3500       -29982.032   -29989.988        7.957   318.9     -0.355      0.875     -0.087     -0.196      0.085      0.063
2.4000       -29981.660   -29989.695        8.036   322.1      0.702     -0.512      0.064      0.138      0.072      0.326
2.4500       -29981.736   -29989.547        7.811   313.1      0.186      0.480     -0.214     -0.017      0.055      0.221
2.5000       -29981.747   -29989.645        7.897   316.6      0.043     -0.049      0.581      0.438     -0.425      0.199
2.5500       -29981.368   -29989.828        8.460   339.1     -0.155      0.154     -0.046      0.143      0.106      0.504
2.6000       -29981.881   -29990.213        8.332   334.0      0.098     -0.283     -0.728     -0.502     -0.011     -0.526
2.6500       -29981.890   -29989.514        7.624   305.6      0.237      0.028      0.368      0.643      0.902      0.224
2.7000       -29981.456   -29989.346        7.890   316.3      0.365     -0.447     -0.361      0.314      0.054     -0.433
2.7500       -29980.670   -29989.570        8.901   356.8      0.061      0.030     -0.217      0.021      0.085     -0.260
2.8000       -29980.574   -29988.707        8.133   326.0      0.285     -0.652      0.198     -0.644      0.391      0.168
2.8500       -29980.090   -29988.508        8.418   337.4     -0.446     -0.117     -0.417      0.379      0.467      0.460
2.9000       -29979.967   -29988.412        8.445   338.5     -0.551      0.160     -0.018      0.118      0.190     -0.109
2.9500       -29980.054   -29988.324        8.270   331.5      0.702     -0.396     -0.493      0.310     -0.131      0.184
3.0000       -29980.449   -29988.617        8.168   327.4     -0.269      0.295      0.122     -0.154      0.263     -0.228
3.0500       -29980.942   -29989.176        8.233   330.0      0.701      0.339     -0.295      0.457      0.341      0.425
3.1000       -29980.790   -29989.072        8.282   332.0      0.565      0.341      0.667      0.017      0.592     -0.609
3.1500       -29980.363   -29988.615        8.252   330.8      0.527      0.184     -0.289      0.138      0.612      0.020
3.2000       -29980.456   -29988.883        8.427   337.8     -0.609      0.131      0.074     -0.214      0.239     -0.161
3.2500       -29980.492   -29988.463        7.971   319.5      0.327     -0.794      0.235      0.375      0.135      0.334
3.3000       -29980.691   -29988.537        7.847   314.5     -0.135     -0.333     -0.401     -0.408     -0.595      0.139
3.3500       -29980.620   -29989.080        8.460   339.1     -0.078     -0.066      0.206      0.082      0.065      0.962
3.4000       -29980.637   -29989.344        8.707   349.0      1.329      0.525      1.171      0.472      0.119      0.096
3.4500       -29980.991   -29989.369        8.379   335.9      0.467      0.095      0.082      0.293      0.387      0.722
3.5000       -29981.483   -29989.223        7.740   310.2      1.131      0.024      0.902     -0.170      0.205     -0.516
3.5500       -29981.549   -29990.027        8.479   339.9      0.119     -0.408      0.039     -0.115      0.217      0.366
3.6000       -29981.749   -29989.396        7.647   306.5      0.314      0.555      0.576     -0.344     -0.353      0.238
3.6500       -29981.329   -29989.570        8.241   330.4      0.289     -0.219      0.737      0.033     -0.091      0.052
3.7000       -29981.431   -29989.471        8.040   322.3     -0.079      0.332     -0.540     -0.189      0.160      0.278
3.7500       -29981.450   -29989.023        7.574   303.6      0.265      0.133     -0.697      0.785      0.385      0.367
3.8000       -29981.145   -29988.709        7.564   303.2     -0.273     -0.504      0.833     -0.396      0.073      0.047
3.8500       -29981.329   -29989.844        8.515   341.3      0.866      0.212      0.145     -0.060      0.140     -0.175
3.9000       -29981.410   -29989.539        8.129   325.9     -0.265      0.677     -0.143     -0.241      0.282     -0.015
3.9500       -29981.746   -29989.354        7.608   305.0     -0.502     -0.511      0.453     -0.312     -0.011      0.960
4.0000       -29981.868   -29989.865        7.997   320.6     -0.004      0.519      0.326     -0.316      0.335     -0.628
4.0500       -29981.797   -29989.686        7.889   316.2     -0.130      0.189     -0.186     -0.405     -0.089     -0.459
4.1000       -29982.176   -29990.254        8.078   323.8      0.843     -0.528      0.640      0.038      0.835     -0.321
4.1500       -29982.170   -29989.453        7.283   292.0     -1.059     -0.290      0.276     -0.220     -0.632      0.450
4.2000       -29982.019   -29990.488        8.470   339.5     -0.127     -0.150     -0.654     -0.194      0.391      0.064
4.2500       -29981.607   -29989.529        7.922   317.6     -0.388     -0.541      0.330      0.287     -0.346      0.192
4.3000       -29981.408   -29989.457        8.049   322.6     -1.261     -0.014     -0.064     -0.480     -0.399     -0.198
4.3500       -29981.023   -29989.146        8.124   325.6     -0.058      0.229      0.466      0.084      0.325      0.282
4.4000       -29981.293   -29988.857        7.564   303.2     -0.983     -0.146     -0.497     -0.014     -0.053      0.106
4.4500       -29981.178   -29989.785        8.607   345.0     -0.221     -0.148      0.591     -0.368      0.001     -0.000
4.5000       -29980.925   -29989.189        8.264   331.3     -0.121      0.848      0.033     -0.204     -0.451     -0.101
4.5500       -29980.673   -29988.547        7.874   315.6     -0.352      1.162     -0.257      0.255     -0.302     -0.031
4.6000       -29980.413   -29988.516        8.103   324.8     -0.676     -0.134     -0.271      0.197     -0.192     -0.250
4.6500       -29980.572   -29988.555        7.982   320.0     -0.092     -0.750     -0.680      0.159      0.032      0.417
4.7000       -29980.570   -29989.434        8.864   355.3      0.695     -0.125      1.105     -0.030      0.208      0.249
4.7500       -29980.505   -29989.178        8.673   347.7      0.426      1.471      0.192      0.248      0.313     -0.020
4.8000       -29980.146   -29988.211        8.064   323.3     -0.068      1.008      0.034     -0.697     -0.045      0.154
4.8500       -29980.450   -29988.500        8.050   322.7      0.258     -0.151      0.780      0.051      0.259      0.485
4.9000       -29980.254   -29988.312        8.059   323.0      0.201      0.981      0.675      0.403     -0.272      0.238
4.9500       -29980.285   -29988.979        8.693   348.5      0.428      0.024     -0.962     -0.063      0.252      0.756
5.0000       -29979.754   -29988.443        8.690   348.3     -0.295      0.345     -0.112      0.161      0.239      0.084
5.0500       -29979.653   -29988.252        8.599   344.7     -0.089      0.115      0.143     -0.281     -0.318     -0.708
5.1000       -29979.867   -29988.756        8.889   356.3     -0.183      0.637      0.158     -0.385     -0.332      0.136
5.1500       -29980.155   -29988.221        8.066   323.3      0.440     -0.191     -0.496      0.012      0.580     -0.113
5.2000       -29980.581   -29988.039        7.458   299.0      0.129     -0.545      0.118      0.467     -0.171      0.204
5.2500       -29980.365   -29988.248        7.883   316.0      0.225      0.675     -0.204      0.078      0.424     -0.354
5.3000       -29980.661   -29989.287        8.627   345.8     -0.204     -0.657      0.136      0.186      0.284     -0.252
5.3500       -29980.116   -29988.555        8.439   338.3      0.594     -0.149     -0.408      0.413      0.104     -0.255
5.4000       -29979.829   -29988.947        9.118   365.5     -0.315     -0.079      0.310      0.391      0.192     -0.405
5.4500       -29980.227   -29988.729        8.501   340.8     -0.094     -0.616     -0.275      0.000     -0.372      0.555
5.5000       -29980.297   -29988.955        8.658   347.1     -0.006     -1.085      0.270      0.099      0.054     -0.273
5.5500       -29980.204   -29988.416        8.212   329.2     -0.056     -0.317     -0.000      0.912     -0.532     -0.065
5.6000       -29980.148   -29988.809        8.660   347.2     -0.538     -0.078     -0.830     -0.031      0.757      0.219
5.6500       -29980.276   -29989.643        9.367   375.5     -0.260     -0.518     -0.938      0.391      0.384     -0.038
5.7000       -29980.903   -29989.229        8.325   333.7      0.017     -0.446     -0.274     -0.143      0.820     -0.105
5.7500       -29981.066   -29989.045        7.979   319.8     -0.071      0.381     -0.111      0.236     -0.236     -0.084
5.8000       -29981.392   -29989.729        8.336   334.2      0.201      0.439      0.312     -0.258     -0.018     -0.217
5.8500       -29981.365   -29989.264        7.899   316.6      0.301     -0.036      0.461      0.196      0.043      0.251
5.9000       -29981.372   -29989.729        8.357   335.0     -0.191     -0.641      0.204     -0.038      0.579      0.011
5.9500       -29981.176   -29989.729        8.552   342.8     -1.127     -0.070     -0.678     -0.540     -0.464     -0.353
6.0000       -29982.175   -29989.975        7.799   312.6      0.247     -0.345      0.266     -0.084      0.027      0.321
6.0500       -29982.383   -29989.824        7.441   298.3     -1.252      0.282     -0.428      0.408      0.111     -0.037
6.1000       -29982.388   -29989.938        7.550   302.6      0.972      0.369     -0.010      0.100     -0.111      0.421
6.1500       -29982.399   -29989.076        6.677   267.7      0.697      1.083      0.258     -0.256      0.113     -0.591
6.2000       -29982.062   -29990.092        8.030   321.9     -0.053     -0.240     -0.218      0.363      0.066      0.451
6.2500       -29981.801   -29990.428        8.626   345.8     -0.481      0.033     -1.334     -0.198      0.621      0.235
6.3000       -29982.094   -29990.631        8.537   342.2     -0.072     -0.120      0.090      0.134     -0.110     -0.050
6.3500       -29981.982   -29989.842        7.860   315.0      0.176      0.597      0.199     -0.399      0.351      0.011
6.4000       -29982.299   -29989.840        7.541   302.3      0.551     -0.015      0.667      0.274     -0.441      0.167
6.4500       -29982.253   -29989.740        7.488   300.1     -0.174      0.150      0.153     -0.485      0.490     -0.320
6.5000       -29981.998   -29990.180        8.182   328.0      0.085     -0.628     -0.053      0.423      0.085     -0.207
6.5500       -29982.088   -29990.326        8.238   330.2      0.760     -0.381      0.688     -0.554      0.485      0.141
6.6000       -29981.743   -29990.170        8.426   337.8     -0.681     -0.926      0.231      0.008     -0.088      0.550
6.6500       -29981.028   -29989.246        8.218   329.4      0.767     -0.934     -0.291     -0.207      0.195     -0.261
6.7000       -29980.830   -29989.369        8.539   342.3     -0.087      1.301      0.761      0.565     -0.323     -0.011
6.7500       -29980.867   -29989.229        8.362   335.2      0.018     -0.657      0.330     -0.388      0.145      0.195
6.8000       -29981.208   -29989.807        8.599   344.7     -0.810     -0.526     -0.266     -0.453      0.369     -0.346
6.8500       -29981.127   -29989.486        8.359   335.1      0.083      0.878      0.074     -0.193     -0.244     -0.390
6.9000       -29980.935   -29988.848        7.913   317.2      0.092     -0.229     -0.518     -0.104      0.144      0.035
6.9500       -29980.640   -29988.734        8.094   324.5     -0.177     -0.060     -0.088     -0.028     -0.510     -0.008
7.0000       -29980.955   -29989.975        9.019   361.5      1.021     -0.501      0.531     -0.121      0.023     -0.050
7.0500       -29980.909   -29989.689        8.780   352.0     -0.781     -0.074     -0.814     -0.553     -0.504      0.196
7.1000       -29980.987   -29989.807        8.819   353.5      0.215      1.046      0.393     -0.145      0.340      0.168
7.1500       -29981.077   -29989.525        8.448   338.7     -0.346     -0.840     -0.284     -0.342     -0.262     -0.148
7.2000       -29981.855   -29989.570        7.715   309.2      0.826      0.410      0.569      0.004     -0.262     -0.040
7.2500       -29981.725   -29989.990        8.265   331.3      0.530      0.085     -0.758     -0.438      0.103      0.258
7.3000       -29981.441   -29989.891        8.450   338.7      0.343      0.494      0.492      0.352     -0.008     -0.096
7.3500       -29981.150   -29989.119        7.969   319.4      0.327      1.058      0.375     -0.245     -0.364     -0.613
7.4000       -29981.161   -29989.732        8.571   343.6      0.296      0.760      0.631     -0.344      0.184      0.217
7.4500       -29981.608   -29989.789        8.181   327.9      0.074     -0.671      0.071      0.443      0.290     -0.226
7.5000       -29981.385   -29989.984        8.600   344.7     -0.815     -0.086      0.117      0.071     -0.401      0.185
7.5500       -29981.481   -29989.908        8.427   337.8      0.737      1.255      0.466      0.041     -0.195     -0.190
7.6000       -29981.574   -29989.320        7.746   310.5      0.014     -0.568     -0.107     -0.174      0.202     -0.056
7.6500       -29981.655   -29990.121        8.466   339.4     -0.699     -1.074     -0.073      0.187      0.354      0.123
7.7000       -29981.808   -29990.648        8.841   354.4     -0.802      0.166     -0.400     -0.148      0.123     -0.281
7.7500       -29982.403   -29990.049        7.645   306.5     -0.471     -0.823     -0.209      0.034      0.595      0.442
7.8000       -29982.152   -29990.410        8.258   331.0      0.279      0.080     -0.026      0.114     -0.131     -0.088
7.8500       -29982.187   -29990.041        7.854   314.8     -0.392     -0.278     -0.929     -0.028     -0.128      0.043
7.9000       -29982.214   -29990.285        8.071   323.5     -0.160     -0.370      0.055      0.203      0.051      0.450
7.9500       -29982.126   -29990.469        8.343   334.4      0.678     -0.377     -0.701     -0.470      0.687      0.221
8.0000       -29982.051   -29990.627        8.576   343.8     -0.127      0.282      0.780      0.252     -0.469      0.004
8.0500       -29982.240   -29990.898        8.658   347.1     -0.347      0.428     -0.478     -0.549      0.224     -0.461
8.1000       -29982.245   -29990.629        8.384   336.1     -0.781      0.447     -0.105      0.065     -0.351      0.246
8.1500       -29982.608   -29990.553        7.945   318.5      0.391     -0.412      0.012      0.191     -0.458      0.257
8.2000       -29982.460   -29991.166        8.706   349.0     -0.717     -0.064     -0.207      0.002      0.042      0.319
8.2500       -29982.016   -29989.896        7.880   315.9      0.740      0.038     -0.346      0.231      0.098     -0.432
8.3000       -29981.934   -29990.625        8.691   348.4      0.244      1.251      0.252     -0.288     -0.008      0.119
8.3500       -29981.943   -29990.086        8.143   326.4      0.325      0.122      0.054     -0.346      0.132      0.513
8.4000       -29982.511   -29989.984        7.473   299.6      0.891      0.882     -0.070     -0.521     -0.103     -0.173
8.4500       -29982.692   -29990.762        8.070   323.5     -0.445      1.088      0.265     -0.341     -0.191      0.433
8.5000       -29982.929   -29990.746        7.818   313.4     -0.644     -0.110     -0.811      0.458      0.085     -0.608
8.5500       -29982.729   -29990.621        7.892   316.3     -0.178      0.488     -0.348     -0.137      0.340     -0.543
8.6000       -29982.271   -29989.936        7.665   307.2      1.013     -0.639     -0.586      0.162     -0.269     -0.173
8.6500       -29982.005   -29989.650        7.646   306.5     -0.462     -0.760      0.336      0.465     -0.257     -0.510
8.7000       -29981.510   -29989.943        8.434   338.1      0.230     -0.188     -0.180     -0.464     -0.256      0.231
8.7500       -29982.017   -29989.908        7.891   316.3     -0.019      0.323     -0.116      0.608      0.984     -0.725
8.8000       -29982.141   -29989.912        7.772   311.5      0.511      0.637      0.070      0.147     -0.081     -0.409
8.8500       -29982.031   -29990.258        8.226   329.8     -1.545     -0.740     -0.103      0.524      0.351     -0.250
8.9000       -29981.244   -29989.879        8.635   346.1     -0.164      0.426     -0.725     -0.053      0.022     -0.266
8.9500       -29981.529   -29990.143        8.613   345.3      0.396     -0.119     -0.112      0.252     -0.400      0.039
9.0000       -29981.784   -29990.162        8.378   335.8      0.516      0.770     -0.699      0.194      0.004     -0.183
9.0500       -29981.642   -29989.676        8.033   322.0     -0.004     -0.310     -0.127      0.131      0.645     -0.668
9.1000       -29981.219   -29988.816        7.597   304.5      0.275      0.421      0.170      0.004     -0.724      0.397
9.1500       -29981.609   -29989.404        7.795   312.5      0.015      0.571      0.096      0.505      0.355      0.216
9.2000       -29981.776   -29989.986        8.210   329.1      0.013      0.116      1.057      0.165     -0.000     -0.041
9.2500       -29981.518   -29990.215        8.697   348.6     -0.128     -0.436      0.365      0.081      0.087      0.078
9.3000       -29981.390   -29990.451        9.061   363.2     -0.030      0.426      0.805     -0.874      0.650      0.233
9.3500       -29981.611   -29990.480        8.869   355.5     -0.112      0.616      0.505      0.618      0.226      0.049
9.4000       -29981.450   -29990.287        8.837   354.2     -1.043     -0.265     -0.451      0.111     -0.297      0.030
9.4500       -29981.886   -29989.994        8.108   325.0      0.822     -0.147     -0.508     -0.171      0.234      0.420
9.5000       -29981.988   -29990.004        8.016   321.3     -0.493     -0.053     -0.130     -0.014      0.544     -0.473
9.5500       -29981.702   -29990.492        8.790   352.3     -0.214     -0.173     -0.011     -0.257     -0.570      0.418
9.6000       -29981.858   -29989.295        7.437   298.1      0.106      0.097      0.360     -0.041      0.166     -0.492
9.6500       -29981.895   -29990.363        8.469   339.5      1.065     -0.173     -0.639      0.032      0.513     -0.229
9.7000       -29981.389   -29989.533        8.144   326.4      0.941      0.181      0.648      0.303      0.152      0.402
9.7500       -29981.436   -29990.170        8.734   350.1      0.384      0.679      0.361     -0.543      0.232     -0.234
9.8000       -29980.976   -29989.172        8.196   328.5     -0.574     -1.384     -0.955     -0.480      0.040     -0.556
9.8500       -29981.164   -29989.105        7.942   318.3      0.134      0.640     -0.320      0.036     -0.036     -0.219
9.9000       -29981.064   -29989.691        8.627   345.8      0.460      0.206     -1.160     -0.008      0.285     -0.371
9.9500       -29981.085   -29989.828        8.743   350.5     -0.474     -0.069     -0.655     -0.049      0.400      0.091
10.0000      -29981.233   -29989.648        8.415   337.3     -0.589     -0.299     -0.047     -0.092      0.360     -0.099
