Time[ps]      Etot[eV]     Epot[eV]     Ekin[eV]    T[K]      ---------------------- stress [GPa] -----------------------
0.0000       -29982.126   -29990.535        8.409   337.1      0.956      0.196      0.225     -0.547     -0.195      0.218
0.0500       -29982.372   -29990.053        7.681   307.9      0.250     -0.215      0.356      0.381     -0.642      0.350
0.1000       -29981.464   -29989.396        7.933   318.0      0.063      0.704      1.307     -0.017     -0.369     -0.146
0.1500       -29981.206   -29989.994        8.788   352.3      1.220      0.566      1.242     -0.652     -0.727      0.115
0.2000       -29980.545   -29989.979        9.434   378.1      1.089      0.281      0.532     -0.284     -0.240      0.330
0.2500       -29981.221   -29989.455        8.234   330.1      1.627     -0.467      0.330      0.556      0.183      0.135
0.3000       -29981.201   -29989.701        8.500   340.7      0.592      0.757      0.236     -0.176      0.078      0.689
0.3500       -29981.288   -29989.660        8.373   335.6     -0.034     -0.392     -1.597     -0.519      0.288     -0.168
0.4000       -29980.999   -29990.293        9.294   372.5      0.728      0.369      0.443     -0.516     -0.305     -0.237
0.4500       -29981.022   -29989.646        8.625   345.7      1.126      0.870      1.619      0.269      0.115      0.155
0.5000       -29980.834   -29989.895        9.060   363.2      0.251      0.038     -0.266      0.368     -0.171      0.432
0.5500       -29980.713   -29989.436        8.722   349.6     -0.109     -0.005      0.400     -0.245      0.011      0.744
0.6000       -29980.798   -29989.381        8.583   344.1      0.304      0.513     -0.133     -0.279     -0.287      0.024
0.6500       -29980.023   -29989.039        9.016   361.4      0.872     -0.005     -0.872      0.182      0.089      0.116
0.7000       -29980.361   -29989.584        9.223   369.7      0.709      1.565      0.983     -0.159      0.751      0.077
0.7500       -29980.922   -29990.027        9.105   365.0     -0.421     -0.186      0.464     -0.114     -0.703     -0.218
0.8000       -29981.630   -29989.957        8.327   333.8     -0.346      0.076     -0.240     -0.331     -0.481      0.139
0.8500       -29981.828   -29990.436        8.608   345.0     -0.078     -0.307      0.009     -0.519     -0.226     -0.291
0.9000       -29981.883   -29990.039        8.156   326.9      0.581     -0.247     -0.821      0.344     -1.008     -0.162
0.9500       -29982.059   -29989.621        7.563   303.1     -0.092      0.578      1.555     -0.337      0.153     -0.285
1.0000       -29981.442   -29989.191        7.749   310.6     -0.113     -0.091     -0.203      0.246      0.133      0.196
1.0500       -29981.683   -29990.277        8.595   344.5      1.770     -0.008      0.619     -0.166     -0.528      0.236
1.1000       -29981.827   -29989.559        7.732   309.9      0.253      0.284     -0.382      0.602      0.266      0.398
1.1500       -29982.325   -29991.096        8.771   351.6     -0.438     -0.300     -0.268      0.265      0.017     -0.086
1.2000       -29982.292   -29990.178        7.886   316.1      0.522      0.452      1.269      0.396     -0.291      0.059
1.2500       -29981.938   -29990.125        8.187   328.2      0.222     -0.062      0.439     -0.080      0.029     -0.066
1.3000       -29982.377   -29989.996        7.619   305.4      0.152      0.978      1.705      0.281      0.246     -0.206
1.3500       -29982.201   -29989.713        7.512   301.1      0.392      0.198      0.588     -0.121      0.026      0.444
1.4000       -29981.959   -29990.156        8.197   328.6      0.094      0.228      0.001     -0.025     -0.086     -0.254
1.4500       -29982.011   -29990.281        8.270   331.5     -0.410      0.009      0.080      0.129     -0.166      0.154
1.5000       -29981.897   -29989.912        8.015   321.3      0.768      0.266     -0.578      0.079      0.173      0.008
1.5500       -29981.804   -29989.734        7.930   317.9     -0.939     -0.183      0.221      0.156     -0.032      0.039
1.6000       -29982.300   -29990.562        8.262   331.2     -0.059      0.245      0.195      0.155     -0.455     -0.127
1.6500       -29982.141   -29989.979        7.837   314.1      0.018      0.347      0.475     -0.029      0.211     -0.033
1.7000       -29982.133   -29990.658        8.525   341.7     -0.012     -1.241      0.404      0.516     -0.392      0.021
1.7500       -29982.326   -29989.939        7.613   305.2      0.606      0.054      0.210      0.407      0.377     -0.245
1.8000       -29982.548   -29989.809        7.260   291.0      1.021     -0.381      0.296      0.052      0.370      0.355
1.8500       -29982.566   -29990.152        7.587   304.1      0.153      1.311      0.137      0.161      0.180      0.028
1.9000       -29982.552   -29990.137        7.584   304.0     -0.246      1.073      0.525      0.188     -0.486      0.174
1.9500       -29982.228   -29989.695        7.467   299.3     -0.260     -0.218      0.336     -0.105      0.416      0.488
2.0000       -29981.730   -29989.617        7.887   316.2      0.683      0.092     -0.169     -0.321     -0.472     -0.411
2.0500       -29981.603   -29989.322        7.719   309.4      1.095      1.258      0.490      0.158      0.382      0.448
2.1000       -29981.429   -29989.508        8.079   323.8     -0.285      0.565     -0.177     -0.284      0.207     -0.170
2.1500       -29980.997   -29989.406        8.409   337.1      0.415     -0.539     -0.284     -0.015      0.087     -0.083
2.2000       -29980.978   -29989.318        8.340   334.3      0.025      0.830      0.336      0.174      0.136     -0.167
2.2500       -29981.302   -29989.523        8.221   329.5      0.227     -0.609      0.006     -0.387     -0.008     -0.251
2.3000       -29981.755   -29989.078        7.323   293.5      0.219     -0.043      0.559      0.255     -0.112     -0.007
2.3500       -29981.356   -29989.316        7.960   319.1      0.235     -0.534     -0.013      0.402     -0.294     -0.071
2.4000       -29981.471   -29990.389        8.917   357.5      0.592      0.502     -0.454     -0.236      0.380      0.669
2.4500       -29981.650   -29990.191        8.541   342.4      0.506     -0.160     -1.005      0.203     -0.298     -0.434
2.5000       -29981.995   -29989.564        7.569   303.4      0.490      0.213     -0.117     -0.391      0.241      0.130
2.5500       -29981.195   -29989.354        8.159   327.0      0.191      0.753      0.328      0.168     -0.114      0.319
2.6000       -29980.812   -29988.705        7.893   316.4     -0.294      0.056     -0.030      0.650     -0.046      0.334
2.6500       -29981.232   -29989.027        7.795   312.5      0.280     -0.361      0.583     -0.525      0.196      0.005
2.7000       -29981.562   -29989.330        7.768   311.4     -0.041     -0.061      0.541      0.060     -0.480     -0.288
2.7500       -29981.337   -29989.590        8.252   330.8      0.620      0.477     -0.772     -0.831     -0.322     -0.227
2.8000       -29981.133   -29989.152        8.019   321.5      0.512     -0.251      0.547      0.221      0.238     -0.000
2.8500       -29980.699   -29989.193        8.494   340.5      0.425      1.074      0.107      0.135     -0.468      0.266
2.9000       -29980.621   -29988.924        8.303   332.8     -0.330      0.302     -0.104      0.282      0.256      0.473
2.9500       -29979.949   -29988.914        8.965   359.4      0.079      0.621      0.265     -0.385      0.318     -0.247
3.0000       -29980.420   -29989.242        8.822   353.6      0.549     -0.049      0.756      0.058      0.111      0.099
3.0500       -29980.113   -29988.344        8.231   329.9      0.222      0.889      0.764     -0.112     -0.606      0.004
3.1000       -29979.976   -29987.984        8.009   321.0      0.308      0.596      0.600      0.678     -0.234      0.184
3.1500       -29979.785   -29988.656        8.871   355.6      0.509     -0.013     -0.077      0.071     -0.400     -0.205
3.2000       -29979.840   -29988.502        8.662   347.2     -0.434      0.877      0.415      0.137     -0.166     -0.068
3.2500       -29979.737   -29988.797        9.060   363.2     -0.204     -0.368     -0.878     -0.393      0.127      0.008
3.3000       -29979.617   -29988.271        8.655   346.9     -0.640     -0.592     -1.174     -0.719      0.237      0.049
3.3500       -29979.200   -29988.443        9.244   370.5      0.124      0.188      0.489      0.142      0.285     -0.126
3.4000       -29979.353   -29988.580        9.227   369.9      0.454      0.405     -0.887     -0.381     -0.153      0.394
3.4500       -29979.531   -29988.342        8.811   353.2     -0.388     -0.117      0.140     -0.042      0.002     -0.053
3.5000       -29979.268   -29987.865        8.598   344.6     -1.214      0.337     -0.562      0.272      0.759     -0.345
3.5500       -29979.722   -29988.844        9.122   365.7     -0.292     -0.003     -1.399     -0.255     -0.668      0.160
3.6000       -29979.699   -29989.564        9.865   395.4     -0.087      0.160     -0.260     -0.310      0.657      0.249
3.6500       -29980.172   -29988.268        8.096   324.5      0.251     -0.260     -0.223     -0.451     -0.438     -0.113
3.7000       -29980.305   -29989.426        9.121   365.6     -0.444      0.595     -0.143      0.066      0.349     -0.108
3.7500       -29980.467   -29989.270        8.803   352.8      0.194      0.470      0.295     -0.264     -0.258      0.108
3.8000       -29980.405   -29988.957        8.552   342.8      0.351      0.615      0.288      0.736     -0.474     -0.394
3.8500       -29980.514   -29988.836        8.322   333.6      0.046     -0.447      0.591     -0.094      0.114      0.227
3.9000       -29980.903   -29989.320        8.417   337.4      0.608      0.450     -0.151     -0.021      0.006     -0.053
3.9500       -29980.837   -29988.521        7.684   308.0      0.218     -0.140     -0.464     -0.386     -0.030      0.134
4.0000       -29980.960   -29988.957        7.997   320.6      0.282      0.287     -0.817     -0.286     -0.657     -0.644
4.0500       -29980.598   -29988.801        8.203   328.8     -0.778      0.459      0.970      0.144     -0.062      0.048
4.1000       -29980.815   -29988.887        8.071   323.5      0.248      0.962      0.079     -0.457      0.338      0.422
4.1500       -29981.384   -29989.188        7.803   312.8     -0.543     -0.376      0.487     -0.089     -0.980     -0.949
4.2000       -29981.874   -29990.277        8.403   336.8     -0.796     -0.125      0.449     -0.281      0.588      0.203
4.2500       -29981.771   -29990.125        8.354   334.9      0.359      0.537      0.461     -0.068      0.296     -0.240
4.3000       -29981.933   -29990.498        8.565   343.3      0.218      0.651      0.445      0.063     -0.512      0.499
4.3500       -29981.666   -29989.533        7.867   315.4      0.138      0.510     -0.898     -0.447     -0.360     -0.585
4.4000       -29981.926   -29989.627        7.701   308.7     -0.795     -0.797     -0.106     -0.042      0.574     -0.495
4.4500       -29981.605   -29989.912        8.307   333.0     -0.022     -0.539     -0.138      0.103     -0.859      0.173
4.5000       -29981.396   -29989.539        8.143   326.4     -1.589      0.216     -0.478     -0.620      0.013      0.055
4.5500       -29981.352   -29988.984        7.633   306.0      0.315     -0.625     -0.492      0.002     -0.092      0.288
4.6000       -29981.578   -29989.291        7.713   309.2      1.248      0.295     -0.080      0.444      0.105     -0.503
4.6500       -29982.210   -29990.609        8.400   336.7     -0.744      0.616      0.191      0.263      0.529     -0.114
4.7000       -29982.288   -29989.959        7.671   307.5     -0.878     -0.128     -0.158      0.508      0.101     -0.082
4.7500       -29982.094   -29989.643        7.548   302.6     -0.022      0.166      0.525     -0.400      0.193     -0.203
4.8000       -29982.684   -29990.668        7.984   320.1     -0.357     -0.123     -0.475      0.112     -0.299     -0.128
4.8500       -29982.934   -29990.623        7.689   308.2      1.531      0.430      1.127      0.235     -0.710      0.035
4.9000       -29983.208   -29990.814        7.607   304.9      0.070     -0.648      0.323      0.022      0.128     -0.796
4.9500       -29982.943   -29990.867        7.924   317.6     -0.962      0.338     -0.236     -0.066      0.382      0.005
5.0000       -29982.530   -29989.795        7.265   291.2     -0.394     -1.139     -0.381      0.025     -0.112     -0.115
