Time[ps]      Etot[eV]     Epot[eV]     Ekin[eV]    T[K]      ---------------------- stress [GPa] -----------------------
0.0000       -29982.484   -29990.391        7.907   317.0      1.013      0.070      0.220     -0.604     -0.206      0.250
0.0500       -29982.403   -29991.188        8.784   352.1     -0.670     -0.810     -0.817      0.039     -0.332     -0.083
0.1000       -29982.123   -29990.107        7.984   320.0     -0.423      0.285     -0.668     -0.092      0.187     -0.189
0.1500       -29982.080   -29989.963        7.883   316.0     -0.235      0.005      0.378     -0.118     -0.123     -0.107
0.2000       -29982.656   -29990.693        8.038   322.2     -0.452      0.481     -0.379      0.153     -0.025     -0.090
0.2500       -29982.467   -29990.947        8.480   339.9      0.586     -0.187      0.330      0.057     -0.555     -0.081
0.3000       -29983.243   -29990.869        7.626   305.7      0.593      0.324      0.723      0.147      0.337     -0.224
0.3500       -29982.935   -29991.068        8.133   326.0      0.534      0.229      0.113     -0.298     -0.027     -0.015
0.4000       -29982.735   -29989.822        7.087   284.1     -0.354     -0.156     -0.373      0.321      0.239      0.607
0.4500       -29982.473   -29990.090        7.617   305.3      0.583      1.011      0.339      0.221      0.121     -0.203
0.5000       -29982.541   -29990.041        7.500   300.6      0.311      0.578     -0.714     -0.042     -0.260      0.158
0.5500       -29982.145   -29990.033        7.888   316.2     -0.462     -0.445     -0.443      0.064      0.274     -0.129
0.6000       -29982.320   -29990.127        7.807   312.9      1.066     -0.159     -0.084      0.126     -0.190      0.639
0.6500       -29982.306   -29990.232        7.927   317.7      1.419      0.709      0.576      0.187      0.089      0.354
0.7000       -29982.360   -29990.199        7.839   314.2      0.675      0.664      1.095     -0.603      0.196     -0.203
0.7500       -29982.360   -29989.768        7.408   296.9      1.078      0.406      0.620      0.071     -0.136     -0.197
0.8000       -29982.504   -29990.613        8.109   325.0      0.195     -0.246      0.756     -0.365      0.323      0.282
0.8500       -29982.371   -29991.029        8.658   347.1     -0.170      0.133      0.191     -0.555     -0.393      0.089
0.9000       -29982.091   -29989.820        7.730   309.8      0.243      0.031      0.833      0.416     -0.517      0.214
0.9500       -29981.843   -29990.033        8.190   328.3     -0.222     -0.286     -0.932      0.358      0.308     -0.014
1.0000       -29981.927   -29989.674        7.747   310.5     -0.315      0.657      0.106     -0.055      0.655      0.569
1.0500       -29981.633   -29989.531        7.898   316.6      1.510     -0.126      0.392     -0.542     -0.029      0.349
1.1000       -29981.704   -29989.949        8.245   330.5      0.266      0.092      0.616      0.256     -0.453      0.565
1.1500       -29981.481   -29989.365        7.884   316.0      0.035      0.791      0.715     -0.158      0.122     -0.485
1.2000       -29981.114   -29990.145        9.031   362.0     -0.338     -1.100     -0.194     -0.260      0.018      0.003
1.2500       -29981.581   -29989.742        8.161   327.1      0.125     -0.022      0.443      0.045     -0.208      0.188
1.3000       -29981.062   -29989.822        8.760   351.1      1.062      1.063      0.536     -0.143     -0.012      0.286
1.3500       -29980.655   -29988.830        8.175   327.7      1.497      0.860      0.224     -0.356      0.291      0.142
1.4000       -29980.634   -29989.045        8.411   337.2      0.710      0.664     -0.167     -0.145      0.314     -0.053
1.4500       -29980.502   -29988.695        8.193   328.4     -0.587      0.293     -0.517      0.072     -0.216      0.148
1.5000       -29980.368   -29988.023        7.655   306.9      0.456      0.016     -0.177     -0.578      0.103     -0.073
1.5500       -29980.636   -29988.883        8.247   330.6      0.371      1.422     -0.422     -0.093     -0.288      0.532
1.6000       -29980.600   -29988.730        8.131   325.9      0.500      0.296      0.097     -0.217      0.936      0.427
1.6500       -29980.820   -29989.346        8.526   341.8      0.045      0.064      0.488     -0.081     -0.198      0.101
1.7000       -29980.811   -29989.479        8.668   347.4      0.508      1.415      0.163     -0.321      0.297     -0.415
1.7500       -29980.842   -29989.203        8.361   335.2      0.928      0.266      0.576     -0.765      0.272      0.450
1.8000       -29980.563   -29989.348        8.785   352.1      0.545      0.172      0.165     -0.282     -0.155     -0.080
1.8500       -29980.473   -29989.330        8.857   355.0      0.477     -0.293     -0.126      0.200     -0.243      0.147
1.9000       -29980.446   -29988.645        8.198   328.6      0.262      0.426      0.190     -0.476     -0.088     -0.238
1.9500       -29980.986   -29989.512        8.526   341.8      0.641     -0.274     -0.639     -0.247      0.425      0.120
2.0000       -29981.373   -29989.465        8.092   324.4      0.495      0.409      0.518     -0.063      0.273      0.129
2.0500       -29981.791   -29989.094        7.303   292.7     -0.159     -1.023      0.473      0.326      0.199     -0.281
2.1000       -29981.851   -29988.994        7.143   286.3      0.403     -0.457      0.869      0.296     -0.269      0.067
2.1500       -29981.756   -29989.246        7.490   300.2      0.397     -0.515      0.233      0.418      0.055      0.184
2.2000       -29981.372   -29989.781        8.409   337.1      0.519     -0.254     -0.944      0.197     -0.241     -0.090
2.2500       -29981.416   -29989.465        8.048   322.6     -0.107     -0.056      0.356     -0.115      0.444     -0.221
2.3000       -29982.217   -29990.025        7.809   313.0     -0.155      0.604      0.346     -0.070      0.172     -0.003
2.3500       -29982.429   -29989.596        7.166   287.3     -0.416      1.148      0.785     -0.376     -0.033      0.329
2.4000       -29982.633   -29989.822        7.190   288.2     -0.359      0.681      0.346      0.546     -0.163      0.448
2.4500       -29982.430   -29990.170        7.740   310.3      0.272      0.029      0.882      0.013     -0.100     -0.283
2.5000       -29982.455   -29990.227        7.772   311.5      0.259     -0.162      0.311     -0.386      0.227      0.130
2.5500       -29981.941   -29990.035        8.094   324.4      0.344      0.678      0.787      0.679      0.057      0.290
2.6000       -29982.382   -29990.328        7.946   318.5     -0.044     -0.239     -1.259     -0.048      0.124      0.068
2.6500       -29982.473   -29990.186        7.712   309.1     -0.451     -0.358      0.451     -0.197      0.142      0.248
2.7000       -29982.527   -29990.223        7.696   308.5      0.234      0.379      0.143      0.604      0.344      0.059
2.7500       -29982.622   -29990.285        7.663   307.2     -0.668      0.458     -0.472     -0.174     -0.119      0.090
2.8000       -29981.886   -29989.686        7.799   312.6     -0.057     -0.151      0.978      0.146      0.340     -0.087
2.8500       -29981.637   -29988.896        7.259   291.0      0.607      0.340      1.163      0.236     -0.486      0.377
2.9000       -29981.724   -29989.572        7.849   314.6      1.007      0.556      0.892      0.551     -0.254      0.077
2.9500       -29981.525   -29989.293        7.768   311.4     -0.121     -0.141     -0.101     -0.681      0.183      1.093
3.0000       -29981.320   -29989.096        7.776   311.7      0.769      0.378     -1.186      0.153      0.275     -0.076
3.0500       -29980.765   -29989.059        8.293   332.4      0.592      0.031      0.536     -0.479      0.140      0.198
3.1000       -29980.674   -29989.711        9.037   362.2     -0.607     -0.092     -0.486     -0.028     -0.329     -0.222
3.1500       -29981.399   -29989.008        7.609   305.0      1.173      0.200     -0.202     -0.310      0.501      0.649
3.2000       -29981.508   -29989.104        7.596   304.5      0.495      0.591      1.218      0.177      0.008      0.048
3.2500       -29981.382   -29989.025        7.643   306.4     -0.004      0.022      0.057     -0.135     -0.169      0.256
3.3000       -29981.828   -29989.096        7.267   291.3      0.146      0.909      0.510     -0.475      0.232     -0.208
3.3500       -29981.466   -29989.104        7.638   306.1      0.463     -0.033      0.099      0.161     -0.249      0.295
3.4000       -29981.858   -29989.059        7.201   288.6     -1.081     -0.263     -0.302      0.284     -0.003      0.520
3.4500       -29981.635   -29989.711        8.075   323.7     -0.081      0.652      0.462     -0.059     -0.349      0.051
3.5000       -29981.460   -29989.229        7.768   311.4     -0.919      0.417     -0.642      0.396     -0.029     -0.436
3.5500       -29981.565   -29989.340        7.775   311.7     -0.671     -0.157      0.941      0.231      0.373      0.673
3.6000       -29981.672   -29989.748        8.076   323.7      0.399      0.639     -0.474     -0.220     -0.125      0.186
3.6500       -29981.346   -29988.988        7.642   306.3     -0.072     -0.009     -0.298      0.261     -0.084      0.189
3.7000       -29981.450   -29988.961        7.511   301.1      0.557     -0.748      0.553      0.058      0.128     -0.151
3.7500       -29981.109   -29989.074        7.965   319.3     -1.337     -0.378      0.246      0.282      0.155      0.245
3.8000       -29980.774   -29988.852        8.078   323.8     -0.050     -0.066     -0.581     -0.658     -0.009     -0.454
3.8500       -29980.884   -29989.066        8.183   328.0     -0.423      0.214      0.144     -0.547     -0.167     -0.178
3.9000       -29980.751   -29988.523        7.772   311.5      0.323      0.074      0.363     -0.421     -0.238     -0.363
3.9500       -29980.718   -29988.346        7.627   305.7      0.218     -0.660      0.034     -0.311      0.014      0.362
4.0000       -29980.488   -29988.752        8.264   331.3     -1.000     -0.307      0.353      0.672      0.161     -0.248
4.0500       -29981.008   -29989.107        8.100   324.7     -0.313      0.398      1.178     -0.316      0.686     -0.502
4.1000       -29981.038   -29989.574        8.536   342.2      0.586      0.107     -0.469      0.415     -0.056      0.478
4.1500       -29981.487   -29989.285        7.798   312.6      0.092      0.364      0.905     -0.047      0.152     -0.502
4.2000       -29982.134   -29989.955        7.821   313.5      0.294      1.271      0.121      0.146     -0.016      0.232
4.2500       -29981.437   -29989.102        7.665   307.2     -0.143      0.025      0.164     -0.440     -0.494      0.038
4.3000       -29981.514   -29989.572        8.058   323.0      0.309      0.128      1.589     -0.230     -0.159      0.161
4.3500       -29981.546   -29989.416        7.870   315.4     -0.309      0.809      0.043     -0.207      0.105     -0.188
4.4000       -29981.893   -29989.068        7.175   287.6     -0.066     -0.242     -0.552      0.265     -0.247     -0.008
4.4500       -29981.686   -29989.688        8.002   320.8      0.205      0.329      1.575      0.096     -0.191      0.369
4.5000       -29981.909   -29989.016        7.107   284.9     -0.199     -0.056      0.347     -0.252     -0.115     -0.684
4.5500       -29981.692   -29989.184        7.491   300.3      0.256      0.702      0.238      0.706     -0.450      0.551
4.6000       -29981.816   -29989.816        8.001   320.7      0.849      1.112      0.549      0.772      0.238     -0.032
4.6500       -29981.623   -29989.088        7.464   299.2     -0.706      0.142      0.498      0.391      0.198     -0.192
4.7000       -29980.946   -29988.670        7.724   309.6      0.035      0.025      0.683      0.082      0.587      0.048
4.7500       -29981.433   -29989.238        7.805   312.9      0.570      0.804      0.135      0.106     -0.808      0.172
4.8000       -29981.325   -29988.711        7.386   296.1      0.473      0.902      0.580     -0.472     -0.415      0.093
4.8500       -29981.423   -29988.949        7.526   301.7     -0.259     -0.353     -0.433      0.430      0.033     -0.341
4.9000       -29981.290   -29989.607        8.317   333.4     -0.708      0.217      0.854     -0.129      0.435      0.271
4.9500       -29980.905   -29989.111        8.206   329.0     -0.586     -0.214     -0.119      0.730     -0.447     -0.272
5.0000       -29981.024   -29988.818        7.795   312.4      0.411     -0.165      0.262     -0.023     -0.139     -0.387
