Time[ps]      Etot[eV]     Epot[eV]     Ekin[eV]    T[K]      ---------------------- stress [GPa] -----------------------
0.0000       -29981.235   -29989.660        8.425   337.7     -0.828     -0.000     -0.675      0.320     -0.535     -0.229
0.0500       -29981.003   -29989.311        8.307   333.0     -0.404     -1.098     -0.441     -0.231     -0.241      0.489
0.1000       -29980.902   -29989.250        8.348   334.6     -1.136     -1.300     -0.690      0.706     -0.041      0.149
0.1500       -29980.893   -29988.883        7.990   320.3     -0.874     -0.852     -0.467     -0.165     -0.165      0.163
0.2000       -29980.676   -29989.428        8.752   350.8     -0.456     -0.610     -0.902      0.334     -0.176      0.304
0.2500       -29980.912   -29989.047        8.135   326.1     -1.035     -0.561     -0.629      0.333     -0.577     -0.285
0.3000       -29980.774   -29989.256        8.482   340.0     -0.234     -0.027     -0.388      0.061     -0.226     -0.050
0.3500       -29980.799   -29989.326        8.527   341.8     -0.506      0.257     -1.062     -0.495      0.398      0.386
0.4000       -29980.954   -29990.162        9.208   369.1     -0.096      0.024      0.680     -0.455      0.262      0.143
0.4500       -29980.459   -29989.439        8.980   360.0      0.052     -0.819     -0.145     -0.438     -0.946      0.010
0.5000       -29981.039   -29989.355        8.316   333.4      0.304     -0.515      0.219     -0.236     -0.178      0.112
0.5500       -29981.270   -29989.494        8.224   329.6     -0.424     -0.083      0.391      0.613      0.168     -0.120
0.6000       -29981.327   -29989.496        8.169   327.5     -0.974     -0.393     -0.168     -0.217     -0.473      0.517
0.6500       -29981.132   -29989.631        8.499   340.7     -0.407     -0.540     -0.227     -0.082      0.553     -0.356
0.7000       -29981.058   -29988.867        7.809   313.0     -0.303     -0.569     -0.464     -0.053      0.632      0.347
0.7500       -29980.749   -29989.447        8.698   348.6     -0.437     -0.198     -0.877     -0.529     -0.058      0.204
0.8000       -29981.012   -29989.588        8.576   343.8     -0.606     -0.339     -0.330      0.271     -0.135     -0.079
0.8500       -29980.791   -29989.023        8.232   330.0      0.289     -0.197     -0.784      0.204     -0.461      0.253
0.9000       -29980.824   -29989.455        8.631   346.0     -0.657     -0.940     -0.105     -0.329      0.266      0.212
0.9500       -29980.650   -29988.594        7.944   318.4      0.745     -0.215     -0.807      0.123     -0.721     -0.070
1.0000       -29980.866   -29989.773        8.908   357.1     -0.839     -0.222      0.480      0.521      0.257      0.379
1.0500       -29980.869   -29989.545        8.676   347.8      0.068     -0.069     -0.208      0.076      0.114      0.157
1.1000       -29980.606   -29988.777        8.171   327.5      0.248     -0.420      0.160     -0.108      0.408     -0.439
1.1500       -29980.393   -29988.340        7.947   318.6      0.682      0.366      0.455      0.516     -0.122      0.039
1.2000       -29980.570   -29988.381        7.811   313.1      0.019     -0.033     -0.420      0.346      0.383     -0.055
1.2500       -29980.339   -29988.338        7.999   320.6     -0.318     -0.529     -0.706     -0.832     -0.500      0.339
1.3000       -29980.736   -29988.746        8.010   321.1      0.082     -0.349     -0.647     -0.425     -0.555     -0.423
1.3500       -29980.351   -29988.588        8.237   330.2     -1.050      0.239     -1.114      0.106     -0.168     -0.179
1.4000       -29980.272   -29988.180        7.908   317.0      0.484      0.576      0.452     -0.600     -0.120     -0.497
1.4500       -29979.994   -29988.656        8.663   347.2     -1.737     -0.575      0.267     -0.125     -0.285     -0.493
1.5000       -29979.700   -29988.197        8.497   340.6     -0.898      0.858     -0.715     -0.022     -0.095      0.267
1.5500       -29979.513   -29988.207        8.694   348.5      0.275     -0.208      0.144      0.200      0.137      0.033
1.6000       -29979.199   -29988.615        9.417   377.5     -0.082      0.318     -0.322      0.644      0.167      0.292
1.6500       -29979.308   -29987.979        8.670   347.5     -0.516      0.605     -0.030     -0.180      0.250     -0.115
1.7000       -29979.099   -29988.986        9.887   396.3     -0.430     -0.364      0.136      0.051      0.466      0.089
1.7500       -29979.801   -29988.684        8.883   356.1      0.138      0.162      0.104     -0.138     -0.146      0.231
1.8000       -29979.387   -29988.400        9.013   361.3     -0.496     -0.470     -0.705     -0.105     -0.090     -0.070
1.8500       -29979.806   -29988.727        8.920   357.6     -0.582     -0.888      0.094     -0.198      0.335     -0.366
1.9000       -29980.408   -29989.154        8.746   350.6     -0.184      0.882      0.099      0.387      0.042      0.067
1.9500       -29980.323   -29988.670        8.347   334.6      0.673     -0.203     -0.152      0.029      0.025      0.256
2.0000       -29980.547   -29988.861        8.315   333.3     -0.049     -0.401     -0.354     -0.412      0.070      0.218
2.0500       -29980.516   -29988.539        8.023   321.6      0.023      0.126     -0.208     -0.214      0.118     -0.053
2.1000       -29980.385   -29988.508        8.123   325.6     -0.730     -0.356      0.436     -0.150      0.023     -0.012
2.1500       -29979.700   -29988.121        8.421   337.6     -0.152      0.020      0.483      0.119      0.351     -0.272
2.2000       -29979.786   -29988.020        8.234   330.0      0.946     -0.331     -0.700     -0.078      0.312     -0.824
2.2500       -29980.347   -29989.102        8.755   350.9      0.669      0.240      0.502      0.769     -0.057      0.241
2.3000       -29981.104   -29989.084        7.980   319.9     -0.055      0.466      0.090     -0.124     -0.208      0.085
2.3500       -29980.907   -29989.146        8.240   330.3     -0.124      0.449      1.097     -0.891      0.133     -0.397
2.4000       -29980.428   -29988.992        8.564   343.3     -0.209     -1.592     -0.475      0.173     -0.210      0.184
2.4500       -29979.785   -29987.701        7.916   317.3     -0.379     -1.214     -0.263     -0.075      0.120      0.173
2.5000       -29979.754   -29988.471        8.717   349.4     -0.257     -0.444      0.184      0.353     -0.061     -0.097
2.5500       -29979.890   -29988.236        8.346   334.6     -0.679     -1.158     -0.215     -0.476     -0.342      0.008
2.6000       -29979.933   -29988.904        8.971   359.6     -1.158     -1.187     -0.484      0.472      0.306     -0.012
2.6500       -29980.702   -29989.539        8.837   354.2     -0.001     -0.195     -0.002      0.227     -0.437     -0.152
2.7000       -29980.991   -29989.027        8.037   322.1     -0.718     -0.167     -0.240     -0.181      0.214     -0.723
2.7500       -29980.289   -29988.973        8.684   348.1     -0.397     -0.839     -0.086     -0.180      0.239     -0.359
2.8000       -29980.569   -29988.623        8.054   322.8      0.231     -0.243     -0.590      0.214      0.865      0.100
2.8500       -29980.215   -29989.107        8.892   356.4     -0.235     -0.717      0.082      0.016      0.203      0.383
2.9000       -29980.401   -29988.822        8.421   337.5     -0.020     -0.783     -0.278      0.113     -0.337     -0.220
2.9500       -29980.854   -29989.305        8.450   338.7     -0.115      0.178     -0.487     -0.455     -0.251     -0.093
3.0000       -29981.097   -29989.246        8.149   326.7     -0.371     -0.303      0.424      0.133     -0.138     -0.140
3.0500       -29980.713   -29989.100        8.387   336.2     -0.438     -0.536     -0.268      0.028      0.014     -0.246
3.1000       -29981.168   -29989.266        8.098   324.6      0.506     -0.663     -0.125     -0.149     -0.154     -0.581
3.1500       -29981.049   -29989.695        8.647   346.6     -0.627     -0.150     -0.541     -0.096     -0.136     -0.242
3.2000       -29980.897   -29990.084        9.187   368.2     -0.350      0.034     -0.137     -0.128     -0.159      0.653
3.2500       -29980.332   -29988.764        8.432   338.0      0.226     -0.288     -0.895     -0.713     -0.325     -0.950
3.3000       -29980.164   -29988.799        8.635   346.1     -1.190     -0.844     -1.231     -0.172     -0.235     -0.527
3.3500       -29980.294   -29988.426        8.131   325.9     -0.117      0.081     -0.009     -0.456     -0.033     -0.161
3.4000       -29980.119   -29988.377        8.258   331.0      0.171     -0.132      0.446     -0.587     -0.099      0.279
3.4500       -29979.976   -29988.836        8.860   355.2      0.265      0.232     -0.088     -0.421      0.344      0.409
3.5000       -29980.205   -29988.457        8.252   330.8     -0.450      0.136     -0.441     -0.338      0.129     -0.535
3.5500       -29980.749   -29988.520        7.771   311.5     -0.064      0.005      0.735      0.142      0.048     -0.246
3.6000       -29980.720   -29989.289        8.569   343.5     -0.872      0.617      0.162     -0.006     -0.336     -0.005
3.6500       -29980.708   -29988.930        8.222   329.6     -0.355     -0.542     -0.175      0.483     -0.385      0.158
3.7000       -29980.570   -29989.658        9.088   364.3     -0.569     -0.760     -0.213     -0.118     -0.210      0.297
3.7500       -29980.759   -29989.221        8.462   339.2     -0.720     -0.411     -0.874      0.307     -0.655      0.757
3.8000       -29980.335   -29988.607        8.272   331.6     -0.061     -0.878     -0.100      0.592      0.200     -0.451
3.8500       -29980.664   -29989.062        8.399   336.7     -0.007     -0.501      0.070     -0.237      0.105     -0.268
3.9000       -29980.651   -29988.789        8.138   326.2     -0.081     -1.271     -0.057      0.479     -0.361      0.195
3.9500       -29980.639   -29988.436        7.797   312.5     -0.129     -0.989      0.382     -0.833     -0.159      0.396
4.0000       -29981.235   -29988.309        7.074   283.6     -0.258      0.267     -0.660      0.477      0.171      0.365
4.0500       -29980.662   -29989.203        8.541   342.4     -0.656     -0.345      0.036     -0.091     -0.239      0.059
4.1000       -29980.373   -29988.910        8.538   342.2     -0.872     -0.130     -0.446     -0.195      0.066      0.418
4.1500       -29980.583   -29989.453        8.870   355.5      0.275      0.012     -0.187      0.065     -0.387      0.033
4.2000       -29981.359   -29989.689        8.331   333.9     -0.835     -0.292     -0.512     -0.096      0.438     -0.302
4.2500       -29981.571   -29989.387        7.816   313.3     -0.287     -1.131     -0.386      0.238      0.463      0.406
4.3000       -29981.554   -29989.238        7.684   308.0      0.055      0.720      0.130      0.099     -0.139      0.297
4.3500       -29980.888   -29988.572        7.684   308.0     -0.032      1.331      0.654     -0.241     -0.093     -0.399
4.4000       -29981.119   -29989.570        8.452   338.8     -0.038      0.232     -0.099     -0.139     -0.056     -0.239
4.4500       -29980.836   -29988.557        7.721   309.5     -1.042     -0.083     -1.153     -0.464      0.185      0.122
4.5000       -29980.644   -29989.221        8.577   343.8     -0.536     -0.592     -0.598      0.235     -0.229     -0.265
4.5500       -29980.726   -29988.877        8.151   326.7     -0.383     -0.170      0.562     -0.548      0.542     -0.002
4.6000       -29980.875   -29989.328        8.453   338.8     -0.361      0.122      0.381     -0.195     -0.066      0.367
4.6500       -29980.409   -29988.691        8.283   332.0     -0.325     -0.444      0.738      0.051     -0.448      0.829
4.7000       -29980.175   -29988.477        8.301   332.8      0.118     -0.080     -0.186     -0.559      0.161     -0.370
4.7500       -29980.377   -29988.580        8.203   328.8     -0.382     -0.516      0.352      0.503     -0.007     -0.339
4.8000       -29980.579   -29989.432        8.853   354.9     -0.770      0.120     -0.272     -0.644     -0.279      0.176
4.8500       -29980.355   -29989.025        8.670   347.5     -0.839     -1.033     -0.764      0.236      0.268      0.070
4.9000       -29980.318   -29988.916        8.598   344.6      0.573     -0.098     -0.937     -0.160     -0.001     -0.177
4.9500       -29980.541   -29988.854        8.312   333.2     -0.383     -1.257     -0.864     -0.001     -0.332     -0.075
5.0000       -29980.755   -29988.348        7.593   304.3     -0.786     -0.116     -1.473     -0.454     -1.061     -0.091
5.0500       -29981.291   -29989.553        8.262   331.2     -0.328     -0.444      0.651      0.174      0.625     -0.536
5.1000       -29981.134   -29988.846        7.712   309.1      0.689     -0.699     -0.342      0.075      0.412     -0.296
5.1500       -29981.138   -29989.199        8.061   323.1     -0.008     -0.240     -0.827      0.431     -0.314      0.114
5.2000       -29981.004   -29989.871        8.867   355.4     -0.997     -0.704      0.163     -0.260     -0.047      0.109
5.2500       -29981.414   -29989.816        8.403   336.8      0.083     -0.666      0.044      0.221     -0.144      0.384
5.3000       -29981.229   -29989.367        8.138   326.2      0.574      0.737      0.887     -0.620      0.053      0.590
5.3500       -29981.396   -29989.875        8.479   339.9     -0.214      0.090     -0.445      0.389     -0.260      0.011
5.4000       -29981.745   -29990.164        8.419   337.5      0.439     -0.085      0.521      0.061      0.142      0.585
5.4500       -29980.916   -29989.236        8.320   333.5     -0.973     -1.412     -0.083      0.466      0.415     -0.568
5.5000       -29980.497   -29988.959        8.462   339.2      0.057     -0.601     -0.393      0.184     -0.540     -0.145
5.5500       -29980.328   -29989.086        8.758   351.1     -0.889      0.135     -0.341     -0.544     -0.436     -0.152
5.6000       -29980.205   -29988.814        8.610   345.1      0.652     -0.414     -0.410      0.253      0.289     -0.180
5.6500       -29980.200   -29988.102        7.902   316.7     -0.106      0.670      1.083      0.389     -0.276     -0.015
5.7000       -29980.836   -29989.205        8.369   335.5     -0.029      0.748     -0.601     -0.031     -0.138     -0.535
5.7500       -29981.231   -29988.893        7.662   307.1      0.304      0.574     -0.056      0.033     -0.536      0.238
5.8000       -29981.374   -29989.180        7.806   312.9      0.134     -1.435      0.418      0.226     -0.027      0.398
5.8500       -29981.258   -29989.381        8.123   325.6      0.587      0.871      0.748     -0.450     -0.042      0.019
5.9000       -29981.209   -29989.287        8.078   323.8     -0.194      0.242     -0.298     -0.519     -0.016     -0.189
5.9500       -29980.901   -29988.287        7.386   296.1     -0.302     -0.950     -0.784     -0.357     -0.286      0.060
6.0000       -29980.994   -29989.654        8.661   347.2     -1.077      0.026     -0.077     -0.255      0.155     -0.170
6.0500       -29981.308   -29988.877        7.569   303.4     -0.842      0.278      0.393      0.180     -0.414      0.363
6.1000       -29980.965   -29988.787        7.822   313.5      0.420      0.245     -0.025      0.146      0.379     -0.004
6.1500       -29980.821   -29989.496        8.675   347.8      0.318     -0.027      0.022      0.216     -0.077      0.341
6.2000       -29980.498   -29988.166        7.668   307.4     -0.329     -0.317     -0.595      0.442     -0.039     -0.378
6.2500       -29980.790   -29989.076        8.287   332.2     -1.065      0.121     -0.014     -0.335     -0.163      0.579
6.3000       -29980.459   -29988.992        8.533   342.1     -0.214     -0.607     -0.544      0.248     -0.454     -0.342
6.3500       -29980.780   -29988.783        8.003   320.8     -1.411     -0.978     -0.525     -0.226     -0.205      0.124
6.4000       -29981.317   -29988.984        7.667   307.3     -0.585      0.316     -0.179      0.440     -0.067     -0.010
6.4500       -29980.974   -29989.234        8.260   331.1      0.402      0.850     -0.008      0.073      0.351     -0.283
6.5000       -29980.652   -29989.201        8.549   342.7     -1.163     -1.093     -0.944      0.182      0.112      0.584
6.5500       -29980.668   -29989.447        8.779   351.9     -0.019     -1.062     -0.187     -0.534      0.127     -0.493
6.6000       -29981.177   -29988.812        7.635   306.1     -0.254      0.672      0.366     -0.162      0.181      0.556
6.6500       -29981.239   -29989.293        8.054   322.8     -0.290     -0.313     -0.072     -0.512      0.176      0.426
6.7000       -29981.401   -29989.316        7.915   317.3      0.689      0.391     -0.252      0.486     -0.178      0.267
6.7500       -29981.325   -29989.664        8.339   334.3      0.169      0.119     -0.790     -0.213     -0.578     -0.029
6.8000       -29981.537   -29989.371        7.834   314.0     -1.276     -0.927     -0.517      0.065      0.245     -0.140
6.8500       -29981.675   -29989.484        7.810   313.0      0.433     -0.554      0.011      0.912     -0.933     -0.459
6.9000       -29981.430   -29989.984        8.554   342.9     -0.287     -0.270     -0.214     -0.678      0.502     -0.536
6.9500       -29981.040   -29989.986        8.946   358.6     -0.427     -0.875     -0.577      0.534     -0.116     -0.639
7.0000       -29981.039   -29988.713        7.674   307.6     -0.336     -0.168     -0.777      0.471      0.169      0.500
7.0500       -29981.341   -29989.463        8.122   325.6      0.105     -0.247     -0.502     -0.652     -0.190     -0.194
7.1000       -29981.236   -29989.303        8.067   323.4      0.276      0.577      1.217     -0.297     -0.182     -0.423
7.1500       -29981.490   -29990.188        8.698   348.6     -0.429     -0.121     -1.084      0.388     -0.317     -0.314
7.2000       -29981.828   -29989.932        8.103   324.8      0.497     -0.335     -0.037      0.093      0.049      0.289
7.2500       -29981.445   -29989.709        8.264   331.3      0.164     -0.218     -0.241      0.363      0.561      0.233
7.3000       -29981.308   -29989.986        8.678   347.9     -0.453     -0.613     -1.201     -0.171      0.049     -0.708
7.3500       -29980.978   -29989.406        8.428   337.9     -0.405     -0.119      0.094     -0.614     -0.503      0.378
7.4000       -29980.495   -29988.822        8.327   333.8     -0.721     -0.302     -0.873     -0.071      0.266      0.317
7.4500       -29980.441   -29988.396        7.956   318.9      0.315     -0.132      0.597     -0.231     -0.360     -0.262
7.5000       -29980.645   -29988.965        8.320   333.5      0.618     -0.122     -0.895      0.384      0.265     -0.231
7.5500       -29980.308   -29988.787        8.479   339.9     -0.559     -0.796     -0.040     -0.389      0.205      0.244
7.6000       -29980.325   -29989.117        8.792   352.4     -0.875     -0.143     -1.067      0.227     -0.270     -0.571
7.6500       -29980.498   -29988.889        8.391   336.3      0.623      0.007      0.308     -0.126     -0.415     -0.354
7.7000       -29980.279   -29988.670        8.391   336.4      0.573      0.387     -0.047      0.031     -0.120      0.924
7.7500       -29980.207   -29988.312        8.105   324.9      0.712      0.695      0.186     -0.310     -0.095     -0.545
7.8000       -29980.489   -29988.691        8.203   328.8     -0.238     -0.194     -0.432     -0.378      0.183     -0.268
7.8500       -29980.488   -29988.639        8.150   326.7      0.076     -0.513     -0.871     -0.030      0.145      0.370
7.9000       -29980.502   -29988.309        7.806   312.9     -0.250     -0.478      0.107      0.110     -0.606     -0.365
7.9500       -29980.561   -29988.262        7.700   308.7      0.573      0.672     -0.412      0.324     -0.031     -0.371
8.0000       -29979.901   -29988.395        8.493   340.5     -0.083     -0.352      0.688     -0.571     -0.277     -0.454
8.0500       -29979.563   -29988.488        8.925   357.8     -0.192      0.172     -0.152      0.296      0.206     -0.024
8.1000       -29979.508   -29988.389        8.881   356.0      0.640      0.219      0.193      0.324     -0.113     -0.485
8.1500       -29979.457   -29988.549        9.091   364.4     -1.758     -0.863     -1.085     -0.760     -0.544      0.221
8.2000       -29980.055   -29988.740        8.686   348.2      0.382     -0.297      0.880      0.139      0.349      0.072
8.2500       -29980.011   -29988.633        8.622   345.6     -0.519     -0.180     -0.553     -0.215      0.105     -0.143
8.3000       -29980.372   -29988.602        8.230   329.9     -0.304     -1.109      0.181     -0.651      0.224      0.138
8.3500       -29980.693   -29988.158        7.466   299.3     -0.562     -0.488     -0.208     -0.021      0.098     -0.138
8.4000       -29980.348   -29988.432        8.084   324.0     -0.496     -0.945     -0.053     -0.407     -0.318     -0.299
8.4500       -29980.335   -29988.580        8.245   330.5      0.669     -0.034     -0.144     -0.325      0.504      0.464
8.5000       -29980.296   -29988.666        8.370   335.5      0.567     -0.013     -0.216     -0.450     -0.578     -0.295
8.5500       -29980.398   -29988.908        8.510   341.1     -0.648     -0.696     -0.923      0.230     -0.193     -0.025
8.6000       -29980.529   -29989.666        9.137   366.2     -0.061      0.307     -0.280      0.295     -0.402     -0.308
8.6500       -29980.506   -29988.744        8.238   330.2     -0.546     -1.233     -1.259     -0.116     -0.048      0.469
8.7000       -29980.242   -29989.061        8.818   353.5     -1.081     -0.278      0.080      0.211     -0.262      0.243
8.7500       -29980.959   -29988.791        7.832   314.0      0.071      0.138     -0.055     -0.304      0.230      0.196
8.8000       -29980.641   -29988.943        8.303   332.8     -0.253     -0.028     -0.113      0.552     -0.276     -0.365
8.8500       -29980.180   -29988.363        8.184   328.0     -0.595     -0.609     -0.690     -0.054      0.674      0.276
8.9000       -29980.733   -29988.670        7.937   318.1     -1.231      0.087     -0.762     -0.138     -0.452      0.457
8.9500       -29980.667   -29989.521        8.855   354.9     -0.156      0.150     -0.052      0.105     -0.135     -0.094
9.0000       -29980.751   -29989.623        8.872   355.7     -0.125      0.483     -0.265     -0.009      0.297     -0.262
9.0500       -29980.175   -29988.596        8.421   337.5     -0.875     -0.030     -1.015     -0.159     -0.366      0.211
9.1000       -29980.120   -29989.119        8.999   360.7     -0.705     -0.360     -0.731      0.385     -0.548      0.010
9.1500       -29980.748   -29989.066        8.318   333.4     -0.066     -0.541     -0.150      0.520      0.107      0.085
9.2000       -29980.795   -29988.600        7.804   312.8     -0.522     -1.124      0.116     -0.054     -0.281     -0.371
9.2500       -29979.779   -29987.715        7.936   318.1     -1.296     -1.015     -1.055      0.199      0.527     -0.094
9.3000       -29980.041   -29988.447        8.406   337.0     -0.427      0.196      0.341      0.441     -0.496      0.318
9.3500       -29979.816   -29988.676        8.860   355.2     -0.333      0.743      0.410      0.403      0.470     -0.179
9.4000       -29979.994   -29988.895        8.900   356.8      0.142     -0.286     -0.711      0.068     -0.255      0.362
9.4500       -29980.109   -29988.740        8.631   346.0     -1.075     -0.684     -1.046      0.105     -0.261      0.374
9.5000       -29980.050   -29988.791        8.741   350.4      0.329      0.535      0.470      0.026      0.486     -0.233
9.5500       -29980.157   -29988.160        8.003   320.8     -0.016      0.116     -0.084      0.055     -0.315      0.059
9.6000       -29979.879   -29988.344        8.464   339.3      0.577      0.413     -0.254     -0.428      0.017     -0.001
9.6500       -29979.489   -29987.939        8.450   338.7     -0.667      0.231      0.521      0.140      0.239     -0.236
9.7000       -29979.234   -29987.787        8.553   342.8     -0.268      0.254     -0.956     -0.502     -0.011      0.311
9.7500       -29979.408   -29988.238        8.830   354.0      0.021     -0.473     -0.583     -0.501      0.070     -0.407
9.8000       -29979.899   -29988.688        8.788   352.3     -0.098     -0.476     -1.065     -0.105      0.047      0.119
9.8500       -29979.369   -29987.891        8.521   341.6     -0.542      0.175     -1.221     -0.087     -0.276     -0.301
9.9000       -29978.651   -29988.223        9.572   383.7      0.011     -0.364     -0.432      0.033      0.248     -0.240
9.9500       -29978.965   -29988.262        9.296   372.6      0.287     -0.022     -0.249      0.003      0.634      0.139
10.0000      -29978.521   -29987.342        8.821   353.6     -0.999     -0.538      0.041      0.026     -0.538     -0.618
