Time[ps]      Etot[eV]     Epot[eV]     Ekin[eV]    T[K]      ---------------------- stress [GPa] -----------------------
0.0000       -29981.414   -29989.527        8.114   325.2     -0.617      0.066     -0.484      0.324     -0.472     -0.149
0.0500       -29981.286   -29988.830        7.545   302.4     -0.351      0.145      0.225      0.313      0.636      0.255
0.1000       -29981.774   -29989.562        7.789   312.2     -0.633     -0.828      0.615      0.417     -0.057      0.154
0.1500       -29981.050   -29989.250        8.200   328.7      0.014     -1.006     -0.581      0.252     -0.254      0.420
0.2000       -29980.918   -29989.020        8.101   324.7      1.059     -0.035      0.247      0.044      0.274      0.009
0.2500       -29981.902   -29989.742        7.840   314.3     -0.688      0.173     -0.549      0.337      0.647      0.200
0.3000       -29981.587   -29989.646        8.059   323.1     -0.348     -0.249      0.564     -0.224      0.088      0.502
0.3500       -29981.307   -29989.100        7.792   312.3     -0.851     -0.661     -0.330      0.101     -0.342      0.056
0.4000       -29980.994   -29988.621        7.627   305.7      0.009      0.112      0.198      0.258     -0.081      0.656
0.4500       -29981.009   -29988.705        7.696   308.5     -0.618     -1.461     -0.698      0.193     -0.153      0.250
0.5000       -29980.794   -29989.336        8.542   342.4     -0.501     -0.416     -0.571      0.639      0.238     -0.249
0.5500       -29981.102   -29988.797        7.695   308.4      0.367     -0.821      0.020      0.030      0.095      0.521
0.6000       -29981.305   -29989.213        7.908   317.0     -0.559     -0.762     -0.188     -0.033     -0.382     -0.141
0.6500       -29981.284   -29989.410        8.126   325.7      0.022      0.722      0.236      0.196     -0.257      0.242
0.7000       -29981.273   -29989.982        8.709   349.1      0.078     -0.526     -0.228      0.254      0.032      0.565
0.7500       -29981.258   -29989.574        8.316   333.3     -0.177     -0.047     -0.064     -0.059     -1.031      0.106
0.8000       -29980.861   -29988.947        8.086   324.1     -1.299     -0.607     -0.751     -0.216      0.156      0.202
0.8500       -29980.510   -29988.527        8.017   321.4     -0.591     -0.568     -0.220      0.437     -0.300      0.228
0.9000       -29980.120   -29988.176        8.056   322.9     -0.437     -0.070     -0.393     -0.198      0.087      0.284
0.9500       -29980.453   -29988.982        8.529   341.9     -0.136     -0.420      1.244      0.287      0.236      0.301
1.0000       -29980.020   -29988.502        8.482   340.0     -1.678     -0.737     -1.171     -0.382     -0.177      0.070
1.0500       -29980.448   -29988.367        7.920   317.5     -0.183      0.259      0.221     -0.122      0.744      0.472
1.1000       -29981.019   -29988.664        7.645   306.4     -1.492     -0.664     -1.024      0.262     -0.038     -0.360
1.1500       -29980.875   -29988.789        7.914   317.2      0.270     -0.533     -0.727     -0.062      0.366     -0.156
1.2000       -29980.934   -29988.967        8.032   322.0      0.206     -0.293      0.162      0.495     -0.314     -0.199
1.2500       -29980.810   -29988.625        7.815   313.3     -0.317      0.489      0.454      0.608      0.408      0.136
1.3000       -29980.148   -29988.646        8.499   340.7     -0.362     -0.865     -0.810     -0.103     -0.353     -0.137
1.3500       -29980.606   -29989.547        8.941   358.4      0.085      1.083      1.077      0.205      0.463      0.694
1.4000       -29980.822   -29989.119        8.297   332.6     -0.322      0.135     -0.987      0.300      0.099      0.378
1.4500       -29981.041   -29988.244        7.203   288.7     -0.149     -0.073      0.494     -0.092     -0.455      0.026
1.5000       -29980.906   -29988.996        8.090   324.3     -0.090     -0.183      0.031     -0.134      0.668     -0.108
1.5500       -29980.969   -29988.986        8.017   321.4      0.881      0.443      0.328     -0.369     -0.652     -0.470
1.6000       -29981.120   -29988.775        7.655   306.8     -0.410     -0.892     -0.672     -0.103      0.160      0.217
1.6500       -29980.642   -29988.830        8.188   328.2     -0.205      0.292     -0.216      0.403      0.356      0.298
1.7000       -29981.298   -29988.758        7.460   299.0     -0.465     -0.298     -0.224      0.077      0.156     -0.179
1.7500       -29981.401   -29988.572        7.171   287.5     -0.249      0.349     -0.251     -0.096      0.114      0.484
1.8000       -29981.313   -29989.418        8.104   324.9      0.374      0.112      0.742     -0.097      0.283     -0.261
1.8500       -29981.151   -29989.166        8.015   321.3      0.754      0.907      1.106      0.206     -0.091     -0.042
1.9000       -29980.731   -29988.896        8.166   327.3     -1.134     -1.058     -0.934     -0.143      0.780      0.002
1.9500       -29980.836   -29988.434        7.598   304.6     -0.277     -0.464     -0.755     -0.281      0.209     -0.301
2.0000       -29980.521   -29988.754        8.233   330.0      0.051      0.742      0.263     -0.712      0.276     -0.073
2.0500       -29980.312   -29988.223        7.911   317.1      0.191      0.100     -0.002      0.703     -0.103      0.770
2.1000       -29981.133   -29988.920        7.787   312.1      0.473      0.499      0.547      0.006      0.016     -0.477
2.1500       -29981.005   -29988.951        7.947   318.5     -0.517     -0.975      0.072      0.042     -0.411     -0.244
2.2000       -29980.867   -29988.637        7.770   311.5      0.051      0.288      0.691     -0.207      0.627      0.952
2.2500       -29980.536   -29989.078        8.542   342.4      0.386      0.203      0.338      0.032     -0.308     -0.530
2.3000       -29980.610   -29989.002        8.392   336.4     -0.091     -0.103      0.191      0.575     -0.186     -0.095
2.3500       -29980.187   -29988.754        8.567   343.4     -0.657     -0.058      0.386     -0.078     -0.320      0.811
2.4000       -29980.007   -29988.082        8.075   323.7      0.217     -0.681     -0.754      0.077      0.219      0.025
2.4500       -29979.745   -29988.691        8.947   358.6     -0.295     -0.996     -1.238     -0.221     -0.653      0.130
2.5000       -29979.665   -29988.836        9.171   367.6      0.591      0.777     -0.396      0.155      0.262     -0.591
2.5500       -29979.451   -29989.000        9.549   382.8     -0.289      0.017     -0.031     -0.254      0.198      0.269
2.6000       -29978.699   -29987.512        8.813   353.3     -0.258     -1.001     -0.191      0.096      0.106     -0.414
2.6500       -29979.321   -29987.402        8.081   323.9      0.210     -0.574     -0.631      0.397     -0.307      0.216
2.7000       -29979.625   -29988.191        8.566   343.4     -0.544     -0.225      0.466     -0.174      0.188     -0.081
2.7500       -29979.093   -29988.340        9.247   370.7     -0.404     -0.118      0.819     -0.039     -0.192      0.692
2.8000       -29979.612   -29988.260        8.648   346.7      0.347      0.789      0.329      0.259      0.125      0.144
2.8500       -29979.905   -29988.348        8.443   338.4      0.664      0.389      0.339      0.258     -0.424      0.638
2.9000       -29980.030   -29988.016        7.985   320.1      0.969     -0.114     -0.347      0.186     -0.290     -0.786
2.9500       -29979.978   -29988.742        8.764   351.3      0.182     -0.532     -0.062      0.356      0.077      0.830
3.0000       -29979.973   -29988.238        8.265   331.3      0.511      0.099     -0.230      0.686      0.479     -0.681
3.0500       -29979.814   -29988.396        8.583   344.0      0.469      1.149     -0.049      0.224     -0.128      0.644
3.1000       -29979.236   -29987.361        8.125   325.7      0.639     -0.162     -0.985      0.469      0.011     -0.506
3.1500       -29979.663   -29988.020        8.356   335.0     -0.419     -0.285     -0.457      0.368     -0.080     -0.006
3.2000       -29979.491   -29988.504        9.013   361.3     -0.928     -0.997     -0.294     -0.220      0.252      0.127
3.2500       -29979.101   -29988.678        9.577   383.9      0.148     -0.499      0.051      0.416     -0.063     -0.645
3.3000       -29978.576   -29987.832        9.256   371.0     -0.852     -1.094      0.136      0.248     -0.522      0.529
3.3500       -29979.135   -29988.254        9.119   365.5     -0.114     -1.099      0.118     -0.441      0.108     -0.776
3.4000       -29979.020   -29987.908        8.888   356.3      0.776      0.329      0.345      0.332      0.031      0.505
3.4500       -29979.274   -29988.189        8.915   357.4     -0.304      0.061     -0.189     -0.180      0.285     -0.369
3.5000       -29979.171   -29987.664        8.493   340.5     -0.177     -0.303      0.974     -0.265     -0.575     -0.242
3.5500       -29979.228   -29987.904        8.676   347.8     -0.525      0.818     -1.128      0.194     -0.199      0.089
3.6000       -29979.526   -29988.203        8.677   347.8     -0.114     -0.176      0.297     -0.470     -0.272      0.065
3.6500       -29979.988   -29987.824        7.836   314.1     -0.423      0.607     -0.225      0.090     -0.166      0.325
3.7000       -29979.907   -29988.025        8.119   325.4     -0.308     -0.693      0.133      0.159     -0.064      0.236
3.7500       -29980.510   -29988.822        8.312   333.2     -0.017      0.447     -0.201      0.143     -0.546     -0.139
3.8000       -29980.579   -29988.406        7.827   313.7     -0.065      0.149     -0.635      0.180      0.255      0.002
3.8500       -29980.871   -29989.242        8.371   335.5      0.426     -0.143      0.364      0.148     -0.108     -0.449
3.9000       -29980.380   -29988.273        7.893   316.4     -0.595      0.824      0.136      0.177      0.273      0.460
3.9500       -29980.737   -29988.152        7.415   297.2     -0.080     -0.722     -0.212     -0.122      0.295     -0.119
4.0000       -29981.066   -29989.098        8.032   322.0     -0.774      0.037     -0.858     -0.290     -0.385     -0.452
4.0500       -29980.708   -29989.018        8.309   333.1     -0.989      0.339      0.525     -0.221     -0.048      0.016
4.1000       -29980.991   -29989.088        8.097   324.6      0.122     -0.153     -0.430      0.447      0.022     -0.094
4.1500       -29980.769   -29989.312        8.544   342.5     -0.908      0.019     -0.557      0.314      0.200     -0.426
4.2000       -29980.905   -29988.447        7.542   302.3     -0.238      0.037      0.101     -0.175      0.205     -0.271
4.2500       -29981.195   -29989.457        8.262   331.2      0.198      0.357     -0.082     -0.112      0.327     -0.016
4.3000       -29981.352   -29988.623        7.271   291.5      0.413     -0.135     -0.226      0.130      0.048     -0.404
4.3500       -29980.855   -29989.139        8.284   332.1     -0.194     -0.143     -0.013     -0.262     -0.022      0.049
4.4000       -29980.584   -29988.533        7.950   318.7     -0.618      1.164     -0.175     -0.397     -0.192      0.009
4.4500       -29980.131   -29988.045        7.914   317.2      0.081     -1.598     -0.420      0.275     -0.440      0.088
4.5000       -29979.853   -29988.117        8.264   331.3     -0.765     -0.084     -0.413     -0.098     -0.476      0.551
4.5500       -29979.788   -29987.959        8.171   327.5     -0.777     -1.186     -0.674      0.142      0.063     -0.313
4.6000       -29980.054   -29988.174        8.120   325.5     -0.411      0.452      0.899     -0.439     -0.325     -0.343
4.6500       -29980.555   -29988.820        8.265   331.3      0.376      0.446     -0.140      0.457     -0.037     -0.503
4.7000       -29980.475   -29988.270        7.794   312.4      0.751     -0.278     -0.193      0.407     -0.164      0.506
4.7500       -29980.041   -29988.035        7.994   320.4      0.743      0.226      1.506     -0.155     -0.481     -0.259
4.8000       -29979.343   -29987.832        8.489   340.3      0.308      0.470      0.180      0.417      0.676     -0.292
4.8500       -29978.887   -29988.037        9.150   366.8     -1.568     -1.737     -0.959     -0.465     -0.209     -0.093
4.9000       -29978.769   -29987.686        8.917   357.4      0.242     -0.209     -0.415     -0.238     -0.605      0.098
4.9500       -29979.065   -29987.486        8.421   337.6      0.772     -0.131     -1.024      0.486      0.130     -0.253
5.0000       -29979.320   -29988.197        8.877   355.8     -1.040     -0.449     -0.297     -0.292      0.246     -0.444
5.0500       -29979.554   -29988.113        8.559   343.1     -0.190     -0.433     -1.095     -0.645     -0.489      0.178
5.1000       -29979.207   -29987.459        8.252   330.8     -0.560     -0.534      0.609      0.135      0.062     -0.060
5.1500       -29979.005   -29987.080        8.075   323.7      0.655     -0.237     -0.240     -0.345     -0.394      0.461
5.2000       -29978.985   -29987.090        8.105   324.9     -0.422      0.680      0.280      0.424      0.461      0.190
5.2500       -29979.074   -29987.682        8.607   345.0      0.708      0.299     -0.015      0.066      0.046     -0.463
5.3000       -29979.169   -29987.844        8.675   347.7      0.243     -0.703      0.259     -0.247      0.171     -0.031
5.3500       -29979.591   -29988.133        8.541   342.4      0.038      0.648      0.355      0.844      0.460     -0.306
5.4000       -29979.542   -29988.496        8.954   358.9      0.603     -0.741      0.305      0.145     -0.139      0.274
5.4500       -29979.859   -29988.061        8.201   328.7     -0.560     -0.750      0.010     -0.000     -0.398      0.185
5.5000       -29979.352   -29988.188        8.836   354.2      0.666      0.062     -0.160      0.183     -0.107     -0.136
5.5500       -29979.613   -29988.158        8.545   342.5     -0.825     -0.806     -0.487      0.065      0.473      0.035
5.6000       -29979.362   -29987.873        8.511   341.1      0.437     -0.889     -0.128      0.387     -0.281      0.106
5.6500       -29978.956   -29987.258        8.302   332.8      0.251     -1.011     -0.473     -0.070      0.046      0.673
5.7000       -29978.906   -29988.398        9.492   380.5      0.201      0.481     -0.264     -0.331      0.297     -0.431
5.7500       -29979.119   -29988.365        9.246   370.6      0.056     -0.375     -0.171     -0.219     -0.501     -0.005
5.8000       -29979.021   -29987.729        8.707   349.0      0.193     -0.887     -0.912     -0.468      0.636      0.111
5.8500       -29979.574   -29988.404        8.830   354.0      0.328     -0.092      0.518      0.587     -0.378     -0.132
5.9000       -29979.508   -29987.643        8.135   326.1     -0.233     -0.604     -0.088     -0.180     -0.158     -0.359
5.9500       -29979.514   -29987.451        7.938   318.2     -0.326     -0.058      0.142     -0.197     -0.408      0.082
6.0000       -29979.881   -29988.113        8.232   330.0      0.369      0.209      0.102      0.058     -0.196      0.047
6.0500       -29979.727   -29988.213        8.486   340.2      0.489      0.041     -0.382     -0.305     -0.144     -0.107
6.1000       -29979.458   -29987.676        8.218   329.4      0.489      0.756      0.427     -0.249      0.065     -0.032
6.1500       -29979.727   -29988.131        8.404   336.9     -0.497     -0.656     -0.552     -0.429     -0.128     -0.095
6.2000       -29980.048   -29988.074        8.027   321.7      0.070      0.708      0.517     -0.186     -0.143     -0.045
6.2500       -29980.471   -29989.008        8.537   342.2      0.012     -0.373      0.559      0.106      0.063      0.029
6.3000       -29979.961   -29988.691        8.730   350.0      0.120     -0.369     -0.867     -0.012     -0.077      0.094
6.3500       -29979.845   -29988.441        8.596   344.6     -0.130      0.543     -0.669     -0.119     -0.116     -0.057
6.4000       -29980.127   -29988.438        8.311   333.1     -0.135     -0.036     -0.393     -0.111      0.199     -0.189
6.4500       -29980.555   -29988.408        7.853   314.8     -0.649      0.015     -0.357      0.034     -0.411     -0.305
6.5000       -29980.789   -29989.182        8.393   336.4     -1.008     -0.570     -0.374      0.159      0.094      0.550
6.5500       -29981.094   -29989.352        8.257   331.0     -0.436     -0.258      0.052     -0.697      0.392      0.184
6.6000       -29981.219   -29989.350        8.130   325.9     -0.218     -0.528      0.030      0.279      0.146      0.372
6.6500       -29981.162   -29988.977        7.814   313.2      0.386     -0.014     -0.104     -0.572     -0.262      0.109
6.7000       -29981.054   -29988.842        7.788   312.2     -0.845     -0.054     -0.235      0.164      0.096     -0.567
6.7500       -29981.307   -29988.887        7.579   303.8      0.416     -0.491     -0.508     -0.195      0.186     -0.165
6.8000       -29981.229   -29989.035        7.806   312.9      0.504     -0.289     -0.250     -0.909     -0.036     -0.161
6.8500       -29981.319   -29989.064        7.745   310.5      0.433      0.616      0.447      0.216     -0.114     -0.031
6.9000       -29981.357   -29989.217        7.859   315.0      0.684     -0.038      0.780     -0.155      0.095      0.302
6.9500       -29981.032   -29989.025        7.993   320.4      0.752      0.538      0.297     -0.127     -0.449     -0.282
7.0000       -29980.390   -29989.365        8.975   359.8     -0.339      0.471     -0.466      0.076      0.335     -0.214
7.0500       -29980.154   -29988.576        8.422   337.6     -0.277     -0.437      0.907      0.437      0.213     -0.256
7.1000       -29980.466   -29988.141        7.674   307.6      0.727     -0.134      0.479      0.545     -0.263      0.045
7.1500       -29980.224   -29988.889        8.665   347.3      0.492     -0.335     -0.472     -0.396     -0.666     -0.175
7.2000       -29980.324   -29988.443        8.120   325.5      0.154     -0.051      0.481      0.451     -0.012      0.248
7.2500       -29980.167   -29987.941        7.774   311.6     -0.863     -0.862     -0.379      0.241     -0.674     -0.211
7.3000       -29980.511   -29988.279        7.769   311.4      0.120     -0.109     -0.460     -0.412      0.245     -0.546
7.3500       -29980.618   -29988.078        7.460   299.0     -0.750     -0.233      0.137      0.719     -0.566     -0.005
7.4000       -29980.522   -29988.924        8.402   336.8      0.109     -0.131     -0.202      0.289      0.233      0.094
7.4500       -29980.834   -29988.875        8.041   322.3      0.920      0.088      0.298     -0.870     -0.473     -0.596
7.5000       -29980.460   -29988.986        8.527   341.8     -0.342     -0.950     -0.326      0.053      0.220      0.305
7.5500       -29980.345   -29988.566        8.222   329.6      0.521     -0.096     -0.058     -0.213     -0.125      0.735
7.6000       -29980.678   -29988.594        7.916   317.3      0.353      0.938     -0.139      0.139      0.281      0.036
7.6500       -29979.884   -29988.424        8.540   342.3      0.132     -0.165     -0.207     -0.522      0.723      0.052
7.7000       -29979.456   -29988.396        8.940   358.4      0.250      0.837     -0.239      0.231     -0.295     -0.149
7.7500       -29979.529   -29988.262        8.733   350.0      0.604      0.061      0.886      0.047      0.601      0.355
7.8000       -29980.154   -29988.273        8.119   325.5      0.620      0.936     -0.060     -0.274      0.214     -0.068
7.8500       -29979.933   -29988.016        8.083   324.0      0.324      0.635      0.352      0.250      0.014     -0.190
7.9000       -29979.621   -29988.016        8.394   336.5      0.073     -1.033     -0.049     -0.126     -0.110     -0.426
7.9500       -29980.069   -29987.561        7.492   300.3     -0.661      0.312     -0.567     -0.413     -0.076      0.444
8.0000       -29980.353   -29988.361        8.009   321.0     -0.116     -0.439      0.034      0.556      0.113     -0.088
8.0500       -29980.445   -29988.295        7.850   314.6     -0.895      0.167     -0.116     -0.036     -0.778      0.016
8.1000       -29980.576   -29988.113        7.537   302.1     -0.042     -0.799      0.113      0.257      0.350      0.336
8.1500       -29980.486   -29988.668        8.182   328.0     -0.803      0.604     -0.087     -0.030      0.628     -0.131
8.2000       -29980.466   -29988.672        8.206   328.9      0.720      0.573     -0.313      0.224      0.252      0.104
8.2500       -29980.435   -29987.906        7.471   299.5     -0.342     -0.099      0.401      0.128     -0.039     -0.306
8.3000       -29980.200   -29989.016        8.816   353.4     -0.801     -0.453      0.062      0.164     -0.412     -0.160
8.3500       -29980.228   -29988.654        8.426   337.8      0.362      0.913      0.513     -0.045     -0.176     -0.098
8.4000       -29979.885   -29987.754        7.869   315.4     -1.635     -0.869     -0.518     -0.021      0.200     -0.323
8.4500       -29980.194   -29988.920        8.726   349.8     -0.681     -0.584     -0.433      0.445     -0.349      0.062
8.5000       -29980.144   -29988.502        8.358   335.0     -1.383     -0.966     -0.287      0.541      0.367     -0.056
8.5500       -29979.761   -29987.848        8.087   324.2     -0.402      1.305     -0.797     -0.370     -0.362      0.387
8.6000       -29979.661   -29987.615        7.954   318.8      0.825     -0.735      0.484     -0.147      0.533      0.375
8.6500       -29979.624   -29987.555        7.931   317.9     -0.434     -0.488     -0.976      0.035     -0.099     -0.152
8.7000       -29980.024   -29988.953        8.929   357.9     -1.040     -0.698     -0.037      0.245     -0.053      0.447
8.7500       -29980.232   -29988.697        8.465   339.3     -0.481     -1.189     -0.484      0.329     -0.047      0.223
8.8000       -29980.663   -29988.902        8.239   330.3     -0.676      0.235     -0.581     -0.040     -0.005      0.244
8.8500       -29980.374   -29988.570        8.196   328.5     -0.159     -0.240      0.256     -0.233      0.506      0.404
8.9000       -29980.084   -29988.795        8.711   349.2     -0.151     -0.649      0.800     -0.176     -0.025     -0.515
8.9500       -29979.663   -29987.977        8.314   333.3      0.545      0.883      0.493      0.357     -0.058      0.277
9.0000       -29979.190   -29988.447        9.257   371.1     -0.463      0.097     -0.397      0.139     -0.369      0.411
9.0500       -29978.937   -29988.039        9.102   364.8     -0.475      0.437     -0.391     -0.641      0.208     -0.460
9.1000       -29978.769   -29987.361        8.593   344.4     -0.729      0.622     -0.351      0.039      0.027      0.028
9.1500       -29978.906   -29987.736        8.830   353.9     -1.027     -0.177     -1.319      0.181     -0.118     -0.486
9.2000       -29979.286   -29987.834        8.548   342.7      0.052      1.338     -0.585     -0.224     -0.445      0.233
9.2500       -29979.659   -29988.408        8.749   350.7     -0.557     -0.724     -0.177      0.019     -0.643     -0.175
9.3000       -29980.053   -29988.104        8.051   322.7     -0.344      0.126     -0.117      0.063      0.062     -0.258
9.3500       -29979.894   -29988.049        8.155   326.9     -0.947     -1.017     -0.638     -0.036      0.290      0.496
9.4000       -29979.857   -29988.252        8.395   336.5      0.151     -0.092      0.198      0.081      0.213      0.177
9.4500       -29980.162   -29988.383        8.221   329.5      0.080     -0.371     -0.401     -0.269      0.590     -0.472
9.5000       -29979.822   -29988.184        8.362   335.2     -0.599     -0.051     -0.599     -0.500     -0.891      0.619
9.5500       -29980.132   -29988.492        8.360   335.1     -0.086     -0.759     -0.821      0.016     -0.126     -0.498
9.6000       -29980.803   -29988.900        8.097   324.6      0.168      0.100      0.011     -0.421     -0.275      0.571
9.6500       -29981.140   -29989.639        8.498   340.6      0.332     -0.884      0.288     -0.023      0.295      0.130
9.7000       -29981.133   -29989.416        8.283   332.0      0.245     -0.670     -0.410      0.408     -0.214     -0.161
9.7500       -29981.179   -29988.949        7.770   311.5     -0.995     -0.592     -1.028     -0.075      0.102      0.388
9.8000       -29981.448   -29989.404        7.956   318.9      0.203     -0.614     -0.299     -0.308     -0.761     -0.074
9.8500       -29981.178   -29989.318        8.140   326.3     -0.456     -0.256      0.437      0.341     -0.035      0.149
9.9000       -29981.360   -29989.736        8.376   335.7     -0.127      0.158     -0.115     -0.831     -0.182      0.278
9.9500       -29981.075   -29989.529        8.455   338.9     -0.535     -1.231     -0.711      0.205      0.310     -0.175
10.0000      -29981.190   -29990.180        8.990   360.4     -0.485     -0.651     -0.468      0.447     -0.202      0.006
