Time[ps]      Etot[eV]     Epot[eV]     Ekin[eV]    T[K]      ---------------------- stress [GPa] -----------------------
0.0000        -1008.131    -1015.954        7.823   313.6      1.236      0.412      0.624     -0.538     -0.177      0.224
0.0500        -1008.205    -1016.140        7.935   318.1     -0.317     -1.005      0.361     -0.005     -0.613     -0.409
0.1000        -1008.141    -1016.104        7.963   319.2      0.599     -0.156      1.099     -0.366      0.088     -0.213
0.1500        -1007.644    -1016.515        8.871   355.6     -0.725      0.227     -0.559      0.148      0.413      0.061
0.2000        -1007.532    -1016.388        8.856   355.0      0.330      0.094      0.653     -0.406      0.110     -0.979
0.2500        -1007.025    -1015.374        8.349   334.7      0.297      0.391      0.296      0.313     -0.051     -0.422
0.3000        -1007.471    -1015.219        7.747   310.5      1.275      0.936      0.634      0.458     -0.109      0.257
0.3500        -1007.534    -1015.727        8.193   328.4      1.130      0.056      0.986      0.030     -0.047     -0.104
0.4000        -1007.227    -1016.180        8.953   358.9     -0.302      0.925      0.538     -0.287      0.357      0.385
0.4500        -1007.163    -1016.356        9.193   368.5      0.676     -0.252      0.389     -0.001     -0.233      0.145
0.5000        -1007.301    -1015.349        8.048   322.6      0.723      0.834      0.644      0.541     -0.470     -0.426
0.5500        -1007.901    -1015.393        7.492   300.3      0.659      0.585      0.819      0.146      0.084      0.473
0.6000        -1008.154    -1016.360        8.206   328.9      1.116     -0.455      1.235      0.482     -0.083     -0.424
0.6500        -1008.600    -1016.465        7.865   315.2      0.053      0.829      0.190     -0.473      0.069     -0.087
0.7000        -1008.017    -1016.181        8.164   327.2      0.143      0.467      0.681      0.841     -0.162      0.347
0.7500        -1008.040    -1016.012        7.973   319.6     -0.670      0.068      0.199     -0.364      0.067      0.034
0.8000        -1007.975    -1016.007        8.032   321.9      0.790      1.137      1.301     -0.112     -0.216     -0.040
0.8500        -1007.567    -1015.486        7.919   317.4      0.965      0.387     -0.320      0.260      0.384     -0.370
0.9000        -1007.567    -1016.070        8.503   340.8      0.153      0.178      1.075     -0.724     -0.175     -0.473
0.9500        -1007.939    -1015.519        7.579   303.8      0.761     -0.162      0.644      0.529      0.452      0.131
1.0000        -1007.857    -1016.190        8.333   334.0      0.170     -0.262     -0.456     -0.733     -0.167      0.227
1.0500        -1008.141    -1015.632        7.491   300.3      1.265      0.471     -0.130      0.211      0.078     -0.557
1.1000        -1008.789    -1016.539        7.750   310.7     -0.027      0.132     -0.119     -0.748     -0.131      0.142
1.1500        -1008.134    -1016.343        8.208   329.0     -0.008      0.071     -0.347      0.903      0.529     -0.478
1.2000        -1008.077    -1016.333        8.256   330.9     -0.040      0.108     -1.147      0.113      0.632      0.230
1.2500        -1008.347    -1016.510        8.163   327.2      0.409     -0.971     -0.535     -0.010      0.637     -0.231
1.3000        -1008.857    -1016.467        7.610   305.0     -0.807     -0.764     -0.631      0.006      0.214      0.256
1.3500        -1008.580    -1015.918        7.338   294.1      0.732      0.717      0.812      0.338      0.640     -0.245
1.4000        -1007.714    -1016.046        8.333   334.0      1.492      0.707      1.289     -0.388     -0.568      0.290
1.4500        -1007.731    -1015.861        8.131   325.9      0.237     -0.171     -0.160      0.131     -0.306     -0.122
1.5000        -1007.460    -1016.051        8.591   344.4     -0.601      0.747      0.857      0.096     -0.204      0.139
1.5500        -1007.863    -1016.074        8.211   329.1      0.562     -0.546      0.314      0.301      0.066      0.005
1.6000        -1007.453    -1014.729        7.276   291.7     -0.015      0.808     -0.527     -0.134     -0.224      0.389
1.6500        -1007.805    -1015.268        7.462   299.1      0.999      0.363      0.345     -0.430      0.724     -0.382
1.7000        -1007.705    -1016.056        8.351   334.7      1.194      0.936      0.707     -0.277     -0.808      0.474
1.7500        -1007.688    -1015.473        7.785   312.1      0.694      0.390      0.189      0.031      0.129     -0.285
1.8000        -1007.380    -1015.953        8.574   343.7     -0.427     -0.030      0.123     -0.386      0.398      0.235
1.8500        -1007.627    -1015.806        8.179   327.9     -0.674     -0.151     -0.259      0.521     -0.121      0.348
1.9000        -1008.006    -1016.307        8.301   332.8     -0.159      0.248     -0.175      0.068     -0.154      0.051
1.9500        -1008.421    -1015.994        7.573   303.6      0.830      0.193      0.470     -0.427     -0.138     -0.133
2.0000        -1008.485    -1016.065        7.580   303.9      0.323      0.813     -0.933      0.384     -0.468      0.250
2.0500        -1008.714    -1016.289        7.575   303.6     -0.034     -0.596      1.090     -0.179     -0.172     -0.218
2.1000        -1007.767    -1016.079        8.311   333.2     -0.176      0.697      0.043     -0.778     -0.031     -0.192
2.1500        -1007.664    -1016.422        8.758   351.0      0.184      0.401      0.278     -0.414      0.112      0.037
2.2000        -1007.598    -1015.723        8.125   325.7      0.260      0.779     -0.138     -0.076      0.136     -0.005
2.2500        -1007.828    -1015.391        7.562   303.1      1.292      0.377      0.867      0.354     -0.471     -0.237
2.3000        -1007.347    -1015.348        8.001   320.7      0.078      1.156      0.002      0.387      0.050     -0.078
2.3500        -1007.367    -1015.632        8.265   331.3      0.607      1.099      0.992     -0.635     -0.395     -0.389
2.4000        -1008.170    -1016.597        8.427   337.8      1.335      0.667      1.414     -0.202      0.273      0.566
2.4500        -1008.175    -1016.189        8.014   321.2      0.756      0.590      0.741      0.295     -0.334      0.310
2.5000        -1008.016    -1015.805        7.789   312.2      0.440      0.428     -0.345     -0.454      0.603      0.600
2.5500        -1007.637    -1015.858        8.221   329.6      0.650     -0.076      0.515      0.111     -0.509     -0.091
2.6000        -1007.844    -1015.644        7.800   312.7      0.012      0.478      0.204     -0.095      0.142      0.301
2.6500        -1007.537    -1016.371        8.833   354.1      0.375      0.625      1.251     -0.636      0.493      0.236
2.7000        -1007.087    -1016.365        9.278   371.9      0.728      0.741      0.939      0.142     -0.317      0.795
2.7500        -1007.086    -1015.336        8.250   330.7      0.324      0.301     -0.567     -0.282      0.359     -0.077
2.8000        -1006.993    -1014.923        7.930   317.9      0.045      0.091     -0.116     -0.406     -0.009      0.133
2.8500        -1007.518    -1015.768        8.250   330.7      0.131     -0.501      0.429      0.019      0.037      0.127
2.9000        -1007.273    -1015.798        8.525   341.7      0.390      1.069      0.833     -0.121      0.067     -0.585
2.9500        -1007.724    -1015.745        8.022   321.5     -0.258      0.773      0.342      0.686      0.691     -0.324
3.0000        -1008.380    -1016.355        7.975   319.7      0.415     -0.248      0.981      0.139     -0.027      0.417
3.0500        -1008.021    -1016.617        8.596   344.6      1.507      1.116      0.655      0.240      0.235      0.219
3.1000        -1007.487    -1015.631        8.144   326.5      0.219      0.838      0.837     -0.063      0.327      0.135
3.1500        -1007.712    -1015.437        7.725   309.7     -0.329     -0.653      0.902      0.001     -0.420     -0.298
3.2000        -1008.475    -1015.233        6.758   270.9      0.247      0.559     -0.234      0.269     -0.048     -0.220
3.2500        -1008.393    -1016.910        8.517   341.4      0.616      0.361      0.082      0.099      0.564      0.489
3.3000        -1008.494    -1016.743        8.249   330.6      0.074     -0.806      0.062     -0.530      0.408      0.008
3.3500        -1008.369    -1016.554        8.184   328.1      0.035     -0.135     -0.182     -0.089      0.317     -0.054
3.4000        -1008.339    -1017.036        8.698   348.6      0.894      0.831     -0.024      0.337      0.518      0.142
3.4500        -1008.260    -1016.198        7.938   318.2      0.631      0.919      1.252     -0.427     -0.015     -0.253
3.5000        -1008.350    -1016.209        7.860   315.0      0.654      0.413      0.796      0.608      0.243      0.055
3.5500        -1008.166    -1016.270        8.104   324.8      0.957      1.141     -0.042     -0.252      0.301      0.428
3.6000        -1007.838    -1016.004        8.166   327.3     -0.501     -0.397      0.298      0.235     -0.098     -0.075
3.6500        -1008.031    -1016.323        8.293   332.4     -0.383     -0.329     -0.646      0.407     -0.148      0.295
3.7000        -1007.495    -1016.345        8.850   354.8      0.947      0.521     -0.517     -0.256     -0.490     -0.318
3.7500        -1007.524    -1015.230        7.706   308.9      0.083      0.282      0.293     -0.285      0.399      0.316
3.8000        -1007.606    -1016.211        8.605   344.9     -0.402      0.345     -0.515      0.229     -0.511     -0.036
3.8500        -1007.438    -1016.136        8.698   348.7     -0.301     -0.783      0.091      0.017     -0.177     -0.740
3.9000        -1006.390    -1015.289        8.899   356.7     -0.028      0.105     -0.029     -0.161      0.443      0.601
3.9500        -1006.878    -1015.613        8.736   350.2     -1.186     -0.486      0.256     -0.494     -0.079     -0.026
4.0000        -1006.809    -1015.821        9.013   361.3     -0.026     -0.077     -0.629     -0.456      0.115      0.329
4.0500        -1007.614    -1015.580        7.967   319.3     -0.142     -0.579     -0.650      0.514     -0.068     -0.349
4.1000        -1007.975    -1016.512        8.537   342.2      0.991      0.414      0.892     -0.263     -0.200     -0.281
4.1500        -1007.994    -1016.093        8.099   324.6      0.487      0.633      0.282     -0.329      0.041      1.182
4.2000        -1008.306    -1016.188        7.882   315.9      0.016     -0.623     -0.036     -0.148     -0.361     -0.114
4.2500        -1007.908    -1015.974        8.066   323.3      0.024      0.330     -0.413     -0.109      0.101      0.397
4.3000        -1008.176    -1015.985        7.808   313.0      0.520     -0.376      0.506      0.779      0.689     -0.295
4.3500        -1008.058    -1016.605        8.547   342.6     -0.540      0.731     -0.075     -0.598      0.008     -0.101
4.4000        -1007.636    -1016.510        8.875   355.7      0.530      0.383     -0.312     -0.265     -0.088      0.912
4.4500        -1007.776    -1015.789        8.013   321.2      0.912      0.395     -0.857      0.604     -0.572      0.839
4.5000        -1007.723    -1015.256        7.533   301.9      0.765      0.476      0.995     -0.246      0.398     -0.259
4.5500        -1007.577    -1016.218        8.642   346.4      0.040      0.702      0.020     -0.559      0.028      0.801
4.6000        -1007.738    -1016.022        8.283   332.0      0.534     -0.525     -0.585      0.435     -0.295      0.360
4.6500        -1007.605    -1015.125        7.520   301.5      0.157     -0.100      0.415     -0.025     -0.626      0.060
4.7000        -1007.909    -1016.473        8.564   343.3      0.478      0.902      0.783      0.029     -0.539      0.516
4.7500        -1007.770    -1016.224        8.454   338.9      0.963      0.080     -0.323      0.216      0.260      0.167
4.8000        -1007.158    -1015.806        8.648   346.7      1.231      0.490      0.492      0.267     -0.270      0.162
4.8500        -1006.650    -1014.995        8.345   334.5      0.331     -0.823     -0.960      0.122     -0.138      0.223
4.9000        -1007.034    -1015.196        8.161   327.1     -0.180      0.241     -0.180     -0.406      0.215     -0.171
4.9500        -1007.254    -1016.081        8.827   353.8     -0.145      0.488     -0.099      0.302     -0.303     -0.487
5.0000        -1007.259    -1015.797        8.538   342.2      0.441      0.393      0.234      0.059     -0.280      0.404
