Time[ps]      Etot[eV]     Epot[eV]     Ekin[eV]    T[K]      ---------------------- stress [GPa] -----------------------
0.0000       -29979.737   -29988.758        9.020   361.6     -1.330     -0.190     -1.206      0.173      0.093      0.163
0.0500       -29980.223   -29989.211        8.988   360.3     -0.554     -0.771     -0.495     -0.532      0.033      0.658
0.1000       -29979.843   -29988.705        8.862   355.2     -0.822      0.026     -0.861      0.666      0.240      0.065
0.1500       -29980.067   -29988.359        8.292   332.4      0.225      0.308     -0.108      0.284      0.508      0.059
0.2000       -29979.596   -29988.742        9.147   366.6      0.695     -0.329     -1.024      0.345      0.322      0.049
0.2500       -29979.994   -29989.002        9.008   361.1     -0.822      0.228     -0.285      0.048     -0.098      0.258
0.3000       -29980.157   -29988.996        8.839   354.3     -0.017     -0.774      0.105      0.782     -0.483      0.441
0.3500       -29980.307   -29988.338        8.030   321.9     -0.115      0.161      0.318      0.807      0.410      0.511
0.4000       -29979.847   -29988.678        8.831   354.0     -0.283     -0.669     -0.001     -0.034     -0.083     -0.128
0.4500       -29979.771   -29988.627        8.856   355.0      0.161     -0.112     -0.512      0.544     -0.277      0.260
0.5000       -29979.819   -29988.570        8.751   350.8      0.659      0.060     -0.381      0.093     -0.022     -0.206
0.5500       -29980.372   -29989.281        8.909   357.1      0.798      0.096      0.627     -0.379      0.190     -0.643
0.6000       -29980.373   -29988.076        7.703   308.8     -0.371     -0.673     -0.134     -0.144     -0.533      0.595
0.6500       -29980.106   -29988.459        8.353   334.8      0.126     -0.142     -0.361     -0.244     -0.362      0.246
0.7000       -29980.438   -29988.988        8.550   342.7      0.649      1.112      0.387     -0.223      0.211     -0.370
0.7500       -29980.350   -29989.053        8.703   348.9     -0.230     -0.918     -0.357      0.027     -0.047      0.516
0.8000       -29980.571   -29988.545        7.974   319.6      0.207     -0.387     -0.568     -0.542     -0.676     -0.270
0.8500       -29980.631   -29989.221        8.590   344.3      0.341     -0.488     -0.922     -0.221     -0.089     -0.463
0.9000       -29980.637   -29988.936        8.299   332.6     -0.200     -0.077     -0.071      0.507      0.020     -0.159
0.9500       -29980.070   -29988.896        8.827   353.8     -0.544     -0.046     -0.237     -0.660      0.341     -0.452
1.0000       -29980.389   -29989.121        8.732   350.0     -1.176     -0.671     -0.659     -0.176     -0.494     -0.457
1.0500       -29980.280   -29988.680        8.400   336.7     -0.045     -0.954     -0.899      0.398      0.374     -0.031
1.1000       -29980.216   -29988.434        8.217   329.4      0.314      0.118      0.019     -0.230      1.070      0.417
1.1500       -29979.860   -29988.336        8.475   339.7     -0.752     -0.258     -1.648     -0.198     -0.083      0.006
1.2000       -29979.606   -29988.127        8.521   341.6     -1.025      0.153      0.235     -0.928      0.128      0.660
1.2500       -29979.743   -29988.287        8.544   342.5     -0.316      1.113     -0.259      0.375      0.600     -0.246
1.3000       -29979.629   -29988.617        8.988   360.3     -1.178      0.040     -0.345     -0.512     -0.215      0.059
1.3500       -29979.767   -29988.104        8.337   334.2      0.355      0.640      0.231     -0.383      0.886      0.506
1.4000       -29979.783   -29988.357        8.574   343.7      0.486      0.131      0.311     -0.428      0.180     -0.098
1.4500       -29979.519   -29988.176        8.657   347.0     -0.631      0.113      0.385      0.099     -0.260      0.445
1.5000       -29979.498   -29988.488        8.990   360.4      0.027      0.656     -0.541     -0.046      0.949     -0.250
1.5500       -29979.543   -29988.230        8.688   348.3      0.169     -0.763      0.456     -0.136     -0.153      0.604
1.6000       -29980.321   -29989.477        9.156   367.0     -0.747      0.037      0.106      0.037     -0.092      0.158
1.6500       -29980.790   -29988.887        8.097   324.6     -0.361     -0.115      0.121     -0.321     -0.092      0.176
1.7000       -29980.434   -29989.162        8.728   349.9     -0.317      0.910      0.188     -0.319      0.059      0.313
1.7500       -29980.494   -29989.061        8.566   343.4     -0.246     -1.056      0.156      0.299     -0.560     -0.263
1.8000       -29980.560   -29988.893        8.333   334.0     -0.842     -0.068     -0.432      0.162      0.697     -0.444
1.8500       -29981.126   -29988.570        7.444   298.4     -0.749      0.678      0.244     -0.030     -0.400      0.011
1.9000       -29981.144   -29989.664        8.520   341.5     -0.002      0.218      0.399     -0.589      0.088      0.151
1.9500       -29981.450   -29989.588        8.138   326.2     -0.708     -0.221      1.048      0.090     -0.420      0.051
2.0000       -29981.501   -29989.090        7.589   304.2     -0.330     -0.013     -0.614     -0.236      0.617      0.478
2.0500       -29982.005   -29989.652        7.648   306.6      0.263     -0.243      0.060      0.114     -0.047     -0.185
2.1000       -29981.792   -29989.703        7.912   317.1     -0.618      0.108     -1.120     -0.490      0.315     -0.426
2.1500       -29981.714   -29989.320        7.606   304.9     -1.471      0.169     -1.121      0.209      0.480      0.104
2.2000       -29981.018   -29988.434        7.415   297.2     -0.406     -0.134     -1.048     -0.333      0.242     -0.156
2.2500       -29980.599   -29988.564        7.965   319.3     -0.827      0.135     -0.088     -0.226      0.630      0.466
2.3000       -29980.399   -29988.855        8.457   339.0     -0.079      0.705     -0.221     -0.004     -0.054      0.252
2.3500       -29980.421   -29989.193        8.773   351.6     -0.710      0.252     -0.570     -0.274      0.198      0.493
2.4000       -29980.641   -29988.371        7.730   309.9     -0.773     -0.960     -0.656      0.762      0.361      0.006
2.4500       -29981.177   -29989.215        8.037   322.2     -0.033      1.022     -0.036     -0.625     -0.068     -0.085
2.5000       -29981.070   -29989.588        8.518   341.4     -0.293      0.523     -0.280     -0.398      0.107     -0.187
2.5500       -29980.828   -29989.342        8.514   341.3     -0.131     -0.327     -0.610      0.259     -0.480      0.151
2.6000       -29981.134   -29989.783        8.649   346.7      0.479      0.355     -0.263      0.293      0.212      0.372
2.6500       -29981.211   -29990.053        8.842   354.4      0.559      0.403      0.065     -0.375     -0.077     -0.476
2.7000       -29980.671   -29989.018        8.347   334.6      1.031      0.216      0.957     -0.144      0.156     -0.165
2.7500       -29980.532   -29988.420        7.888   316.2      0.193      0.951      0.049     -0.508      0.385     -0.940
2.8000       -29980.304   -29989.094        8.790   352.3      0.486     -0.395      0.226     -0.018      0.246      0.045
2.8500       -29980.376   -29989.086        8.710   349.1      0.493      0.613      0.537     -0.761     -0.121     -0.679
2.9000       -29979.969   -29989.168        9.199   368.7     -0.722     -0.645      0.299      0.194      0.075      0.213
2.9500       -29980.407   -29988.895        8.488   340.2      0.043     -0.864     -0.545     -0.115     -0.325      0.027
3.0000       -29980.272   -29988.875        8.603   344.9     -0.630      0.085     -0.876      0.029      0.166      0.270
3.0500       -29980.500   -29988.830        8.330   333.9     -0.675     -0.471      0.323     -0.319      0.410      0.136
3.1000       -29980.914   -29988.621        7.707   308.9      0.172      1.056      0.284      0.427     -0.496      0.191
3.1500       -29980.625   -29989.203        8.578   343.8      0.200      0.429      0.370     -0.086     -0.496     -0.169
3.2000       -29980.660   -29989.035        8.375   335.7      0.296     -0.174     -0.186      0.350      0.011      0.187
3.2500       -29980.262   -29989.119        8.857   355.0      0.027     -0.594      0.045     -0.680     -0.320      0.122
3.3000       -29980.190   -29988.537        8.347   334.6     -0.420     -1.390     -0.745      0.724     -0.190      0.357
3.3500       -29980.226   -29988.812        8.587   344.2     -0.209     -0.750     -1.115     -0.238      0.048     -0.130
3.4000       -29980.625   -29988.785        8.160   327.1     -0.157     -0.858     -0.560      0.118     -0.038      0.189
3.4500       -29980.865   -29989.006        8.141   326.3      0.289     -0.054      0.117      0.483     -0.655     -0.025
3.5000       -29980.543   -29988.971        8.428   337.8      0.309     -0.004     -0.107     -0.138      0.303      0.315
3.5500       -29980.754   -29989.715        8.961   359.2     -0.087     -0.011      0.390     -0.239      0.011      0.064
3.6000       -29980.482   -29989.207        8.725   349.8     -0.260     -1.225     -0.959      0.500      0.044     -0.171
3.6500       -29980.314   -29988.416        8.102   324.8     -0.120      0.156      0.640     -0.181      0.221     -0.112
3.7000       -29980.548   -29988.705        8.157   327.0      0.537      0.172     -0.463     -0.560      0.071      0.015
3.7500       -29980.136   -29988.924        8.788   352.2     -0.560     -0.281     -0.108      0.004      0.126     -0.115
3.8000       -29980.002   -29988.719        8.717   349.4      0.548     -1.520     -0.417      0.018     -0.369      0.051
3.8500       -29980.105   -29988.188        8.082   324.0     -0.508      0.251      0.161     -0.141     -0.082     -0.376
3.9000       -29980.029   -29989.258        9.228   369.9     -0.843     -0.157     -0.887      0.230      0.053      0.210
3.9500       -29980.420   -29988.482        8.063   323.2     -0.231     -0.867      1.033     -0.279     -0.013     -0.297
4.0000       -29980.621   -29988.588        7.967   319.4     -0.105      0.124     -0.979     -0.334     -0.017      0.360
4.0500       -29980.870   -29988.514        7.643   306.4     -0.008     -0.137     -0.067      0.238      0.193     -0.265
4.1000       -29980.986   -29988.426        7.439   298.2     -0.839     -0.851      0.097      0.146      0.111      0.414
4.1500       -29981.139   -29989.109        7.970   319.5     -0.032      0.144      0.031      0.395      0.384     -0.045
4.2000       -29981.212   -29989.145        7.932   318.0     -0.304     -0.842      0.088      0.046      0.186     -0.391
4.2500       -29980.531   -29988.441        7.910   317.1     -0.263      0.381      0.470      0.199      0.270     -0.455
4.3000       -29980.561   -29988.566        8.005   320.9     -0.380     -0.422      0.235      0.081      0.143      0.004
4.3500       -29980.505   -29988.809        8.303   332.8     -0.241     -1.158     -0.227      0.474     -0.246     -0.333
4.4000       -29980.518   -29989.500        8.982   360.1     -0.489      0.692     -0.218      0.141     -0.083      0.093
4.4500       -29980.625   -29989.012        8.387   336.2     -0.566     -1.425      0.046     -0.374      0.318     -0.285
4.5000       -29980.391   -29988.346        7.955   318.9      0.616      0.164     -0.672      0.153     -0.270     -0.136
4.5500       -29979.920   -29988.387        8.467   339.4      0.794     -1.518      0.153      0.184     -0.138     -0.580
4.6000       -29980.078   -29988.754        8.676   347.8      0.628      0.454      0.448      0.123     -0.160     -0.520
4.6500       -29980.479   -29988.484        8.006   320.9     -0.422     -0.218      0.354      0.625     -0.757      0.346
4.7000       -29980.656   -29988.887        8.231   329.9      0.787      0.169      0.594     -0.216      0.166     -0.117
4.7500       -29980.619   -29988.670        8.051   322.7      0.182     -0.424     -0.262      0.338      0.305     -0.082
4.8000       -29980.638   -29988.293        7.655   306.8     -0.316      0.079     -0.478     -0.478     -0.358     -0.111
4.8500       -29980.754   -29988.938        8.184   328.0      0.129     -0.029      0.831      0.345     -0.008      0.276
4.9000       -29980.807   -29988.920        8.113   325.2      0.374      0.188     -0.659      0.236     -0.492      0.463
4.9500       -29980.157   -29988.887        8.730   349.9      0.543      0.293      1.283     -0.031     -0.145     -0.100
5.0000       -29979.581   -29988.174        8.593   344.4     -0.345     -0.032     -0.610      0.529      0.522     -0.333
5.0500       -29979.516   -29987.867        8.351   334.8     -0.680     -1.151     -1.459      0.038     -0.016     -0.667
5.1000       -29979.640   -29987.668        8.028   321.8     -0.238      0.119      0.459      0.527      0.449     -0.159
5.1500       -29979.638   -29987.619        7.981   319.9     -0.362     -0.190     -0.788     -0.111     -0.031     -0.039
5.2000       -29979.784   -29987.674        7.890   316.3      0.713     -0.023     -0.287      0.282     -0.167      0.533
5.2500       -29979.576   -29988.324        8.749   350.7     -0.250     -1.402     -0.804      0.505     -0.129     -0.082
5.3000       -29979.273   -29987.781        8.509   341.1     -1.184     -0.679     -1.335     -0.669     -0.274     -0.008
5.3500       -29979.530   -29988.479        8.949   358.7      1.208     -0.154     -0.368      0.432      0.049     -0.280
5.4000       -29980.017   -29988.252        8.235   330.1     -1.302      0.275     -0.753     -0.375     -0.518      0.189
5.4500       -29980.110   -29988.973        8.863   355.3     -1.344     -1.795     -1.152      0.070      0.015      0.126
5.5000       -29980.290   -29988.125        7.835   314.1     -0.471     -0.422     -0.870      0.230      0.055      0.088
5.5500       -29980.350   -29988.549        8.199   328.7      0.448     -0.326      0.371      0.425     -0.729      0.127
5.6000       -29980.260   -29988.447        8.188   328.2      0.548      0.095      0.869      0.023      0.130     -0.014
5.6500       -29980.308   -29988.201        7.893   316.4     -0.118      0.319     -0.431     -0.471      0.146     -0.708
5.7000       -29979.967   -29988.426        8.459   339.1     -0.113     -0.326      0.377     -0.193      0.296      0.068
5.7500       -29980.217   -29988.191        7.975   319.7     -0.576      0.469     -0.163      0.695      0.221      0.137
5.8000       -29980.031   -29988.393        8.361   335.2      0.537      0.030      0.636     -0.321     -0.307     -0.447
5.8500       -29980.245   -29988.252        8.007   321.0     -0.384     -0.426     -0.010      0.334      0.089      0.241
5.9000       -29980.583   -29989.301        8.717   349.4     -0.139     -0.317     -0.525     -0.013      0.310     -0.124
5.9500       -29981.332   -29988.854        7.521   301.5     -1.547      0.329     -0.346      0.224      0.045      0.568
6.0000       -29981.840   -29989.900        8.060   323.1     -0.273     -0.184      0.001     -0.177     -0.140     -0.577
6.0500       -29981.969   -29989.533        7.565   303.2     -0.877     -0.045     -0.159      0.012      0.198     -0.139
6.1000       -29982.117   -29989.559        7.442   298.3     -0.184     -1.080     -0.364     -0.545     -0.290      0.214
6.1500       -29982.124   -29989.781        7.657   306.9     -0.435     -0.911     -0.377      0.200     -0.337     -0.092
6.2000       -29982.214   -29989.947        7.733   310.0     -0.459      0.314     -0.215     -0.372     -0.296     -0.162
6.2500       -29981.930   -29989.727        7.797   312.5     -0.671     -0.351     -1.337     -0.248      0.413     -0.074
6.3000       -29981.990   -29989.609        7.619   305.4      0.004      0.056      0.331     -0.267      0.565      0.207
6.3500       -29982.121   -29989.109        6.988   280.1      0.285     -0.120      0.183     -0.571      0.350     -0.604
6.4000       -29982.403   -29989.314        6.912   277.1      0.085      1.339     -0.047     -0.174      0.331      0.403
6.4500       -29982.325   -29989.613        7.288   292.1     -1.036     -0.469     -0.414      0.059      0.087     -0.211
6.5000       -29982.215   -29989.678        7.463   299.1     -0.448     -0.600     -0.606      0.285     -0.046     -0.207
6.5500       -29982.004   -29988.795        6.791   272.2     -0.357      0.472      0.635      0.043      0.400     -0.207
6.6000       -29981.742   -29988.734        6.993   280.3     -0.116      0.342     -0.348     -0.284      0.473     -0.101
6.6500       -29981.302   -29989.145        7.843   314.4     -0.574      1.062      0.368      0.099      0.583      0.407
6.7000       -29980.613   -29989.201        8.588   344.3      0.091     -0.853      0.809     -0.551     -0.034      0.263
6.7500       -29980.528   -29989.000        8.472   339.6      0.289      0.087     -0.366      0.049      0.296     -0.677
6.8000       -29980.816   -29989.229        8.413   337.2     -0.715     -0.392      0.021     -0.366      0.587     -0.223
6.8500       -29980.693   -29989.156        8.464   339.3     -0.287     -1.149      0.054     -0.492      0.314      0.587
6.9000       -29980.813   -29988.260        7.447   298.5      0.392      0.461     -0.686     -0.569     -0.161      0.310
6.9500       -29981.171   -29989.467        8.296   332.5      0.040     -0.495     -0.323      0.191      0.385     -0.326
7.0000       -29981.398   -29989.754        8.356   335.0      0.435     -0.249      0.091     -0.369     -0.352      0.047
7.0500       -29981.345   -29989.578        8.233   330.0     -0.696     -0.135     -0.397     -0.746     -0.077      0.133
7.1000       -29980.912   -29988.848        7.935   318.1     -0.038     -0.543      0.278      0.111      0.088     -0.158
7.1500       -29981.421   -29988.990        7.569   303.4     -1.153     -0.178      0.571     -0.704     -0.295      0.231
7.2000       -29980.659   -29988.766        8.107   325.0      0.064     -0.278     -0.004      0.061     -0.380     -0.206
7.2500       -29981.018   -29989.527        8.510   341.1     -1.093     -0.356     -0.209     -0.180     -0.314      0.046
7.3000       -29981.197   -29989.150        7.953   318.8      0.121     -0.307      0.112     -1.023     -0.257      0.098
7.3500       -29981.128   -29989.264        8.135   326.1     -0.169     -0.417      1.136      0.404      0.061      0.211
7.4000       -29981.192   -29989.641        8.449   338.7      0.124     -0.328     -0.246      0.175     -0.290      0.098
7.4500       -29981.359   -29989.648        8.289   332.3     -0.380      0.739      0.154     -0.068      0.182     -0.127
7.5000       -29981.816   -29989.348        7.531   301.9     -0.339     -0.400     -0.620     -0.704      0.584      0.082
7.5500       -29982.395   -29990.527        8.133   326.0     -0.210      0.115      0.425     -0.162     -0.227     -0.320
7.6000       -29982.406   -29990.510        8.103   324.8     -0.621      0.088     -0.779      0.080      0.230      0.040
7.6500       -29982.205   -29989.641        7.436   298.1     -0.777     -1.597     -1.055      0.349     -0.169     -0.230
7.7000       -29982.561   -29989.879        7.317   293.3      0.406     -0.651     -0.531     -0.082      0.383      0.007
7.7500       -29982.547   -29990.160        7.613   305.2     -0.904     -0.684     -0.786      0.119      0.529      0.392
7.8000       -29982.414   -29990.170        7.756   310.9     -0.739     -0.111     -0.439     -0.634      0.511     -0.134
7.8500       -29981.899   -29989.758        7.859   315.0      0.289     -0.379      0.560      0.018     -0.066     -0.018
7.9000       -29982.344   -29989.434        7.090   284.2     -0.986     -0.372      0.298     -0.121      0.157      0.044
7.9500       -29982.136   -29989.988        7.853   314.8     -0.350      1.048     -0.941      0.112     -0.069      0.137
8.0000       -29981.712   -29989.959        8.247   330.6      0.771     -1.022      0.708      0.375      0.036     -0.210
8.0500       -29980.915   -29988.854        7.938   318.2     -1.442     -0.593     -0.780     -0.870      0.002     -0.182
8.1000       -29981.027   -29990.035        9.008   361.1      0.988      0.684      0.386      0.037     -0.143      0.199
8.1500       -29981.457   -29989.738        8.281   331.9     -0.195     -0.115     -0.252      0.032      0.820     -0.549
8.2000       -29981.596   -29989.508        7.911   317.1     -0.446      0.119     -0.239     -0.717      0.611     -0.262
8.2500       -29981.389   -29990.162        8.774   351.7      0.030     -0.757     -0.415      0.007     -0.135      0.479
8.3000       -29981.094   -29989.486        8.393   336.4      0.234     -0.038     -0.254      0.222      0.323      0.277
8.3500       -29981.296   -29989.430        8.134   326.1     -0.263     -0.077      0.125      0.083     -0.570     -0.211
8.4000       -29981.126   -29988.986        7.861   315.1     -0.513      0.106     -0.070      0.408      0.099     -0.502
8.4500       -29981.417   -29989.748        8.331   333.9      0.103     -0.022      0.032     -0.049     -0.014     -0.254
8.5000       -29982.358   -29989.875        7.517   301.3      0.142     -0.464     -0.526      0.081      0.523      0.013
8.5500       -29982.829   -29990.131        7.302   292.7      0.002      0.172     -0.434      0.389      0.277     -0.150
8.6000       -29982.819   -29989.926        7.107   284.9     -0.630      0.638     -0.592     -0.226      0.204      0.303
8.6500       -29982.737   -29990.738        8.001   320.7      0.530      1.405      0.633     -0.016      0.296     -0.046
8.7000       -29982.285   -29989.088        6.803   272.7      0.924      0.814      0.225      0.433      0.608     -0.275
8.7500       -29981.831   -29989.545        7.714   309.2      0.230      0.989      0.340     -0.187      0.501      0.051
8.8000       -29982.301   -29990.350        8.049   322.6      0.289      0.728     -0.622      0.116      0.108     -0.291
8.8500       -29982.199   -29989.857        7.658   307.0     -1.152     -1.440     -0.007     -0.008     -0.306     -0.368
8.9000       -29981.876   -29988.645        6.769   271.3     -0.902     -0.392     -0.916      0.486     -0.121      0.335
8.9500       -29981.084   -29988.643        7.559   303.0     -1.260     -0.544     -0.802     -0.002      0.458      0.425
9.0000       -29980.931   -29988.693        7.762   311.1     -0.090     -0.464     -0.372     -0.378     -0.024      0.291
9.0500       -29980.920   -29988.701        7.782   311.9      0.802      0.464     -0.922     -0.054      0.376     -0.100
9.1000       -29981.139   -29988.547        7.408   296.9     -0.351      0.230     -0.067     -0.330     -0.415      0.085
9.1500       -29981.465   -29989.086        7.621   305.5     -0.386      0.423     -0.248      0.136      0.174     -0.557
9.2000       -29981.947   -29990.066        8.119   325.4     -1.018     -0.984     -1.471      0.342      0.472     -0.237
9.2500       -29982.263   -29990.207        7.944   318.4      0.161      0.310      0.462      0.323      0.189      0.208
9.3000       -29981.946   -29990.420        8.474   339.7      0.149      0.387      0.688      0.284      0.494      0.111
9.3500       -29982.325   -29990.211        7.886   316.1     -0.841      0.203     -0.426     -0.634     -0.055      0.224
9.4000       -29981.655   -29990.564        8.910   357.1     -0.336      0.182     -0.272     -0.198     -0.239     -0.026
9.4500       -29981.725   -29989.320        7.596   304.5      0.591     -0.899     -0.437      0.220      0.048      1.259
9.5000       -29981.442   -29989.412        7.970   319.5     -0.918     -1.144     -0.510     -0.111     -0.188     -0.010
9.5500       -29981.409   -29989.941        8.533   342.0     -0.094     -0.303      0.543      0.298      0.500      0.305
9.6000       -29981.404   -29989.480        8.076   323.7      0.132     -0.135     -0.513     -0.005      0.356     -0.088
9.6500       -29981.509   -29989.615        8.106   324.9      0.196      0.269      0.064      0.188     -0.505      0.483
9.7000       -29981.663   -29989.879        8.216   329.3     -0.759     -1.106     -0.746     -0.189      0.057     -0.190
9.7500       -29981.086   -29990.404        9.318   373.5     -1.380     -0.600     -0.752     -0.252     -0.275      0.287
9.8000       -29981.282   -29989.785        8.503   340.8     -0.248     -0.381     -0.350     -0.405     -0.087      0.656
9.8500       -29982.063   -29989.807        7.744   310.4      0.830     -0.178      0.116     -0.021      0.083     -0.164
9.9000       -29982.006   -29990.217        8.211   329.1     -0.019      0.689      0.198     -0.189      0.478      0.045
9.9500       -29982.026   -29990.262        8.236   330.1     -0.125     -0.391     -1.191     -0.108     -0.061     -0.433
10.0000      -29982.536   -29990.465        7.928   317.8      0.576      1.021      1.124      0.390     -0.353     -0.204
10.0500      -29982.348   -29990.414        8.066   323.3     -0.939      0.447     -0.362     -0.011      0.081     -0.358
10.1000      -29981.924   -29990.701        8.777   351.8     -0.849     -0.354     -0.662     -0.394     -0.755     -0.014
10.1500      -29982.525   -29990.887        8.362   335.2      0.017     -0.591     -0.650      0.339      0.321      0.104
10.2000      -29982.678   -29990.252        7.574   303.6     -0.187      0.620     -0.184      0.203     -0.413      0.342
10.2500      -29982.710   -29990.326        7.617   305.3      0.253     -0.306     -0.087     -0.008     -0.684      0.062
10.3000      -29982.682   -29990.201        7.519   301.4      0.216      0.354      0.042     -0.105     -0.197     -0.651
10.3500      -29982.530   -29990.143        7.612   305.1     -0.369     -0.022     -0.529      0.356     -0.013      0.272
10.4000      -29982.426   -29989.980        7.554   302.8     -0.571     -0.362     -0.634      0.681      0.301      0.015
10.4500      -29982.413   -29990.393        7.979   319.8     -0.902     -0.336     -0.713     -0.279      0.161     -0.179
10.5000      -29982.007   -29990.189        8.183   328.0      0.757      0.168     -0.361      0.146     -0.856     -0.323
10.5500      -29981.654   -29989.947        8.293   332.4      1.014     -0.873      0.034      0.093     -0.482      0.158
10.6000      -29982.355   -29990.336        7.981   319.9     -1.657     -0.650      0.017     -0.600      0.117      0.208
10.6500      -29981.910   -29990.689        8.779   351.9     -0.566      0.272      0.937      0.193      0.306      0.202
10.7000      -29982.105   -29989.943        7.838   314.2      0.018     -0.527     -0.101     -0.212      0.508      0.196
10.7500      -29982.167   -29989.814        7.647   306.5     -0.289      0.664     -0.554     -0.199      0.009     -0.093
10.8000      -29982.184   -29990.514        8.329   333.9     -0.289      0.668     -0.960     -0.021     -0.218     -0.364
10.8500      -29982.338   -29990.111        7.774   311.6     -0.070     -1.446     -0.935      0.033      0.069      0.438
10.9000      -29982.195   -29990.160        7.965   319.3      0.549     -0.017     -0.276      0.385     -0.093     -0.180
10.9500      -29982.483   -29990.627        8.144   326.5     -0.550     -0.730     -0.653     -0.285      0.214     -0.125
11.0000      -29982.192   -29990.299        8.107   325.0      0.475     -0.126     -0.151     -0.387     -0.209      0.453
11.0500      -29982.140   -29990.172        8.032   322.0     -0.872     -1.767     -0.617     -0.570      0.381     -0.424
11.1000      -29982.002   -29989.967        7.965   319.3     -1.185      0.062     -0.162     -0.079     -0.508     -0.036
11.1500      -29981.852   -29990.232        8.381   335.9     -0.144     -0.733      0.533     -0.603      0.267      0.054
11.2000      -29981.387   -29989.664        8.277   331.8      0.483     -0.226      0.563     -0.182      0.028      0.158
11.2500      -29981.629   -29989.480        7.851   314.7      0.460     -0.360     -0.210     -0.197      0.400     -0.213
11.3000      -29981.383   -29989.662        8.280   331.9     -0.517     -0.288     -0.166      0.152     -0.535     -0.244
11.3500      -29981.238   -29989.225        7.986   320.1     -0.354      0.618      0.812      0.282      0.372      0.042
11.4000      -29981.102   -29989.182        8.080   323.9     -0.857     -0.529     -0.460     -0.154     -0.282      0.606
11.4500      -29981.082   -29989.668        8.586   344.2      0.242      0.194      0.092      0.313     -0.020      0.000
11.5000      -29981.164   -29990.035        8.871   355.6      0.223     -0.295      0.107      0.033      0.056      0.158
11.5500      -29981.563   -29989.729        8.166   327.3     -0.716      0.025     -0.717      0.433      0.062     -0.345
11.6000      -29981.118   -29989.039        7.921   317.5     -0.016     -0.406      0.167      0.067      0.454      0.135
11.6500      -29981.733   -29988.934        7.201   288.6      0.227     -0.188     -0.159     -0.298     -0.092     -0.104
11.7000      -29981.414   -29989.373        7.959   319.0     -1.037     -0.367      0.095     -0.463     -0.267      0.116
11.7500      -29981.119   -29988.971        7.852   314.7     -0.345      0.042     -0.084      0.122      0.467      0.367
11.8000      -29981.298   -29988.969        7.671   307.5      0.578      0.233      0.655      0.560     -0.323     -0.552
11.8500      -29981.871   -29989.648        7.778   311.8      0.227     -0.047     -0.420     -0.005      0.566     -0.024
11.9000      -29981.185   -29988.957        7.772   311.5     -0.285     -0.049      0.298     -0.426     -0.521      0.194
11.9500      -29981.314   -29989.254        7.939   318.3     -0.072     -0.006     -0.891      0.152      0.124      0.153
12.0000      -29981.223   -29989.328        8.105   324.9     -0.146      0.405     -0.126     -0.359     -0.480      0.169
12.0500      -29981.312   -29989.371        8.059   323.0     -0.076      0.273     -0.555      0.211      0.370     -0.435
12.1000      -29981.452   -29988.863        7.411   297.1     -0.387     -0.721     -0.285     -0.476     -0.052      0.322
12.1500      -29981.636   -29989.750        8.114   325.2      1.181     -0.351      0.537      0.260     -0.133      0.473
12.2000      -29981.627   -29989.898        8.272   331.6     -1.430     -0.994     -0.575      0.092      0.389     -0.332
12.2500      -29981.253   -29989.723        8.470   339.5      0.783     -0.223     -0.142     -0.147     -0.026      0.044
12.3000      -29980.714   -29988.877        8.163   327.2     -0.046     -0.335     -0.611      0.114      0.714      0.280
12.3500      -29980.557   -29988.723        8.166   327.3      0.696      1.322      0.587      0.331     -0.023      0.170
12.4000      -29979.654   -29987.947        8.293   332.4      0.759     -0.178     -0.433      0.004      0.340     -0.041
12.4500      -29980.034   -29989.014        8.980   360.0      0.036      0.047      0.516     -0.059     -0.234     -0.241
12.5000      -29980.336   -29988.385        8.049   322.6      0.077     -0.261      0.359     -0.695      0.898      0.039
12.5500      -29980.261   -29988.195        7.935   318.1     -0.096      0.709     -0.281     -0.067      0.051     -0.269
12.6000      -29979.728   -29988.061        8.333   334.0     -0.698     -0.532     -0.640     -0.129      0.186     -0.141
12.6500      -29979.903   -29988.135        8.232   330.0      0.079     -0.119     -0.474      0.268      0.754      0.025
12.7000      -29980.019   -29988.371        8.352   334.8     -0.192      0.641      0.800     -0.704     -0.080      0.385
12.7500      -29980.061   -29988.109        8.048   322.6     -0.103      0.174     -0.236      0.086     -0.069      0.178
12.8000      -29980.550   -29987.932        7.382   295.9     -0.012      0.159     -0.132     -0.216     -0.047      0.104
12.8500      -29980.281   -29988.568        8.288   332.2      0.437     -0.070      0.120      0.262      0.557      0.005
12.9000      -29980.183   -29989.346        9.163   367.3     -0.615      0.799      0.279      0.411     -0.405     -0.132
12.9500      -29980.615   -29989.100        8.484   340.1      0.198     -0.240      0.155     -0.089     -0.038     -0.509
13.0000      -29980.698   -29989.025        8.328   333.8     -0.233     -0.677     -0.885      0.326     -0.184     -0.960
13.0500      -29980.926   -29988.957        8.031   321.9      0.654      0.405      0.197      0.065      0.085     -0.768
13.1000      -29981.065   -29988.365        7.301   292.6     -0.157      0.051     -0.074     -0.660     -0.213      0.167
13.1500      -29980.298   -29988.932        8.633   346.1     -0.343     -0.632     -0.608      0.740     -0.166      0.011
13.2000      -29979.793   -29988.068        8.276   331.7     -0.437     -0.899     -0.308     -0.007      0.036      0.531
13.2500      -29980.350   -29988.787        8.437   338.2     -0.511     -0.109     -1.023     -0.620      0.101      0.135
13.3000      -29980.381   -29988.668        8.287   332.2     -0.608     -0.405      0.285      0.227     -0.315     -0.156
13.3500      -29979.833   -29988.090        8.257   331.0     -0.649     -0.346      0.296     -0.045      0.316      0.441
13.4000      -29980.231   -29988.365        8.134   326.0      0.390      0.455     -0.148     -0.121      0.380     -0.335
13.4500      -29980.305   -29988.779        8.474   339.7     -0.627     -0.846     -0.075     -0.498     -0.192     -0.041
13.5000      -29980.371   -29988.629        8.258   331.0      0.169      0.079     -0.554      0.084      0.126     -0.772
13.5500      -29980.631   -29988.602        7.971   319.5     -0.503     -0.827     -1.543      0.149     -0.164      0.257
13.6000      -29980.499   -29988.258        7.759   311.0     -0.075     -0.536      0.183      0.226      0.171      0.240
13.6500      -29980.249   -29989.182        8.932   358.0     -0.316     -0.455      0.212     -0.184      0.608     -0.170
13.7000      -29980.191   -29989.225        9.034   362.1     -0.901     -0.967     -0.631     -0.260     -0.310      0.105
13.7500      -29980.658   -29988.312        7.654   306.8     -0.781      0.312     -0.093     -0.030     -0.462     -0.056
13.8000      -29980.990   -29989.391        8.400   336.7     -0.338     -0.734     -0.519     -0.032     -0.047     -0.342
13.8500      -29981.294   -29989.076        7.782   311.9     -1.041      0.279     -0.508     -0.009      0.275     -0.467
13.9000      -29981.806   -29989.828        8.022   321.6      0.897     -0.322      0.434      0.244      0.132     -0.276
13.9500      -29981.929   -29989.740        7.811   313.1      0.324      0.586      0.538     -0.112      0.160      0.180
14.0000      -29981.679   -29989.557        7.877   315.8      0.182     -0.635     -0.278      0.129      0.077     -0.297
14.0500      -29981.216   -29989.365        8.149   326.7     -0.519      0.060     -0.019     -0.549     -0.205      0.550
14.1000      -29981.322   -29989.686        8.364   335.3      0.888      0.820     -0.503      0.410      0.417     -0.187
14.1500      -29981.370   -29990.301        8.931   358.0      0.862     -0.304     -0.378     -0.045     -0.022     -0.053
14.2000      -29981.725   -29989.705        7.980   319.9     -0.447     -0.228      0.728     -0.264     -0.257      0.144
14.2500      -29982.014   -29990.260        8.246   330.5     -0.048     -0.640     -0.938     -0.354      0.462     -0.683
14.3000      -29982.214   -29989.557        7.343   294.3      0.373     -0.256      0.099     -0.488     -0.257      0.388
14.3500      -29982.286   -29989.902        7.616   305.3     -0.032     -0.730     -0.711     -0.165     -0.290     -0.568
14.4000      -29981.918   -29990.105        8.187   328.2     -0.286     -0.055     -0.180      0.181      0.476     -0.078
14.4500      -29981.501   -29989.131        7.629   305.8     -0.034     -0.608     -0.561     -0.121     -0.219     -0.068
14.5000      -29981.151   -29989.350        8.199   328.7     -0.273      0.134     -1.431     -0.014     -0.577     -0.422
14.5500      -29981.306   -29989.691        8.386   336.1     -0.714     -0.647      0.291     -0.203      0.428     -0.443
14.6000      -29981.810   -29988.941        7.131   285.8      0.635      0.502      0.313     -0.145      0.459     -0.661
14.6500      -29981.034   -29988.498        7.464   299.2      0.075     -0.209      0.458      0.357     -0.393     -0.438
14.7000      -29980.258   -29988.426        8.168   327.4      0.059     -0.116      0.102     -0.567     -0.089     -0.251
14.7500      -29980.678   -29988.592        7.913   317.2      0.379     -0.507     -0.206      0.194      0.217      0.162
14.8000      -29980.111   -29988.977        8.865   355.4     -0.560      0.360     -0.129     -0.240      0.599     -0.244
14.8500      -29980.146   -29989.072        8.927   357.8     -0.594      0.272     -0.318      0.154      0.412      0.021
14.9000      -29980.424   -29988.803        8.378   335.8     -0.990     -0.251     -0.349     -0.098     -0.480     -0.972
14.9500      -29980.754   -29988.773        8.019   321.4     -0.143     -0.446     -0.806      0.326      0.471     -0.190
15.0000      -29981.216   -29988.488        7.272   291.5     -0.679     -0.016      0.374      0.047     -0.572     -0.895
15.0500      -29981.322   -29989.271        7.950   318.7      0.341      0.038     -0.141     -0.350      0.314     -0.051
15.1000      -29981.080   -29989.252        8.171   327.6      0.597      0.488      0.649      0.350     -0.054     -0.240
15.1500      -29981.260   -29988.611        7.351   294.7     -0.498      0.046      0.043     -0.296     -0.115      0.078
15.2000      -29980.957   -29988.918        7.961   319.1     -0.618      0.007      0.109      0.026     -0.000      0.035
15.2500      -29980.773   -29988.420        7.647   306.5     -0.141      0.507      0.378      0.669      0.523      0.538
15.3000      -29980.811   -29988.424        7.613   305.1     -0.101     -0.030     -0.387     -0.348     -0.329     -0.113
15.3500      -29980.896   -29988.400        7.504   300.8      0.041      0.394      0.269      0.506      0.890      0.480
15.4000      -29980.925   -29988.957        8.032   322.0     -0.080      0.706      0.675     -0.418     -0.341      0.139
15.4500      -29981.060   -29989.080        8.020   321.5      0.112      0.195     -0.316      0.009      0.481     -0.255
15.5000      -29981.273   -29989.438        8.164   327.3     -0.702     -0.945      0.182      0.282      0.213      0.019
15.5500      -29981.061   -29989.484        8.424   337.7      0.205      0.614     -0.382      0.146     -0.158      0.746
15.6000      -29980.853   -29989.205        8.352   334.8     -0.405     -0.429      0.263      0.373      0.049      0.215
15.6500      -29980.642   -29988.932        8.290   332.3      0.505      0.207      0.134     -0.102     -0.524      0.058
15.7000      -29980.658   -29988.725        8.067   323.4     -0.441      0.883     -1.185      0.121     -0.346      0.568
15.7500      -29980.164   -29988.836        8.672   347.6      0.654      0.422      1.132      0.152      0.110      0.417
15.8000      -29979.723   -29988.031        8.308   333.0     -0.654      0.109     -0.530     -0.062     -0.061      0.175
15.8500      -29979.802   -29988.174        8.372   335.6      0.093     -1.290     -0.514      0.048      0.163      0.635
15.9000      -29979.219   -29987.969        8.750   350.7     -0.388     -0.437     -0.427     -0.020     -0.096      0.035
15.9500      -29979.773   -29988.385        8.612   345.2     -0.429     -0.853     -1.003      0.449      0.480      0.145
16.0000      -29980.887   -29989.627        8.739   350.3     -0.263     -0.118      0.407     -0.294      0.129      0.215
16.0500      -29980.599   -29988.342        7.743   310.4      0.098     -0.189     -0.462      0.550     -0.064     -0.180
16.1000      -29980.485   -29988.318        7.833   314.0     -0.044     -0.779      0.484      0.075     -0.558     -0.385
16.1500      -29980.660   -29988.766        8.106   324.9      0.377     -0.198      0.320      0.432     -0.202      0.482
16.2000      -29980.691   -29988.760        8.068   323.4     -0.004     -0.119     -0.082      0.215      0.493     -0.399
16.2500      -29980.434   -29988.701        8.267   331.4     -0.955     -1.095     -1.591     -0.108      0.324      0.068
16.3000      -29980.260   -29988.242        7.983   320.0      0.703      1.015      0.079     -0.324      0.696     -0.081
16.3500      -29979.840   -29988.588        8.747   350.6      0.120      1.358      0.547     -0.395     -0.410     -0.400
16.4000      -29979.663   -29988.043        8.380   335.9     -0.379     -0.037     -0.020      0.133      0.361     -0.309
16.4500      -29979.787   -29987.939        8.153   326.8     -0.154      0.639     -1.451     -0.237     -0.054     -0.361
16.5000      -29979.149   -29987.238        8.089   324.3     -0.353     -0.611      0.709     -0.369     -0.068      0.430
16.5500      -29978.728   -29987.734        9.007   361.0      0.666      0.196      0.261      0.159      0.178     -0.206
16.6000      -29978.341   -29987.314        8.974   359.7      0.409      0.654     -0.067     -0.186      0.082      0.031
16.6500      -29978.903   -29987.260        8.357   335.0     -0.354      0.220     -0.460     -0.139      0.715     -0.109
16.7000      -29979.324   -29987.758        8.434   338.1      0.944      0.418     -0.057     -0.525     -0.136      0.286
16.7500      -29979.391   -29987.531        8.140   326.3      0.631     -0.274     -0.266      0.057      0.483     -0.158
16.8000      -29979.521   -29988.184        8.663   347.2     -0.766     -0.490     -0.515     -0.153     -0.014      0.126
16.8500      -29978.801   -29988.291        9.490   380.4      0.762     -0.333     -0.382      0.023     -0.202      0.009
16.9000      -29979.182   -29987.908        8.726   349.8      0.522     -1.027     -0.349     -1.066     -0.240     -0.012
16.9500      -29979.046   -29986.814        7.768   311.4      0.086     -0.384     -0.108      0.221      0.233     -0.115
17.0000      -29978.726   -29987.908        9.182   368.1      0.181     -0.404      0.161      0.353     -0.081      0.321
17.0500      -29978.756   -29987.564        8.808   353.1      0.053     -0.702     -1.132     -0.871      0.407     -0.049
17.1000      -29979.014   -29987.662        8.648   346.7      0.556      0.068     -0.104     -0.099     -0.045      0.362
17.1500      -29979.516   -29987.357        7.842   314.3     -1.097     -0.488     -0.681     -0.073      0.366     -0.294
17.2000      -29979.875   -29988.359        8.484   340.1      0.515      0.653      0.373     -0.201     -0.184     -0.422
17.2500      -29979.810   -29989.059        9.249   370.7     -0.422      0.530     -0.211      0.251     -0.082      0.108
17.3000      -29980.187   -29988.004        7.817   313.4      0.105     -0.223     -0.845      0.098     -0.533      0.383
17.3500      -29980.534   -29988.408        7.874   315.6     -0.451     -0.857     -0.350      0.297      0.435     -0.227
17.4000      -29980.369   -29988.877        8.508   341.1     -0.218     -0.023     -0.556     -0.236      0.398      0.225
17.4500      -29980.512   -29988.832        8.320   333.5     -0.457     -0.519     -0.345     -0.014     -0.764      0.080
17.5000      -29980.626   -29987.951        7.325   293.6      0.036     -0.363     -0.367     -0.118     -0.466      0.259
17.5500      -29981.500   -29989.193        7.693   308.4      0.253      0.737      0.577     -0.242      0.279      0.258
17.6000      -29981.655   -29989.166        7.511   301.1     -0.711     -0.611     -0.083      0.284     -0.121     -0.112
17.6500      -29981.145   -29989.154        8.010   321.1     -0.535     -0.395     -0.479     -0.560      0.069     -0.370
17.7000      -29981.315   -29989.311        7.996   320.5     -0.107      0.570     -1.285      0.476      0.204     -0.485
17.7500      -29981.759   -29990.029        8.271   331.5     -0.658     -0.280      0.205      0.434     -0.114      0.019
17.8000      -29982.124   -29989.760        7.636   306.1     -0.323      0.254     -0.175      0.193      0.342      0.047
17.8500      -29981.741   -29989.879        8.138   326.2     -0.457     -0.684      0.541     -0.362     -0.028      0.217
17.9000      -29981.326   -29989.104        7.777   311.7      0.325     -0.328     -0.626      0.644      0.562     -0.456
17.9500      -29981.003   -29989.850        8.846   354.6     -0.099      0.140      0.521      0.363     -0.159      0.568
18.0000      -29980.794   -29988.957        8.163   327.2      0.277     -0.798     -0.708     -0.445     -0.173     -0.307
18.0500      -29980.086   -29989.092        9.006   361.0      0.470      0.848      0.421      0.401     -0.336     -0.315
18.1000      -29979.912   -29989.309        9.397   376.7     -0.124     -0.030      0.318      0.199      0.045      0.403
18.1500      -29979.855   -29988.045        8.190   328.3     -0.370      0.217     -0.133     -0.129     -0.433      0.152
18.2000      -29979.206   -29988.379        9.173   367.7     -0.386     -0.873     -0.490      0.755     -0.086     -0.264
18.2500      -29979.680   -29988.553        8.873   355.7      0.608     -0.139     -0.787      0.217      0.506      0.688
18.3000      -29979.821   -29988.709        8.888   356.3     -0.372     -0.615     -1.467      0.596      0.572     -0.493
18.3500      -29979.807   -29988.533        8.726   349.8     -0.389     -1.029     -0.096      0.478     -0.340      0.568
18.4000      -29979.420   -29988.379        8.959   359.1     -0.114      0.064     -1.163      0.130     -0.024     -0.196
18.4500      -29979.262   -29987.998        8.736   350.2     -0.997     -0.646     -0.575     -0.228      0.134      0.351
18.5000      -29979.652   -29988.135        8.483   340.0      0.560     -0.219     -0.698      0.341      0.488     -0.539
18.5500      -29979.413   -29987.754        8.341   334.4     -0.038     -0.083      0.440      0.024      0.038      0.301
18.6000      -29979.294   -29988.260        8.965   359.4      0.227     -0.024     -0.410      0.285      0.027      0.170
18.6500      -29978.947   -29987.932        8.984   360.1     -0.192      0.543     -0.007     -0.117      0.288     -0.879
18.7000      -29978.892   -29988.307        9.415   377.4     -0.644     -0.505     -0.572      0.423     -0.037     -0.635
18.7500      -29978.652   -29987.535        8.883   356.1      0.043      0.122     -0.537     -0.107      0.386     -0.137
18.8000      -29978.748   -29987.266        8.517   341.4     -0.700     -0.102      0.228      0.012      0.007      0.133
18.8500      -29979.488   -29987.814        8.326   333.7      0.440     -0.557      0.164     -0.328     -0.004     -0.639
18.9000      -29979.687   -29987.990        8.304   332.8     -0.924     -1.268     -0.168     -0.222      0.364     -0.049
18.9500      -29979.911   -29988.832        8.921   357.6      0.753      0.119     -0.288      0.561     -0.424     -0.021
19.0000      -29979.914   -29988.355        8.441   338.4      0.093     -0.347      0.063      0.529      0.718     -0.100
19.0500      -29980.273   -29988.822        8.549   342.7      0.042      0.416     -1.062     -0.112      0.533     -0.347
19.1000      -29979.966   -29988.150        8.185   328.1     -0.619     -0.109      0.379     -0.114     -0.536     -0.405
19.1500      -29980.248   -29988.740        8.492   340.4     -0.316     -0.728     -1.154     -0.058      0.470     -0.423
19.2000      -29980.278   -29988.453        8.175   327.7      0.382     -0.245     -0.351      0.026     -0.123      0.280
19.2500      -29979.848   -29988.262        8.414   337.3      0.423      0.319      0.398      0.234      0.165     -0.089
19.3000      -29979.971   -29988.973        9.002   360.8      0.026      0.634     -0.679      0.146      0.179      0.034
19.3500      -29980.461   -29988.818        8.357   335.0     -0.249      0.118      0.849      0.134     -0.231      0.007
19.4000      -29980.584   -29988.559        7.975   319.7      0.072     -0.181     -0.426      0.321      0.165     -0.255
19.4500      -29980.370   -29988.547        8.176   327.7      0.991     -0.243      0.964      0.082      0.558      0.069
19.5000      -29980.166   -29987.885        7.719   309.4      0.843      0.807      0.138     -0.550     -0.166     -0.428
19.5500      -29980.383   -29987.432        7.049   282.5     -0.292     -0.847      0.707      0.166      0.023     -0.119
19.6000      -29980.493   -29988.221        7.728   309.8      0.058      0.617     -0.763     -0.606      0.064      0.288
19.6500      -29979.980   -29988.535        8.555   342.9      0.467      0.108     -0.426     -0.044      0.049     -0.173
19.7000      -29979.937   -29988.244        8.307   333.0     -0.473     -0.331     -0.270     -0.369     -0.109      0.467
19.7500      -29980.241   -29988.480        8.239   330.3     -0.732     -0.180     -0.677     -0.105      0.074     -0.516
19.8000      -29980.536   -29988.787        8.251   330.8     -0.812     -1.259     -0.430      0.013      0.212     -0.081
19.8500      -29980.068   -29988.311        8.242   330.4      1.145      0.837     -0.214     -0.436      0.242      0.609
19.9000      -29980.377   -29988.523        8.146   326.5     -0.500      0.218     -0.378     -0.290     -0.196      0.203
19.9500      -29980.436   -29988.783        8.347   334.6     -0.554     -0.869     -0.354      0.427     -0.320     -0.277
20.0000      -29980.766   -29989.117        8.351   334.7     -0.302     -0.066     -0.395     -0.003     -0.025      0.326
