Time[ps]      Etot[eV]     Epot[eV]     Ekin[eV]    T[K]      ---------------------- stress [GPa] -----------------------
0.0000       -29981.079   -29988.676        7.597   304.5     -0.250      0.045     -0.482      0.511      0.026      0.236
0.0500       -29980.650   -29989.768        9.118   365.5      0.294      0.195      0.438     -0.020      0.294     -0.035
0.1000       -29980.567   -29988.850        8.282   332.0     -0.167      0.298     -0.228      0.550     -0.370     -0.428
0.1500       -29980.367   -29989.021        8.654   346.9      0.519      0.591     -0.352      0.400      0.681      0.193
0.2000       -29980.007   -29988.555        8.548   342.6      0.306     -0.079      0.677     -0.063      0.099     -0.528
0.2500       -29980.173   -29988.646        8.474   339.7     -0.180     -0.298      0.321     -0.548     -0.087      0.260
0.3000       -29979.783   -29988.234        8.451   338.8     -0.014     -0.536     -0.189      0.476     -0.437     -0.309
0.3500       -29979.654   -29988.385        8.730   350.0     -0.526      0.375      0.024     -0.063      0.669      0.065
0.4000       -29980.257   -29987.865        7.608   305.0      0.618      0.942     -0.347     -0.104      0.236      0.447
0.4500       -29980.612   -29989.467        8.855   355.0     -0.213      0.013     -0.215     -0.080      0.029      0.101
0.5000       -29980.282   -29988.629        8.346   334.6     -0.169     -0.179     -0.170      0.347      0.555      0.637
0.5500       -29980.323   -29988.635        8.312   333.2     -0.060      0.121     -0.536     -0.079     -0.057     -0.085
0.6000       -29980.607   -29988.234        7.627   305.7     -0.564     -0.948      0.362     -0.095     -0.043     -0.168
0.6500       -29980.259   -29988.990        8.731   350.0      0.875      0.513      0.361     -0.210     -0.103     -0.052
0.7000       -29979.466   -29988.096        8.630   345.9     -0.133     -0.337     -0.154     -0.332      0.444      0.804
0.7500       -29979.398   -29988.248        8.850   354.8     -0.623     -0.600     -0.320     -0.183     -0.145     -0.416
0.8000       -29979.303   -29988.422        9.119   365.5      0.375      0.144     -0.233      0.163      0.003     -0.097
0.8500       -29979.293   -29988.137        8.844   354.5     -0.621     -0.131      0.402     -0.180      0.521      0.003
0.9000       -29979.702   -29988.299        8.597   344.6     -0.112      0.127     -0.515      0.229      0.136      0.268
0.9500       -29979.207   -29987.555        8.347   334.6     -0.472      0.738      1.158     -0.386     -0.120      0.345
1.0000       -29978.575   -29987.416        8.841   354.4     -0.606     -0.409     -0.655     -0.338      0.152      0.000
1.0500       -29979.172   -29988.484        9.312   373.3      0.083     -0.017     -0.556     -0.046     -0.404      0.420
1.1000       -29979.218   -29987.602        8.384   336.1     -1.018      0.594     -0.172     -0.360     -0.126     -0.197
1.1500       -29979.648   -29987.328        7.680   307.9      0.193     -0.352      0.264      0.129      0.494      0.204
1.2000       -29978.989   -29987.648        8.659   347.1     -0.036      0.394     -0.032      0.327     -0.107      0.096
1.2500       -29978.781   -29987.750        8.969   359.5      0.810      0.665      0.314      0.168      0.380     -0.058
1.3000       -29978.563   -29987.928        9.364   375.4     -0.475     -0.151     -0.043     -0.321      0.955      0.228
1.3500       -29979.262   -29988.234        8.972   359.6      0.863      0.137     -0.324      0.458      0.440      0.105
1.4000       -29979.493   -29988.094        8.601   344.7     -0.175      0.472      0.718     -0.280      0.198      0.361
1.4500       -29979.712   -29988.652        8.940   358.4      0.001     -0.186      0.406     -0.328      0.139     -0.372
1.5000       -29979.165   -29988.777        9.612   385.3     -0.364      0.016      0.553      0.580      0.161     -0.205
1.5500       -29979.340   -29988.160        8.820   353.6     -0.286     -0.264      0.407     -0.485     -0.382      0.382
1.6000       -29979.166   -29987.842        8.676   347.8      0.131     -0.206     -0.697     -0.235      0.175     -0.208
1.6500       -29979.037   -29987.984        8.948   358.7     -0.476      0.194      0.428     -0.773     -0.737      0.460
1.7000       -29979.290   -29987.912        8.622   345.6     -0.288     -0.076     -0.011      0.114     -0.093      0.143
1.7500       -29979.659   -29988.564        8.905   357.0     -0.428      0.399     -0.011     -0.150     -0.156     -0.370
1.8000       -29980.004   -29988.379        8.375   335.7     -0.177      0.432     -0.644      0.035     -0.578      0.120
1.8500       -29980.055   -29989.098        9.043   362.5      0.450      0.628      0.255      0.207      0.027     -0.491
1.9000       -29979.747   -29988.256        8.509   341.1     -0.010     -0.622      0.646      0.124     -0.598      0.187
1.9500       -29979.464   -29988.047        8.583   344.0      0.068     -0.785     -1.343     -0.048     -0.134     -0.457
2.0000       -29979.962   -29987.900        7.939   318.2     -0.336     -0.401     -0.134     -0.270     -0.360     -0.126
2.0500       -29979.816   -29988.455        8.639   346.3      0.483      0.861     -0.867      0.403      0.106      0.470
2.1000       -29980.097   -29988.352        8.254   330.9     -0.371     -1.729     -1.542      0.058     -0.249     -0.484
2.1500       -29979.609   -29988.062        8.454   338.9     -0.262     -0.576     -0.268      0.183     -0.155      0.143
2.2000       -29979.377   -29987.877        8.499   340.7     -0.635      0.029      1.006     -0.776      0.242      0.107
2.2500       -29979.751   -29988.998        9.247   370.7      0.367     -0.468     -0.508      0.046     -0.524     -0.010
2.3000       -29980.312   -29988.834        8.522   341.6     -0.929     -1.461      0.012     -0.029      0.282     -0.500
2.3500       -29979.949   -29988.709        8.760   351.1     -0.193     -0.839     -1.033     -0.382     -0.540     -0.066
2.4000       -29979.634   -29987.764        8.130   325.9     -1.556     -1.118     -1.110      0.286      0.668      0.348
2.4500       -29980.187   -29987.988        7.801   312.7      0.588      0.482     -0.326     -0.103      0.277     -0.942
2.5000       -29980.286   -29988.760        8.474   339.7     -0.731     -0.472     -1.010      0.154      0.064      0.070
2.5500       -29980.619   -29988.449        7.831   313.9     -0.031     -0.139     -0.138      0.191     -0.268     -0.031
2.6000       -29980.496   -29987.965        7.469   299.4      0.448      0.112     -0.656      0.062     -0.397      0.372
2.6500       -29980.759   -29988.596        7.836   314.1      0.719     -0.419     -1.007      0.194     -0.407      0.291
2.7000       -29980.289   -29988.496        8.207   329.0     -0.445     -0.758     -0.145     -0.737      0.278      0.023
2.7500       -29980.195   -29987.939        7.744   310.4      0.125     -0.002     -0.019     -0.195      0.033     -0.422
2.8000       -29980.229   -29988.299        8.070   323.5      0.135      0.785      0.260     -0.467     -0.329      0.154
2.8500       -29980.102   -29988.789        8.687   348.2      0.980      0.906      0.589      0.574      0.189     -0.088
2.9000       -29980.386   -29988.018        7.631   305.9      0.483      0.222      0.042     -1.261     -0.213     -0.079
2.9500       -29980.258   -29988.541        8.283   332.0     -0.816      0.761     -0.759     -0.460     -0.383      0.301
3.0000       -29980.360   -29988.195        7.835   314.1     -0.437     -0.971      0.158      0.542     -0.004     -0.025
3.0500       -29980.121   -29988.811        8.689   348.3      0.469     -0.530     -0.031      0.253      0.256     -0.388
3.1000       -29980.104   -29988.035        7.931   317.9     -0.830     -0.303     -0.881      0.251      0.333      0.029
3.1500       -29980.367   -29988.908        8.541   342.4      0.116     -0.135     -0.896      0.594      0.397      0.210
3.2000       -29980.754   -29988.383        7.629   305.8     -0.922     -1.248     -1.065      0.006      0.019      0.404
3.2500       -29981.259   -29989.002        7.743   310.4      1.457     -0.262      0.073     -0.352      0.360     -0.411
3.3000       -29981.691   -29988.777        7.087   284.1     -0.148      0.339     -0.398      0.259      0.316      0.303
3.3500       -29981.140   -29988.877        7.737   310.1      0.314     -0.433     -0.279     -0.441     -0.138     -0.760
3.4000       -29981.439   -29989.602        8.163   327.2     -0.341     -0.145     -0.786      0.318     -0.109     -0.042
3.4500       -29981.648   -29989.701        8.053   322.8     -0.243     -0.757     -0.842      0.138     -0.203      0.718
3.5000       -29981.428   -29990.113        8.685   348.1     -0.489     -0.487     -0.635     -0.376     -0.006      0.095
3.5500       -29981.598   -29990.105        8.508   341.0     -0.087      0.285      0.624      0.177     -0.286     -0.226
3.6000       -29980.645   -29988.561        7.916   317.3      1.112      0.094      1.046     -0.529     -0.319      0.501
3.6500       -29980.342   -29988.186        7.843   314.4     -0.090      0.160      0.547      0.196     -0.772     -0.101
3.7000       -29979.414   -29987.717        8.302   332.8      0.015      0.128     -0.683      0.739      0.350     -0.293
3.7500       -29979.983   -29988.395        8.412   337.2      0.890     -0.204      0.178      0.253     -0.374      0.217
3.8000       -29979.929   -29988.416        8.487   340.2      0.365      0.527      0.004     -0.088     -0.183      0.274
3.8500       -29980.080   -29988.465        8.385   336.1     -0.179      0.215     -0.408      0.999     -0.700     -0.327
3.9000       -29980.469   -29988.205        7.736   310.1      0.199      0.837      0.867     -0.468     -0.250      0.664
3.9500       -29980.705   -29988.199        7.494   300.4      0.275      0.409      0.802     -0.047     -0.200     -0.887
4.0000       -29981.296   -29988.764        7.467   299.3      1.019      0.282      0.008      0.096     -0.133      0.776
4.0500       -29981.111   -29988.473        7.361   295.1      0.197      0.600      0.593      0.362      0.023     -0.405
4.1000       -29981.002   -29988.129        7.127   285.7     -0.153      0.199     -0.256      0.304     -0.377     -0.088
4.1500       -29980.955   -29988.068        7.114   285.2      0.641      0.609      0.686      0.057      0.043      0.134
4.2000       -29980.346   -29988.297        7.951   318.7     -0.721      0.100     -0.348      0.277      0.330     -0.208
4.2500       -29981.012   -29988.604        7.592   304.3      1.119     -0.290      1.168      0.170     -0.417     -0.254
4.3000       -29980.864   -29988.572        7.708   309.0     -0.206      0.401     -0.005      0.203     -0.142      0.168
4.3500       -29981.157   -29988.576        7.419   297.4      0.002     -0.594     -0.479      0.368     -0.069     -0.293
4.4000       -29980.320   -29987.730        7.410   297.0     -0.371     -0.018      0.547      0.320     -0.747     -0.053
4.4500       -29980.136   -29988.527        8.391   336.4      0.358      0.582      0.894     -0.219     -0.312      0.312
4.5000       -29980.338   -29988.719        8.381   335.9     -0.150      0.271     -0.341     -0.230     -0.102      0.016
4.5500       -29980.612   -29988.836        8.224   329.7     -0.588     -0.529     -0.474     -0.423     -0.397      0.177
4.6000       -29980.583   -29988.633        8.049   322.7     -0.356     -0.175     -0.421      0.257      0.046     -0.359
4.6500       -29980.256   -29988.896        8.640   346.3      0.572     -0.311     -0.366     -0.678     -0.028      0.064
4.7000       -29979.936   -29988.486        8.551   342.7     -0.413     -0.303      0.139      0.183      0.192     -0.227
4.7500       -29980.011   -29987.838        7.827   313.7     -1.064     -0.270     -0.066      0.278      0.343      0.205
4.8000       -29980.109   -29987.908        7.799   312.6      0.502     -0.076      0.774     -0.352     -0.276     -0.242
4.8500       -29980.068   -29988.627        8.559   343.1      0.510      0.475     -0.097      0.549     -0.101      0.019
4.9000       -29980.009   -29988.373        8.365   335.3     -0.008     -0.000      0.079      0.255     -0.107      0.376
4.9500       -29979.277   -29988.340        9.063   363.3      0.827      0.848      0.214     -0.162      0.064     -0.140
5.0000       -29978.825   -29986.617        7.793   312.4      0.348      0.469      0.776      0.076      0.508      0.323
5.0500       -29979.072   -29988.141        9.069   363.5      0.307      0.674     -0.002      0.291     -0.274     -0.193
5.1000       -29978.967   -29987.807        8.840   354.3     -0.292     -0.626      0.534      0.063      0.122      0.063
5.1500       -29978.878   -29987.293        8.415   337.3     -0.024     -0.102      0.001      0.022     -0.239     -0.777
5.2000       -29978.293   -29986.879        8.586   344.2     -0.126      0.526      0.886     -0.225      0.244      0.659
5.2500       -29978.181   -29987.197        9.016   361.4     -0.998     -0.326     -0.318     -0.428     -0.190      0.316
5.3000       -29978.590   -29987.096        8.506   341.0     -0.266     -0.885     -1.127     -0.308     -0.233     -0.653
5.3500       -29978.653   -29987.246        8.593   344.5     -0.206     -0.705      0.180      0.203      0.071      0.165
5.4000       -29978.719   -29987.332        8.613   345.2      0.642      0.480     -0.073      0.426      0.363     -0.158
5.4500       -29978.507   -29987.131        8.624   345.7      0.517      1.573      0.018      0.100     -0.450      0.212
5.5000       -29978.123   -29986.959        8.836   354.2      0.431     -0.660      0.142     -0.440     -0.161      0.118
5.5500       -29978.125   -29986.324        8.199   328.7      0.302      0.572     -0.731      0.160      0.317      0.311
5.6000       -29978.152   -29986.533        8.381   335.9     -1.330     -0.129     -0.829     -0.485      0.249      0.486
5.6500       -29978.202   -29987.219        9.017   361.4     -0.485      0.144     -0.737     -0.049      0.436      0.348
5.7000       -29978.365   -29987.705        9.340   374.4     -0.463     -1.363     -0.928      0.372     -0.095      0.486
5.7500       -29978.667   -29987.816        9.150   366.8     -1.418     -0.488     -1.457      0.110      0.153      0.040
5.8000       -29978.550   -29987.529        8.980   359.9     -0.238      0.411     -0.223      0.419      0.690     -0.460
5.8500       -29978.969   -29987.748        8.779   351.9      0.989      1.165      0.624      0.233     -0.477      0.407
5.9000       -29979.442   -29988.238        8.796   352.6     -0.729     -1.027     -0.426      0.202     -0.277      0.031
5.9500       -29979.386   -29987.535        8.149   326.6     -1.140     -0.124      0.158     -0.119      0.037     -0.065
6.0000       -29979.607   -29988.023        8.416   337.4      0.462      0.873     -0.413      0.369     -0.140      0.369
6.0500       -29979.321   -29987.512        8.191   328.3     -0.393     -0.297     -0.612      0.332     -0.201      0.160
6.1000       -29979.347   -29987.688        8.341   334.3     -1.003     -0.294     -0.198     -0.156     -0.523     -0.009
6.1500       -29979.498   -29987.541        8.043   322.4      1.464      0.846      0.527      0.554      0.120      0.082
6.2000       -29979.592   -29987.770        8.177   327.8     -0.360     -0.373     -0.247      0.477      0.100      0.543
6.2500       -29979.431   -29987.729        8.297   332.6      1.047      0.489     -0.436     -0.356     -0.150     -0.751
6.3000       -29979.093   -29987.760        8.666   347.4     -0.333     -0.119     -0.456      0.564     -0.182      0.051
6.3500       -29979.571   -29987.688        8.116   325.3     -0.011     -0.292     -0.642      0.067      0.285      0.363
6.4000       -29979.462   -29987.215        7.753   310.8      0.570      0.719     -0.389     -0.286     -0.056     -0.417
6.4500       -29979.353   -29987.891        8.537   342.2      0.131      0.002     -0.098     -0.165     -0.010     -0.270
6.5000       -29979.586   -29987.725        8.138   326.2      0.041      0.151     -1.467     -0.059      0.330      0.472
6.5500       -29979.203   -29988.291        9.088   364.3     -0.776     -0.091      0.162      0.171     -0.084     -0.118
6.6000       -29978.980   -29987.877        8.897   356.6      0.695      0.040     -0.137     -0.670      0.092      0.042
6.6500       -29979.624   -29988.328        8.705   348.9     -0.828     -0.769      0.008     -0.411     -0.333      0.141
6.7000       -29979.971   -29988.730        8.760   351.1      0.119     -0.753      0.105     -0.093      0.869     -0.143
6.7500       -29979.824   -29988.520        8.696   348.6      0.062     -0.125     -0.652      0.203     -0.261     -0.096
6.8000       -29979.724   -29988.795        9.071   363.6      0.056     -0.230      0.137     -0.603      0.291      0.193
6.8500       -29979.390   -29987.863        8.473   339.6     -0.722      0.020      0.365      0.207     -0.212     -0.122
6.9000       -29979.072   -29988.145        9.073   363.7     -0.159     -0.320      0.541     -0.307     -0.157      0.510
6.9500       -29979.268   -29987.818        8.551   342.8     -0.206      0.166     -0.318      0.359     -0.239     -0.166
7.0000       -29979.373   -29987.828        8.455   338.9      0.484     -0.140     -0.240      0.322      0.616      0.487
7.0500       -29979.337   -29987.430        8.092   324.4     -0.925     -0.375     -0.456      0.203     -1.244     -0.251
7.1000       -29979.477   -29988.402        8.925   357.8     -0.814     -0.026      0.042     -0.592      0.280     -0.092
7.1500       -29979.266   -29987.770        8.503   340.9     -0.464     -0.998     -0.651      0.277     -0.150      0.286
7.2000       -29979.296   -29988.463        9.167   367.4      0.123      0.227     -0.563     -0.079     -0.137      0.068
7.2500       -29979.633   -29988.660        9.027   361.8     -0.460     -0.071     -0.240     -0.819      0.150     -0.540
7.3000       -29979.180   -29988.797        9.617   385.5     -0.567     -1.216      0.485      0.205     -0.268      0.367
7.3500       -29977.765   -29987.318        9.554   383.0     -0.269      0.825     -0.812     -0.103      0.165     -0.392
7.4000       -29977.688   -29986.619        8.931   358.0      0.909     -0.350      0.215      0.284     -0.174     -0.321
7.4500       -29977.748   -29986.648        8.901   356.8      0.869      0.086      0.690     -0.240     -0.316      0.357
7.5000       -29977.494   -29986.105        8.612   345.2      0.519     -1.192      0.512     -0.226      0.350     -0.359
7.5500       -29978.243   -29986.674        8.431   337.9      0.355      0.747     -0.042      0.161     -0.572      0.134
7.6000       -29978.087   -29986.641        8.553   342.9     -1.333     -0.456     -0.259     -0.244      0.423     -0.295
7.6500       -29978.001   -29986.969        8.968   359.5     -0.145     -0.331     -0.797     -0.085      0.081     -0.300
7.7000       -29978.706   -29987.797        9.091   364.4     -1.756     -0.497     -0.059      0.144     -0.026     -0.204
7.7500       -29978.740   -29987.596        8.856   355.0      0.029     -0.240     -0.294     -0.356     -0.379     -0.172
7.8000       -29978.813   -29987.623        8.810   353.2     -0.000     -0.451     -0.088      0.373      0.480     -0.172
7.8500       -29978.545   -29987.484        8.940   358.3      0.925      0.072      0.673     -0.036      0.039      0.166
7.9000       -29978.405   -29987.498        9.093   364.5     -1.592     -0.228      0.254     -0.025      0.383     -0.090
7.9500       -29978.218   -29987.688        9.469   379.6      0.085     -0.508     -0.822      0.366     -0.143     -0.105
8.0000       -29978.315   -29987.523        9.208   369.1     -0.629     -0.225     -0.901     -0.839      0.229     -0.098
8.0500       -29978.429   -29987.088        8.659   347.1     -0.449     -0.036     -0.690      0.783      0.142      0.181
8.1000       -29978.889   -29986.680        7.791   312.3     -0.880      0.516      0.469     -0.092      0.166     -0.310
8.1500       -29978.836   -29987.467        8.631   346.0      0.174      0.535      0.127     -0.424     -0.095      0.452
8.2000       -29978.885   -29987.180        8.295   332.5     -0.357      0.135     -0.716     -0.014      0.263     -0.178
8.2500       -29978.447   -29987.213        8.766   351.4      0.031     -0.109     -0.609      0.103     -0.016     -0.556
8.3000       -29978.416   -29987.299        8.883   356.1      0.115      0.568      0.077      0.184      0.495     -0.295
8.3500       -29978.691   -29987.604        8.912   357.2     -0.191      0.068     -0.526      0.081     -0.492     -0.463
8.4000       -29978.535   -29987.162        8.627   345.8      0.118     -0.597      0.696      0.323     -0.138     -0.473
8.4500       -29978.780   -29987.371        8.591   344.4     -0.791     -0.366      0.294      0.068      0.219     -0.669
8.5000       -29979.362   -29987.488        8.126   325.7     -0.607     -0.294     -0.358     -0.075     -0.237      0.527
8.5500       -29979.297   -29988.102        8.804   352.9      0.336      0.027     -0.712     -0.531      0.018      0.186
8.6000       -29979.561   -29987.924        8.362   335.2     -0.652     -0.567     -0.488      0.248     -0.226      0.129
8.6500       -29979.674   -29988.518        8.843   354.5     -0.429     -0.235      0.105      0.423      0.006     -0.091
8.7000       -29979.824   -29988.092        8.267   331.4     -0.643     -0.394     -0.890     -0.281      0.033      0.703
8.7500       -29980.314   -29988.295        7.981   319.9      0.176     -0.290     -0.261     -0.402     -0.255     -0.305
8.8000       -29980.082   -29987.730        7.648   306.6     -0.087     -0.534     -0.550      0.327      0.130      0.306
8.8500       -29980.138   -29987.678        7.540   302.2      0.363     -0.530     -0.784      0.031      0.039     -0.238
8.9000       -29980.180   -29988.279        8.099   324.6      0.259      0.920      0.766      0.278     -0.161      0.535
8.9500       -29980.249   -29988.713        8.464   339.3     -0.778     -0.388     -0.894     -0.671     -0.132     -0.170
9.0000       -29979.962   -29988.299        8.337   334.2      0.061     -0.390      0.319     -0.009     -0.113      0.114
9.0500       -29980.183   -29988.250        8.067   323.4      0.023      0.674      0.025     -0.249      0.285     -0.085
9.1000       -29980.411   -29988.510        8.099   324.6      0.257      0.092     -0.291     -0.305     -0.625      0.034
9.1500       -29980.017   -29988.145        8.128   325.8     -0.502     -0.371      0.457      0.063     -0.504      0.051
9.2000       -29979.640   -29988.326        8.686   348.2      0.022     -0.193      0.605      0.049     -0.208     -0.220
9.2500       -29979.779   -29988.094        8.315   333.3     -0.075      0.396     -0.591      0.294      0.444     -0.651
9.3000       -29979.328   -29988.279        8.951   358.8     -0.274     -0.263     -0.778      0.073     -0.317      0.030
9.3500       -29979.858   -29987.572        7.714   309.2      1.016      0.196     -0.014      0.098     -0.142     -0.043
9.4000       -29979.376   -29987.408        8.032   322.0     -0.550     -0.450     -0.218      0.055      0.109     -0.158
9.4500       -29979.046   -29987.379        8.333   334.0      0.327     -0.020     -0.299     -0.342      0.318      0.177
9.5000       -29978.725   -29987.377        8.652   346.8     -0.050     -0.492      0.325      0.218      0.149      0.199
9.5500       -29979.127   -29987.699        8.573   343.6     -0.509      0.278      0.293     -0.122     -0.118      0.078
9.6000       -29979.307   -29988.232        8.925   357.8      0.747     -0.267      0.792     -0.031      0.036     -0.101
9.6500       -29979.125   -29988.549        9.424   377.8     -0.487      0.558     -0.863     -0.084     -0.514      0.268
9.7000       -29979.607   -29987.484        7.877   315.8     -0.094     -1.002      0.296      0.211     -0.400      0.050
9.7500       -29979.201   -29988.314        9.113   365.3     -0.451     -0.168     -0.803      0.204      0.158      0.085
9.8000       -29979.163   -29987.461        8.298   332.6     -0.874      0.042     -0.691      0.229     -0.118     -0.112
9.8500       -29979.374   -29988.229        8.855   354.9      0.003      0.334     -1.289     -0.052      0.113     -0.482
9.9000       -29979.262   -29987.988        8.727   349.8      0.023     -0.101      0.313      0.214     -0.308      0.057
9.9500       -29979.056   -29987.535        8.479   339.9     -0.026      0.168     -0.552      0.281     -0.599     -0.333
10.0000      -29978.921   -29987.346        8.424   337.7     -0.916      0.250     -0.412      0.321     -0.282      0.419
10.0500      -29979.146   -29987.498        8.352   334.8     -0.185     -0.220     -0.534      0.311      0.073     -0.282
10.1000      -29979.468   -29988.498        9.030   362.0     -0.052      0.218      0.271      0.354     -0.740      0.503
10.1500      -29979.354   -29988.053        8.699   348.7      0.506     -0.463     -1.063      0.100      0.338     -0.060
10.2000      -29979.987   -29988.410        8.423   337.6     -0.853     -1.220     -1.089      0.028     -0.148      0.331
10.2500      -29979.970   -29988.143        8.173   327.6      0.001      0.607      0.075     -0.165     -0.302      0.600
10.3000      -29980.430   -29988.820        8.390   336.3     -0.382      0.027     -0.764      0.025      0.038      0.538
10.3500      -29980.938   -29988.586        7.648   306.6      0.294      0.022      0.453      0.465     -0.366     -0.213
10.4000      -29980.790   -29988.230        7.441   298.3      0.119     -0.901     -0.451      0.085     -0.070     -0.339
10.4500      -29980.540   -29988.391        7.851   314.7      0.783     -0.259     -0.263     -0.719      0.210      0.544
10.5000      -29980.939   -29988.666        7.727   309.8      0.714     -0.100      0.211      0.201     -0.232     -0.240
10.5500      -29981.306   -29988.488        7.183   287.9     -0.845      0.540      0.112      0.193     -0.307      0.057
10.6000      -29981.171   -29989.191        8.021   321.5      0.572      0.443      0.520      0.023      0.387     -0.124
10.6500      -29981.021   -29989.006        7.985   320.1      0.175     -0.623      0.409      0.573     -0.359      0.448
10.7000      -29981.186   -29989.275        8.090   324.3     -0.005      0.063     -0.230     -0.072      0.140      0.082
10.7500      -29980.845   -29988.547        7.702   308.7      0.529      0.084     -0.077      0.039      0.311     -0.051
10.8000      -29980.733   -29988.488        7.755   310.9     -0.133      0.214     -1.099      0.094     -0.753      0.558
10.8500      -29980.624   -29987.990        7.366   295.3      0.285     -0.250      0.480      0.223      0.452     -0.035
10.9000      -29980.582   -29988.238        7.656   306.9      0.406      0.291     -0.960     -0.208      0.297      0.733
10.9500      -29980.599   -29989.000        8.401   336.8     -0.819     -0.281      0.102      0.677     -0.100     -0.589
11.0000      -29980.609   -29988.691        8.083   324.0     -0.961     -0.588     -0.836     -0.535      0.298      0.045
11.0500      -29979.880   -29988.287        8.407   337.0      0.512     -0.243     -0.271      0.326     -0.363      0.012
11.1000      -29979.939   -29988.137        8.197   328.6      0.164     -0.145     -0.660     -0.213     -0.747      0.275
11.1500      -29980.003   -29988.826        8.823   353.7     -0.675      0.497     -1.150     -0.489     -0.387      0.241
11.2000      -29979.880   -29988.484        8.604   344.9     -0.206     -0.047     -0.100      0.023     -0.264      0.479
11.2500      -29980.008   -29988.066        8.058   323.0      0.400      0.514      0.292     -0.497     -0.572      0.218
11.3000      -29980.364   -29988.043        7.679   307.8      0.004     -0.977     -0.656      0.659      0.100     -0.066
11.3500      -29980.773   -29989.025        8.252   330.8     -0.373     -0.466     -0.411     -0.891     -0.081      0.635
11.4000      -29980.203   -29988.201        7.998   320.6     -0.155     -0.259     -1.050     -0.400      0.082     -0.208
11.4500      -29980.422   -29988.395        7.973   319.6     -0.241     -0.283     -0.091      0.084     -0.474     -0.147
11.5000      -29980.771   -29989.131        8.359   335.1     -0.172      0.196     -0.125     -0.290      0.518      0.198
11.5500      -29981.029   -29988.621        7.592   304.3      1.055      0.347     -0.719     -0.081     -0.132      0.250
11.6000      -29981.152   -29988.666        7.514   301.2     -0.502     -0.542     -0.570      0.102     -0.090     -0.059
11.6500      -29981.431   -29988.996        7.566   303.3     -0.391      0.356      0.069      0.291     -0.157      0.318
11.7000      -29981.005   -29988.729        7.723   309.6      0.647      0.287      0.498      0.077      0.072     -0.410
11.7500      -29980.828   -29988.766        7.938   318.2     -0.656     -0.509     -0.689     -0.394      0.403      0.148
11.8000      -29980.939   -29988.781        7.842   314.3     -0.364     -0.317      0.741     -0.174     -0.036      0.128
11.8500      -29981.148   -29989.049        7.900   316.7     -0.013      0.149      0.768     -0.456     -0.084      0.132
11.9000      -29980.681   -29988.973        8.292   332.4     -0.172      0.308      0.515     -0.124     -0.313      0.215
11.9500      -29980.720   -29988.455        7.736   310.1      0.235      0.383      0.319      0.401     -0.066     -0.214
12.0000      -29980.241   -29989.033        8.792   352.4      0.387      0.864     -0.069     -0.354     -0.268      0.519
12.0500      -29980.387   -29988.277        7.890   316.3      0.464      0.399      0.702     -0.166      0.160     -0.137
12.1000      -29980.478   -29988.223        7.744   310.4     -0.393     -0.918     -0.045      0.499     -0.291      0.182
12.1500      -29979.797   -29988.514        8.717   349.4     -0.257      0.499      0.069     -0.007      0.082     -0.545
12.2000      -29979.952   -29989.195        9.243   370.5     -0.530      0.145     -0.432      0.098     -0.001     -0.198
12.2500      -29979.615   -29988.547        8.932   358.0      0.363      0.580     -0.282     -0.221     -0.271      0.075
12.3000      -29979.683   -29988.574        8.891   356.4      0.546      0.214      0.331     -0.241     -0.136     -0.142
12.3500      -29979.698   -29988.080        8.382   336.0      0.594      0.456     -0.794      0.399     -0.322      0.390
12.4000      -29979.481   -29988.115        8.635   346.1     -0.136     -0.256     -0.107      0.135      0.774     -0.220
12.4500      -29979.441   -29988.066        8.625   345.7     -0.141      0.071      0.084     -0.309     -0.490     -0.612
12.5000      -29979.807   -29988.336        8.529   341.9     -1.242      0.684      0.416      0.040     -0.088      0.297
12.5500      -29980.054   -29988.578        8.524   341.7      0.129      0.548     -0.286     -0.408     -0.447      0.257
12.6000      -29980.532   -29988.646        8.115   325.3     -0.848     -0.049      0.213     -0.246      0.215     -0.607
12.6500      -29980.814   -29988.504        7.690   308.2      0.404     -0.135     -0.375      0.396      0.397     -0.237
12.7000      -29981.109   -29989.500        8.391   336.4     -0.964     -0.478     -0.108      0.054      0.013      0.010
12.7500      -29980.968   -29988.893        7.924   317.6      0.331      0.397     -0.091     -0.094      0.146     -0.303
12.8000      -29980.728   -29988.553        7.825   313.7      0.603      0.794      0.822      0.054      0.377     -0.195
12.8500      -29980.608   -29988.172        7.563   303.2     -0.483      0.195     -0.500     -0.289     -0.302     -0.225
12.9000      -29980.333   -29988.014        7.681   307.9     -0.399     -0.339      0.429      0.181      0.414     -0.120
12.9500      -29980.339   -29989.326        8.987   360.2      0.136      1.035     -0.006     -0.150     -0.293     -0.410
13.0000      -29980.530   -29988.463        7.933   318.0      1.063      0.054      0.982     -0.211     -0.259     -0.062
13.0500      -29980.567   -29988.291        7.724   309.6     -0.155      0.653      0.094      0.324     -0.188      0.192
13.1000      -29980.714   -29988.535        7.821   313.5      0.149      0.096      0.527     -0.150      0.114     -0.194
13.1500      -29980.238   -29988.420        8.182   328.0      0.225     -0.622      0.003     -0.197     -0.200      0.305
13.2000      -29979.599   -29987.943        8.344   334.5     -0.844     -0.154      0.011      0.005     -0.333     -0.003
13.2500      -29979.578   -29988.451        8.873   355.7     -0.063      1.270      0.290     -0.196      0.212     -0.402
13.3000      -29979.341   -29987.561        8.219   329.5     -1.085     -1.190     -0.717      0.029     -0.152      0.018
13.3500      -29979.302   -29987.668        8.366   335.3      0.488     -0.385      0.753      0.524      0.115      0.372
13.4000      -29978.948   -29987.465        8.517   341.4     -1.236     -0.210     -1.412     -0.063     -0.121     -0.327
13.4500      -29979.160   -29987.922        8.762   351.2     -0.696     -0.397     -0.574     -0.719     -0.262      0.077
13.5000      -29979.391   -29988.221        8.830   353.9      0.123     -0.071     -0.882      0.566      0.279      0.114
13.5500      -29979.644   -29988.061        8.417   337.4     -0.227     -0.275     -0.336     -0.326     -0.555     -0.303
13.6000      -29979.221   -29987.117        7.896   316.5      0.258     -0.192     -0.495     -0.440      0.152      0.291
13.6500      -29979.126   -29987.430        8.304   332.9     -0.688     -0.659     -0.453     -0.081     -0.479      0.164
13.7000      -29978.956   -29987.803        8.847   354.6     -0.690     -0.993     -0.895      0.080     -0.516      0.181
13.7500      -29979.091   -29987.344        8.253   330.8     -0.364     -0.263     -0.391      0.016      0.340     -0.646
13.8000      -29979.302   -29987.805        8.503   340.8     -0.377      0.641     -0.467     -0.390     -0.164     -0.130
13.8500      -29979.907   -29987.971        8.064   323.2      0.669      0.487      0.306     -0.643      0.124      0.031
13.9000      -29979.733   -29987.818        8.086   324.1     -0.273     -1.516     -0.264     -0.249      0.135      0.045
13.9500      -29979.665   -29988.053        8.387   336.2     -0.642     -0.084     -0.293     -0.136     -0.264     -0.490
14.0000      -29979.388   -29988.432        9.044   362.5      0.041      0.568      0.418     -0.337     -0.071      0.256
14.0500      -29979.790   -29987.881        8.091   324.3      0.189      0.145      0.357      0.024     -0.043     -0.137
14.1000      -29980.012   -29987.650        7.639   306.2     -0.034      0.313     -0.449     -0.295     -0.245     -0.233
14.1500      -29979.642   -29988.311        8.668   347.5      0.098      0.032     -1.245     -0.030      0.263      0.065
14.2000      -29979.762   -29988.207        8.445   338.5     -0.412     -1.128     -0.339     -0.287     -1.077     -0.091
14.2500      -29979.587   -29988.152        8.566   343.4     -0.999     -1.116     -1.049     -0.410     -0.587      0.310
14.3000      -29979.162   -29988.182        9.020   361.6     -0.259     -0.261     -0.481     -0.498     -0.212      0.363
14.3500      -29978.976   -29987.209        8.233   330.0      0.453     -1.580     -1.431     -0.046      0.521     -0.291
14.4000      -29979.783   -29988.051        8.268   331.4      0.099      0.406     -0.012     -0.585     -0.301      0.107
14.4500      -29979.839   -29988.447        8.608   345.1      0.379     -0.592     -0.408     -0.393     -0.012     -0.173
14.5000      -29980.281   -29988.355        8.074   323.7     -0.693     -0.035      0.228     -0.133      0.026      0.124
14.5500      -29980.642   -29988.877        8.235   330.1     -0.171     -0.098      0.027     -0.048     -0.345      0.472
14.6000      -29980.464   -29989.148        8.685   348.1     -0.471      0.355     -0.410     -0.383     -0.253      0.049
14.6500      -29979.820   -29988.328        8.508   341.0     -0.236     -0.032     -0.433      0.223      0.139      0.168
14.7000      -29979.555   -29988.695        9.140   366.4     -0.399     -0.315      0.091     -0.161      0.337      0.135
14.7500      -29979.051   -29988.340        9.288   372.3      0.165     -0.806     -0.498     -0.559     -0.763      0.086
14.8000      -29979.099   -29987.416        8.317   333.4     -0.627      0.130     -0.301      0.549      0.170     -0.137
14.8500      -29979.003   -29987.592        8.589   344.3     -0.053     -0.268     -0.446      0.294     -0.069      0.347
14.9000      -29978.886   -29987.668        8.782   352.0      0.304     -0.147      0.028     -0.205      0.049     -0.493
14.9500      -29978.859   -29988.217        9.358   375.1     -0.812      0.408      0.307      0.460     -0.028      0.302
15.0000      -29978.580   -29986.965        8.385   336.1     -0.896     -0.005     -0.630     -0.839     -0.149     -0.427
15.0500      -29978.464   -29986.701        8.237   330.2      0.024     -0.401      0.927      0.078      0.165      0.528
15.1000      -29978.233   -29986.840        8.607   345.0      0.365     -1.001     -0.817     -0.010      0.115     -0.931
15.1500      -29978.481   -29987.443        8.962   359.2     -1.110      0.558     -0.442      0.112      0.444      0.930
15.2000      -29979.016   -29987.475        8.459   339.1     -0.197     -1.006     -0.341     -0.040     -0.786     -0.317
15.2500      -29979.363   -29987.967        8.603   344.9      0.081      0.310     -0.032     -0.105      0.636      0.250
15.3000      -29978.670   -29987.145        8.474   339.7     -0.268     -1.306     -0.226      0.171     -0.246      0.420
15.3500      -29978.345   -29986.904        8.560   343.1     -0.713     -0.170     -1.074      0.216      0.677     -0.076
15.4000      -29978.300   -29986.547        8.246   330.6     -1.153      0.275     -0.605     -0.291     -1.163     -0.189
15.4500      -29978.438   -29987.342        8.904   356.9      0.388     -1.213      0.478      0.452     -0.004     -0.078
15.5000      -29978.062   -29987.326        9.264   371.3     -0.416     -0.219     -1.024      0.151     -0.526      0.517
15.5500      -29978.773   -29987.754        8.981   360.0      0.978     -1.172      0.593     -0.333     -0.422     -0.160
15.6000      -29978.850   -29987.504        8.654   346.9     -0.033     -0.486      0.218      0.058      0.171      0.263
15.6500      -29978.612   -29987.137        8.524   341.7      0.595     -0.606     -0.621     -0.430      0.216     -0.030
15.7000      -29978.724   -29986.865        8.141   326.3      0.038      0.353      0.724      0.204      0.141     -0.465
15.7500      -29979.308   -29987.490        8.182   328.0      0.285      0.605      0.152      0.171     -0.051     -0.072
15.8000      -29978.890   -29987.934        9.043   362.5     -0.201      0.567      0.488     -0.345      0.128      0.222
15.8500      -29979.612   -29987.988        8.377   335.8     -0.173     -0.359     -0.152     -0.126     -0.680     -0.128
15.9000      -29979.459   -29987.773        8.315   333.3     -0.983      0.345     -0.139     -0.114      0.129      0.010
15.9500      -29979.186   -29987.422        8.236   330.1      0.111     -0.377     -0.499     -0.324     -0.224     -0.302
16.0000      -29978.962   -29987.336        8.374   335.7     -0.556     -0.525     -0.997     -0.176      0.246     -0.055
16.0500      -29979.092   -29987.404        8.312   333.2     -0.766      0.038      0.070      0.133      0.049      0.054
16.1000      -29978.678   -29987.559        8.881   356.0     -0.324     -0.805     -0.556      0.046      0.239     -0.210
16.1500      -29979.278   -29988.281        9.003   360.9     -0.553     -0.890     -0.310     -0.341     -0.504     -0.166
16.2000      -29979.652   -29987.842        8.190   328.3     -0.691     -0.104     -0.536      0.067      0.490     -0.414
16.2500      -29979.652   -29987.926        8.274   331.7     -0.600     -1.924     -0.441     -0.467     -0.149     -0.285
16.3000      -29979.602   -29987.873        8.271   331.5     -0.844     -1.386     -0.749      0.179      0.532     -0.255
16.3500      -29979.782   -29987.379        7.597   304.5      0.152      0.055     -0.733      0.193     -0.070     -0.032
16.4000      -29979.647   -29987.803        8.155   326.9     -0.085      0.334      0.036      0.187      0.189     -0.123
16.4500      -29979.699   -29988.338        8.639   346.3     -0.844     -0.992     -1.193     -0.719     -0.245     -0.098
16.5000      -29979.830   -29988.266        8.435   338.1     -1.178     -0.699      0.141      0.671      0.307      0.457
16.5500      -29980.214   -29988.639        8.425   337.7     -0.237     -0.074     -0.917      0.296      0.512     -0.299
16.6000      -29980.692   -29988.266        7.573   303.6     -0.318      0.332      0.268     -0.592      0.207     -0.533
16.6500      -29981.101   -29988.371        7.270   291.4     -0.355     -0.571     -0.246      0.193      0.672      0.199
16.7000      -29980.907   -29988.947        8.041   322.3      0.655     -1.110     -0.788     -0.192      0.022     -0.233
16.7500      -29980.994   -29989.070        8.076   323.7     -0.990      0.325     -0.821     -0.093     -0.184      0.048
16.8000      -29980.779   -29989.004        8.225   329.7     -0.225     -0.410     -0.737     -0.348     -0.401      0.415
16.8500      -29980.065   -29988.951        8.886   356.2     -0.280     -0.149     -0.396      0.019     -0.156      0.049
16.9000      -29979.896   -29987.500        7.604   304.8     -0.270      0.654     -0.514      0.206      0.167     -0.122
16.9500      -29979.908   -29987.547        7.639   306.2     -0.022     -0.237     -0.031      0.221      0.299      0.193
17.0000      -29979.689   -29987.533        7.844   314.4      0.363      0.613      0.264      0.361     -0.409     -0.094
17.0500      -29979.753   -29987.795        8.042   322.4     -0.482     -0.164     -0.981     -0.199      0.435     -0.264
17.1000      -29979.164   -29987.340        8.176   327.7     -0.019      0.090      0.409     -0.067     -0.079      0.257
17.1500      -29979.123   -29987.738        8.615   345.3     -0.098     -0.784     -0.439     -0.208      0.218     -0.136
17.2000      -29979.257   -29988.107        8.850   354.8     -0.566      0.281     -0.272     -0.032     -0.141     -0.166
17.2500      -29979.436   -29987.529        8.094   324.4      0.962      0.433     -0.569     -0.308      0.054      0.148
17.3000      -29979.149   -29987.883        8.734   350.1     -0.408     -0.361     -0.498     -0.218      0.177     -0.127
17.3500      -29979.044   -29988.121        9.077   363.9     -0.764      0.091     -0.694     -0.268     -0.003     -0.371
17.4000      -29979.668   -29988.002        8.334   334.1      0.049     -0.421      0.330      0.249     -0.219      0.213
17.4500      -29980.287   -29988.898        8.612   345.2     -0.045     -0.056      0.364     -0.247      0.305      0.204
17.5000      -29979.791   -29988.045        8.253   330.8     -0.125     -0.537     -0.308      0.471     -0.037     -0.010
17.5500      -29980.051   -29988.723        8.672   347.6      0.133      0.207      0.165     -0.133      0.144      0.298
17.6000      -29980.199   -29987.693        7.495   300.4      0.184     -0.661     -0.449     -0.352     -0.411     -0.188
17.6500      -29979.804   -29988.051        8.247   330.6     -1.011     -0.079     -0.461     -0.176      0.413     -0.265
17.7000      -29979.930   -29987.723        7.793   312.4     -0.083     -0.131      0.073     -0.407     -0.321     -0.377
17.7500      -29979.710   -29987.717        8.006   320.9      0.542     -0.078      0.139      0.387     -0.041     -0.141
17.8000      -29979.893   -29988.279        8.386   336.2     -0.698     -0.592     -1.113     -0.610     -0.530     -0.119
17.8500      -29979.962   -29987.721        7.759   311.0      0.077     -0.140      0.178      0.347      0.444      0.086
17.9000      -29979.265   -29987.225        7.959   319.0     -0.810     -0.309     -1.778      0.129     -0.642      0.418
17.9500      -29979.599   -29987.664        8.066   323.3     -0.385      0.204     -0.594     -0.535      0.620     -0.443
18.0000      -29979.525   -29987.648        8.124   325.6     -0.976     -1.221      0.101      0.312     -0.466      0.562
18.0500      -29979.980   -29987.447        7.468   299.3      0.363      1.544      0.266      0.301     -0.058      0.051
18.1000      -29980.030   -29988.072        8.043   322.4     -0.681     -0.363     -0.565     -0.202     -0.429      0.433
18.1500      -29979.876   -29988.123        8.247   330.6      0.306     -0.266      0.020      0.205      0.117      0.207
18.2000      -29980.022   -29988.547        8.524   341.7     -0.530      1.259      0.171     -0.014      0.253     -0.146
18.2500      -29979.657   -29988.500        8.843   354.5     -0.635      0.099      0.004      0.246     -0.399      0.457
18.3000      -29979.693   -29988.145        8.452   338.8     -1.182      0.391      0.180     -0.061      0.595     -0.008
18.3500      -29979.600   -29987.975        8.375   335.7      0.003     -0.938     -0.038      0.230      0.123      0.395
18.4000      -29979.710   -29988.926        9.216   369.4     -0.073      0.852     -0.441      0.490     -0.181     -0.100
18.4500      -29979.429   -29988.395        8.966   359.4     -1.147     -1.492      0.039     -0.168     -0.156      0.365
18.5000      -29979.301   -29988.244        8.943   358.5     -0.810     -0.765     -1.939      0.202      0.105      0.040
18.5500      -29979.309   -29987.395        8.085   324.1     -0.457      0.160     -0.050     -0.212     -0.002      0.048
18.6000      -29978.959   -29988.156        9.197   368.7      0.003     -0.542      0.164      0.064      0.422      0.113
18.6500      -29979.778   -29987.994        8.216   329.3     -0.409     -0.246      0.001     -0.125      0.008     -0.581
18.7000      -29980.076   -29988.059        7.982   320.0     -0.664      0.397      0.150     -0.144     -0.213     -0.192
18.7500      -29979.565   -29987.803        8.238   330.2      0.715      0.278      0.571      0.012      0.346     -0.178
18.8000      -29979.577   -29987.932        8.354   334.9     -0.192     -0.278      0.179     -0.381      0.417      0.120
18.8500      -29979.056   -29987.086        8.030   321.9     -0.687     -0.078     -0.544     -0.080     -0.262     -0.481
18.9000      -29978.766   -29987.119        8.353   334.8     -0.465     -0.668     -0.654      0.039     -0.088     -0.160
18.9500      -29979.303   -29988.596        9.292   372.5     -1.039     -0.552      0.088     -0.118      0.075      0.071
19.0000      -29979.226   -29987.883        8.657   347.0      0.178     -0.899      0.444      0.334     -0.115      0.019
19.0500      -29979.469   -29988.355        8.887   356.2      0.425      0.096      0.081      0.014      0.308      0.307
19.1000      -29979.321   -29987.680        8.359   335.1     -0.945     -0.257     -0.505      0.000      0.099     -0.536
19.1500      -29979.416   -29987.664        8.248   330.6     -0.247     -0.348     -0.133     -0.306     -0.611     -0.180
19.2000      -29979.494   -29988.094        8.600   344.7     -0.473     -0.304     -0.437     -0.330     -0.050     -0.262
19.2500      -29979.726   -29988.248        8.522   341.6     -0.414     -1.000     -0.563     -0.465      0.114      0.110
19.3000      -29980.064   -29987.934        7.870   315.5      0.195     -1.345     -0.369      0.079      0.163     -0.082
19.3500      -29979.939   -29988.918        8.979   359.9     -0.308     -0.304     -0.002     -0.055      0.475     -0.001
19.4000      -29979.717   -29988.195        8.479   339.9     -0.352     -0.107     -0.299     -0.040     -0.410     -0.052
19.4500      -29979.949   -29988.760        8.810   353.2      0.677     -1.053      0.237     -0.026      0.231     -0.179
19.5000      -29980.069   -29988.758        8.689   348.3      0.149      0.904      0.532      0.087      0.537      0.311
19.5500      -29980.206   -29988.135        7.929   317.8     -0.277      0.636      0.117     -0.239     -0.454     -0.329
19.6000      -29980.735   -29988.895        8.160   327.1     -0.209     -0.183      0.172      0.043     -0.000      0.266
19.6500      -29980.880   -29988.391        7.511   301.1     -0.872     -0.197     -1.102     -0.079      0.409     -0.322
19.7000      -29980.425   -29988.869        8.444   338.5     -0.506     -0.914     -0.752     -0.346      0.008      0.225
19.7500      -29980.894   -29988.934        8.040   322.3     -0.217     -0.885     -0.844     -0.338      0.165     -0.270
19.8000      -29981.060   -29988.682        7.622   305.5      0.513     -0.226      0.099      0.041      0.633      0.527
19.8500      -29981.836   -29989.021        7.186   288.0      0.255     -0.109      0.714     -0.100      0.042     -0.765
19.9000      -29981.590   -29989.959        8.369   335.5      0.518     -0.143      0.278     -0.615      0.159     -0.065
19.9500      -29981.786   -29989.275        7.490   300.2     -0.842      0.797     -0.482      0.048      0.570     -0.262
20.0000      -29981.454   -29989.600        8.146   326.5      0.533     -0.033      0.726     -0.061     -0.466      0.128
20.0500      -29981.539   -29989.072        7.533   302.0      1.503      0.612     -0.179     -0.159      0.548     -0.389
20.1000      -29981.732   -29989.840        8.108   325.0     -0.529      0.561     -0.236      0.053     -0.056     -0.166
20.1500      -29982.144   -29989.580        7.436   298.1      1.510      0.576      0.746     -0.466     -0.042     -0.213
20.2000      -29981.732   -29989.492        7.760   311.1     -0.298      0.397      0.093     -0.088      0.259      0.371
20.2500      -29981.267   -29989.395        8.127   325.8     -0.333      0.572     -0.167      0.020      0.218     -0.058
20.3000      -29980.894   -29989.332        8.438   338.2      0.361      0.050     -0.764      0.262      0.813      0.216
20.3500      -29980.637   -29989.133        8.496   340.6     -0.501      0.445      0.435     -0.059     -0.137      0.021
20.4000      -29980.401   -29988.924        8.523   341.6     -0.002     -0.249     -1.128     -0.773     -0.078      0.042
20.4500      -29981.021   -29989.703        8.682   348.0     -0.273     -0.645     -0.374      0.392     -0.477     -0.295
20.5000      -29981.294   -29989.188        7.894   316.4     -0.531     -0.625      0.493     -0.249      0.152     -0.360
20.5500      -29981.204   -29989.578        8.374   335.7      0.165     -0.530     -0.953      0.048     -0.518      0.255
20.6000      -29981.413   -29989.057        7.644   306.4     -0.255     -0.442      0.273      0.015      0.229      0.288
20.6500      -29981.466   -29989.268        7.802   312.7     -0.375     -0.787     -0.689     -0.044      0.226      0.056
20.7000      -29981.547   -29989.510        7.963   319.2     -0.099     -0.272     -0.633      0.197     -0.371      0.050
20.7500      -29981.410   -29989.322        7.912   317.1     -0.565     -0.460     -0.917     -0.014     -0.007     -0.898
20.8000      -29981.490   -29989.428        7.938   318.2     -0.920     -0.754     -0.708      0.146     -0.254     -0.048
20.8500      -29981.002   -29989.176        8.174   327.7     -0.600     -0.044      0.564     -0.151      0.176     -0.073
20.9000      -29981.009   -29988.973        7.963   319.2     -1.308      0.321     -0.621      0.239     -0.851      0.164
20.9500      -29980.253   -29989.205        8.952   358.8     -0.002     -1.392     -0.653     -0.189     -0.263      0.125
21.0000      -29980.434   -29988.832        8.398   336.6      1.046      1.238     -0.003      0.286      0.265     -0.118
21.0500      -29980.546   -29989.072        8.527   341.8     -1.287     -0.487     -0.794      0.028     -0.152     -0.043
21.1000      -29979.866   -29988.758        8.892   356.4     -0.441     -1.044     -0.132     -0.438      0.807      0.364
21.1500      -29979.203   -29987.746        8.543   342.5     -0.314     -0.042     -0.687      0.755      0.084      0.065
21.2000      -29979.739   -29988.684        8.945   358.6     -1.079     -0.595     -0.481     -0.147     -0.151     -0.165
21.2500      -29979.978   -29988.842        8.864   355.3     -0.389     -0.767     -0.495      0.455      0.264      0.050
21.3000      -29980.017   -29989.035        9.018   361.5      0.055      0.052      0.420      0.466      0.233      0.063
21.3500      -29980.178   -29988.115        7.937   318.1      0.004      0.509      0.172     -0.137      0.167     -0.246
21.4000      -29980.107   -29988.416        8.309   333.1      0.893      0.880     -0.124     -0.360      0.237      0.287
21.4500      -29979.829   -29988.664        8.835   354.2     -0.506     -0.179      0.104     -0.117     -0.053      0.177
21.5000      -29980.091   -29988.207        8.116   325.3     -0.670      0.434      0.255     -0.031      0.749      0.056
21.5500      -29979.926   -29988.203        8.277   331.8      0.006     -0.378     -0.990     -0.254      0.154     -0.233
21.6000      -29979.859   -29988.553        8.694   348.5      0.223     -0.710      0.318      0.748      0.297      0.315
21.6500      -29979.921   -29988.736        8.815   353.3     -1.107     -0.062     -1.171      0.259      0.362     -0.270
21.7000      -29979.918   -29987.883        7.965   319.3     -0.754     -0.542     -0.200      0.487      0.217     -0.092
21.7500      -29979.800   -29988.764        8.964   359.3     -1.426      0.162     -0.475     -0.066     -0.464      0.025
21.8000      -29979.835   -29988.068        8.233   330.0      0.059      0.057     -0.455     -0.004      0.233     -0.154
21.8500      -29980.264   -29988.525        8.261   331.1     -1.131     -0.006     -0.192      0.174     -0.224     -0.366
21.9000      -29980.305   -29988.523        8.218   329.4     -0.587     -0.320     -0.449      0.421     -0.255      0.114
21.9500      -29980.594   -29988.078        7.484   300.0     -0.156      0.875     -0.343      0.450     -0.123     -0.384
22.0000      -29980.984   -29989.223        8.238   330.2      0.794     -0.158      0.462     -0.100     -0.302     -0.490
22.0500      -29980.554   -29989.270        8.715   349.3     -0.726     -0.574      0.097      0.300      0.353      0.489
22.1000      -29980.630   -29989.094        8.464   339.3     -0.153      0.363      0.307      0.357     -0.367     -0.079
22.1500      -29981.287   -29989.643        8.355   334.9     -0.603      0.091      0.276      0.599     -0.418      0.613
22.2000      -29981.210   -29989.430        8.220   329.5     -0.134     -0.779     -0.789      0.140     -0.139     -0.478
22.2500      -29981.415   -29989.740        8.326   333.7     -0.349     -0.292     -0.270     -0.054     -0.114      0.366
22.3000      -29981.591   -29988.920        7.329   293.8     -0.115      0.086     -0.325      0.111     -0.174      0.038
22.3500      -29981.311   -29989.648        8.338   334.2      1.063      0.601      0.157     -0.211     -0.293      0.397
22.4000      -29981.576   -29989.152        7.577   303.7      0.461      0.469     -0.900      0.041     -0.034     -0.411
22.4500      -29981.184   -29988.555        7.371   295.4     -1.931     -1.044     -0.843     -0.410     -0.840      0.401
22.5000      -29981.085   -29989.527        8.443   338.4     -0.335     -0.214     -1.093      0.828      0.259      0.398
22.5500      -29981.310   -29989.543        8.233   330.0     -0.499     -0.129     -0.435     -0.448     -0.787     -0.003
22.6000      -29981.411   -29990.172        8.761   351.2      0.683      0.120      0.371      0.229     -0.201     -0.003
22.6500      -29981.264   -29989.602        8.338   334.2      0.128     -0.108     -0.493     -0.213     -0.141     -0.269
22.7000      -29980.852   -29988.752        7.900   316.7      0.493     -0.310      0.179      0.516     -0.269     -0.127
22.7500      -29980.434   -29988.465        8.031   321.9     -0.212     -0.635     -0.776     -0.517      0.358     -0.217
22.8000      -29980.566   -29988.885        8.319   333.5     -0.546     -0.694     -0.304      0.139     -0.501     -0.217
22.8500      -29980.510   -29989.250        8.740   350.3     -0.431      0.320     -0.743     -0.028     -0.324      0.223
22.9000      -29980.215   -29988.133        7.918   317.4      0.992      0.755     -0.206     -0.310      0.632     -0.070
22.9500      -29980.037   -29988.461        8.424   337.7     -0.364      0.503      0.158      0.744      0.036     -0.120
23.0000      -29980.172   -29989.010        8.838   354.3     -0.134     -0.038     -0.218      0.613     -0.335     -0.284
23.0500      -29980.125   -29989.023        8.899   356.7     -0.428      0.349      0.697     -0.920      0.050      0.038
23.1000      -29980.505   -29988.543        8.038   322.2      1.188     -0.045     -0.085     -0.494     -0.094      0.103
23.1500      -29980.267   -29988.936        8.668   347.5     -0.313     -0.689      0.121      0.564      0.360     -0.405
23.2000      -29980.294   -29988.145        7.850   314.7     -0.032      0.579      0.851     -0.228      0.345      0.312
23.2500      -29980.647   -29988.619        7.972   319.6      0.174      0.245     -0.112      0.150     -0.356     -0.041
23.3000      -29980.455   -29988.473        8.018   321.4     -0.519     -0.110     -0.158     -0.256      0.302      0.140
23.3500      -29980.609   -29988.832        8.223   329.6      0.334     -0.408     -0.243      0.202     -0.243      0.578
23.4000      -29981.168   -29988.918        7.750   310.7     -0.558     -0.234      0.028      0.055     -0.032      0.314
23.4500      -29981.135   -29988.559        7.424   297.6      0.379      1.327     -0.022     -0.705     -0.061     -0.341
23.5000      -29980.723   -29987.812        7.089   284.2     -0.704     -0.420     -0.396     -0.290     -0.381      0.093
23.5500      -29980.452   -29989.002        8.550   342.7     -0.805     -0.256     -0.361     -0.584     -0.133     -0.091
23.6000      -29980.472   -29988.637        8.165   327.3     -0.250     -0.994     -0.245      0.015      0.289     -0.167
23.6500      -29980.191   -29988.998        8.807   353.0     -1.154     -0.222     -0.758      0.214     -0.104      0.288
23.7000      -29980.287   -29989.004        8.717   349.4     -1.178     -0.263     -0.278      0.193      0.094     -0.246
23.7500      -29980.516   -29989.182        8.666   347.4      0.330      0.291      0.767      0.622     -0.532      0.139
23.8000      -29980.721   -29988.943        8.223   329.6      0.910     -0.548     -0.658     -0.417     -0.147     -0.195
23.8500      -29981.125   -29988.965        7.840   314.3     -0.070      0.557     -0.259      0.480     -0.219     -0.089
23.9000      -29981.575   -29989.564        7.990   320.3      0.947      0.384      0.236     -0.145      0.447     -0.039
23.9500      -29981.122   -29989.529        8.408   337.0      0.470      0.083     -0.739      0.214      0.026      0.339
24.0000      -29981.075   -29988.830        7.755   310.8      0.044      0.712      0.711      0.521     -0.054      0.472
24.0500      -29980.995   -29988.871        7.876   315.7     -0.199      0.316     -0.243     -0.486     -0.385      0.153
24.1000      -29981.272   -29988.418        7.146   286.4      1.232     -0.324      0.695      0.449      0.229      0.360
24.1500      -29981.032   -29990.416        9.384   376.2      0.114      0.278      0.081      0.187      0.089     -0.325
24.2000      -29981.644   -29989.477        7.833   314.0     -0.342     -0.779      0.136     -0.374      0.002     -0.161
24.2500      -29981.331   -29989.662        8.331   333.9     -0.602     -0.540     -0.019     -0.284     -0.499      0.268
24.3000      -29981.704   -29989.662        7.958   319.0      0.132     -0.824      0.012      0.317      0.257      0.111
24.3500      -29981.944   -29989.637        7.693   308.4     -0.250      0.270     -0.441     -0.959      0.424     -0.079
24.4000      -29981.710   -29989.725        8.015   321.3     -0.367     -0.284      0.156      0.039      0.881     -0.145
24.4500      -29981.674   -29989.824        8.150   326.7      0.056     -0.166     -0.215     -0.055     -0.564     -0.090
24.5000      -29981.815   -29989.436        7.620   305.5     -0.290     -0.488     -0.873      0.422      0.171      0.151
24.5500      -29981.460   -29988.979        7.518   301.4      0.325     -0.854     -0.521     -0.325     -0.556      0.087
24.6000      -29981.259   -29989.211        7.952   318.7      0.467      0.900      0.601      0.067      0.456      0.056
24.6500      -29981.052   -29989.463        8.411   337.2      0.803     -0.127     -0.666     -0.089     -0.137      0.596
24.7000      -29980.874   -29989.312        8.439   338.3     -0.585     -0.046      0.359      0.335     -0.329      0.452
24.7500      -29980.797   -29989.350        8.552   342.8      0.022      0.321      0.643     -0.286      0.169      0.025
24.8000      -29981.155   -29990.020        8.864   355.3      0.022     -0.264     -1.508     -0.414     -0.035      0.451
24.8500      -29980.843   -29989.594        8.751   350.8     -0.247     -0.646     -0.206      0.038     -0.200      0.220
24.9000      -29981.124   -29989.619        8.496   340.5     -0.559     -0.825      0.055      0.161     -0.290      0.042
24.9500      -29981.026   -29989.371        8.346   334.5     -0.463     -1.040     -0.694     -0.572      0.496     -0.017
25.0000      -29980.728   -29988.352        7.624   305.6     -0.316      0.354      0.565     -0.098      0.155     -0.303
25.0500      -29981.332   -29988.408        7.076   283.7      0.339      0.103     -0.619     -0.048      0.136      0.685
25.1000      -29981.058   -29988.926        7.867   315.4     -0.201     -0.143      1.085      0.000     -0.082      0.122
25.1500      -29980.344   -29988.340        7.996   320.5     -0.178     -1.311     -1.974     -0.289     -0.029     -0.160
25.2000      -29979.882   -29988.613        8.731   350.0      0.603     -0.415      0.364     -0.323      0.263      0.551
25.2500      -29979.136   -29987.797        8.661   347.2      0.340      0.026      0.039     -0.566     -0.073     -0.387
25.3000      -29979.303   -29987.471        8.168   327.4     -1.094     -0.584     -0.374     -0.129      0.301     -0.091
25.3500      -29979.350   -29987.395        8.045   322.5     -0.374     -0.349     -0.843     -0.004     -0.147      0.270
25.4000      -29978.972   -29987.143        8.170   327.5     -0.098      0.785      0.814      0.016     -0.030     -0.374
25.4500      -29978.947   -29987.627        8.680   347.9      0.176     -1.110      0.847     -0.177     -0.175     -0.458
25.5000      -29979.350   -29987.500        8.150   326.7     -1.279     -0.021     -0.809     -0.069      0.058     -0.257
25.5500      -29978.989   -29987.387        8.398   336.6      0.027     -1.334     -0.778      0.022      0.331      0.409
25.6000      -29978.914   -29987.105        8.192   328.4      0.032      0.040      0.437     -0.438      0.106      0.159
25.6500      -29978.872   -29987.316        8.445   338.5      0.388      0.215     -0.263     -0.580     -0.298     -0.038
25.7000      -29978.987   -29987.301        8.313   333.2     -0.839      0.046     -0.597     -0.348      0.100     -0.085
25.7500      -29978.830   -29987.803        8.973   359.7      0.677      0.111      0.018      0.016     -0.217     -0.209
25.8000      -29979.196   -29987.666        8.470   339.5      0.253      0.737     -0.065     -0.003     -0.886      0.562
25.8500      -29978.877   -29987.232        8.355   334.9     -0.246     -0.539     -0.430      0.169      0.103     -0.007
25.9000      -29978.636   -29987.188        8.552   342.8      0.099      0.597      0.771     -0.512      0.031      0.111
25.9500      -29978.799   -29986.668        7.869   315.4     -0.697     -1.151     -0.139     -0.085      0.259      0.258
26.0000      -29978.612   -29987.164        8.552   342.8     -0.464     -0.871     -1.294     -0.292     -0.192     -0.002
26.0500      -29979.134   -29987.434        8.300   332.7      0.233      1.000     -0.292     -0.399     -0.265      0.413
26.1000      -29978.755   -29987.000        8.245   330.5      1.244     -0.011      0.699      0.025     -0.211     -0.691
26.1500      -29978.576   -29987.061        8.485   340.1     -0.695     -0.226     -0.353      0.335     -0.163      0.476
26.2000      -29978.606   -29986.891        8.285   332.1      0.113      0.244     -0.120     -0.110     -0.874     -0.637
26.2500      -29979.166   -29988.414        9.248   370.7     -0.191      0.385     -0.184      0.100     -0.207      0.076
26.3000      -29979.389   -29988.059        8.669   347.5      0.747      0.258      1.088      0.565      0.131     -0.712
26.3500      -29979.552   -29987.621        8.069   323.4      0.604     -0.431      0.118     -0.855      0.597     -0.649
26.4000      -29979.621   -29987.959        8.338   334.2     -0.988     -0.135      0.189      0.019     -0.563     -0.192
26.4500      -29979.976   -29988.051        8.075   323.7      0.056     -0.591     -0.067     -0.251      0.134      0.276
26.5000      -29980.266   -29988.406        8.141   326.3     -1.089     -0.094     -0.435      0.483     -0.252      0.252
26.5500      -29980.034   -29988.961        8.927   357.8      0.000      0.046      0.790     -0.074     -0.110     -0.624
26.6000      -29980.445   -29989.123        8.678   347.9      0.363      0.088      0.820     -0.076     -0.061     -0.551
26.6500      -29980.414   -29988.771        8.358   335.0      0.075      0.180     -0.861      0.257      0.141      0.403
26.7000      -29980.592   -29988.594        8.002   320.7     -0.807     -0.515     -0.566     -0.071     -0.230      0.210
26.7500      -29980.604   -29988.572        7.968   319.4     -0.891     -0.455     -0.798     -0.406     -0.210      0.360
26.8000      -29981.121   -29989.588        8.467   339.4     -0.468      0.629      0.279     -0.095     -0.521     -0.663
26.8500      -29981.156   -29989.561        8.405   336.9      0.361      0.046     -0.567     -0.129     -0.436      0.279
26.9000      -29980.972   -29989.039        8.067   323.3     -0.645     -0.079      0.600      0.134      0.206     -0.230
26.9500      -29980.906   -29988.770        7.864   315.2      0.115     -0.247     -0.427     -0.050      0.168      0.803
27.0000      -29980.631   -29988.947        8.316   333.4     -0.214     -0.251     -0.827      0.206     -0.043     -0.201
27.0500      -29980.470   -29988.945        8.475   339.7     -0.472     -0.429     -0.697     -0.320      0.031      0.372
27.1000      -29980.470   -29988.520        8.050   322.7     -0.233      0.393      0.303      0.319     -0.234     -0.003
27.1500      -29980.755   -29988.535        7.780   311.9      0.417     -0.753      0.122     -0.338      0.016      0.693
27.2000      -29980.901   -29988.951        8.050   322.7     -0.146     -1.112      0.308      0.542      0.081     -0.473
27.2500      -29980.935   -29988.408        7.473   299.6      0.076     -0.528     -0.797      0.117      0.136     -0.451
27.3000      -29980.903   -29989.432        8.528   341.9     -0.284     -0.763      0.096     -0.580     -0.136     -0.181
27.3500      -29981.512   -29989.389        7.877   315.7      0.768     -0.645      0.492     -0.013      0.029      0.439
27.4000      -29981.065   -29989.271        8.206   328.9     -0.324      0.272     -0.635     -0.736      0.088      0.468
27.4500      -29980.959   -29989.627        8.668   347.4     -0.814     -0.611     -0.235     -0.116      0.402      0.216
27.5000      -29981.230   -29988.799        7.568   303.4      0.645     -0.693      0.020      0.024     -0.709      0.539
27.5500      -29981.254   -29989.123        7.869   315.4      0.407      1.297      0.475      0.206      0.305      0.348
27.6000      -29981.269   -29988.779        7.510   301.1      0.069      0.101     -0.856      0.597      0.376     -0.096
27.6500      -29980.616   -29988.607        7.991   320.3     -0.376      0.038     -0.418      0.901      0.254      0.147
27.7000      -29980.073   -29988.754        8.680   348.0      0.710     -0.123     -0.145     -0.020      0.384      0.320
27.7500      -29979.771   -29987.773        8.003   320.8     -1.072      0.397      0.075      0.236     -0.239      0.308
27.8000      -29979.906   -29988.693        8.787   352.2      0.745     -0.453     -0.399     -0.547      0.476     -0.336
27.8500      -29979.404   -29988.506        9.102   364.8      0.767      0.454     -0.044     -0.015     -0.130      0.084
27.9000      -29979.372   -29987.859        8.487   340.2     -0.211     -1.306     -0.023     -0.370      0.626      0.189
27.9500      -29979.393   -29986.861        7.468   299.4     -0.473     -0.862      0.097      0.309      0.746      0.275
28.0000      -29979.500   -29988.135        8.635   346.1     -0.521     -1.004      0.148      0.377      0.309      0.279
28.0500      -29979.618   -29987.748        8.130   325.9      0.632     -1.021     -0.116     -0.466      0.061     -0.693
28.1000      -29979.297   -29987.504        8.207   329.0      0.583     -0.011     -0.093     -0.204     -0.176      0.511
28.1500      -29979.377   -29987.623        8.246   330.6     -0.479      1.414     -0.455     -0.022     -0.023     -0.604
28.2000      -29979.893   -29988.080        8.187   328.2      0.076      0.773      1.301     -0.995     -0.879      0.006
28.2500      -29979.784   -29988.186        8.402   336.8      0.082     -0.216     -0.388     -0.371      0.639      0.232
28.3000      -29979.442   -29987.951        8.509   341.1     -0.127      0.059     -0.335      0.316     -0.004     -0.422
28.3500      -29979.524   -29987.379        7.855   314.8     -0.170     -0.752      0.580     -0.297     -0.188      0.395
28.4000      -29979.547   -29987.994        8.447   338.6      0.677      0.692     -0.165     -0.176      0.552     -0.077
28.4500      -29979.699   -29988.590        8.891   356.4     -0.021     -0.299      0.104     -0.357      0.383      0.367
28.5000      -29979.538   -29987.949        8.412   337.2     -0.249     -0.954      0.468      0.044     -0.797      0.226
28.5500      -29979.504   -29988.031        8.527   341.8      0.145      0.585      1.236      0.052     -0.617      0.444
28.6000      -29980.402   -29988.541        8.139   326.3      0.013     -0.079     -0.032     -0.350      0.207     -0.347
28.6500      -29981.057   -29987.895        6.838   274.1     -1.165      0.001      1.100      0.192     -0.298     -0.110
28.7000      -29980.889   -29989.150        8.261   331.2     -0.441     -1.326     -0.497      0.163     -0.525     -0.161
28.7500      -29980.130   -29987.852        7.722   309.5      0.645      0.624     -0.199      0.099      0.619     -0.234
28.8000      -29980.123   -29988.186        8.062   323.2     -0.178      0.261     -0.035      0.018      0.013     -0.156
28.8500      -29979.841   -29988.010        8.168   327.4      0.738      0.198      0.522     -0.643      0.003      0.116
28.9000      -29979.596   -29988.283        8.687   348.2     -0.407     -0.329      0.178      0.495     -0.636      0.285
28.9500      -29979.457   -29988.311        8.853   354.9      0.625      0.329      0.462     -0.077      0.677     -0.119
29.0000      -29979.470   -29988.865        9.395   376.6      0.609      0.491     -0.041     -0.102      0.019     -0.148
29.0500      -29979.404   -29988.188        8.783   352.1     -0.032      0.084     -0.031      0.569     -0.333     -0.412
29.1000      -29980.228   -29988.150        7.922   317.6      0.718      0.473      0.517     -0.106      0.021     -0.705
29.1500      -29980.395   -29988.771        8.377   335.8     -0.127      0.480     -1.034     -0.149      0.290     -0.250
29.2000      -29980.432   -29988.871        8.439   338.3     -0.009     -0.070      0.121     -0.078     -0.452      0.654
29.2500      -29980.384   -29988.232        7.848   314.6      0.446     -0.069      0.312      0.120     -0.260      0.039
29.3000      -29980.912   -29988.799        7.887   316.2      0.993      0.577     -0.079     -0.071     -0.540     -0.157
29.3500      -29980.823   -29989.061        8.237   330.2      0.007      0.244      0.102      0.111      0.499      0.671
29.4000      -29981.130   -29989.133        8.002   320.8      0.249     -0.105      0.613      0.116     -0.110     -0.444
29.4500      -29981.000   -29988.395        7.395   296.4      0.592      0.338      0.541     -0.463     -0.230      0.774
29.5000      -29980.670   -29988.438        7.768   311.4      0.044     -0.251     -0.014      0.123      0.325      0.020
29.5500      -29980.959   -29989.303        8.344   334.5      0.314      0.689      0.096     -0.407     -0.255      0.002
29.6000      -29981.063   -29988.830        7.767   311.3     -0.034      0.198     -0.153      0.164      0.394      0.605
29.6500      -29980.762   -29988.391        7.628   305.8     -0.895      0.366     -0.273     -0.026      0.267      0.432
29.7000      -29980.869   -29988.438        7.568   303.4     -0.550     -0.076     -0.834      0.300      0.245      0.402
29.7500      -29980.841   -29989.279        8.439   338.3     -0.939     -0.466      0.105     -0.215     -0.182      0.402
29.8000      -29981.202   -29988.969        7.767   311.3      0.126     -0.081      0.648     -0.007      0.076      0.098
29.8500      -29981.397   -29988.621        7.224   289.6     -0.654     -1.050     -0.739      0.231      0.392     -0.038
29.9000      -29980.582   -29989.174        8.592   344.4      0.224     -0.077     -0.061     -0.168      0.025     -0.208
29.9500      -29980.922   -29988.988        8.067   323.3     -0.375      0.925      0.514     -0.165      0.406      0.414
30.0000      -29981.228   -29989.029        7.801   312.7      0.120      0.032      0.020      0.281     -0.196     -0.062
30.0500      -29981.177   -29988.705        7.528   301.8      0.062      0.901      0.844     -0.352      0.397      0.058
30.1000      -29981.523   -29988.936        7.413   297.1     -0.286     -0.177     -0.037      0.340      0.814      0.003
30.1500      -29981.362   -29989.102        7.740   310.3      0.392      0.224      0.678     -0.051     -0.448     -0.051
30.2000      -29981.300   -29989.076        7.776   311.7      0.003      0.195      0.291     -0.254      0.301     -0.210
30.2500      -29981.388   -29989.129        7.740   310.3     -0.796     -0.086      0.107      0.105      0.441      0.254
30.3000      -29981.069   -29989.348        8.279   331.9      0.109     -0.564     -0.233     -0.248      0.257      0.296
30.3500      -29980.763   -29988.525        7.762   311.1     -0.087      0.158     -0.295     -0.124     -0.346      0.092
30.4000      -29981.110   -29989.422        8.312   333.2     -0.272     -0.664      0.056     -0.402     -0.245      0.064
30.4500      -29980.734   -29988.551        7.816   313.3      0.154     -0.284     -0.242      0.380      0.305      0.054
30.5000      -29980.394   -29988.570        8.176   327.7      0.446      0.587     -0.002     -0.213      0.102     -0.210
30.5500      -29980.107   -29988.572        8.466   339.3     -0.158      0.203      0.114     -0.190     -0.289      0.393
30.6000      -29980.656   -29988.244        7.588   304.2     -0.131      0.689     -0.318     -0.404      0.031      0.742
30.6500      -29980.883   -29988.129        7.246   290.5      0.329      0.163      0.478      0.250     -0.205     -0.525
30.7000      -29980.623   -29988.859        8.237   330.2     -1.271     -0.515     -0.488     -0.666      0.088      0.932
30.7500      -29980.772   -29988.979        8.207   329.0     -0.639     -0.681     -0.429      0.380     -0.350     -0.079
30.8000      -29980.970   -29989.332        8.362   335.2     -0.647     -0.213     -0.086     -0.289      0.539      0.276
30.8500      -29980.462   -29988.619        8.157   327.0      0.161      0.289      0.231      0.919     -0.311      0.305
30.9000      -29979.879   -29987.820        7.941   318.3      0.220     -0.268     -0.747     -0.195      0.356      0.085
30.9500      -29979.379   -29988.543        9.164   367.3     -0.428     -0.568      0.008     -0.006      0.179      0.518
31.0000      -29979.644   -29988.346        8.701   348.8     -0.141      0.113      0.021      0.072     -0.492     -0.628
31.0500      -29979.647   -29988.164        8.517   341.4     -0.472     -0.405     -1.801      0.049      0.850     -0.080
31.1000      -29979.651   -29987.809        8.158   327.0     -0.044     -1.121     -0.132      0.423     -0.465      0.117
31.1500      -29979.852   -29988.201        8.349   334.7      0.704      0.100     -0.146     -0.359     -0.011     -0.113
31.2000      -29979.572   -29988.129        8.557   343.0     -0.598     -0.403      0.214      0.071      0.047     -0.632
31.2500      -29979.534   -29987.738        8.204   328.9     -0.349     -1.356      1.070      0.488     -0.133     -0.229
31.3000      -29979.237   -29988.172        8.935   358.1      0.837      0.189     -0.309     -0.153      0.189      0.464
31.3500      -29979.189   -29988.896        9.707   389.1     -0.781     -0.758     -0.338      0.269     -0.141     -0.178
31.4000      -29979.276   -29988.389        9.113   365.3     -1.203     -0.348     -1.127     -0.509      0.998      0.081
31.4500      -29979.512   -29988.541        9.029   361.9      0.098     -0.083     -0.130      0.369     -0.211     -0.035
31.5000      -29979.960   -29988.158        8.198   328.6      0.059     -0.010     -0.296     -0.057      0.438     -0.208
31.5500      -29979.485   -29988.332        8.847   354.6     -0.329      0.544      0.037      0.070     -0.843      0.279
31.6000      -29979.572   -29988.338        8.766   351.4     -0.145      0.165      0.979      0.013      0.474     -0.334
31.6500      -29979.432   -29988.682        9.250   370.8      0.751      0.240      0.256      0.029     -0.091      0.159
31.7000      -29979.335   -29988.535        9.200   368.8     -0.838     -0.281      1.177     -0.046     -0.191     -0.044
31.7500      -29979.579   -29988.701        9.122   365.6      0.057      0.170     -0.342      0.110      0.155      0.551
31.8000      -29979.786   -29988.625        8.839   354.3     -0.967     -0.389      0.275      0.376     -0.172      0.969
31.8500      -29980.037   -29987.992        7.955   318.9      0.192      0.140      0.351      0.264      0.245     -0.087
31.9000      -29979.702   -29988.303        8.601   344.8      0.348     -0.821     -0.381      0.261     -0.083     -0.152
31.9500      -29979.605   -29987.924        8.318   333.4     -0.260      0.160     -0.217     -0.171     -0.788     -0.068
32.0000      -29980.187   -29988.639        8.452   338.8     -0.257      0.505      0.569      0.762     -0.468      0.002
32.0500      -29979.801   -29988.303        8.502   340.8      0.305     -0.354      0.788      0.169     -0.543     -0.043
32.1000      -29979.899   -29988.598        8.699   348.7      1.143     -0.086      0.838      0.414     -0.517     -0.986
32.1500      -29979.702   -29988.021        8.320   333.5     -0.568     -0.234      0.120     -0.093     -0.180      0.822
32.2000      -29979.852   -29988.021        8.169   327.5      0.835     -0.693     -0.157      0.689     -0.303     -0.442
32.2500      -29980.479   -29988.158        7.680   307.8     -0.590     -0.998     -0.142      0.655     -0.481      0.256
32.3000      -29980.763   -29988.777        8.014   321.2      1.129      0.077      0.018     -0.133     -0.495     -0.353
32.3500      -29980.599   -29988.238        7.640   306.2      0.540      0.459      0.579      0.124     -0.282     -0.249
32.4000      -29980.745   -29988.777        8.032   322.0     -0.402      0.106     -0.044      0.063     -0.191     -0.146
32.4500      -29980.890   -29988.418        7.528   301.7      0.115     -0.594      0.170      0.202      0.463      0.067
32.5000      -29980.661   -29988.092        7.431   297.9     -0.049     -0.389     -0.393     -0.757     -0.641     -0.018
32.5500      -29980.607   -29988.025        7.418   297.4      0.335      0.116     -0.180     -0.108      0.211      0.677
32.6000      -29980.695   -29988.723        8.028   321.8      0.601      0.692     -0.550      0.048     -0.477     -0.596
32.6500      -29981.158   -29988.729        7.570   303.5      0.392     -0.902      0.382     -0.628      0.455     -0.047
32.7000      -29980.750   -29988.346        7.596   304.5      0.791      1.045     -0.074     -0.179     -0.164     -0.134
32.7500      -29980.301   -29988.639        8.337   334.2     -0.446      0.164     -0.567     -0.028     -0.277     -0.406
32.8000      -29980.654   -29989.033        8.379   335.9      0.734      0.209      1.723     -0.026      0.060     -0.114
32.8500      -29980.659   -29988.229        7.570   303.4     -0.895     -1.196     -0.883      0.212     -0.198     -0.054
32.9000      -29980.978   -29988.760        7.782   311.9     -0.304      0.457     -0.325      0.005      0.148      0.130
32.9500      -29980.532   -29988.580        8.048   322.6      0.160      0.353      0.060     -0.468      0.345     -0.101
33.0000      -29980.553   -29988.055        7.502   300.7     -0.811      0.132      0.150     -0.258     -0.359     -0.039
33.0500      -29980.728   -29988.553        7.824   313.6      0.699     -0.495     -0.203      0.201      0.063     -0.231
33.1000      -29980.367   -29988.752        8.385   336.1     -0.682      0.704     -0.092     -0.435     -0.619      0.260
33.1500      -29979.995   -29988.572        8.577   343.8      0.337     -0.691      0.064      0.954      0.075     -0.054
33.2000      -29979.544   -29988.338        8.794   352.5     -0.176     -0.283     -0.497     -0.327     -0.495      0.209
33.2500      -29979.623   -29987.361        7.739   310.2     -0.549      0.229     -0.803     -0.105     -0.269     -0.436
33.3000      -29979.733   -29988.064        8.332   334.0      0.508     -0.154      0.011      0.182     -0.495      0.531
33.3500      -29979.682   -29988.074        8.393   336.4     -0.716     -0.231     -0.182     -0.206      0.015     -0.257
33.4000      -29979.445   -29987.451        8.006   320.9     -1.076     -0.586      0.089     -0.380     -0.266      0.504
33.4500      -29979.661   -29988.156        8.495   340.5      0.213     -0.013     -0.101      0.511      0.485     -0.513
33.5000      -29979.381   -29987.779        8.399   336.7     -0.562     -0.694      0.297     -0.081      0.064      0.462
33.5500      -29979.273   -29987.885        8.611   345.2      0.510      1.016      0.341     -0.110     -0.139     -0.169
33.6000      -29979.172   -29988.162        8.990   360.4      0.032      0.271      0.136     -0.038      0.173     -0.203
33.6500      -29979.435   -29988.957        9.522   381.7     -0.162     -0.666     -0.417     -0.145     -0.020      0.110
33.7000      -29979.774   -29988.293        8.519   341.5     -0.041     -0.624      0.452     -0.165      0.316     -0.001
33.7500      -29979.758   -29988.082        8.325   333.7      0.672      0.343      0.298     -0.148      0.180     -0.785
33.8000      -29979.806   -29987.477        7.670   307.5     -0.519      0.603     -0.262     -0.110     -0.031      0.699
33.8500      -29979.141   -29987.400        8.259   331.1      0.988      0.294      0.573     -0.113      0.295      0.360
33.9000      -29979.501   -29987.816        8.316   333.3      0.451      0.510      0.275      0.204      0.258      0.042
33.9500      -29979.967   -29988.580        8.613   345.3      0.277      0.610     -0.299      0.385     -0.078      0.110
34.0000      -29980.601   -29988.037        7.437   298.1      0.704     -0.082      0.665     -0.146     -0.118      0.109
34.0500      -29980.283   -29988.541        8.258   331.0      1.096      1.183      0.664      0.025     -0.303      0.953
34.1000      -29980.251   -29988.934        8.682   348.0     -0.029     -0.248     -0.182      0.088      0.019     -0.129
34.1500      -29980.060   -29988.686        8.626   345.8      0.179     -0.097     -0.392      0.871      0.847     -0.592
34.2000      -29980.208   -29988.273        8.066   323.3      0.284     -0.142      0.455     -0.343     -0.022      0.525
34.2500      -29980.031   -29988.385        8.354   334.9      0.451      0.224      0.470     -0.512     -0.240     -0.186
34.3000      -29980.107   -29988.197        8.090   324.3      0.486     -0.242      0.170      0.280     -0.166      0.107
34.3500      -29980.721   -29988.586        7.865   315.3      0.804      0.097      0.824     -0.092      0.634     -0.023
34.4000      -29980.784   -29988.551        7.767   311.3      0.003      0.069      0.647      0.188     -0.333      0.435
34.4500      -29981.219   -29988.562        7.343   294.3      0.074      0.476     -0.857     -0.058     -0.041      0.454
34.5000      -29981.263   -29988.611        7.349   294.6      0.109     -0.062     -0.258     -0.113     -0.177     -0.014
34.5500      -29981.372   -29989.023        7.652   306.7     -0.530     -0.824      0.112      0.089      0.322      0.647
34.6000      -29981.581   -29989.650        8.070   323.5     -0.254     -0.705     -0.692     -0.334      0.235     -0.100
34.6500      -29981.278   -29989.268        7.990   320.3     -0.358      0.219      0.380     -0.190     -0.303      0.344
34.7000      -29981.515   -29989.438        7.923   317.6      0.147     -0.247     -0.872      0.008     -0.482      0.065
34.7500      -29981.771   -29989.254        7.483   300.0     -0.540      0.421     -0.318      0.060      0.859      0.045
34.8000      -29981.499   -29989.412        7.913   317.2     -0.578     -0.280     -0.307     -0.162     -0.489     -0.324
34.8500      -29981.237   -29989.275        8.038   322.2      0.575      0.346     -0.262     -0.040      0.751      0.099
34.9000      -29980.704   -29990.107        9.404   376.9     -0.735     -0.098     -0.108     -0.319     -0.200     -0.010
34.9500      -29980.276   -29989.006        8.730   349.9     -1.446     -1.308     -0.922     -0.687     -0.097      0.156
35.0000      -29980.671   -29988.273        7.602   304.7      0.035     -0.201     -0.457      0.740     -0.049     -0.181
35.0500      -29980.316   -29988.859        8.543   342.4      0.299     -0.509      0.223     -0.158      0.384     -0.079
35.1000      -29980.092   -29988.213        8.120   325.5     -0.738     -1.059     -1.907      0.393      0.058     -0.209
35.1500      -29979.785   -29988.303        8.518   341.4     -0.510     -0.679     -0.177     -0.543      0.655     -0.437
35.2000      -29979.669   -29988.148        8.479   339.9     -0.131     -0.062     -0.434      0.207     -0.714      0.361
35.2500      -29980.335   -29988.086        7.751   310.7     -0.426     -0.151     -0.328     -0.768     -0.157     -0.041
35.3000      -29980.110   -29988.572        8.462   339.2     -0.205      0.410     -0.434      0.368     -0.102     -0.026
35.3500      -29980.575   -29987.994        7.419   297.4      0.629     -0.353     -0.087     -0.227      0.732     -0.014
35.4000      -29980.454   -29989.066        8.612   345.2      0.441      1.195      0.046      0.094     -0.722     -0.100
35.4500      -29980.026   -29988.006        7.980   319.9      0.343     -0.526     -0.008     -0.099      0.246     -0.425
35.5000      -29980.099   -29988.604        8.504   340.9     -0.173     -0.224     -0.827      0.251     -0.150      0.366
35.5500      -29979.611   -29988.363        8.753   350.8     -0.234     -0.673      0.461     -0.420      0.416     -0.786
35.6000      -29979.560   -29988.250        8.690   348.3     -0.523     -0.256     -0.133      0.083      0.109      0.635
35.6500      -29979.492   -29987.514        8.021   321.5     -0.399     -0.382     -0.377     -0.347      0.074      0.233
35.7000      -29979.099   -29987.074        7.975   319.7     -0.714     -0.350      0.048      0.018     -0.678      0.850
35.7500      -29979.194   -29987.752        8.558   343.1     -0.023      0.370     -0.596     -0.281     -0.111     -0.371
35.8000      -29979.404   -29987.555        8.150   326.7      0.143     -0.700     -0.363      0.382      0.728     -0.105
35.8500      -29979.084   -29987.586        8.502   340.8     -1.166     -0.507     -0.241     -0.167     -0.091     -1.006
35.9000      -29979.079   -29987.588        8.509   341.1      0.250     -0.283     -0.990     -0.742      1.028      0.077
35.9500      -29979.680   -29987.223        7.542   302.3     -0.446     -0.049      0.384      0.186      0.275     -0.053
36.0000      -29980.073   -29988.012        7.939   318.2     -0.034     -0.057     -0.313     -0.370     -0.425     -0.741
36.0500      -29980.429   -29988.502        8.073   323.6     -0.205      0.186     -1.055      0.063     -0.056     -0.096
36.1000      -29980.285   -29988.961        8.676   347.8     -0.149      0.075     -0.083     -0.053      0.040     -0.215
36.1500      -29980.052   -29988.387        8.335   334.1     -0.394      0.057     -0.315     -0.364      0.512      0.170
36.2000      -29980.340   -29988.076        7.736   310.1     -0.844     -0.955     -0.538      0.619     -0.872      0.059
36.2500      -29980.461   -29988.355        7.895   316.5     -0.297      0.382      0.995     -0.206      0.213      0.194
36.3000      -29980.686   -29988.262        7.576   303.7     -0.053     -0.467      0.406     -0.283      0.087      0.003
36.3500      -29980.612   -29988.664        8.052   322.8     -0.369      0.747     -0.176      0.357     -0.324     -0.293
36.4000      -29980.423   -29988.494        8.071   323.5      0.150      0.284      0.796     -0.340      0.238      0.246
36.4500      -29980.582   -29988.818        8.236   330.2     -0.740      0.425      0.201      0.059     -0.040     -0.624
36.5000      -29980.410   -29988.471        8.061   323.1     -0.095      0.686     -0.595      0.159      0.262      0.226
36.5500      -29980.213   -29988.197        7.984   320.0      0.394     -0.219      0.051     -0.175      0.461     -0.793
36.6000      -29979.978   -29988.271        8.294   332.5     -0.723      0.096      0.973      0.239      0.066     -0.188
36.6500      -29980.265   -29988.695        8.431   337.9      0.485      0.032     -0.098     -0.202     -0.524     -0.190
36.7000      -29980.348   -29988.414        8.066   323.3     -0.659      0.038     -0.035     -0.102      0.339     -0.138
36.7500      -29980.096   -29988.428        8.332   334.0     -0.434     -0.132      0.021      0.028     -0.403      0.200
36.8000      -29979.837   -29987.955        8.118   325.4     -0.456      0.213     -0.070     -0.122      0.022     -0.448
36.8500      -29979.854   -29988.027        8.174   327.6      0.012     -0.088     -0.248      0.473     -0.042      0.051
36.9000      -29979.800   -29987.578        7.778   311.8     -0.075     -1.329     -0.390      0.048      0.397     -0.019
36.9500      -29979.697   -29987.561        7.864   315.2     -0.575     -0.154     -0.620      0.543      0.222      0.215
37.0000      -29980.342   -29988.254        7.912   317.2     -0.020      0.981     -0.147     -0.482      0.052     -0.456
37.0500      -29980.095   -29988.035        7.940   318.3      0.056     -0.467      1.034      0.319     -0.046      0.059
37.1000      -29979.837   -29988.041        8.204   328.8     -0.535     -0.185     -0.448      0.052     -0.122      0.333
37.1500      -29979.465   -29988.129        8.663   347.3      0.065     -0.283     -0.575     -0.129     -0.400      0.261
37.2000      -29979.703   -29988.154        8.451   338.8     -1.428     -0.233     -0.858      0.103      0.216      0.173
37.2500      -29980.084   -29988.674        8.590   344.3     -0.813     -0.177      0.169     -0.405     -0.720      0.049
37.3000      -29979.432   -29988.209        8.777   351.8      0.334     -0.340     -0.599     -0.027      0.073      0.355
37.3500      -29979.147   -29987.602        8.455   338.9     -0.794      0.215     -0.333      0.264      0.113      0.167
37.4000      -29979.321   -29988.094        8.772   351.6     -0.543     -0.277     -1.519     -0.240     -0.418     -0.573
37.4500      -29979.080   -29988.061        8.980   360.0     -0.919     -0.565     -0.496      0.011     -0.000      0.074
37.5000      -29978.758   -29987.867        9.109   365.2      0.579     -0.230      0.544      0.670     -0.263     -0.022
37.5500      -29979.233   -29987.734        8.502   340.8     -1.224     -1.091     -0.770     -0.328     -0.162     -0.530
37.6000      -29979.558   -29987.615        8.057   323.0     -0.167     -0.212     -0.348     -0.332     -0.019     -0.206
37.6500      -29979.228   -29987.904        8.676   347.8     -0.387     -0.655     -0.455      0.291      0.037      0.362
37.7000      -29979.388   -29988.311        8.922   357.6     -0.868     -0.392      0.193      0.131      0.318     -0.519
37.7500      -29979.376   -29988.186        8.810   353.1     -0.724     -0.345     -0.929     -0.080     -0.066      0.081
37.8000      -29979.167   -29987.588        8.421   337.5     -0.384     -0.624      0.462     -0.505     -0.062      0.370
37.8500      -29978.949   -29987.400        8.452   338.8     -0.064     -0.985     -0.052      0.122     -0.065      0.026
37.9000      -29979.288   -29987.953        8.666   347.4     -0.429      0.482     -0.689     -0.632      0.167     -0.172
37.9500      -29979.383   -29988.174        8.791   352.4     -0.113     -0.201      0.302      0.072     -0.033      0.330
38.0000      -29979.687   -29987.756        8.069   323.5      0.622      0.035     -0.110     -0.047     -0.269      0.122
38.0500      -29980.030   -29988.979        8.948   358.7     -0.584     -0.993     -0.856     -0.830      0.079     -0.646
38.1000      -29979.907   -29987.510        7.603   304.8      0.246      0.414     -0.090      0.154      0.138      0.382
38.1500      -29980.164   -29987.953        7.789   312.2     -0.037     -0.023      0.006     -0.090     -0.309      0.020
38.2000      -29980.208   -29988.322        8.114   325.3      0.051     -0.061     -0.911     -0.202      0.608     -0.215
38.2500      -29980.624   -29988.869        8.245   330.5     -0.855     -0.962      0.013      0.009     -0.313     -0.138
38.3000      -29981.006   -29988.484        7.478   299.7      0.090      0.333      0.027     -0.100     -0.090      0.303
38.3500      -29980.908   -29988.967        8.058   323.0     -0.144      0.442      0.479      0.312     -0.366     -0.070
38.4000      -29980.767   -29988.379        7.612   305.1      0.302     -0.210      0.059      0.399     -0.308     -0.443
38.4500      -29980.816   -29988.586        7.770   311.4      0.213      0.032      0.141      0.069     -0.412      0.448
38.5000      -29980.763   -29988.627        7.864   315.2      0.022     -0.420     -0.163     -0.160     -0.017      0.174
38.5500      -29980.603   -29989.270        8.666   347.4     -0.244     -0.399     -0.754     -0.011      0.320      0.870
38.6000      -29980.568   -29988.809        8.240   330.3     -0.183     -0.678     -0.509      0.427     -0.443      0.123
38.6500      -29980.668   -29989.164        8.496   340.5      0.580     -1.041     -0.723      0.044      0.138      0.223
38.7000      -29980.507   -29988.736        8.229   329.9     -0.516     -0.019      0.238     -0.200      0.436     -0.678
38.7500      -29980.223   -29988.000        7.777   311.8      0.732      0.045     -0.061     -0.409     -0.131     -0.224
38.8000      -29980.536   -29988.188        7.651   306.7      0.069      0.367      1.026     -0.520      0.181      0.595
38.8500      -29980.847   -29988.541        7.694   308.4     -1.225     -0.043     -0.766      0.233      0.144     -0.397
38.9000      -29980.380   -29988.582        8.202   328.8     -0.373     -0.182     -0.224      0.037     -0.532     -0.334
38.9500      -29979.955   -29987.988        8.034   322.0     -0.388      0.315     -0.252     -0.048     -0.259      0.262
39.0000      -29979.551   -29988.355        8.805   352.9      0.750     -0.543      0.717      0.158      0.550      0.197
39.0500      -29979.844   -29989.035        9.191   368.4     -0.305      0.209     -0.376     -0.030     -0.272     -0.117
39.1000      -29980.234   -29989.062        8.828   353.9     -0.475     -1.462     -0.647     -0.174      0.446     -0.065
39.1500      -29980.539   -29988.066        7.528   301.8      0.139     -0.308     -0.369      0.368     -0.126      0.534
39.2000      -29980.325   -29988.598        8.273   331.6     -0.040     -0.379      0.047     -0.127      0.088      0.336
39.2500      -29980.464   -29989.021        8.557   343.0      0.015      0.619      0.773     -0.404     -0.038      0.371
39.3000      -29980.364   -29988.400        8.036   322.1      0.208      0.491      0.711      0.903     -0.231      0.042
39.3500      -29980.782   -29988.910        8.128   325.8     -0.406     -0.328     -0.393     -0.613     -0.346      0.318
39.4000      -29981.032   -29989.256        8.224   329.6     -0.459      0.201      0.663      0.315     -0.336     -0.429
39.4500      -29980.632   -29988.539        7.907   316.9     -0.706     -0.780     -0.674      0.227      0.129      0.755
39.5000      -29980.744   -29989.418        8.674   347.7      0.302     -0.181      0.606      0.329     -0.470      0.321
39.5500      -29980.625   -29989.387        8.762   351.2     -0.152      0.249     -0.013      0.095      0.100      0.055
39.6000      -29980.001   -29988.396        8.396   336.5     -1.036     -1.400      0.164     -0.265      0.500     -0.073
39.6500      -29980.256   -29988.525        8.270   331.5     -0.516     -0.114      0.613      0.243      0.130      0.031
39.7000      -29980.311   -29988.496        8.185   328.1      0.624     -0.492      0.246      0.009     -0.242      0.367
39.7500      -29980.693   -29988.314        7.622   305.5      0.468      0.619      0.747     -0.371     -0.204     -0.129
39.8000      -29980.333   -29988.316        7.983   320.0     -0.883     -0.160     -0.024      0.078      0.221      0.191
39.8500      -29980.770   -29988.488        7.718   309.4      0.012     -0.618     -0.408      0.060     -0.371     -0.088
39.9000      -29980.711   -29988.584        7.873   315.6     -0.128     -0.552     -0.289      0.640      0.144      0.414
39.9500      -29980.578   -29988.785        8.207   329.0     -1.042     -1.205     -0.712     -0.148     -0.552     -0.340
40.0000      -29980.755   -29989.213        8.458   339.0      0.244      0.009      0.437     -0.120     -0.197     -0.162
