Time[ps]      Etot[eV]     Epot[eV]     Ekin[eV]    T[K]      ---------------------- stress [GPa] -----------------------
0.0000       -29981.148   -29989.572        8.424   337.7     -0.798      0.084     -0.542      0.319     -0.521     -0.179
0.0500       -29981.744   -29989.492        7.748   310.6     -0.607      0.050      0.582      0.294      0.132     -0.086
0.1000       -29982.033   -29990.148        8.116   325.3     -0.562     -0.884     -0.080     -0.296     -0.062     -0.081
0.1500       -29981.882   -29990.096        8.214   329.2      0.266     -0.279      0.731     -0.062     -0.501     -0.119
0.2000       -29981.491   -29989.666        8.175   327.7      0.266     -0.980      0.512      0.301     -0.205     -0.109
0.2500       -29981.413   -29989.234        7.821   313.5     -0.494     -0.572     -0.214      0.147      0.113     -0.122
0.3000       -29981.780   -29989.047        7.267   291.3      1.009      0.891      1.409      0.134     -0.164     -0.046
0.3500       -29981.948   -29990.285        8.337   334.2     -0.207     -0.428     -0.673      0.247     -0.132      0.107
0.4000       -29982.249   -29989.654        7.405   296.8      0.024      1.151     -0.214      0.131      0.342     -0.246
0.4500       -29981.576   -29989.586        8.010   321.1      0.159     -0.734      0.140      0.422     -0.087      0.202
0.5000       -29981.730   -29989.652        7.922   317.6      0.157      0.242     -0.158      0.176     -0.079     -0.526
0.5500       -29981.987   -29990.225        8.238   330.2     -0.183     -0.108      0.031      0.036      0.316      0.771
0.6000       -29981.724   -29989.789        8.065   323.3      0.163      0.636     -0.281     -0.149      0.239      0.122
0.6500       -29981.705   -29989.258        7.552   302.7      0.350      0.266      0.020      0.053      0.106     -0.430
0.7000       -29981.732   -29989.355        7.624   305.6     -0.165     -0.533      0.313      0.178     -0.464      0.219
0.7500       -29981.890   -29989.184        7.294   292.4      0.390      0.205      0.226     -0.135     -0.100     -0.221
0.8000       -29982.219   -29989.164        6.945   278.4     -0.731     -1.015      0.447      0.326      0.238     -0.065
0.8500       -29982.343   -29989.961        7.618   305.4      0.265     -0.708      0.505     -0.057     -0.114      0.012
0.9000       -29982.623   -29990.654        8.031   321.9     -0.593     -1.012     -0.982     -0.312     -0.155      0.311
0.9500       -29982.526   -29989.666        7.140   286.2     -0.396     -0.358      1.128      0.724     -0.039     -0.241
1.0000       -29982.424   -29990.383        7.958   319.0     -0.605     -0.133     -0.231      0.707      0.027      0.026
1.0500       -29981.867   -29989.373        7.506   300.9     -0.079     -0.028     -0.706     -0.829     -0.226     -0.148
1.1000       -29981.788   -29989.521        7.734   310.0      0.450      0.365      0.400      0.233     -0.047      0.069
1.1500       -29981.564   -29989.619        8.055   322.9     -0.411      0.371      0.404     -0.097     -0.342      0.016
1.2000       -29981.902   -29989.463        7.561   303.1      0.617      0.839      0.814      0.059      0.381     -0.174
1.2500       -29981.634   -29989.605        7.971   319.5     -0.244      0.928      0.666     -0.119      0.034      0.219
1.3000       -29981.466   -29989.750        8.284   332.1      0.018     -0.217      0.399      0.100     -0.084     -0.048
1.3500       -29981.087   -29989.402        8.316   333.3     -1.050      0.730     -0.485     -0.018     -0.106     -0.616
1.4000       -29980.567   -29988.367        7.800   312.7     -0.294      0.244     -0.111     -0.830      0.464     -0.279
1.4500       -29980.471   -29988.473        8.002   320.7     -0.064      0.006      0.589      0.100     -0.079     -0.285
1.5000       -29980.630   -29989.180        8.550   342.7      1.425     -0.062     -0.865     -0.144      0.171     -0.011
1.5500       -29980.549   -29989.162        8.613   345.2      0.344     -0.100     -0.044      0.411      0.113     -0.546
1.6000       -29980.675   -29989.057        8.381   336.0     -0.493     -1.032     -0.422      0.587      0.285      0.500
1.6500       -29980.877   -29988.871        7.994   320.4     -1.124     -0.775     -0.205      0.093      0.079     -0.121
1.7000       -29981.026   -29989.000        7.974   319.6      1.191      0.043     -1.089      0.274      0.332     -0.274
1.7500       -29980.600   -29989.150        8.551   342.8     -0.513     -0.729      0.398     -0.246     -0.010      0.274
1.8000       -29981.180   -29989.408        8.228   329.8     -0.964      0.256     -0.418      0.069     -0.509     -0.084
1.8500       -29981.111   -29989.318        8.208   329.0     -0.440     -0.375     -1.090     -0.078      0.187      0.031
1.9000       -29981.198   -29989.418        8.220   329.5      0.748      0.601      0.980      0.265      0.194      0.208
1.9500       -29980.949   -29989.223        8.274   331.6     -0.991     -0.077     -0.027     -0.362     -0.066     -0.315
2.0000       -29980.460   -29989.361        8.901   356.8     -0.691      0.405     -1.016      0.156     -0.095     -0.182
2.0500       -29980.990   -29989.875        8.885   356.1     -0.183     -1.524      0.107      0.003      0.074     -0.318
2.1000       -29980.830   -29989.166        8.336   334.1      0.001      0.458      0.653     -0.028      0.091     -0.100
2.1500       -29980.922   -29989.365        8.443   338.4     -0.088     -0.112     -0.635      0.634      0.044     -0.225
2.2000       -29980.389   -29989.447        9.058   363.1     -0.719      0.021      0.085      0.136      0.231     -0.045
2.2500       -29981.216   -29989.457        8.241   330.3      0.186      1.018     -0.334     -0.183     -0.369     -0.105
2.3000       -29981.395   -29990.148        8.753   350.9      0.544      0.516      0.351      0.186      0.117      0.691
2.3500       -29981.491   -29989.639        8.148   326.6     -0.607      0.525     -0.099     -0.415     -0.346     -0.038
2.4000       -29980.804   -29989.969        9.165   367.4      0.915      0.236      0.291      0.044      0.289     -0.513
2.4500       -29980.774   -29989.271        8.497   340.6     -0.594     -0.729     -0.020      0.073      0.703      0.225
2.5000       -29981.308   -29989.766        8.458   339.0      0.366      0.388     -0.469     -0.233      0.108     -0.153
2.5500       -29981.519   -29989.055        7.535   302.0      0.491      0.448      0.516     -0.085      0.163      0.497
2.6000       -29981.532   -29989.988        8.456   339.0     -0.824      0.153     -0.076     -0.027      0.234     -0.234
2.6500       -29981.644   -29989.227        7.583   303.9     -0.140     -0.686     -0.757      0.084     -0.447     -0.216
2.7000       -29981.881   -29990.061        8.180   327.9      0.298      0.311      0.287      0.413      0.712      0.174
2.7500       -29982.407   -29989.822        7.415   297.2     -0.097      0.706      0.066      0.134      0.282     -0.180
2.8000       -29982.253   -29989.850        7.597   304.5      0.033      0.897      0.219     -0.295     -0.441     -0.185
2.8500       -29981.902   -29990.201        8.299   332.7     -0.094      0.246      0.713     -0.092      0.204      0.085
2.9000       -29982.181   -29989.455        7.274   291.6      0.783      1.074     -0.215      0.610      0.864      0.152
2.9500       -29981.979   -29989.701        7.723   309.6      0.591      0.443      1.121      0.039     -0.208     -0.606
3.0000       -29982.113   -29989.848        7.735   310.0     -0.661      0.003     -0.174      0.089      0.504      0.262
3.0500       -29982.382   -29989.666        7.284   292.0      0.254     -0.577      0.038     -0.027     -0.142      0.159
3.1000       -29982.887   -29990.625        7.738   310.2      0.163      0.128     -0.248     -0.358      0.099      0.107
3.1500       -29983.147   -29990.809        7.661   307.1      0.162      0.292      0.257      0.426     -0.224     -0.505
3.2000       -29983.411   -29990.375        6.964   279.1      0.766     -0.370     -0.211     -0.108      0.217      0.448
3.2500       -29982.928   -29990.174        7.246   290.5      0.164      0.370      0.338      0.141     -0.351     -0.114
3.3000       -29982.740   -29990.275        7.536   302.1      0.192     -0.695     -0.949      0.441      0.215     -0.056
3.3500       -29982.641   -29990.348        7.707   308.9     -0.419      0.417     -0.469      0.461      0.166     -0.153
3.4000       -29982.305   -29989.834        7.529   301.8      0.386      0.072      0.850     -0.427     -0.879     -0.101
3.4500       -29982.647   -29989.988        7.341   294.3      0.012     -0.236      0.180     -0.391     -0.035      0.037
3.5000       -29982.329   -29989.635        7.306   292.9     -0.433     -0.162      0.097      0.069     -0.069     -0.460
3.5500       -29982.243   -29989.508        7.265   291.2     -0.288     -0.953      0.007     -0.192      0.627      0.313
3.6000       -29982.065   -29989.662        7.597   304.5     -0.423     -1.260     -0.927     -0.534     -0.037     -0.201
3.6500       -29981.954   -29990.025        8.071   323.5     -0.086     -0.495     -0.750      0.092      0.442      0.634
3.7000       -29981.528   -29989.885        8.357   335.0      0.840     -0.277      0.815      0.209     -0.324     -0.019
3.7500       -29981.731   -29989.279        7.548   302.6     -0.121     -0.471     -0.515     -0.128      0.116     -0.799
3.8000       -29981.905   -29989.629        7.724   309.6     -1.394     -0.756     -0.489      0.238     -0.331     -0.076
3.8500       -29981.910   -29989.543        7.633   305.9      0.295     -0.421     -0.465      0.084      0.098     -0.606
3.9000       -29981.367   -29989.475        8.108   325.0     -0.028      0.654     -0.156     -0.802     -0.157     -0.234
3.9500       -29981.303   -29989.291        7.988   320.2     -0.723     -0.898     -0.392      0.588      0.402     -0.205
4.0000       -29981.470   -29989.416        7.946   318.5     -0.420     -0.893     -0.765     -0.126      0.515     -0.103
4.0500       -29981.436   -29989.672        8.236   330.1     -0.608     -0.342     -0.189      0.294     -0.066      0.002
4.1000       -29981.164   -29989.248        8.084   324.0      0.080      0.299      0.324     -0.348     -0.225     -0.047
4.1500       -29980.997   -29989.176        8.179   327.8     -0.717      0.058     -0.248     -0.033      0.242     -0.457
4.2000       -29980.665   -29988.594        7.928   317.8      0.046      0.205     -0.884     -0.138     -0.293      0.179
4.2500       -29980.854   -29988.436        7.582   303.9     -0.187      0.273      0.610     -0.299     -0.468     -0.154
4.3000       -29981.233   -29988.670        7.437   298.1      1.165      0.336      1.390     -0.013     -0.376      0.013
4.3500       -29980.977   -29989.295        8.318   333.4     -0.168     -0.305     -0.517     -0.143     -0.155      0.116
4.4000       -29980.923   -29989.447        8.525   341.7      0.050     -0.535      0.602      0.006      0.317      0.362
4.4500       -29981.055   -29989.596        8.540   342.3      0.032     -0.027     -0.540     -0.751     -0.242     -0.230
4.5000       -29981.822   -29989.703        7.881   315.9     -0.465      0.501      0.198     -0.684     -0.232     -0.075
4.5500       -29982.344   -29989.971        7.626   305.7     -0.351      0.244     -0.470     -0.623     -0.502     -0.038
4.6000       -29982.197   -29990.213        8.016   321.3     -0.560     -0.739      0.046     -0.329      0.378      0.119
4.6500       -29982.044   -29989.504        7.460   299.0     -0.675     -0.708     -0.813     -0.174     -0.421     -0.154
4.7000       -29981.866   -29989.449        7.584   304.0     -0.511      0.189     -0.333     -0.365     -0.238     -0.266
4.7500       -29981.465   -29989.594        8.129   325.8     -0.274     -0.356     -0.186     -0.151     -0.264     -0.366
4.8000       -29981.490   -29989.836        8.346   334.5      0.412      0.166     -0.687     -0.211      0.585      0.043
4.8500       -29981.185   -29990.021        8.836   354.2     -0.248     -1.033     -0.655     -0.407      0.606      0.324
4.9000       -29980.792   -29989.658        8.867   355.4     -0.338     -1.353     -0.775      0.228     -0.112     -0.506
4.9500       -29980.838   -29988.633        7.795   312.4      0.274      0.320      0.999     -0.077     -0.245     -0.010
5.0000       -29980.402   -29988.982        8.581   344.0      0.905      0.961     -0.020     -0.134      0.381      0.353
5.0500       -29980.744   -29989.020        8.276   331.7      0.095     -0.382      0.007     -0.009      0.363     -0.184
5.1000       -29980.519   -29988.801        8.282   332.0     -0.765     -0.755     -0.274      0.070     -0.338      0.513
5.1500       -29980.921   -29989.262        8.340   334.3      0.199      0.224      0.417      0.132     -0.215     -0.091
5.2000       -29980.891   -29989.213        8.322   333.6      0.370      0.778      0.082     -0.412      0.447     -0.303
5.2500       -29981.064   -29989.416        8.352   334.8      0.404     -0.704     -0.582     -0.195      0.649      0.590
5.3000       -29980.968   -29988.545        7.577   303.7      0.202      0.797      0.228     -0.234     -0.750     -0.179
5.3500       -29980.356   -29988.527        8.171   327.5      0.230      0.314      0.382      0.236     -0.016      0.256
5.4000       -29980.447   -29988.473        8.026   321.7     -0.550      0.404     -0.180     -0.255     -0.244     -0.456
5.4500       -29980.105   -29988.678        8.572   343.6      0.407     -0.598     -0.139      0.182      0.313     -0.045
5.5000       -29979.435   -29988.354        8.919   357.5     -0.487      0.228     -0.390     -0.455     -0.665     -0.172
5.5500       -29979.852   -29988.631        8.778   351.9      0.896     -0.527      0.881      0.549      0.391      0.287
5.6000       -29979.403   -29988.242        8.839   354.3      0.017     -1.088      0.274     -0.118      0.397     -0.340
5.6500       -29979.954   -29988.473        8.518   341.5     -0.829      0.267     -0.574      0.260      0.172      0.782
5.7000       -29979.758   -29988.236        8.478   339.8      0.371     -0.182      1.442      0.183     -0.113     -0.110
5.7500       -29979.119   -29987.658        8.539   342.3      0.386     -0.609     -0.293     -0.600      0.378     -0.479
5.8000       -29978.635   -29987.271        8.636   346.2      0.148     -0.465      0.811     -0.410     -0.085      0.359
5.8500       -29979.137   -29987.824        8.687   348.2      0.825     -0.645     -0.465     -0.127      0.135     -0.469
5.9000       -29979.865   -29988.520        8.655   346.9      0.939     -0.099      0.565      0.202      0.240     -0.219
5.9500       -29979.513   -29988.182        8.669   347.5     -0.070     -0.565      0.204     -0.036     -0.484      0.154
6.0000       -29979.021   -29988.102        9.081   364.0     -0.662     -0.363     -0.343     -0.040      0.104      0.604
6.0500       -29979.340   -29987.479        8.138   326.2      1.264     -0.002     -0.022     -0.130     -0.737     -0.635
6.1000       -29979.751   -29987.801        8.049   322.7     -0.470     -0.395     -0.945     -0.369     -0.189      0.086
6.1500       -29979.636   -29988.184        8.548   342.6      0.052     -0.345     -0.533      0.078     -0.842     -0.021
6.2000       -29979.833   -29987.797        7.964   319.2      0.114      0.059      0.319      0.401     -0.582     -0.364
6.2500       -29980.060   -29988.217        8.156   326.9     -0.717     -0.700     -0.194      0.423     -0.196      0.882
6.3000       -29980.290   -29988.701        8.411   337.2      0.714     -0.095     -0.043     -0.013      0.382      0.145
6.3500       -29980.560   -29988.611        8.051   322.7     -0.043     -0.094     -0.622     -0.088     -0.522      0.005
6.4000       -29980.792   -29988.662        7.870   315.5      0.367     -1.083      0.909      0.174     -0.343     -0.066
6.4500       -29980.808   -29988.797        7.989   320.2      0.013      0.343     -0.732     -0.110     -0.268     -0.206
6.5000       -29980.983   -29988.986        8.004   320.8      0.815      0.239      1.158      0.343     -0.397      0.260
6.5500       -29980.728   -29988.791        8.063   323.2     -0.376     -0.953      0.290     -0.487      0.227      0.380
6.6000       -29980.738   -29988.875        8.137   326.2     -0.076     -0.677     -0.566     -0.475      0.401     -0.208
6.6500       -29980.533   -29988.875        8.342   334.4     -0.485     -0.569     -0.652     -0.134      0.314     -0.074
6.7000       -29980.302   -29989.145        8.843   354.5     -0.824     -0.012     -0.437      0.068      0.178     -0.192
6.7500       -29980.142   -29988.912        8.771   351.6     -0.614     -0.685     -0.274      0.272      0.299      0.337
6.8000       -29980.423   -29988.928        8.504   340.9      0.609      0.777      0.107      0.001     -0.463     -0.148
6.8500       -29980.834   -29989.104        8.269   331.5     -0.240     -0.395      0.886      0.150      0.686     -0.282
6.9000       -29980.723   -29988.555        7.831   313.9      0.107     -0.595     -0.114     -0.226      0.496     -0.082
6.9500       -29980.713   -29989.023        8.311   333.1      0.557      0.817      0.747      0.174      0.465     -0.118
7.0000       -29980.154   -29988.582        8.428   337.8      0.044     -0.525      0.315      0.085     -0.095     -0.117
7.0500       -29980.609   -29989.012        8.403   336.8     -0.349     -0.401      0.579      0.010      0.607     -0.392
7.1000       -29980.029   -29988.896        8.867   355.4      0.279     -0.155     -0.551      0.112     -0.159      0.346
7.1500       -29979.944   -29988.732        8.788   352.3     -0.141      0.464      0.596      0.503      0.224     -0.027
7.2000       -29980.770   -29988.820        8.050   322.7     -0.012     -0.697     -1.209     -0.379     -0.046      0.073
7.2500       -29980.482   -29989.141        8.659   347.1     -0.272      0.235     -0.336     -0.003      0.544     -0.033
7.3000       -29980.219   -29988.863        8.644   346.5      0.842      0.128      0.429     -0.140      0.014      0.000
7.3500       -29979.854   -29988.561        8.707   349.0      0.844      0.066     -0.123      0.030      0.134     -0.003
7.4000       -29980.092   -29988.637        8.544   342.5     -0.217     -0.711      0.625      0.215      0.260      0.274
7.4500       -29979.919   -29988.875        8.956   359.0     -0.448      0.444     -0.173      0.357     -0.215     -0.216
7.5000       -29980.086   -29988.809        8.722   349.6      0.113     -0.136     -0.304      0.053      0.391      0.134
7.5500       -29980.109   -29987.703        7.594   304.4     -0.310     -0.565     -0.632     -0.028     -0.442      0.036
7.6000       -29979.787   -29988.645        8.857   355.0     -0.462      0.309     -0.172      0.644     -0.199      0.468
7.6500       -29979.838   -29988.623        8.785   352.1      0.007     -0.845     -0.920      0.189      0.083     -0.429
7.7000       -29980.244   -29988.732        8.489   340.3      0.424     -0.411      0.311     -0.566      0.233     -0.126
7.7500       -29980.514   -29988.076        7.563   303.1     -0.589     -0.252      0.179      0.166     -0.236      0.022
7.8000       -29980.409   -29988.740        8.331   334.0      0.379     -0.491     -0.141     -0.065      0.007     -0.176
7.8500       -29980.385   -29988.836        8.451   338.8      0.470      0.345     -0.352     -0.316      0.117     -0.418
7.9000       -29980.708   -29989.299        8.591   344.4      0.289     -0.295      0.930      0.344     -0.273     -0.068
7.9500       -29981.269   -29989.822        8.553   342.9     -0.865      0.001     -0.250     -0.125      0.167     -0.312
8.0000       -29981.057   -29989.873        8.816   353.4     -0.547     -1.123     -0.877      0.112     -0.031      0.436
8.0500       -29980.957   -29989.389        8.431   338.0     -0.376     -0.546     -0.301      0.355     -0.536     -1.029
8.1000       -29981.452   -29989.645        8.192   328.4     -0.168     -0.085      1.587     -0.081      0.107     -0.268
8.1500       -29981.077   -29989.305        8.227   329.8      1.059     -0.107      0.131      0.020     -0.320     -0.946
8.2000       -29980.867   -29988.873        8.006   320.9     -0.297     -0.363      0.359     -0.005      0.534     -0.374
8.2500       -29981.105   -29989.141        8.036   322.1     -0.007     -1.103     -0.331      0.246      0.178      0.163
8.3000       -29980.815   -29989.332        8.517   341.4      0.058      0.349      0.807      0.292     -0.515     -0.714
8.3500       -29980.657   -29989.611        8.954   358.9      0.061      0.255      0.467      0.038     -0.023      0.646
8.4000       -29980.781   -29989.107        8.326   333.8     -0.174      0.208      0.206      0.283     -0.259     -0.154
8.4500       -29981.063   -29988.691        7.628   305.8      0.162      0.278      0.440     -0.061      0.256     -0.338
8.5000       -29981.627   -29989.551        7.924   317.6      0.479      0.180      0.143     -0.205      0.084     -0.193
8.5500       -29981.782   -29989.455        7.673   307.6     -0.465     -0.156     -0.600      0.541      0.056      0.034
8.6000       -29981.722   -29989.912        8.190   328.3      0.291     -0.770     -0.193      0.160      0.008     -0.057
8.6500       -29981.543   -29988.912        7.369   295.4     -0.185      0.340     -0.047     -0.085      0.211      0.325
8.7000       -29981.666   -29989.334        7.668   307.4      0.410     -0.122     -0.091     -0.421     -0.220     -0.229
8.7500       -29981.676   -29989.826        8.150   326.7      0.702     -0.120      0.238      0.050      0.233     -0.041
8.8000       -29981.497   -29990.279        8.782   352.0      1.148      0.001      0.026     -0.137      1.065      0.341
8.8500       -29981.763   -29989.379        7.616   305.3     -0.393     -0.119      0.235      0.199     -0.344     -0.312
8.9000       -29981.352   -29989.445        8.093   324.4      0.070     -1.089      0.587     -0.212      0.249     -0.014
8.9500       -29981.057   -29988.971        7.913   317.2     -0.384      1.109      0.751      0.251     -0.133     -0.446
9.0000       -29980.603   -29988.496        7.893   316.4     -1.064     -0.305      0.023     -0.333      0.056      0.286
9.0500       -29980.525   -29989.283        8.758   351.1     -0.951     -1.030     -1.290      0.676      0.882     -0.359
9.1000       -29980.812   -29989.219        8.407   337.0     -0.234     -0.285      0.630     -0.238      0.149     -0.430
9.1500       -29980.810   -29988.791        7.981   319.9      0.088      0.272      0.183      0.180     -0.393      0.233
9.2000       -29980.812   -29988.264        7.452   298.7     -1.181      0.340     -0.024     -0.407     -0.211     -0.395
9.2500       -29979.965   -29988.514        8.548   342.7     -0.034     -0.804     -0.558      0.062     -0.141     -0.343
9.3000       -29979.949   -29988.693        8.745   350.5     -0.094      0.399     -0.256      0.075      0.089      0.009
9.3500       -29980.084   -29988.650        8.567   343.4      0.649     -0.126      0.091     -0.196     -0.344     -0.116
9.4000       -29979.588   -29988.133        8.544   342.5     -0.206      0.411     -0.310     -0.074     -0.113      0.083
9.4500       -29979.406   -29988.158        8.752   350.8     -0.883     -0.339     -0.889     -0.211      0.232     -0.146
9.5000       -29979.813   -29988.723        8.910   357.1     -0.471     -0.963     -0.321     -0.032     -0.588     -0.017
9.5500       -29979.346   -29988.342        8.996   360.6      0.851     -0.360     -0.400     -0.736      0.274     -0.030
9.6000       -29979.257   -29988.117        8.860   355.1     -1.261     -0.125     -1.147     -0.132      0.243      0.098
9.6500       -29979.780   -29988.227        8.446   338.6     -0.125     -0.804      0.343     -0.737     -0.129      0.022
9.7000       -29979.501   -29987.639        8.137   326.2     -0.258      0.717      0.014      0.168      0.130     -0.352
9.7500       -29979.536   -29988.674        9.138   366.3      0.044     -0.778      0.075     -0.004     -0.136     -0.019
9.8000       -29980.571   -29988.754        8.183   328.0      0.314      1.069      1.070      0.286     -0.052      0.292
9.8500       -29981.278   -29989.186        7.908   317.0      0.651      0.107      0.351      0.050      0.173      0.298
9.9000       -29980.668   -29989.359        8.692   348.4     -1.644     -1.167     -0.828      0.688     -0.173     -0.426
9.9500       -29981.206   -29989.891        8.685   348.1     -0.031     -0.299     -0.050     -0.189      0.326     -0.031
10.0000      -29981.429   -29989.535        8.106   324.9     -0.090     -0.187     -0.286      0.171      0.071     -0.307
