Time[ps]      Etot[eV]     Epot[eV]     Ekin[eV]    T[K]      ---------------------- stress [GPa] -----------------------
0.0000       -29980.509   -29988.293        7.784   312.0     -0.313     -0.285     -0.561     -0.082     -0.176      0.212
0.0500       -29980.371   -29988.914        8.543   342.5      0.042     -1.114     -0.491      0.030      0.036      0.074
0.1000       -29979.999   -29988.412        8.413   337.2     -0.275      0.325      0.121      0.338      0.168      0.467
0.1500       -29980.079   -29988.127        8.048   322.6      0.404     -0.256     -0.054     -0.558      0.120     -0.334
0.2000       -29980.064   -29988.262        8.198   328.6      0.055      0.242     -0.413     -0.192     -0.572      0.478
0.2500       -29980.007   -29988.492        8.485   340.1     -1.033     -0.973     -0.420     -0.061      0.020      0.037
0.3000       -29979.931   -29988.182        8.250   330.7     -0.608      0.152     -0.598     -0.117     -0.361     -0.175
0.3500       -29979.550   -29988.113        8.563   343.2      0.451      0.086     -0.294     -0.057     -0.222     -0.097
0.4000       -29979.600   -29987.854        8.253   330.8      0.224      0.505      0.512      0.570      0.397      0.410
0.4500       -29979.951   -29987.434        7.482   299.9     -0.312      0.513     -0.289     -0.781     -0.012      0.320
0.5000       -29980.139   -29987.408        7.269   291.4      0.745      0.155      0.568     -0.365     -0.296     -0.020
0.5500       -29979.835   -29987.697        7.862   315.1      0.340      0.543      0.123      0.434     -0.552      0.859
0.6000       -29979.180   -29988.150        8.971   359.6      0.203     -0.494     -0.728      0.832      0.150     -0.416
0.6500       -29979.071   -29987.287        8.216   329.3     -0.351      0.087     -0.818      0.060     -1.032      0.281
0.7000       -29979.346   -29987.621        8.275   331.7     -1.116     -1.027     -0.938      0.128     -0.104     -0.155
0.7500       -29979.988   -29988.512        8.524   341.7     -0.122     -0.084     -0.765      0.233     -0.498     -0.080
0.8000       -29980.004   -29988.699        8.695   348.5     -0.352     -0.128      0.020      0.012      0.348      0.812
0.8500       -29980.123   -29988.383        8.260   331.1     -0.554     -0.874     -0.555     -0.238     -0.403     -0.607
0.9000       -29979.883   -29988.758        8.875   355.8     -0.792     -0.741     -0.047     -0.163     -0.008      0.122
0.9500       -29979.558   -29987.266        7.708   309.0     -0.543     -0.819     -0.421     -0.229     -0.339      0.297
1.0000       -29979.774   -29987.557        7.783   312.0     -0.609     -0.367     -0.054     -0.535      0.100      0.290
1.0500       -29979.636   -29987.658        8.022   321.6     -0.195     -1.408     -0.595     -0.453     -0.357     -0.130
1.1000       -29979.611   -29987.498        7.887   316.1      0.225     -0.032     -0.655      0.611      0.029     -0.050
1.1500       -29979.829   -29988.199        8.370   335.5      0.377     -0.622     -0.059     -0.576     -0.378     -0.275
1.2000       -29979.932   -29988.225        8.293   332.4     -1.083     -1.008     -1.078      0.069      0.429      0.228
1.2500       -29979.940   -29988.096        8.156   326.9     -1.430     -0.252     -0.758      0.421      0.078     -0.163
1.3000       -29979.764   -29987.695        7.932   317.9      0.738     -0.985     -0.312     -0.246      0.019      0.296
1.3500       -29980.252   -29988.289        8.037   322.2     -0.213     -0.437      0.115     -0.822      0.348      0.112
1.4000       -29980.474   -29988.139        7.664   307.2     -0.423     -0.151     -0.497      0.265     -0.201      0.182
1.4500       -29980.156   -29987.656        7.501   300.7     -1.059     -0.418      0.024     -0.251      0.284      0.136
1.5000       -29979.704   -29987.838        8.133   326.0     -0.707      0.343     -0.163      0.212      0.236      0.036
1.5500       -29979.386   -29987.076        7.690   308.2     -0.693     -0.687      0.571      0.144     -0.503     -0.172
1.6000       -29979.531   -29987.100        7.569   303.4     -0.044     -0.085      0.134     -0.056      0.356      0.077
1.6500       -29979.228   -29987.520        8.291   332.3     -1.473     -0.198     -0.677      0.076     -0.570     -0.027
1.7000       -29979.249   -29986.971        7.721   309.5      0.690     -0.510     -0.451     -0.468      0.136     -0.282
1.7500       -29979.642   -29987.621        7.979   319.9     -0.773     -0.650     -1.009      0.042     -0.000      0.126
1.8000       -29979.965   -29988.385        8.420   337.5      0.056     -0.213      0.678      0.028      0.148      0.066
1.8500       -29980.451   -29987.957        7.506   300.9     -0.550      0.379     -0.390     -0.233      0.216     -0.262
1.9000       -29980.318   -29988.309        7.990   320.3     -0.626     -0.673     -0.459     -0.127      0.224      0.020
1.9500       -29980.210   -29987.676        7.466   299.3      0.160     -0.588     -0.432      0.216      0.347      0.224
2.0000       -29979.789   -29988.381        8.592   344.4     -0.345     -0.372     -0.692     -0.633     -0.193      0.268
2.0500       -29979.921   -29988.225        8.303   332.8     -1.379     -1.160     -0.734      0.442      0.329      0.298
2.1000       -29980.174   -29987.984        7.810   313.1     -0.576     -0.210     -0.179     -0.550      0.285      0.307
2.1500       -29980.093   -29987.479        7.386   296.1     -1.294     -0.609     -0.579      0.174      0.461      0.373
2.2000       -29980.227   -29988.277        8.050   322.7     -0.029     -0.802     -1.095      0.458      0.424      0.129
2.2500       -29980.612   -29988.781        8.169   327.5     -0.374      0.292     -0.076      0.038      0.193      0.417
2.3000       -29980.477   -29988.748        8.271   331.6     -0.712     -0.070      0.158     -0.068     -0.232      0.209
2.3500       -29980.666   -29989.105        8.439   338.3     -0.407     -0.066     -0.629      0.221      0.273     -0.555
2.4000       -29980.449   -29988.879        8.430   337.9     -0.232      0.007     -0.076     -0.060     -0.073      0.837
2.4500       -29980.242   -29988.701        8.460   339.1     -0.286     -1.050      0.758     -0.102     -0.399     -0.199
2.5000       -29980.010   -29987.883        7.873   315.6      0.509     -0.463     -0.006     -0.030     -0.160     -0.413
2.5500       -29980.179   -29988.428        8.249   330.7     -0.580     -0.063     -1.117     -0.008      0.225      0.398
2.6000       -29980.212   -29988.727        8.515   341.3     -0.053     -0.952     -1.275     -0.015     -0.330     -0.121
2.6500       -29980.042   -29988.193        8.151   326.7      0.073     -0.388     -0.416     -0.108     -0.029     -0.154
2.7000       -29980.148   -29988.584        8.436   338.2     -1.006     -1.370     -0.812     -0.079     -0.288     -0.316
2.7500       -29980.352   -29988.350        7.998   320.6      0.178     -0.910     -0.551      0.289     -0.124     -0.239
2.8000       -29980.537   -29988.070        7.533   302.0     -0.213     -1.058     -1.556     -0.373     -0.612      0.007
2.8500       -29980.274   -29988.477        8.203   328.8     -0.409     -0.282      0.018     -0.057      0.150      0.472
2.9000       -29980.217   -29988.172        7.954   318.9     -0.227      0.641     -0.356     -0.292      0.109     -0.431
2.9500       -29980.369   -29988.771        8.403   336.8      0.182      0.041     -0.254      0.475     -0.510     -0.179
3.0000       -29980.870   -29988.877        8.007   320.9     -0.294     -0.386      0.065      0.657      0.304      0.585
3.0500       -29980.495   -29987.717        7.222   289.5      0.576     -0.495      0.397     -0.233     -0.106     -0.342
3.1000       -29980.429   -29988.535        8.107   324.9      0.233     -0.890     -0.822      0.333      0.045     -0.139
3.1500       -29980.737   -29988.801        8.064   323.2     -0.463     -1.469     -1.546     -0.082      0.139      0.295
3.2000       -29980.568   -29989.273        8.705   349.0      0.970     -0.070     -0.263     -0.117     -0.182     -0.078
3.2500       -29980.018   -29988.420        8.402   336.8     -0.993     -0.365     -0.200      0.332     -0.086     -0.385
3.3000       -29980.535   -29988.855        8.320   333.5     -0.029     -0.213      0.708      0.183      0.164      0.258
3.3500       -29980.278   -29989.342        9.063   363.3     -0.923     -0.243     -0.602      0.213     -0.346     -0.347
3.4000       -29980.347   -29989.189        8.843   354.5     -0.077     -0.274     -1.280      0.235     -0.411      0.159
3.4500       -29981.285   -29989.494        8.209   329.1     -0.178      0.074     -0.037      0.198      0.324      0.215
3.5000       -29981.564   -29989.568        8.004   320.8     -0.782     -0.802     -1.018      0.326      0.009      0.069
3.5500       -29981.035   -29989.195        8.160   327.1     -0.131     -0.422      0.102      0.197     -0.047      0.287
3.6000       -29980.645   -29989.107        8.463   339.2      0.177      0.280     -0.069      0.381      0.190     -0.047
3.6500       -29980.831   -29988.783        7.952   318.8     -0.757     -0.272     -0.079      0.069     -0.583     -0.118
3.7000       -29980.794   -29988.586        7.792   312.3      0.314     -0.403     -0.571     -0.161      0.310     -0.241
3.7500       -29980.808   -29988.668        7.860   315.1     -0.207     -0.454     -0.378     -0.155     -0.099     -0.063
3.8000       -29980.916   -29988.461        7.545   302.4     -0.056     -0.519      0.263      0.291      0.023     -0.112
3.8500       -29981.337   -29989.740        8.403   336.8     -0.569     -0.111      0.358      0.078      0.149      0.403
3.9000       -29981.395   -29989.260        7.865   315.2     -0.359     -1.009     -0.709     -0.480     -0.410      0.065
3.9500       -29981.952   -29989.980        8.028   321.8     -1.009     -0.535      0.386      0.206      0.004     -0.311
4.0000       -29981.751   -29990.014        8.262   331.2      0.322     -0.010      0.300     -0.132      0.376     -0.007
4.0500       -29981.234   -29989.605        8.372   335.6      0.971      0.641     -0.042     -0.522     -0.453     -0.398
4.1000       -29981.027   -29988.963        7.936   318.1     -0.266     -0.682     -0.742      0.330     -0.413     -0.042
4.1500       -29981.450   -29989.627        8.177   327.8     -0.774      0.000     -0.409     -0.137     -0.022      0.171
4.2000       -29981.101   -29989.174        8.073   323.6     -0.674     -0.037     -0.810     -0.187      0.241     -0.030
4.2500       -29981.178   -29989.637        8.459   339.1      0.356     -0.080      0.150      0.235     -0.244      0.049
4.3000       -29981.415   -29989.723        8.308   333.0      0.186     -0.484      0.020      0.259      0.384     -0.215
4.3500       -29981.586   -29990.529        8.943   358.5     -0.255     -0.287     -0.272     -0.296      0.370      0.443
4.4000       -29981.339   -29990.312        8.974   359.7     -0.283     -0.977     -0.639      0.290      0.393     -0.296
4.4500       -29981.520   -29989.928        8.408   337.0     -0.546     -0.190     -1.026     -0.222     -0.017      0.377
4.5000       -29981.526   -29989.875        8.349   334.7     -0.269     -0.728     -0.459     -0.179      0.373      0.047
4.5500       -29981.613   -29989.293        7.680   307.9     -0.662     -0.516     -0.562     -0.360     -0.129     -0.043
4.6000       -29981.402   -29989.299        7.897   316.5      0.168     -0.809      0.042      0.058      0.362     -0.155
4.6500       -29981.381   -29989.045        7.664   307.2     -0.345      0.496     -0.724     -0.388      0.536      0.191
4.7000       -29980.740   -29989.090        8.350   334.7     -0.447      0.460      0.414     -0.245     -0.358     -0.155
4.7500       -29980.468   -29988.191        7.723   309.6     -0.258     -0.496     -1.026      0.043      0.485      0.342
4.8000       -29980.661   -29989.012        8.350   334.7     -0.923     -0.293     -0.317     -0.182      0.075     -0.476
4.8500       -29980.794   -29989.615        8.821   353.6     -0.049      0.773     -0.892     -0.109     -0.569      0.051
4.9000       -29980.542   -29988.752        8.210   329.1     -0.830     -2.066     -1.032     -0.311      0.326      0.376
4.9500       -29980.827   -29989.492        8.665   347.3     -0.448     -0.250     -0.419     -0.078     -0.197     -0.418
5.0000       -29981.117   -29988.908        7.792   312.3     -1.092     -1.187     -1.171     -0.222     -0.004      0.112
5.0500       -29981.331   -29988.949        7.618   305.4     -0.908      0.484     -0.570      0.235      0.028      0.357
5.1000       -29981.023   -29988.562        7.540   302.2     -0.702     -0.936     -0.622     -0.312      0.324      0.058
5.1500       -29980.455   -29988.939        8.484   340.1     -0.968     -1.019     -1.051     -0.028      0.159     -0.153
5.2000       -29980.532   -29989.104        8.571   343.6     -0.452     -0.512      0.475      0.240      0.195     -0.255
5.2500       -29980.205   -29989.373        9.168   367.5     -0.348      0.114     -0.998     -0.284      0.547      0.186
5.3000       -29980.299   -29989.486        9.188   368.3     -0.954     -0.550     -1.298     -0.403     -0.440      0.190
5.3500       -29980.513   -29989.316        8.803   352.9     -0.229     -0.610     -0.137      0.062     -0.295     -0.473
5.4000       -29980.973   -29989.084        8.111   325.1     -0.057      0.318     -0.237     -0.163      0.261      0.326
5.4500       -29980.755   -29988.541        7.786   312.1      0.345      0.778      0.644      0.299      0.234     -0.418
5.5000       -29980.345   -29988.502        8.157   327.0      0.114     -0.706     -0.811      0.262     -0.624      0.322
5.5500       -29980.299   -29987.875        7.576   303.7     -1.142     -1.188     -1.636     -0.546     -0.031     -0.268
5.6000       -29980.357   -29988.609        8.252   330.8     -0.497     -0.509      0.003     -0.049      0.070     -0.314
5.6500       -29980.171   -29987.875        7.704   308.8     -0.203      0.220      0.149     -0.126      0.536      0.593
5.7000       -29979.934   -29988.096        8.161   327.1     -0.240     -0.083      0.223     -0.638      0.060     -0.372
5.7500       -29979.925   -29988.316        8.391   336.4     -0.245     -0.528     -0.300      0.130     -0.320      0.134
5.8000       -29979.432   -29987.889        8.456   339.0     -0.181     -0.746      0.142     -0.004      0.704     -0.079
5.8500       -29979.595   -29988.504        8.909   357.1     -0.406     -0.189     -1.026     -0.466      0.197     -0.103
5.9000       -29979.913   -29988.738        8.825   353.7     -0.175      0.483      1.063     -0.115     -0.051     -0.124
5.9500       -29980.327   -29988.654        8.327   333.8     -0.167      0.253     -0.752      0.568      0.064      0.167
6.0000       -29980.475   -29988.984        8.509   341.1     -0.014      0.316      0.382     -0.460     -0.313      0.654
6.0500       -29980.379   -29989.363        8.985   360.1     -0.342      0.321     -0.648     -0.015     -0.074     -0.135
6.1000       -29979.982   -29989.098        9.115   365.4     -0.547     -0.135     -0.160     -0.315      0.458      0.017
6.1500       -29980.631   -29989.037        8.406   337.0      0.247     -0.186      0.169      0.080      0.283     -0.009
6.2000       -29980.905   -29989.111        8.206   328.9     -0.363      0.001     -0.804      0.188     -0.221     -0.895
6.2500       -29980.626   -29988.904        8.279   331.8     -0.065     -0.380     -0.170     -0.490      0.076     -0.042
6.3000       -29980.652   -29989.006        8.354   334.9     -1.004      0.220     -1.468      0.362     -0.539      0.556
6.3500       -29980.749   -29988.850        8.100   324.7      0.198     -0.778      0.189     -0.169      0.229      0.030
6.4000       -29980.620   -29988.453        7.834   314.0     -0.172     -0.217     -1.222      0.478     -0.082      0.004
6.4500       -29980.942   -29989.109        8.167   327.4     -0.694      0.000     -0.316     -0.246     -0.241      0.143
6.5000       -29980.341   -29988.488        8.147   326.6     -1.843     -0.580     -0.885     -0.115     -0.069      0.531
6.5500       -29980.431   -29988.980        8.549   342.7     -0.380     -0.912     -0.655      0.164     -0.224      0.333
6.6000       -29980.029   -29988.623        8.594   344.5      0.018     -1.038     -0.066      0.044     -0.044      0.225
6.6500       -29979.681   -29988.135        8.454   338.9     -1.618     -0.367     -0.652      0.144     -0.300     -0.088
6.7000       -29979.427   -29987.850        8.422   337.6     -0.958     -0.287     -0.870     -0.395     -0.225     -0.454
6.7500       -29979.648   -29988.482        8.834   354.1      0.343     -0.860      0.208      0.535     -0.276      0.063
6.8000       -29979.891   -29988.646        8.756   351.0     -0.462     -0.792     -0.172      0.014      0.110     -0.293
6.8500       -29980.041   -29988.336        8.295   332.5     -0.258     -0.655     -1.184      0.087      0.485     -0.222
6.9000       -29980.254   -29988.188        7.934   318.0     -0.124      0.502     -0.803     -0.713      0.013      0.465
6.9500       -29979.931   -29988.447        8.516   341.4     -0.400      0.232      0.220     -0.633     -0.053      0.154
7.0000       -29979.601   -29988.051        8.450   338.7      0.244     -1.056     -0.357      0.052     -0.094      0.323
7.0500       -29980.314   -29988.510        8.196   328.5     -0.124     -0.762     -0.225     -0.218     -0.324      1.031
7.1000       -29980.200   -29989.104        8.903   356.9     -1.653     -0.516     -0.262      0.067     -0.056      0.341
7.1500       -29980.273   -29987.996        7.723   309.6      0.546     -0.582     -0.613     -0.294      0.157      0.469
7.2000       -29979.814   -29988.164        8.350   334.7      0.189      0.097     -0.467     -0.272     -0.017     -0.182
7.2500       -29980.048   -29988.197        8.149   326.6      0.369     -0.519     -0.426      0.404      0.254     -0.271
7.3000       -29979.805   -29988.162        8.357   335.0     -0.488     -1.180     -1.509     -0.437      0.206     -0.219
7.3500       -29979.785   -29988.582        8.797   352.6     -0.570     -0.163     -0.594      0.324      0.211      0.256
7.4000       -29980.560   -29987.996        7.436   298.1     -0.396      0.130      0.002     -0.332     -0.108     -0.303
7.4500       -29979.990   -29988.582        8.592   344.4      0.113     -0.388     -0.122     -0.112     -0.145      0.183
7.5000       -29980.415   -29989.146        8.732   350.0      0.386     -0.603      1.034      0.155     -0.066     -0.070
7.5500       -29980.348   -29988.184        7.835   314.1     -0.655      0.245     -0.903     -0.315     -0.642      0.069
7.6000       -29980.386   -29988.588        8.202   328.8     -0.637     -0.405      1.290      0.110     -0.535     -0.220
7.6500       -29980.652   -29989.160        8.508   341.0     -0.388     -0.004     -0.723     -0.065      0.459     -0.457
7.7000       -29980.920   -29988.717        7.796   312.5     -0.312     -0.185      0.135     -0.112      0.179      0.083
7.7500       -29981.003   -29988.807        7.804   312.8      0.414     -1.360     -0.615     -0.409      0.627     -0.264
7.8000       -29981.151   -29988.979        7.828   313.8     -0.746     -0.490      0.554      0.238     -0.218     -0.194
7.8500       -29980.733   -29988.150        7.418   297.3     -0.551     -0.681     -0.322      0.238     -0.425     -0.157
7.9000       -29979.980   -29988.072        8.093   324.4     -0.561      0.170     -0.078     -0.008      0.455      0.498
7.9500       -29979.665   -29988.980        9.316   373.4     -0.110     -0.927     -0.040      0.065     -0.068     -0.114
8.0000       -29980.366   -29988.117        7.751   310.7     -0.110      0.522     -0.633     -0.002      0.316      0.337
8.0500       -29980.053   -29988.658        8.605   344.9      0.989     -0.508      0.494     -0.273     -0.206     -0.411
8.1000       -29979.683   -29987.955        8.272   331.6     -0.096     -0.272     -0.726     -0.373      0.105     -0.511
8.1500       -29980.049   -29988.510        8.461   339.1     -2.090     -1.358     -0.764     -0.030      0.754     -0.044
8.2000       -29979.557   -29988.891        9.333   374.1     -0.492     -1.381     -0.833     -0.727      0.479     -0.797
8.2500       -29979.447   -29988.258        8.811   353.2      0.506     -0.490     -0.340     -0.522      0.205      0.203
8.3000       -29979.626   -29988.342        8.716   349.4     -0.150     -0.858     -1.202     -0.323     -0.408      0.078
8.3500       -29979.398   -29988.568        9.171   367.6     -1.368     -0.851     -0.186     -0.031     -0.421     -0.263
8.4000       -29979.638   -29988.236        8.598   344.6     -0.428     -0.571     -0.379     -0.707     -0.086     -0.163
8.4500       -29980.288   -29988.904        8.617   345.4     -0.154     -0.614     -0.457     -0.458      0.341     -0.185
8.5000       -29979.954   -29987.936        7.981   319.9     -0.998     -0.265      0.209      0.057      0.325     -0.360
8.5500       -29980.604   -29988.988        8.384   336.1      0.441     -0.973     -1.350     -0.424     -0.404     -0.321
8.6000       -29980.885   -29988.512        7.626   305.7      0.295     -0.743      0.177      0.228      0.138      0.185
8.6500       -29980.763   -29989.416        8.653   346.9      0.008      0.631      0.164     -0.143     -0.272     -0.200
8.7000       -29980.374   -29989.348        8.974   359.7     -0.916     -0.407     -1.181      0.499      0.500     -0.204
8.7500       -29980.164   -29989.584        9.420   377.6     -0.254     -0.705      0.415     -0.238     -0.231     -0.100
8.8000       -29980.027   -29988.043        8.016   321.3     -0.632     -0.273     -0.153      0.128      0.370      0.060
8.8500       -29979.995   -29988.615        8.620   345.5      0.135      0.061     -0.167      0.080     -0.276     -0.520
8.9000       -29979.483   -29987.580        8.097   324.6      1.141     -0.831     -1.042     -0.055     -0.360      0.171
8.9500       -29978.904   -29987.600        8.696   348.6     -0.393     -0.265     -0.456     -0.614      0.437      0.054
9.0000       -29980.254   -29988.299        8.045   322.5      0.166     -0.422     -0.062      0.371     -0.255      0.380
9.0500       -29979.945   -29988.410        8.465   339.3     -1.241     -0.927     -0.928     -0.070      0.159      0.073
9.1000       -29979.755   -29988.363        8.609   345.1     -0.501     -0.232      0.166     -0.060      0.088      0.016
9.1500       -29980.026   -29988.113        8.087   324.2      0.203     -0.890     -0.607      0.184      0.068     -0.400
9.2000       -29980.108   -29988.330        8.222   329.6     -0.699     -1.255      0.041      0.258     -0.236     -0.032
9.2500       -29980.420   -29988.584        8.164   327.3     -0.842      0.102     -1.239     -0.235      0.320      0.294
9.3000       -29980.464   -29988.287        7.823   313.6     -0.088     -0.583      0.210     -0.319     -0.495      0.024
9.3500       -29980.594   -29988.254        7.660   307.1      0.055      0.343     -0.020      0.092      0.326     -0.156
9.4000       -29980.131   -29988.441        8.311   333.1     -0.621     -0.955     -1.383      0.388     -0.291      0.314
9.4500       -29980.093   -29988.262        8.169   327.4     -0.123     -0.220     -0.212     -0.490     -0.229     -0.640
9.5000       -29980.263   -29988.771        8.509   341.1      0.303     -0.291     -0.746      0.275      0.280     -0.055
9.5500       -29979.758   -29988.066        8.308   333.0     -0.344     -0.392     -0.404     -0.319     -0.774      0.666
9.6000       -29979.774   -29987.973        8.199   328.6      0.110      0.089      0.404      0.051     -0.715      0.050
9.6500       -29979.730   -29988.230        8.501   340.7     -0.441     -0.402     -0.912     -0.264     -0.315      0.115
9.7000       -29979.912   -29988.490        8.578   343.9      0.066     -1.100     -0.222     -0.004     -0.317      0.191
9.7500       -29980.020   -29988.350        8.330   333.9     -0.929      0.096     -0.462     -0.132     -0.043     -0.333
9.8000       -29980.827   -29988.453        7.626   305.7     -0.433      0.099     -0.321     -0.203     -0.386     -0.010
9.8500       -29981.264   -29989.379        8.115   325.3      0.294      0.039      0.361      0.256      0.512     -0.157
9.9000       -29980.891   -29988.559        7.667   307.3     -1.175     -0.182      0.186     -0.115     -0.338     -0.114
9.9500       -29980.431   -29988.592        8.161   327.1     -0.432     -0.707     -0.461      0.037     -0.120     -0.466
10.0000      -29980.575   -29988.801        8.225   329.7     -0.926     -0.950     -0.697     -0.490     -0.130     -0.259
10.0500      -29980.875   -29988.834        7.959   319.0     -0.868      0.174     -0.862      0.035      0.096     -0.224
10.1000      -29980.723   -29988.762        8.038   322.2     -0.205     -0.071     -0.112     -0.066      0.376      0.125
10.1500      -29980.555   -29989.086        8.530   341.9     -0.986     -1.127     -0.621      0.023      0.211      0.455
10.2000      -29980.432   -29988.053        7.621   305.5     -0.198     -0.891     -0.192     -0.819      0.077     -0.452
10.2500      -29980.307   -29988.191        7.884   316.0      0.306     -1.021     -0.968      0.088     -0.227     -0.088
10.3000      -29980.537   -29988.955        8.419   337.5     -0.870     -0.964     -1.484     -0.095     -0.536     -0.214
10.3500      -29981.010   -29988.898        7.888   316.2     -0.496     -0.523      0.445     -0.111      0.096      0.463
10.4000      -29981.057   -29989.156        8.100   324.7     -0.843     -0.055     -1.131      0.356     -0.214     -0.238
10.4500      -29980.603   -29988.441        7.839   314.2     -0.872     -0.436     -0.346      0.094     -0.045     -0.609
10.5000      -29980.804   -29989.193        8.390   336.3     -0.419      0.044     -0.695      0.162      0.757     -0.458
10.5500      -29980.503   -29989.098        8.595   344.5     -1.310     -0.411     -0.262     -0.380      0.203     -0.123
10.6000      -29980.930   -29989.389        8.458   339.1      0.736     -0.478      0.074     -0.003      0.378     -0.316
10.6500      -29981.449   -29989.391        7.941   318.3      0.055      0.397      0.158      0.607     -0.154      0.102
10.7000      -29981.308   -29989.959        8.651   346.8     -0.312     -0.843     -0.377      0.316      0.959     -0.329
10.7500      -29980.871   -29989.357        8.486   340.2     -0.668     -1.328      0.404      0.010     -0.202     -0.068
10.8000      -29980.338   -29988.836        8.498   340.6      0.523     -0.864     -0.944     -0.297      0.218     -0.637
10.8500      -29979.924   -29988.246        8.322   333.6     -1.162      0.246     -0.194      0.406      0.197      0.388
10.9000      -29980.001   -29988.146        8.145   326.5     -0.723     -0.475     -0.456     -0.102     -0.077     -0.267
10.9500      -29980.276   -29988.291        8.015   321.3     -0.442     -0.106     -0.148      0.088     -0.811     -0.526
11.0000      -29979.881   -29987.699        7.819   313.4      0.507     -0.191      0.501      0.007      0.334      0.037
11.0500      -29979.554   -29987.744        8.190   328.3     -1.417     -0.359      0.671     -0.379     -0.604     -0.187
11.1000      -29980.218   -29988.146        7.929   317.8      0.710      0.255     -0.785      0.384      0.375      0.092
11.1500      -29979.675   -29987.404        7.730   309.8     -0.843     -0.051     -0.128      0.334     -0.048     -0.308
11.2000      -29979.294   -29988.150        8.856   355.0      0.297     -0.073     -0.034     -0.043      0.513      0.319
11.2500      -29979.394   -29988.273        8.879   355.9     -0.134     -0.774     -1.095     -0.013     -0.191      0.109
11.3000      -29979.225   -29987.854        8.628   345.9     -0.261     -0.532      0.128     -0.143     -0.213     -0.501
11.3500      -29979.090   -29987.557        8.466   339.4      0.300      0.135      0.626     -0.026     -0.048     -0.100
11.4000      -29978.910   -29987.861        8.951   358.8      0.556     -0.995      0.287      0.162     -0.212      0.044
11.4500      -29979.231   -29988.592        9.360   375.2     -0.606     -0.763      0.183     -0.212     -0.017     -0.399
11.5000      -29979.151   -29987.209        8.058   323.0      0.087      0.081      0.260     -0.284      0.541      0.336
11.5500      -29978.991   -29987.938        8.946   358.6      0.630      0.227      0.599     -0.130     -0.141      0.319
11.6000      -29979.452   -29988.545        9.093   364.5     -1.174     -0.817     -0.814      0.148     -0.430     -0.156
11.6500      -29979.640   -29988.434        8.794   352.5      0.406      0.236     -0.648      0.269      0.027     -0.021
11.7000      -29979.735   -29988.422        8.687   348.2      0.156     -0.505     -0.479     -0.057     -0.487      0.378
11.7500      -29979.622   -29988.166        8.544   342.5     -1.122     -0.942     -1.943     -0.158      0.212     -0.809
11.8000      -29979.875   -29987.615        7.740   310.3     -0.450     -0.543     -0.130     -0.251     -0.196     -0.432
11.8500      -29979.731   -29987.934        8.202   328.8     -0.073      0.881     -0.149      0.254      0.359     -0.441
11.9000      -29979.716   -29988.537        8.821   353.6     -0.956     -1.037      0.223      0.694      0.589     -0.159
11.9500      -29979.917   -29988.486        8.569   343.5     -0.119      0.209     -0.759     -0.090     -0.187      0.188
12.0000      -29980.624   -29988.660        8.036   322.1      0.415     -0.401     -0.100     -0.321     -0.431      0.329
12.0500      -29980.189   -29988.803        8.614   345.3     -0.063     -0.949     -0.848     -0.380      0.695     -0.134
12.1000      -29980.771   -29988.291        7.520   301.4      0.519     -0.630     -0.490     -0.323     -0.127      0.068
12.1500      -29980.990   -29988.576        7.586   304.1     -0.198     -0.260     -0.516      0.173      0.532     -0.189
12.2000      -29981.004   -29988.795        7.791   312.3     -0.148      0.129     -0.493      0.471      0.303      0.081
12.2500      -29981.027   -29989.027        8.001   320.7     -0.042     -0.716     -0.347      0.424      0.248     -0.314
12.3000      -29981.688   -29988.705        7.017   281.3     -0.720     -1.069     -0.149     -0.455     -0.134      0.300
12.3500      -29981.765   -29988.477        6.712   269.0     -0.274     -1.038     -1.322      0.451      0.050     -0.472
12.4000      -29981.149   -29989.180        8.030   321.9     -0.121     -0.171     -0.714     -0.225     -0.070      0.040
12.4500      -29980.717   -29989.117        8.400   336.7     -0.781     -0.802     -0.465      0.152     -0.159     -0.149
12.5000      -29980.546   -29988.732        8.186   328.1      0.043     -0.734     -0.328      0.128      0.509      0.147
12.5500      -29980.349   -29988.779        8.430   337.9     -0.645     -1.358     -0.572     -0.343     -0.098      0.563
12.6000      -29980.277   -29989.264        8.987   360.2      0.426     -0.005     -0.515     -0.248     -0.540     -0.556
12.6500      -29980.451   -29988.305        7.853   314.8     -0.988     -0.916      0.070      0.171      0.007      0.190
12.7000      -29980.218   -29987.900        7.682   307.9     -1.113     -0.057     -0.882     -0.650     -0.276      0.464
12.7500      -29980.468   -29988.770        8.301   332.8     -1.281     -1.337     -0.899      0.058      0.075     -0.245
12.8000      -29980.115   -29988.527        8.412   337.2      0.317     -0.883     -0.604      0.151     -0.265     -0.021
12.8500      -29980.363   -29987.613        7.250   290.6     -0.387      0.105      0.409     -0.043      0.415      0.244
12.9000      -29980.988   -29988.586        7.597   304.5     -0.053     -0.505     -0.788      0.021     -0.514     -0.891
12.9500      -29980.961   -29988.879        7.918   317.4     -0.801     -0.252      0.070     -0.142     -0.416      0.427
13.0000      -29980.536   -29988.453        7.917   317.4     -1.029     -0.676     -0.257      0.536     -0.400     -0.304
13.0500      -29980.624   -29988.521        7.898   316.6     -0.674     -0.323     -1.047      0.069      0.179     -0.493
13.1000      -29980.860   -29988.449        7.590   304.2     -0.483     -1.550     -0.569      0.106      0.016      0.059
13.1500      -29980.773   -29989.383        8.609   345.1     -0.601     -0.470     -1.119     -0.219      0.702     -0.071
13.2000      -29980.403   -29988.562        8.159   327.1     -0.044     -0.370     -0.308     -0.087     -0.568     -0.118
13.2500      -29981.088   -29989.188        8.099   324.7     -0.867     -1.057     -0.116      0.555     -0.178      0.224
13.3000      -29981.376   -29989.615        8.239   330.3     -0.057      0.267     -0.374     -0.325      0.024      0.138
13.3500      -29981.168   -29988.916        7.748   310.6     -0.602      0.245      0.357     -0.116     -0.351      0.109
13.4000      -29980.827   -29988.801        7.973   319.6     -0.358      0.730     -0.803      0.241     -0.263     -0.238
13.4500      -29980.575   -29988.232        7.658   307.0     -0.413     -0.291     -0.335      0.184     -0.258      0.616
13.5000      -29980.330   -29988.080        7.750   310.7     -0.198     -0.094     -0.853     -0.107     -0.551     -0.148
13.5500      -29979.790   -29988.455        8.665   347.3     -0.915     -0.431      0.403      0.123     -0.180      0.211
13.6000      -29980.193   -29988.268        8.074   323.6     -0.176     -0.467     -1.027      0.039     -0.271      0.423
13.6500      -29979.812   -29988.162        8.350   334.7     -0.297     -0.131      0.087      0.258      0.485      0.420
13.7000      -29980.148   -29988.029        7.881   315.9     -0.379      0.145     -0.013     -0.326     -0.462     -0.151
13.7500      -29980.392   -29988.627        8.234   330.1      0.536      1.943      0.841     -0.217     -0.408      0.020
13.8000      -29980.135   -29988.318        8.184   328.0      0.685     -0.045     -0.640     -0.011     -0.108      0.087
13.8500      -29979.914   -29987.699        7.785   312.1     -0.007     -0.099     -0.536      0.314      0.144      0.311
13.9000      -29979.881   -29987.918        8.037   322.2     -0.292     -0.460      0.615      0.269     -0.326      0.493
13.9500      -29979.650   -29987.148        7.498   300.6      0.023      0.316     -1.028     -0.424      0.135     -0.123
14.0000      -29979.512   -29987.465        7.953   318.8     -0.714      0.320     -0.389      0.145      0.195     -0.004
14.0500      -29979.878   -29987.986        8.108   325.0      1.397     -0.332      0.123     -0.185     -0.137      0.151
14.1000      -29979.493   -29987.701        8.208   329.0     -0.197     -0.127     -1.138      0.167     -0.223      0.461
14.1500      -29979.145   -29987.207        8.062   323.2     -0.104     -0.915     -0.570     -0.270      0.478     -0.063
14.2000      -29979.139   -29987.473        8.334   334.0     -0.198      0.019     -0.388     -0.115     -0.022     -0.535
14.2500      -29979.029   -29987.488        8.459   339.1      0.417     -0.618     -0.079     -0.200     -0.117      0.290
14.3000      -29979.590   -29987.676        8.086   324.1     -0.892     -0.338     -1.067      0.026      0.383      0.376
14.3500      -29979.820   -29987.664        7.844   314.4      0.463     -0.470     -0.223     -0.284      0.597     -0.207
14.4000      -29979.956   -29988.453        8.497   340.6     -0.684      0.604     -0.481      0.590      0.018      0.063
14.4500      -29980.013   -29987.809        7.796   312.5     -1.057      0.167     -0.201      0.169      0.382     -0.172
14.5000      -29979.508   -29988.057        8.548   342.7     -0.534     -0.508     -0.615      0.245      0.323      0.494
14.5500      -29979.930   -29989.160        9.230   370.0     -1.720      0.379     -1.197      0.482      0.048     -0.325
14.6000      -29979.906   -29988.498        8.592   344.4      0.014     -1.094     -0.969      0.028     -0.663      0.665
14.6500      -29980.364   -29988.227        7.862   315.2     -0.355     -0.345     -1.096      0.275     -0.374     -0.104
14.7000      -29980.756   -29988.703        7.947   318.5     -0.687     -0.565      0.141     -0.080     -0.157      0.019
14.7500      -29980.500   -29988.863        8.363   335.2     -0.410     -0.665     -0.718      0.174     -0.011      0.055
14.8000      -29980.791   -29988.773        7.982   320.0     -0.994     -1.224     -1.179     -0.291      0.182     -0.323
14.8500      -29980.164   -29988.281        8.118   325.4      0.032     -0.309     -0.885     -0.178     -0.692     -0.148
14.9000      -29980.551   -29988.475        7.923   317.6     -0.477     -0.930     -1.205     -0.355      0.372      0.196
14.9500      -29980.607   -29988.562        7.955   318.9     -1.005     -0.800     -2.155      0.639     -0.234     -0.136
15.0000      -29980.962   -29988.986        8.024   321.6     -0.825     -0.212     -0.343      0.418      0.220     -0.066
15.0500      -29980.696   -29988.488        7.792   312.4     -0.178      0.042     -0.590      0.018      0.171      0.225
15.1000      -29980.692   -29989.449        8.757   351.0      0.010      0.231     -0.529     -0.021      0.107      0.061
15.1500      -29981.096   -29989.910        8.814   353.3     -0.727      0.333      0.921      0.543      0.248      0.051
15.2000      -29980.233   -29988.539        8.306   333.0      0.479      0.705      0.175      0.174      0.090     -0.598
15.2500      -29979.935   -29988.449        8.514   341.3      0.052      0.296     -0.199     -0.206      0.157     -0.098
15.3000      -29980.020   -29988.291        8.271   331.5     -0.205     -0.138     -0.373     -0.249     -0.183     -0.256
15.3500      -29980.496   -29988.951        8.455   338.9      1.204      0.298     -0.301      0.500      0.114      0.333
15.4000      -29980.241   -29988.176        7.935   318.1     -0.457     -0.067     -0.794     -0.282      0.317      0.201
15.4500      -29980.062   -29989.062        9.001   360.8     -0.444     -0.200     -0.294     -0.140     -0.056      0.247
15.5000      -29980.242   -29987.582        7.340   294.2     -0.511     -0.901     -0.225     -0.234      0.226     -0.061
15.5500      -29980.214   -29988.174        7.960   319.1     -0.332      0.825      0.145     -0.421      0.304     -0.805
15.6000      -29980.488   -29988.734        8.246   330.6      0.224     -0.691      0.136     -0.089      0.113      0.099
15.6500      -29980.792   -29989.279        8.487   340.2      0.333      0.361     -0.261     -0.302      0.167     -0.106
15.7000      -29980.630   -29988.314        7.685   308.0      0.898     -1.093     -0.426     -0.512      0.067      0.250
15.7500      -29980.291   -29989.021        8.730   350.0     -0.574     -1.082     -1.233      0.413     -0.047      0.186
15.8000      -29980.112   -29987.783        7.672   307.5     -1.093     -0.747     -1.105      0.136      0.064     -0.325
15.8500      -29980.398   -29988.598        8.200   328.7     -0.308     -0.603     -0.351      0.677      0.070     -0.001
15.9000      -29981.168   -29989.072        7.904   316.8      0.363      0.099     -0.409     -0.104     -0.468      0.033
15.9500      -29980.500   -29988.533        8.033   322.0     -0.177     -0.696     -0.450     -0.332     -0.477      0.204
16.0000      -29980.802   -29989.129        8.327   333.8     -1.016      0.546      0.110     -0.132      0.343     -0.098
16.0500      -29980.703   -29988.979        8.276   331.7      0.718     -0.230      1.068     -0.294      0.063     -0.119
16.1000      -29980.922   -29989.234        8.312   333.2      0.661      0.330     -0.512      0.144      0.110      0.283
16.1500      -29980.815   -29988.912        8.097   324.6     -0.001     -0.723      0.035      0.426      0.238     -0.266
16.2000      -29981.019   -29989.227        8.207   329.0      0.302     -1.282      0.084      0.267     -0.533      0.152
16.2500      -29980.513   -29988.545        8.032   322.0      0.411      0.516     -0.322     -0.259      0.225      0.122
16.3000      -29980.625   -29988.523        7.898   316.6     -0.748     -0.244     -0.267     -0.297     -0.135      0.047
16.3500      -29980.461   -29988.693        8.232   330.0     -0.746     -0.526     -0.973     -0.008      0.310      0.561
16.4000      -29979.893   -29988.193        8.301   332.7     -1.277     -0.536     -0.753     -0.293      0.162     -0.282
16.4500      -29979.696   -29988.328        8.633   346.0     -0.212     -1.042     -0.828     -0.302      0.088     -0.773
16.5000      -29979.443   -29987.732        8.290   332.3     -0.959     -0.332     -0.988      0.052     -0.002      0.088
16.5500      -29979.252   -29988.598        9.346   374.6     -0.389     -0.637      0.579      0.058      0.565      0.396
16.6000      -29979.477   -29987.811        8.334   334.1     -1.366     -0.897     -0.717      0.581     -0.555     -0.073
16.6500      -29979.377   -29988.342        8.965   359.3     -0.716     -0.328     -0.709     -0.421      0.375      0.750
16.7000      -29979.314   -29988.621        9.308   373.1     -0.898      0.173     -0.897     -0.297     -0.026     -0.138
16.7500      -29978.993   -29987.949        8.956   359.0     -0.407     -0.877     -0.294      0.219     -0.663      0.439
16.8000      -29979.303   -29988.066        8.763   351.3     -0.300     -0.747     -0.542     -0.379     -0.007      0.086
16.8500      -29979.597   -29987.975        8.378   335.8     -0.609     -1.498     -0.521     -0.237     -0.067      0.583
16.9000      -29978.925   -29987.811        8.886   356.2     -0.795     -0.577     -0.392      0.304      0.221     -0.475
16.9500      -29978.871   -29987.811        8.939   358.3      0.356     -0.587      0.144      0.262      0.206     -0.660
17.0000      -29978.773   -29987.691        8.919   357.5     -0.455     -0.134     -0.160      0.007     -0.184      0.351
17.0500      -29978.438   -29987.018        8.580   343.9     -0.239     -1.676      0.392     -0.085      0.237      0.487
17.1000      -29978.696   -29986.957        8.261   331.1      0.345     -0.138     -0.322     -0.113      0.020      0.366
17.1500      -29978.671   -29987.736        9.065   363.4     -0.281     -1.005     -0.775     -0.307      0.121      0.780
17.2000      -29978.778   -29987.596        8.818   353.5     -0.842     -0.560     -0.980      0.308      0.259     -0.198
17.2500      -29978.943   -29988.402        9.459   379.2      0.346     -0.445     -0.277     -0.079      0.216     -0.073
17.3000      -29979.170   -29987.553        8.383   336.0     -0.967     -0.469     -0.649      0.417     -0.220      0.057
17.3500      -29979.892   -29988.451        8.559   343.1     -0.224     -0.227     -0.277     -0.509      0.355     -0.529
17.4000      -29979.661   -29987.678        8.017   321.4     -1.412     -0.200     -0.622     -0.072      0.156      0.278
17.4500      -29979.878   -29988.236        8.358   335.0      0.282     -0.389     -0.169      0.187      0.072      0.191
17.5000      -29980.480   -29987.963        7.483   299.9      0.833      0.307      0.016      0.127     -0.408     -0.574
17.5500      -29980.657   -29988.268        7.611   305.1     -0.688     -1.273     -1.475      0.118      0.372      0.355
17.6000      -29980.498   -29988.662        8.164   327.3      0.268     -0.612      0.635      0.336     -0.012     -0.439
17.6500      -29981.029   -29988.863        7.834   314.0     -0.362     -0.255     -0.224     -0.177      0.359     -0.403
17.7000      -29981.059   -29989.010        7.951   318.7     -0.970     -1.325     -0.751     -0.395     -0.168      0.251
17.7500      -29981.055   -29989.295        8.239   330.3     -0.796     -1.322     -0.742     -0.197     -0.044     -0.176
17.8000      -29981.411   -29989.568        8.158   327.0     -0.663     -0.222     -0.173      0.020     -0.257      0.176
17.8500      -29981.704   -29989.854        8.149   326.7     -1.349     -0.897     -1.356     -0.022     -0.644      0.355
17.9000      -29980.908   -29989.461        8.553   342.8      0.455     -1.972     -0.375     -0.130      0.156      0.013
17.9500      -29980.940   -29988.223        7.283   291.9     -1.083     -0.493     -0.223      0.137      0.466     -0.031
18.0000      -29980.672   -29987.998        7.326   293.7     -0.119      0.201     -0.271     -0.159     -0.217      0.444
18.0500      -29980.608   -29988.906        8.298   332.6     -0.894     -0.816     -0.508     -0.544     -0.279      0.036
18.1000      -29980.073   -29988.117        8.044   322.4      0.020     -1.034      0.211     -0.207      0.569      0.017
18.1500      -29979.864   -29988.430        8.566   343.4     -0.198     -1.110     -0.804     -0.276      0.100     -0.121
18.2000      -29979.991   -29987.906        7.916   317.3     -0.223     -0.556     -0.583     -0.424     -0.032     -0.162
18.2500      -29980.192   -29988.113        7.921   317.5     -0.052     -0.335     -0.323      0.275      0.566      0.130
18.3000      -29980.209   -29988.975        8.766   351.4      0.237     -0.087     -0.248     -0.257     -0.365     -0.740
18.3500      -29979.922   -29988.279        8.357   335.0     -0.503     -0.760     -0.005     -0.668      0.178     -0.039
18.4000      -29979.706   -29988.035        8.329   333.9     -0.253     -0.540      0.346     -0.315      0.255     -0.452
18.4500      -29980.022   -29988.594        8.572   343.6     -0.096     -0.108     -0.330     -0.019      0.204      0.240
18.5000      -29980.075   -29988.402        8.327   333.8     -0.748     -0.515     -0.829     -0.600      0.199     -0.019
18.5500      -29980.411   -29988.342        7.931   317.9     -0.760     -0.463     -0.429     -0.221      0.051     -0.332
18.6000      -29979.981   -29988.469        8.488   340.2      0.363     -0.336      0.010     -0.392     -0.496      0.223
18.6500      -29979.487   -29988.031        8.545   342.5     -0.356     -1.503     -0.921     -0.298     -0.074      0.581
18.7000      -29979.597   -29988.352        8.754   350.9     -0.174     -0.137     -0.431     -0.121      0.379     -0.400
18.7500      -29979.702   -29988.457        8.755   350.9     -0.931     -0.398     -0.183      0.446     -0.463     -0.218
18.8000      -29980.057   -29988.473        8.416   337.3      0.155     -0.245     -0.367      0.279     -0.128      0.618
18.8500      -29980.398   -29988.523        8.125   325.7     -0.001     -0.765     -0.920     -0.113      0.074      0.379
18.9000      -29980.455   -29988.924        8.469   339.5     -0.304     -0.174     -0.428      0.233      0.296     -0.042
18.9500      -29980.376   -29989.072        8.696   348.6     -1.318     -1.448     -1.231     -0.557     -0.367      0.246
19.0000      -29980.119   -29989.066        8.947   358.6     -0.429      0.301      0.158     -0.197      0.207     -0.243
19.0500      -29980.042   -29988.453        8.411   337.1     -0.977     -0.828     -1.000      0.005     -0.275      0.011
19.1000      -29979.795   -29988.000        8.205   328.9     -0.344     -1.555     -0.872     -0.211      0.396     -0.352
19.1500      -29979.700   -29988.082        8.382   336.0     -0.590     -0.670      0.247     -0.088      0.115     -0.161
19.2000      -29979.642   -29987.354        7.711   309.1     -0.998     -0.114     -0.434      0.058      0.092      0.280
19.2500      -29980.202   -29989.086        8.884   356.1     -0.707     -0.418     -0.717      0.079      0.128     -0.097
19.3000      -29980.124   -29989.326        9.202   368.9     -0.121     -0.661     -0.865      0.038     -0.032      0.062
19.3500      -29980.725   -29989.578        8.853   354.9     -0.179     -0.418     -1.042     -0.366      0.068     -0.463
19.4000      -29980.663   -29988.494        7.831   313.9     -0.072     -1.416     -0.263     -0.142     -0.017      0.574
19.4500      -29980.357   -29989.381        9.024   361.7     -0.883     -1.647     -0.107      0.421      0.097      0.459
19.5000      -29980.548   -29989.102        8.553   342.9      0.775      0.251      0.320     -0.379     -0.131     -0.146
19.5500      -29980.515   -29989.051        8.536   342.2      0.054     -0.231     -0.914     -0.325      0.083      0.453
19.6000      -29980.817   -29989.566        8.749   350.7     -0.742      0.159     -0.105     -0.265      0.315      0.849
19.6500      -29981.354   -29989.447        8.093   324.4      0.313     -0.499      0.133     -0.020      0.115     -0.251
19.7000      -29981.143   -29989.662        8.519   341.5     -0.464      0.132     -0.148      0.264      0.528      0.855
19.7500      -29981.085   -29989.680        8.594   344.5     -0.106     -0.999     -1.016      0.732     -0.233     -0.240
19.8000      -29980.632   -29988.199        7.567   303.3     -0.751     -0.837      0.019      0.009     -0.000      0.167
19.8500      -29979.851   -29988.639        8.787   352.2     -0.226     -0.796      0.175     -0.316      0.305      0.056
19.9000      -29979.855   -29988.371        8.516   341.4     -0.388      0.427     -0.366      0.531      0.075      0.751
19.9500      -29979.904   -29988.668        8.764   351.3      0.322     -0.747     -0.679     -0.106      0.244      0.080
20.0000      -29980.010   -29988.291        8.281   332.0     -0.874     -0.538      0.558     -0.243     -0.204     -0.144
