Time[ps]      Etot[eV]     Epot[eV]     Ekin[eV]    T[K]      ---------------------- stress [GPa] -----------------------
0.0000       -29980.892   -29988.863        7.971   319.5     -0.651      0.056     -0.462      0.321     -0.511     -0.210
0.0500       -29980.868   -29988.834        7.966   319.3      0.166     -0.547     -0.804     -0.485     -0.252      0.050
0.1000       -29980.433   -29988.613        8.180   327.9     -0.366     -0.427     -0.247     -0.034     -0.251      0.427
0.1500       -29980.163   -29988.346        8.183   328.0      0.389     -0.435      0.233      0.182     -0.136      0.083
0.2000       -29980.328   -29988.260        7.932   317.9     -0.688      0.076     -0.054     -0.572     -0.662     -0.455
0.2500       -29980.506   -29988.820        8.314   333.3     -0.065     -0.503      0.460      0.033     -0.053     -0.207
0.3000       -29980.989   -29989.361        8.372   335.6      0.033     -0.434     -0.394      0.299     -0.345      0.176
0.3500       -29981.149   -29988.842        7.692   308.3      0.506     -0.704     -0.493      0.229      0.524     -0.277
0.4000       -29980.979   -29989.225        8.246   330.5     -0.174     -0.245     -0.085     -0.391     -0.023     -0.422
0.4500       -29980.648   -29989.104        8.456   339.0      0.202     -0.842     -0.464     -0.051      0.314     -0.117
0.5000       -29980.253   -29988.613        8.360   335.1     -0.205     -0.207     -0.104      0.183     -0.021      0.132
0.5500       -29980.780   -29989.285        8.505   340.9     -0.079      0.070      0.806     -0.048     -0.388      0.209
0.6000       -29980.950   -29988.973        8.023   321.6     -0.288     -0.314     -0.251      0.414      0.172     -0.161
0.6500       -29980.449   -29988.906        8.457   339.0      0.341      0.259      0.459      0.090      0.201     -0.006
0.7000       -29980.359   -29989.088        8.729   349.9      0.107     -0.154     -0.202     -0.419      0.192      0.237
0.7500       -29980.683   -29989.709        9.026   361.8     -0.357     -0.658      0.504      0.351     -0.784      0.063
0.8000       -29980.580   -29988.990        8.410   337.1     -1.010     -0.164     -0.821     -0.146     -0.311     -0.306
0.8500       -29981.453   -29989.594        8.141   326.3     -0.815     -0.959      0.025     -0.233     -0.132     -0.313
0.9000       -29981.302   -29988.811        7.509   301.0     -0.995     -0.938     -0.766     -0.375      0.069     -0.133
0.9500       -29980.783   -29989.568        8.786   352.2     -0.793     -0.491     -0.239      0.127      0.186      0.414
1.0000       -29980.574   -29989.115        8.541   342.4     -0.854     -0.674     -0.808      0.134     -0.279     -0.012
1.0500       -29980.784   -29988.504        7.720   309.5     -0.177      0.010     -1.187     -0.132     -0.118      0.524
1.1000       -29980.707   -29988.617        7.910   317.1     -0.570     -0.395      0.070      0.354      0.300     -0.291
1.1500       -29980.700   -29988.914        8.215   329.3     -0.329     -0.236     -0.783     -0.128     -0.378      0.190
1.2000       -29980.597   -29988.863        8.266   331.3     -1.191     -0.768     -1.482     -0.277      0.621      0.229
1.2500       -29980.762   -29988.982        8.220   329.5     -0.462     -1.824     -0.294      0.247     -0.162      0.033
1.3000       -29981.028   -29989.217        8.188   328.2      0.272      0.408     -0.023     -0.105     -0.080     -0.342
1.3500       -29981.057   -29989.516        8.458   339.1     -0.085     -0.420      0.427      0.164      0.036      0.317
1.4000       -29980.470   -29988.734        8.264   331.3      0.996      0.977      0.705     -0.337     -0.124      0.361
1.4500       -29980.540   -29988.957        8.417   337.4      0.007     -0.275     -0.006      0.282      0.014      0.722
1.5000       -29980.675   -29988.877        8.202   328.8      0.233     -0.218      0.407      0.380      0.523     -0.383
1.5500       -29980.153   -29988.977        8.824   353.7     -1.084     -1.100     -0.774     -0.301     -0.161     -0.499
1.6000       -29980.307   -29988.680        8.373   335.6     -0.114     -0.936     -0.462      0.587     -0.796     -0.024
1.6500       -29980.437   -29988.332        7.895   316.5     -0.048     -0.226     -1.451     -1.044      0.326     -0.155
1.7000       -29981.170   -29989.166        7.996   320.5      0.119      0.058      0.905      0.402     -0.096      0.172
1.7500       -29981.085   -29989.010        7.925   317.7      0.537     -0.159      0.323     -0.259      0.114     -0.023
1.8000       -29980.831   -29989.244        8.413   337.2     -0.243     -0.723     -0.214      0.625      0.025     -0.621
1.8500       -29980.669   -29989.314        8.646   346.6     -0.255     -1.031     -0.050      0.230     -0.281      0.244
1.9000       -29981.409   -29989.645        8.235   330.1     -0.305     -0.054     -0.665      0.782     -0.300      0.264
1.9500       -29981.534   -29990.029        8.495   340.5     -0.471     -0.183     -0.244      0.231      0.069     -0.501
2.0000       -29981.387   -29989.266        7.879   315.8      0.015      0.444     -0.155      0.158      0.008     -0.734
2.0500       -29980.888   -29988.617        7.729   309.8      0.658     -0.379      0.613      0.018      0.031      0.341
2.1000       -29980.264   -29988.338        8.074   323.6      0.819      0.281      0.060     -0.182      0.355     -0.007
2.1500       -29980.864   -29988.855        7.992   320.4     -0.734     -0.178      0.230      0.104      0.041     -0.691
2.2000       -29980.261   -29988.822        8.561   343.2     -0.132     -0.940      0.407     -0.114     -0.741      0.254
2.2500       -29979.900   -29988.357        8.457   339.0      0.400      0.373     -0.435     -0.418     -0.074     -0.400
2.3000       -29980.062   -29988.645        8.582   344.0     -0.794      0.369      0.495      0.163     -0.389      0.193
2.3500       -29980.109   -29988.672        8.563   343.2     -0.486     -0.227     -0.594     -0.359     -0.599      0.007
2.4000       -29979.872   -29988.529        8.657   347.0      0.444     -0.049     -0.171     -0.150     -0.089     -0.004
2.4500       -29979.768   -29988.482        8.714   349.3     -0.331      0.002     -0.273      0.130      0.126      0.040
2.5000       -29979.434   -29987.955        8.521   341.5     -0.053      0.504     -1.601     -0.097     -0.207     -0.170
2.5500       -29979.621   -29988.248        8.627   345.8     -0.513     -0.055     -0.163      0.628     -0.032     -0.281
2.6000       -29979.568   -29988.141        8.573   343.7     -0.807      0.571     -0.255      0.990      0.111      0.338
2.6500       -29980.253   -29988.775        8.523   341.6     -0.301     -0.501      0.066     -0.146     -0.254     -0.067
2.7000       -29980.251   -29988.523        8.272   331.6      0.207     -0.619     -0.232      0.464      0.211     -0.238
2.7500       -29980.409   -29988.965        8.555   342.9      0.364     -0.226      0.205      0.187     -0.102      0.333
2.8000       -29980.125   -29988.084        7.959   319.0     -0.134      0.082     -0.722      0.078     -0.143      0.068
2.8500       -29980.042   -29988.133        8.091   324.3      0.544      0.615      0.857      0.113      0.018     -0.072
2.9000       -29980.633   -29988.256        7.622   305.5     -0.504     -0.045     -0.393      0.042     -0.283     -0.308
2.9500       -29980.922   -29989.014        8.092   324.4      0.288     -0.546     -0.918      0.112      0.091      0.235
3.0000       -29981.367   -29989.404        8.038   322.2     -0.765     -0.387     -0.450      0.464     -0.101     -0.108
3.0500       -29980.797   -29989.018        8.221   329.5      0.315     -0.437     -0.561     -0.392     -0.022      0.093
3.1000       -29981.211   -29989.193        7.982   320.0     -0.669      0.586      0.757     -0.076      0.422      0.263
3.1500       -29981.260   -29988.855        7.595   304.5     -0.334     -0.413     -0.626     -0.119     -0.436      0.343
3.2000       -29981.052   -29989.516        8.464   339.3     -0.544     -0.027     -0.037     -0.083      0.214      0.014
3.2500       -29981.391   -29989.445        8.054   322.9      0.264     -0.590     -0.980      0.287     -0.321     -0.030
3.3000       -29981.316   -29989.205        7.889   316.2     -0.551     -0.187      0.233     -0.231      0.283      0.313
3.3500       -29981.496   -29989.371        7.875   315.7      0.379     -0.438      0.222     -0.128     -0.341     -0.196
3.4000       -29981.468   -29989.230        7.762   311.2      0.398     -0.753     -0.145      0.108      0.038     -0.281
3.4500       -29981.061   -29989.387        8.326   333.7     -0.087      0.527      0.599     -0.669      0.394      0.369
3.5000       -29981.300   -29989.059        7.759   311.0      0.226      0.190      0.369     -0.112     -0.092     -0.118
3.5500       -29980.940   -29988.607        7.668   307.4     -0.260     -0.714     -0.953      0.073      0.201      0.319
3.6000       -29981.108   -29989.297        8.189   328.3     -1.087      0.542     -0.971      0.604      0.246     -0.309
3.6500       -29980.996   -29989.273        8.277   331.8     -0.457     -0.127     -1.176     -0.116     -0.013      0.161
3.7000       -29981.241   -29989.381        8.139   326.3     -0.051     -0.157      0.150     -0.292     -0.236     -0.475
3.7500       -29981.188   -29988.748        7.561   303.1      0.322     -0.008      0.077      0.326      0.290     -0.067
3.8000       -29981.509   -29989.527        8.018   321.4     -0.378     -0.316     -0.975     -0.184      0.156      0.086
3.8500       -29981.615   -29989.432        7.816   313.3      0.671     -1.560      0.018     -0.437      0.453     -0.306
3.9000       -29981.559   -29989.910        8.352   334.8      0.293     -0.035     -0.714      0.047      0.365     -0.066
3.9500       -29981.959   -29989.334        7.375   295.6     -0.265     -0.778      0.272     -0.452      0.165     -0.089
4.0000       -29981.828   -29989.891        8.063   323.2      0.592     -0.569      0.912     -0.122      0.165     -0.052
4.0500       -29982.430   -29989.498        7.068   283.3      0.822      1.318      0.225     -0.330      0.246     -0.490
4.1000       -29982.022   -29990.279        8.257   331.0      1.086      0.175      0.562      0.097     -0.482     -0.135
4.1500       -29981.999   -29989.754        7.755   310.8     -0.050      0.756      0.436     -0.117     -0.121     -0.076
4.2000       -29981.262   -29989.215        7.952   318.8      0.238      0.660      0.344      0.764      0.333      0.024
4.2500       -29980.957   -29989.031        8.074   323.6      0.069      0.145      0.930      0.630     -0.627      0.308
4.3000       -29981.061   -29988.939        7.878   315.8     -0.088     -0.021     -0.097     -0.391      0.444     -0.188
4.3500       -29980.715   -29988.570        7.855   314.9     -0.112      0.207     -0.673      0.127      0.183      0.403
4.4000       -29980.690   -29988.125        7.435   298.0     -0.283     -0.476      0.461      0.384     -0.253     -0.668
4.4500       -29980.059   -29988.568        8.509   341.1      0.250      0.926     -0.368     -0.282      0.684      0.335
4.5000       -29980.447   -29988.824        8.377   335.8     -0.093      0.456      0.057     -0.156      0.267     -0.204
4.5500       -29980.597   -29989.703        9.106   365.0      0.255      0.605     -0.399      0.569      0.252      0.161
4.6000       -29980.257   -29988.838        8.581   344.0     -0.076      0.443      0.422      0.066      0.245      0.605
4.6500       -29979.857   -29988.170        8.313   333.2      0.195     -0.731      0.267      0.210     -0.190     -0.333
4.7000       -29979.838   -29987.977        8.138   326.2      0.886     -0.566     -0.060      0.204      0.618     -0.041
4.7500       -29979.724   -29988.307        8.583   344.0      0.130     -0.275     -0.401      0.337     -0.004      0.258
4.8000       -29979.311   -29987.926        8.615   345.3     -0.698     -1.153     -0.093      0.261     -0.023      0.015
4.8500       -29980.125   -29988.641        8.515   341.3      0.380     -0.429     -0.820      0.106     -0.253      0.532
4.9000       -29980.210   -29988.201        7.991   320.3     -0.380     -0.250     -0.232     -0.161     -0.008     -0.079
4.9500       -29979.890   -29988.473        8.582   344.0      0.292     -0.276     -0.501     -0.470      0.389      0.184
5.0000       -29980.011   -29988.230        8.220   329.5      0.173     -1.191     -0.195     -1.089     -0.135     -0.491
5.0500       -29979.008   -29988.164        9.156   367.0      0.359     -0.163      0.045     -0.096     -0.174     -0.168
5.1000       -29979.047   -29987.789        8.742   350.4      0.108      0.113     -0.332     -0.201     -0.285     -0.387
5.1500       -29979.226   -29988.104        8.877   355.8      0.008     -0.031      0.114      0.030      0.109     -0.351
5.2000       -29979.205   -29987.621        8.417   337.4     -0.330     -0.273     -0.908      0.113      0.066      0.411
5.2500       -29979.436   -29987.789        8.353   334.8      0.287      0.845      0.643     -0.196     -0.484     -0.676
5.3000       -29979.641   -29987.953        8.312   333.2      0.123      0.749      0.226      0.240     -0.020      0.022
5.3500       -29979.883   -29988.902        9.019   361.5     -0.411     -1.056     -0.948      0.458     -0.299     -0.302
5.4000       -29980.077   -29988.336        8.259   331.1      0.045     -0.410     -0.395      0.287      0.457     -0.575
5.4500       -29980.016   -29988.320        8.305   332.9     -0.587     -0.264      0.098     -0.363     -0.312      0.670
5.5000       -29980.307   -29988.707        8.400   336.7      0.320     -0.759     -0.094      0.330     -0.395      0.202
5.5500       -29980.411   -29988.900        8.489   340.3      0.577      0.439     -0.308     -0.274      0.083     -0.332
5.6000       -29980.435   -29988.506        8.071   323.5     -0.206     -0.844     -0.743      0.219      0.058     -0.118
5.6500       -29980.832   -29988.766        7.933   318.0     -0.164      0.293      0.159      0.080     -0.183     -0.078
5.7000       -29980.854   -29988.289        7.435   298.0      0.111      0.056     -0.428      0.089      0.434     -0.571
5.7500       -29980.504   -29988.367        7.864   315.2     -1.144     -1.097      0.310      0.373     -0.512     -0.187
5.8000       -29980.632   -29989.113        8.481   340.0     -0.151      0.506      0.433      0.347      0.332      0.061
5.8500       -29980.139   -29988.713        8.574   343.7      0.853     -0.641     -0.075      0.080     -0.526      0.209
5.9000       -29979.895   -29988.564        8.670   347.5      0.041      0.532     -0.265      0.428     -0.149     -0.620
5.9500       -29979.937   -29988.320        8.383   336.0      1.375      0.446     -0.335      0.196     -0.419      0.435
6.0000       -29979.602   -29987.830        8.228   329.8     -1.320      0.457     -0.161      0.047     -0.482     -0.699
6.0500       -29979.881   -29988.195        8.314   333.3     -0.755     -0.295     -0.081     -0.099      0.104     -0.029
6.1000       -29979.890   -29988.586        8.696   348.6     -0.802     -0.433      0.292      0.194     -0.263     -0.564
6.1500       -29980.304   -29988.021        7.718   309.4     -0.164     -0.775      0.143     -0.396      0.157     -0.028
6.2000       -29980.321   -29988.412        8.091   324.3      0.853      0.175     -0.665      0.382     -0.097      0.411
6.2500       -29979.560   -29987.727        8.166   327.3     -1.290      0.801      0.475      0.051     -0.274      0.159
6.3000       -29979.661   -29987.848        8.186   328.1      0.188     -0.825      0.314     -0.304      0.186      0.335
6.3500       -29979.786   -29987.922        8.136   326.1     -0.370     -1.048     -0.473      0.360     -0.457      0.008
6.4000       -29980.258   -29988.621        8.364   335.3      0.104     -0.041      0.366     -0.318     -0.278     -0.108
6.4500       -29980.804   -29988.574        7.770   311.5     -1.062      0.495     -0.623      0.460      0.349     -0.399
6.5000       -29980.775   -29988.223        7.448   298.6      0.243     -0.453      0.253     -0.212      0.161     -0.274
6.5500       -29980.172   -29988.307        8.135   326.1     -0.529     -0.020     -0.411      0.221     -0.254      0.327
6.6000       -29979.903   -29987.951        8.049   322.6     -0.719     -0.036     -0.651     -0.468     -0.013     -0.981
6.6500       -29979.876   -29988.764        8.888   356.3     -0.100      0.431      0.268      0.357      0.470      0.093
6.7000       -29980.091   -29988.078        7.987   320.2      0.728      0.455      0.776      0.001      0.030     -0.185
6.7500       -29980.307   -29988.732        8.426   337.7     -0.227      0.489      0.006      0.164     -0.204     -0.525
6.8000       -29979.694   -29987.893        8.199   328.7     -0.036      0.226     -0.096     -0.024      0.150      0.015
6.8500       -29979.660   -29988.109        8.450   338.7      0.122      0.258      0.691      0.005     -0.027      0.133
6.9000       -29979.585   -29988.832        9.247   370.7      0.201     -0.542     -0.752      0.014     -0.004      0.164
6.9500       -29979.543   -29987.789        8.246   330.6     -0.564     -0.674      1.260     -0.263     -0.347      0.688
7.0000       -29979.337   -29988.178        8.840   354.4     -0.461     -0.755     -0.193     -0.295      0.853     -0.208
7.0500       -29979.369   -29987.600        8.230   329.9      0.549      0.176      0.574     -0.396      0.266     -0.673
7.1000       -29979.360   -29987.770        8.410   337.1     -0.710     -1.106     -0.339     -0.740      0.129     -0.624
7.1500       -29979.327   -29987.666        8.339   334.3     -1.287     -0.633     -0.321     -0.306     -0.113     -0.007
7.2000       -29979.139   -29987.510        8.371   335.6     -0.201     -0.032      0.552      0.541      0.688     -0.315
7.2500       -29979.119   -29988.064        8.945   358.6     -0.506     -0.349     -0.220      0.146     -0.440      0.175
7.3000       -29979.308   -29987.916        8.608   345.1     -0.055     -0.218     -0.134      0.062     -0.275      0.230
7.3500       -29980.039   -29988.588        8.549   342.7      0.145      0.195      0.205     -0.297      0.274      0.271
7.4000       -29980.779   -29988.959        8.180   327.9     -0.944     -1.432     -0.325     -0.209     -0.674      0.243
7.4500       -29980.362   -29988.939        8.578   343.8     -0.405     -0.204      0.268      0.338     -0.381      0.489
7.5000       -29979.931   -29988.812        8.882   356.0      0.023      0.291     -0.637     -0.244      0.513     -0.030
7.5500       -29980.008   -29988.654        8.646   346.6     -1.347      0.067     -0.203      0.565      0.252      0.097
7.6000       -29979.958   -29988.477        8.518   341.5     -0.575     -0.134     -1.426      0.152      0.152      0.109
7.6500       -29980.437   -29989.338        8.901   356.8     -0.490      0.197     -0.667     -0.039     -0.049      0.634
7.7000       -29980.753   -29988.789        8.036   322.1     -0.528     -0.490     -0.489     -0.010     -0.098      0.248
7.7500       -29980.490   -29988.629        8.139   326.2      0.204     -0.015     -0.639     -0.023      0.149      0.088
7.8000       -29980.887   -29988.514        7.627   305.7      0.468      0.126     -0.107      0.030      0.233     -0.184
7.8500       -29980.541   -29988.059        7.517   301.3     -0.425      0.434      1.229      0.061     -0.157      0.131
7.9000       -29980.606   -29987.986        7.380   295.8     -0.132     -0.403     -0.018      0.455     -0.155      0.391
7.9500       -29980.667   -29988.461        7.794   312.4      0.483     -0.273      0.404     -0.307      0.127     -0.020
8.0000       -29980.738   -29988.566        7.828   313.8      0.055      0.313      0.539      0.138     -0.229      0.423
8.0500       -29981.013   -29988.656        7.643   306.4     -1.796     -0.276     -0.110      0.148      0.299      0.011
8.1000       -29981.055   -29989.107        8.053   322.8     -0.306     -0.184     -0.373      0.150     -0.380     -0.014
8.1500       -29980.317   -29988.750        8.433   338.0     -0.748     -0.202     -0.287      0.254      0.018     -0.128
8.2000       -29980.622   -29988.998        8.376   335.8     -0.031     -0.024      0.189     -0.105      0.064     -0.026
8.2500       -29979.644   -29988.059        8.415   337.3     -0.456      0.456      0.764     -0.108      0.101     -0.306
8.3000       -29979.835   -29987.404        7.569   303.4     -0.520      0.043     -0.195     -0.073      0.407      0.100
8.3500       -29980.179   -29987.951        7.772   311.6     -0.328     -0.722      0.163      0.477      0.243      0.135
8.4000       -29980.118   -29988.438        8.320   333.5     -1.282     -0.265      0.069      0.600     -0.371      0.520
8.4500       -29979.563   -29987.852        8.288   332.2     -0.222     -0.416     -0.389     -0.150      0.181      0.388
8.5000       -29979.926   -29988.666        8.740   350.3      0.865      0.087      0.147      0.236      0.146     -0.380
8.5500       -29979.540   -29988.561        9.020   361.6     -1.216     -0.356     -0.034      0.207     -0.075      0.294
8.6000       -29979.803   -29987.711        7.908   317.0     -0.613     -0.669     -0.262     -0.003     -0.207      0.445
8.6500       -29980.137   -29988.287        8.150   326.7      0.201      0.758      0.587      0.011      0.124      0.270
8.7000       -29980.817   -29988.781        7.964   319.2      0.110     -0.234     -0.158      0.167      0.480      0.278
8.7500       -29980.722   -29988.816        8.095   324.5     -0.784     -0.540      0.249     -0.132      0.222     -0.230
8.8000       -29980.348   -29988.199        7.851   314.7      0.356     -0.034      0.302      0.630     -0.250      0.178
8.8500       -29980.627   -29988.148        7.522   301.5      0.126     -0.282      0.187     -0.264     -0.355      0.039
8.9000       -29980.683   -29988.828        8.145   326.5      0.560      0.629      0.608     -0.092      0.050      0.411
8.9500       -29980.141   -29988.854        8.713   349.2     -0.370     -0.162     -0.025      0.601     -0.039      0.215
9.0000       -29980.371   -29988.713        8.342   334.4     -0.819     -0.813     -0.666     -0.318      0.081      0.298
9.0500       -29980.775   -29988.172        7.397   296.5      0.854      0.518      0.321      0.297     -0.202     -0.405
9.1000       -29981.194   -29988.539        7.345   294.4     -0.687      0.148      0.281      0.176      0.134      0.127
9.1500       -29981.972   -29988.758        6.786   272.0      0.799     -0.257     -0.233      0.461      0.152      0.673
9.2000       -29981.796   -29989.367        7.572   303.5     -0.414      1.168      0.789      0.197      0.287     -0.606
9.2500       -29981.711   -29989.781        8.071   323.5      0.288      0.450      0.089     -0.110     -0.148      0.047
9.3000       -29981.353   -29989.135        7.782   311.9     -0.064     -0.352      0.364     -0.470      0.706     -0.154
9.3500       -29981.807   -29989.369        7.562   303.1      0.184      0.247      0.666     -0.389     -0.555      0.233
9.4000       -29981.927   -29989.215        7.288   292.1      0.066      0.132     -0.569     -0.350      0.274      0.558
9.4500       -29981.610   -29988.836        7.226   289.7     -1.809     -0.965     -0.581      0.160      0.229     -0.322
9.5000       -29981.501   -29989.076        7.575   303.7      0.324      0.320     -0.340     -0.441     -0.328      0.118
9.5500       -29981.574   -29988.781        7.207   288.9      0.536      0.352     -0.080     -0.394     -0.056     -0.297
9.6000       -29980.794   -29988.658        7.864   315.2     -0.769      0.302     -0.159      0.381      0.051      0.085
9.6500       -29981.045   -29989.498        8.453   338.8      0.059      0.332      0.433      0.008      0.429      0.124
9.7000       -29981.030   -29988.955        7.925   317.7      0.060      0.544     -0.632     -0.181      0.218      0.119
9.7500       -29980.964   -29988.539        7.575   303.7     -0.464     -0.195     -0.237      0.185      0.367      0.469
9.8000       -29981.473   -29988.238        6.765   271.2     -0.658     -0.635      0.915      0.057      0.215      0.389
9.8500       -29981.625   -29989.293        7.668   307.4      0.428      0.221      0.003      0.232     -0.010     -0.019
9.9000       -29982.450   -29989.961        7.511   301.1      0.542     -0.350     -0.590     -0.268      0.657      0.380
9.9500       -29981.560   -29989.414        7.854   314.8      0.431     -0.111      0.909      0.086     -0.042      0.090
10.0000      -29981.343   -29989.131        7.788   312.2     -0.281      0.222     -0.934     -0.959      0.434      0.007
