# Step  E_PER_ATOM_RMSE  E_RMSE  F_RMSE
10000       1.721399e-02   3.322300e+00   1.376217e-01 
40000       4.147219e-03   8.004131e-01   8.841413e-02 
70000       6.701373e-03   1.293365e+00   7.221394e-02 
100000      6.166966e-03   1.190224e+00   6.567822e-02 
130000      5.250096e-03   1.013269e+00   6.214980e-02 
160000      1.547868e-03   2.987386e-01   6.025343e-02 
190000      5.835727e-03   1.126296e+00   5.642071e-02 
220000      4.585942e-03   8.850868e-01   5.457187e-02 
250000      7.481657e-03   1.443960e+00   5.653927e-02 
280000      6.139761e-03   1.184974e+00   5.536274e-02 
310000      5.081426e-03   9.807152e-01   4.911134e-02 
340000      2.420277e-03   4.671133e-01   4.809447e-02 
370000      2.698979e-03   5.209030e-01   4.727688e-02 
400000      4.095091e-03   7.903526e-01   4.616506e-02 
430000      1.294842e-03   2.499045e-01   4.737025e-02 
460000      1.995358e-03   3.851042e-01   4.509539e-02 
490000      8.423010e-03   1.625641e+00   4.441297e-02 
520000      2.458681e-03   4.745255e-01   4.332414e-02 
550000      2.345221e-03   4.526276e-01   4.373099e-02 
580000      2.719938e-03   5.249480e-01   4.245042e-02 
610000      1.902711e-03   3.672233e-01   4.258353e-02 
640000      2.601258e-03   5.020428e-01   4.104502e-02 
670000      6.951190e-04   1.341580e-01   4.269470e-02 
700000      3.979994e-03   7.681389e-01   4.052784e-02 
730000      7.290939e-04   1.407151e-01   4.034438e-02 
760000      9.553697e-04   1.843863e-01   3.929037e-02 
790000      2.623186e-03   5.062748e-01   3.873611e-02 
820000      8.816188e-04   1.701525e-01   3.905854e-02 
850000      1.257788e-03   2.427530e-01   3.801258e-02 
880000      4.069301e-03   7.853749e-01   3.830074e-02 
910000      6.313129e-03   1.218434e+00   3.781066e-02 
940000      5.577535e-03   1.076464e+00   4.076643e-02 
970000      2.068732e-03   3.992653e-01   3.703456e-02 
1000000     1.501716e-03   2.898312e-01   4.003063e-02 
1030000     1.702814e-03   3.286430e-01   3.859099e-02 
1060000     4.058928e-03   7.833730e-01   3.585597e-02 
1090000     2.411703e-03   4.654588e-01   3.528144e-02 
1120000     5.475922e-03   1.056853e+00   3.537731e-02 
1150000     8.683784e-04   1.675970e-01   3.525687e-02 
1180000     1.891708e-03   3.650997e-01   3.670358e-02 
1210000     2.543637e-03   4.909221e-01   3.586482e-02 
1240000     9.454332e-04   1.824686e-01   3.493730e-02 
1270000     5.649066e-03   1.090269e+00   3.403876e-02 
1300000     4.956416e-04   9.565882e-02   3.652819e-02 
1330000     1.345142e-03   2.596125e-01   3.384330e-02 
1360000     2.019840e-03   3.898290e-01   3.386926e-02 
1390000     1.693284e-03   3.268037e-01   3.510214e-02 
1420000     4.203610e-04   8.112969e-02   3.341627e-02 
1450000     2.171485e-03   4.190967e-01   3.330925e-02 
1480000     3.660297e-03   7.064373e-01   3.665913e-02 
1510000     5.126043e-03   9.893263e-01   3.323593e-02 
1540000     2.378966e-03   4.591404e-01   3.555382e-02 
1570000     2.472889e-03   4.772676e-01   3.260612e-02 
1600000     4.385262e-04   8.463556e-02   3.347536e-02 
1630000     2.071865e-03   3.998699e-01   3.501923e-02 
1660000     3.125774e-03   6.032745e-01   3.404804e-02 
1690000     1.594783e-03   3.077932e-01   3.233130e-02 
1720000     3.112565e-03   6.007250e-01   3.214252e-02 
1750000     5.913209e-04   1.141250e-01   3.318059e-02 
1780000     2.978627e-03   5.748751e-01   3.216810e-02 
1810000     8.840697e-04   1.706255e-01   3.248686e-02 
1840000     9.184129e-04   1.772537e-01   3.301240e-02 
1870000     1.204240e-03   2.324182e-01   3.192756e-02 
1900000     2.785452e-03   5.375922e-01   3.184970e-02 
1930000     3.826489e-03   7.385123e-01   3.184884e-02 
1960000     1.198216e-03   2.312557e-01   3.186642e-02 
1990000     2.022753e-03   3.903913e-01   3.118423e-02 
2020000     4.371834e-03   8.437641e-01   3.278343e-02 
2050000     2.400553e-03   4.633067e-01   3.090950e-02 
2080000     3.338776e-03   6.443839e-01   3.228169e-02 
2110000     2.678167e-03   5.168862e-01   3.167871e-02 
2140000     3.841635e-03   7.414357e-01   3.101439e-02 
2170000     3.842251e-03   7.415546e-01   3.607537e-02 
2200000     1.066372e-03   2.058099e-01   3.312240e-02 
2230000     1.065720e-03   2.056840e-01   3.088459e-02 
2260000     1.849194e-03   3.568945e-01   3.035149e-02 
2290000     9.356808e-04   1.805864e-01   3.203472e-02 
2320000     2.241470e-03   4.326037e-01   2.990625e-02 
2350000     1.993135e-03   3.846751e-01   3.131674e-02 
2380000     4.261084e-03   8.223893e-01   3.022937e-02 
2410000     9.183289e-04   1.772374e-01   3.287679e-02 
2440000     4.158630e-03   8.026155e-01   3.048976e-02 
2470000     7.969954e-04   1.538201e-01   3.257529e-02 
2500000     1.470319e-03   2.837717e-01   2.992734e-02 
2530000     4.621550e-04   8.919592e-02   3.409547e-02 
2560000     7.762878e-04   1.498236e-01   3.033007e-02 
2590000     1.439307e-03   2.777863e-01   3.070156e-02 
2620000     3.030142e-03   5.848173e-01   2.974613e-02 
2650000     4.256032e-03   8.214141e-01   2.988561e-02 
2680000     5.797564e-04   1.118930e-01   3.239356e-02 
2710000     4.568467e-03   8.817142e-01   2.923435e-02 
2740000     6.356977e-04   1.226897e-01   3.107219e-02 
2770000     1.427177e-03   2.754451e-01   3.017606e-02 
2800000     5.170719e-03   9.979487e-01   2.996588e-02 
2830000     4.631429e-03   8.938658e-01   2.881287e-02 
2860000     9.574027e-04   1.847788e-01   2.889437e-02 
2890000     7.775987e-04   1.500766e-01   2.995411e-02 
2920000     1.990185e-03   3.841056e-01   2.980921e-02 
2950000     2.656399e-03   5.126850e-01   2.907730e-02 
2980000     1.551833e-03   2.995039e-01   2.865320e-02 
3010000     4.442342e-04   8.573723e-02   2.932059e-02 
3040000     4.448090e-04   8.584813e-02   3.031516e-02 
3070000     3.713077e-03   7.166238e-01   2.858037e-02 
3100000     1.271339e-03   2.453683e-01   2.951218e-02 
3130000     8.591010e-04   1.658065e-01   3.285611e-02 
3160000     1.305006e-03   2.518661e-01   2.876234e-02 
3190000     2.500337e-03   4.825650e-01   2.855513e-02 
3220000     8.655042e-04   1.670423e-01   2.811772e-02 
3250000     6.201828e-04   1.196953e-01   2.850733e-02 
3280000     4.227383e-04   8.158848e-02   2.958810e-02 
3310000     1.547662e-03   2.986987e-01   3.050278e-02 
3340000     3.784288e-03   7.303675e-01   2.809759e-02 
3370000     3.997849e-03   7.715849e-01   2.825223e-02 
3400000     1.287349e-03   2.484583e-01   2.827624e-02 
3430000     1.354464e-03   2.614115e-01   2.850495e-02 
3460000     3.788907e-04   7.312591e-02   3.040651e-02 
3490000     2.419404e-03   4.669450e-01   2.935813e-02 
3520000     8.075489e-04   1.558569e-01   2.872463e-02 
3550000     2.650967e-03   5.116367e-01   2.770722e-02 
3580000     2.431394e-03   4.692591e-01   2.821282e-02 
3610000     4.268110e-03   8.237453e-01   2.816524e-02 
3640000     2.586674e-03   4.992280e-01   2.857915e-02 
3670000     2.362769e-03   4.560144e-01   2.800396e-02 
3700000     9.952231e-04   1.920781e-01   2.849587e-02 
3730000     2.630325e-03   5.076528e-01   2.753079e-02 
3760000     1.012361e-03   1.953858e-01   2.765171e-02 
3790000     1.313478e-03   2.535013e-01   3.004043e-02 
3820000     9.398096e-04   1.813833e-01   2.849174e-02 
3850000     1.763326e-03   3.403219e-01   2.760664e-02 
3880000     1.019090e-03   1.966843e-01   2.762649e-02 
3910000     1.011023e-03   1.951275e-01   2.859621e-02 
3940000     2.153795e-03   4.156823e-01   2.728529e-02 
3970000     1.952721e-03   3.768751e-01   2.783662e-02 
4000000     1.189770e-03   2.296255e-01   2.836963e-02 
4030000     4.983557e-04   9.618267e-02   2.750351e-02 
4060000     4.982974e-04   9.617138e-02   2.847889e-02 
4090000     3.520996e-03   6.795523e-01   2.756528e-02 
4120000     7.377450e-04   1.423848e-01   2.846736e-02 
4150000     6.279642e-04   1.211971e-01   2.871372e-02 
4180000     1.130712e-03   2.182273e-01   2.695860e-02 
4210000     2.506633e-03   4.837803e-01   2.788547e-02 
4240000     1.876346e-03   3.621347e-01   2.684642e-02 
4270000     3.309901e-03   6.388109e-01   2.694602e-02 
4300000     1.392731e-03   2.687970e-01   2.747260e-02 
4330000     2.655687e-03   5.125476e-01   2.675139e-02 
4360000     2.300046e-03   4.439089e-01   2.674253e-02 
4390000     2.043762e-03   3.944460e-01   2.768988e-02 
4420000     1.200001e-03   2.316003e-01   2.709075e-02 
4450000     1.707040e-03   3.294588e-01   2.941198e-02 
4480000     6.126135e-04   1.182344e-01   2.705982e-02 
4510000     8.093670e-04   1.562079e-01   2.706556e-02 
4540000     4.973224e-04   9.598323e-02   2.708033e-02 
4570000     1.887933e-03   3.643711e-01   2.705228e-02 
4600000     1.315737e-03   2.539372e-01   2.653804e-02 
4630000     6.372315e-04   1.229857e-01   2.820359e-02 
4660000     1.457735e-03   2.813429e-01   2.722328e-02 
4690000     1.919431e-03   3.704503e-01   2.684046e-02 
4720000     7.474529e-04   1.442584e-01   2.737808e-02 
4750000     4.801185e-03   9.266287e-01   2.711439e-02 
4780000     8.449766e-04   1.630805e-01   2.739997e-02 
4810000     5.161844e-04   9.962358e-02   2.650982e-02 
4840000     1.096761e-03   2.116748e-01   2.846551e-02 
4870000     7.894702e-04   1.523677e-01   3.004155e-02 
4900000     1.626585e-03   3.139310e-01   2.770792e-02 
4930000     2.265451e-03   4.372321e-01   2.820067e-02 
4960000     3.603580e-04   6.954911e-02   2.751208e-02 
4990000     3.229627e-03   6.233179e-01   2.621515e-02 
5000000     6.959357e-04   1.343156e-01   2.647914e-02 
5001000     6.101516e-04   1.177593e-01   3.187249e-02 
5005000     3.514276e-04   6.782550e-02   3.034603e-02 
5006000     8.108024e-04   1.564849e-01   2.767949e-02 
5010000     6.491429e-04   1.252846e-01   2.819440e-02 
5011000     2.179692e-03   4.206805e-01   2.675305e-02 
5015000     2.664385e-03   5.142262e-01   2.700651e-02 
5016000     9.142488e-04   1.764500e-01   2.683913e-02 
5020000     2.570986e-03   4.962002e-01   2.730568e-02 
5021000     1.465306e-03   2.828041e-01   2.985438e-02 
5025000     2.663023e-04   5.139636e-02   2.886935e-02 
5026000     1.996571e-03   3.853382e-01   2.737997e-02 
5030000     1.206286e-03   2.328132e-01   2.806515e-02 
5031000     4.111955e-03   7.936074e-01   5.376567e-02 
5035000     4.351360e-03   8.398125e-01   4.944238e-02 
5036000     6.535214e-03   1.261296e+00   4.968769e-02 
5040000     6.331844e-03   1.222046e+00   4.622498e-02 
5041000     3.494560e-04   6.744500e-02   2.663408e-02 
5045000     2.237402e-03   4.318186e-01   2.661680e-02 
5046000     2.075556e-03   4.005823e-01   2.744462e-02 
5050000     8.804176e-04   1.699206e-01   2.741713e-02 
