Time[ps]      Etot[eV]     Epot[eV]     Ekin[eV]    T[K]      ---------------------- stress [GPa] -----------------------
0.0000       -29979.956   -29988.109        8.153   326.8     -0.079     -1.073      0.331     -0.269      0.628     -0.001
0.0500       -29980.172   -29988.391        8.218   329.4     -0.108      0.393     -0.131     -0.152     -0.210      0.183
0.1000       -29980.151   -29988.412        8.261   331.1     -0.129     -0.099     -0.134      0.119      0.213      0.025
0.1500       -29980.316   -29988.096        7.779   311.8      0.060      0.021     -0.193     -0.226      0.076     -0.048
0.2000       -29979.833   -29987.973        8.140   326.3     -0.126     -0.536      0.790     -0.593      0.019     -0.489
0.2500       -29979.537   -29988.205        8.668   347.5     -0.276     -0.316     -0.736     -0.198     -0.157      0.151
0.3000       -29980.215   -29987.781        7.566   303.3     -1.274      0.123     -0.085     -0.132     -0.057     -0.243
0.3500       -29980.300   -29988.203        7.903   316.8     -0.628     -0.764     -0.908     -0.281      0.518     -0.106
0.4000       -29979.875   -29987.949        8.074   323.6     -0.736     -0.543     -0.672     -0.386      0.197     -0.203
0.4500       -29979.564   -29988.211        8.647   346.6      0.374      0.754      0.156     -0.385      0.039     -0.206
0.5000       -29979.599   -29987.920        8.321   333.6     -0.846     -0.198      0.067      0.157      0.423     -0.267
0.5500       -29979.779   -29988.082        8.303   332.8      0.839     -0.061     -0.014     -0.345     -0.187      0.294
0.6000       -29979.543   -29987.693        8.151   326.7      0.444      0.241      0.266      0.550      0.288      0.084
0.6500       -29979.306   -29987.260        7.954   318.8     -0.810      0.001     -0.526     -0.714     -0.153     -0.077
0.7000       -29979.385   -29987.924        8.539   342.3     -0.848      0.433      0.773      0.206      0.296      0.297
0.7500       -29979.629   -29987.902        8.273   331.6     -0.016     -0.842     -0.616      0.321      0.333      0.019
0.8000       -29979.693   -29987.213        7.520   301.4     -1.227      0.677     -1.583      0.482      0.344      0.618
0.8500       -29979.794   -29987.717        7.922   317.6     -0.445      0.087      0.165     -0.182     -0.341     -0.056
0.9000       -29979.742   -29987.438        7.696   308.5     -0.718      0.004     -0.813      0.223     -0.230     -0.250
0.9500       -29979.690   -29987.520        7.829   313.8     -0.823      0.124      0.700     -0.257      0.795     -0.158
1.0000       -29979.399   -29987.916        8.517   341.4     -1.024     -0.429     -0.071      0.115     -0.221      0.246
1.0500       -29979.354   -29988.537        9.183   368.1      0.231      0.077      0.212      0.239     -0.212     -0.299
1.1000       -29979.215   -29988.180        8.965   359.3     -0.763      0.013     -1.302     -0.088     -0.040     -0.013
1.1500       -29980.087   -29988.418        8.331   333.9      0.998      0.222      0.238      0.458      0.139     -0.043
1.2000       -29980.510   -29988.766        8.255   330.9      0.689     -0.034      0.299     -0.123     -0.229      0.639
1.2500       -29981.133   -29988.906        7.774   311.6     -0.123     -0.745     -0.743      0.099      0.422      0.323
1.3000       -29981.361   -29988.660        7.299   292.6     -0.343     -0.302     -0.393     -0.094     -0.824     -0.124
1.3500       -29980.727   -29988.455        7.729   309.8      0.709      0.939     -0.758     -0.132      0.481     -0.038
1.4000       -29980.596   -29988.174        7.578   303.8     -0.075     -0.939     -0.141      0.224     -0.183     -0.145
1.4500       -29980.860   -29988.031        7.171   287.5     -0.467      0.579     -0.494     -0.378     -0.140     -0.433
1.5000       -29980.299   -29988.342        8.043   322.4     -0.592      0.287      0.022     -0.365      0.225      0.630
1.5500       -29980.091   -29987.299        7.207   288.9     -0.522      0.056     -0.501     -0.157     -0.446     -0.312
1.6000       -29980.367   -29987.859        7.492   300.3      0.246     -0.245     -0.265     -0.930     -0.131      0.552
1.6500       -29980.068   -29988.076        8.008   321.0     -0.146      0.361     -0.542      0.339      0.185      0.255
1.7000       -29979.936   -29987.496        7.560   303.0     -0.175      0.431     -0.855      0.442     -0.070     -0.002
1.7500       -29979.668   -29987.426        7.758   311.0      0.037     -0.734     -0.303      0.297      0.165     -0.395
1.8000       -29979.842   -29987.861        8.019   321.4     -0.894      0.186      0.059      0.368      0.746      0.457
1.8500       -29979.638   -29987.398        7.760   311.1     -0.227     -1.037     -1.412     -0.458      0.062     -0.359
1.9000       -29980.101   -29988.207        8.106   324.9     -0.789     -0.131      0.455      0.038     -0.217     -0.067
1.9500       -29980.117   -29987.576        7.459   299.0     -0.190     -0.226     -0.262      0.206      0.340     -0.363
2.0000       -29980.285   -29988.479        8.194   328.5      0.312     -0.437      0.031      0.792      0.024      0.165
2.0500       -29979.799   -29988.133        8.334   334.1     -0.131     -0.332      0.298     -0.678      0.186      0.190
2.1000       -29979.840   -29988.082        8.243   330.4     -0.917     -0.085     -1.242     -0.196     -0.289     -0.235
2.1500       -29979.537   -29988.068        8.531   342.0     -0.127      0.559     -0.178     -0.800     -0.035      0.493
2.2000       -29979.404   -29988.061        8.656   347.0     -0.733     -0.879     -1.069     -0.044      0.302     -0.165
2.2500       -29979.637   -29987.584        7.947   318.6      0.410     -0.224     -0.077      0.148      0.305      0.058
2.3000       -29980.160   -29987.510        7.350   294.6     -1.153      0.377      0.162     -0.448     -0.617     -0.339
2.3500       -29980.258   -29987.822        7.564   303.2     -0.058     -0.505     -0.499      0.092      0.299     -0.174
2.4000       -29979.808   -29987.768        7.959   319.0     -0.924      0.288     -1.576     -0.137     -0.022      0.220
2.4500       -29979.578   -29987.480        7.902   316.8     -0.512     -0.103     -1.185     -0.457      0.042      0.362
2.5000       -29979.455   -29987.258        7.803   312.8     -0.911     -1.560     -0.233     -0.167      0.006      0.367
2.5500       -29979.151   -29987.631        8.480   339.9     -0.148      0.175     -0.674      0.052      0.098     -0.453
2.6000       -29979.367   -29988.135        8.767   351.4     -0.678     -0.572     -0.653      0.018     -0.405      0.007
2.6500       -29978.739   -29987.275        8.537   342.2     -1.164      0.024     -1.624      0.350      0.084      0.129
2.7000       -29978.423   -29987.586        9.163   367.3     -0.659     -0.590     -0.401     -0.379      0.030     -0.256
2.7500       -29978.749   -29986.955        8.206   328.9     -0.317     -0.767      0.042     -0.391     -0.464      0.202
2.8000       -29979.038   -29987.635        8.597   344.6     -0.718      0.242     -0.412      0.101      0.347      0.378
2.8500       -29978.963   -29987.160        8.197   328.6     -0.274     -0.170     -0.024     -0.100      0.315      0.144
2.9000       -29979.515   -29987.127        7.612   305.1     -0.960     -0.630     -0.923      0.274     -0.423      0.030
2.9500       -29979.803   -29987.617        7.814   313.2     -0.241     -0.034      0.190     -0.226      0.096      0.131
3.0000       -29980.106   -29988.064        7.959   319.0      0.066     -1.061     -0.295     -0.234     -0.036     -0.331
3.0500       -29980.044   -29988.215        8.171   327.5      0.224      0.256     -0.137      0.360     -0.434      0.193
3.1000       -29979.742   -29987.488        7.746   310.5      0.111     -0.473     -0.904      0.289      0.558      0.078
3.1500       -29979.571   -29987.355        7.784   312.0     -0.434     -0.111     -0.506     -0.166     -0.121      0.419
3.2000       -29979.241   -29986.883        7.642   306.3     -0.521      0.404     -0.623     -0.497     -0.076      0.257
3.2500       -29978.851   -29987.186        8.334   334.1      0.522     -0.064     -0.182     -0.324      0.086     -0.198
3.3000       -29978.544   -29986.885        8.341   334.3     -0.118     -0.452     -0.214      0.890     -0.026      0.079
3.3500       -29979.317   -29987.312        7.995   320.5     -0.677     -0.226     -0.790     -0.259     -0.192     -0.530
3.4000       -29979.362   -29987.598        8.236   330.1     -0.767      0.195      0.497      0.358     -0.207     -0.064
3.4500       -29979.804   -29987.021        7.218   289.3      0.182      0.023     -1.165     -0.048      0.440     -0.214
3.5000       -29979.670   -29987.578        7.908   317.0      0.527      1.370      0.715     -0.146     -0.255     -0.222
3.5500       -29979.511   -29987.715        8.204   328.9     -0.346     -0.849     -0.030      0.036      0.540     -0.193
3.6000       -29979.900   -29988.021        8.121   325.5     -0.535     -1.107     -1.115      0.513     -0.470      0.163
3.6500       -29980.248   -29987.879        7.631   305.9      0.452     -0.372     -0.062     -0.237     -0.376     -0.006
3.7000       -29980.639   -29988.025        7.387   296.1      0.305     -0.340      0.247     -0.160     -0.258      0.269
3.7500       -29980.778   -29988.580        7.802   312.8      0.231     -0.139     -0.274      0.048      0.251      0.008
3.8000       -29980.918   -29988.355        7.438   298.1     -0.463      0.907     -0.449     -0.065     -0.372      0.049
3.8500       -29980.959   -29988.992        8.034   322.0     -0.359     -1.137     -0.916     -0.193      0.356      0.028
3.9000       -29981.453   -29989.051        7.598   304.6     -0.205     -0.178     -0.321      0.232     -0.383      0.141
3.9500       -29980.907   -29988.469        7.561   303.1      0.453     -0.225     -0.990     -0.207      0.199     -0.630
4.0000       -29980.622   -29988.830        8.208   329.0     -0.147     -0.368     -0.518      0.203     -0.364      0.577
4.0500       -29980.158   -29988.076        7.918   317.4     -0.377     -1.089     -0.594     -0.175     -0.024     -0.499
4.1000       -29980.241   -29988.332        8.091   324.3     -0.055     -0.013     -0.329     -0.382     -0.532     -0.077
4.1500       -29980.174   -29988.283        8.109   325.1     -0.474     -1.017     -0.678      0.110      0.340      0.324
4.2000       -29980.209   -29988.404        8.195   328.5      0.736      0.580      0.119     -0.527     -0.698      0.171
4.2500       -29980.062   -29988.430        8.368   335.4      0.026     -0.049      0.140     -0.114     -0.483      0.193
4.3000       -29979.753   -29988.578        8.825   353.8     -0.884     -0.802     -0.665      0.748     -0.112     -0.243
4.3500       -29980.048   -29988.203        8.155   326.9      0.140     -0.430     -0.072     -0.073     -0.477      0.430
4.4000       -29979.895   -29987.662        7.767   311.4     -0.216     -0.851     -0.918     -0.039     -0.365     -0.443
4.4500       -29979.038   -29987.549        8.511   341.2     -0.826     -0.449     -0.333     -0.380      0.182      0.356
4.5000       -29979.113   -29987.705        8.592   344.4     -0.212     -1.123     -1.516     -0.204     -0.140     -0.228
4.5500       -29979.032   -29987.215        8.183   328.0     -0.713     -0.486      0.146     -0.286      0.365      0.194
4.6000       -29979.162   -29987.707        8.545   342.5     -0.946      0.069     -0.433      0.058      0.265      0.208
4.6500       -29979.739   -29988.262        8.522   341.6      0.488     -0.616     -0.338     -0.052      0.712      0.329
4.7000       -29979.703   -29988.738        9.035   362.2     -0.198      0.401     -1.085     -0.307     -0.114     -0.128
4.7500       -29979.830   -29987.863        8.034   322.0     -0.410     -1.220     -0.857     -0.254     -0.330     -0.183
4.8000       -29980.055   -29988.238        8.184   328.0     -1.183     -1.060     -0.154      0.156      0.304     -0.204
4.8500       -29979.789   -29988.395        8.605   344.9      0.729     -0.897     -0.432     -0.464      0.333     -0.408
4.9000       -29979.771   -29988.320        8.549   342.7     -0.693     -0.351     -0.740      0.023      0.447     -0.112
4.9500       -29979.513   -29988.025        8.512   341.2     -0.677     -0.382     -0.508     -0.018      0.690      0.021
5.0000       -29979.821   -29988.393        8.571   343.6     -0.224     -1.062      0.050      0.272     -0.308      0.157
5.0500       -29979.697   -29987.988        8.291   332.4     -0.830     -0.144     -1.379      0.066     -0.274      0.135
5.1000       -29980.120   -29988.314        8.194   328.5     -1.221     -1.480      0.103      0.023      0.917      0.203
5.1500       -29980.230   -29988.689        8.459   339.1      0.220     -0.067     -0.595     -0.222     -0.587      0.367
5.2000       -29979.859   -29987.135        7.275   291.6     -0.460     -0.350      0.348      0.030     -0.251     -0.550
5.2500       -29980.033   -29988.006        7.973   319.6     -0.497     -1.048     -1.214      0.116     -0.242      0.060
5.3000       -29980.529   -29988.758        8.229   329.8     -0.773     -0.264     -0.556     -0.874     -0.343     -0.539
5.3500       -29980.491   -29988.646        8.156   326.9     -0.627     -1.180     -0.686      0.296      0.163      0.362
5.4000       -29980.683   -29988.348        7.665   307.2      0.579      0.010     -1.284      0.160      0.075     -0.407
5.4500       -29981.060   -29989.100        8.040   322.3     -0.102     -0.205      0.934     -0.125     -0.143      0.484
5.5000       -29980.329   -29988.898        8.570   343.5      1.066      0.170      0.061      0.683      0.321      0.340
5.5500       -29980.306   -29988.930        8.623   345.7     -0.319     -0.534     -0.162     -0.085     -0.361     -0.047
5.6000       -29979.626   -29988.197        8.571   343.6      0.452     -0.383      0.366     -0.348      0.402      0.114
5.6500       -29979.728   -29988.467        8.739   350.3     -0.059     -0.193     -0.294     -0.118      0.022      0.823
5.7000       -29979.308   -29988.043        8.735   350.2     -0.441     -0.705     -1.545      0.118      0.327     -0.376
5.7500       -29979.425   -29988.252        8.827   353.8     -1.022     -0.563     -0.548     -0.119      0.112      0.189
5.8000       -29979.056   -29987.631        8.574   343.7      0.451     -0.106      0.547      0.590     -0.126     -0.606
5.8500       -29979.327   -29987.645        8.318   333.4      0.249      0.499     -0.563      0.231      0.047      0.608
5.9000       -29979.077   -29987.898        8.822   353.6     -0.498     -0.591     -1.083     -0.015     -0.250      0.336
5.9500       -29978.983   -29987.293        8.310   333.1     -0.297     -0.474     -1.005      0.099     -0.116      0.216
6.0000       -29979.293   -29987.414        8.121   325.5      0.118     -0.696     -0.045     -0.180      0.429     -0.595
6.0500       -29978.962   -29987.664        8.702   348.8     -0.584     -0.233     -0.591     -0.111     -0.178      0.432
6.1000       -29979.329   -29987.801        8.472   339.6     -0.679     -1.444     -1.036     -0.335     -0.128     -0.307
6.1500       -29979.585   -29988.234        8.649   346.7      0.510      0.478      0.288      0.235     -0.004     -0.000
6.2000       -29979.654   -29987.934        8.280   331.9     -0.627      0.023     -0.818      0.119     -0.074      0.693
6.2500       -29979.365   -29987.672        8.307   333.0     -0.565     -1.025     -0.247     -0.400     -0.271     -0.168
6.3000       -29979.178   -29986.744        7.566   303.3     -0.008     -0.840     -0.431      0.375     -0.081      0.283
6.3500       -29978.977   -29987.494        8.517   341.4     -0.032     -0.199     -1.184     -0.168     -0.223     -0.147
6.4000       -29978.561   -29987.465        8.903   356.9      0.211      0.212     -0.660      0.080      0.303      0.024
6.4500       -29978.618   -29987.391        8.772   351.6     -1.207     -1.188     -1.049     -0.256     -0.396     -0.489
6.5000       -29979.088   -29987.812        8.724   349.7      0.336      0.281     -0.209      0.024      0.148      0.042
6.5500       -29979.299   -29987.254        7.955   318.9     -0.356     -0.927      0.598      0.048     -0.620      0.104
6.6000       -29980.024   -29987.471        7.447   298.5      0.573     -0.154     -0.405      0.121      0.286      0.065
6.6500       -29980.354   -29988.225        7.871   315.5     -0.150     -0.644      0.461      0.172     -0.322      0.426
6.7000       -29980.437   -29988.801        8.364   335.3      0.005     -0.247     -0.608      0.078      0.496     -0.008
6.7500       -29980.232   -29988.324        8.092   324.4      0.076     -0.801      0.274      0.213     -0.270      0.531
6.8000       -29980.387   -29989.113        8.726   349.8      0.725      0.096     -0.993      0.065      0.264      0.380
6.8500       -29980.266   -29988.469        8.203   328.8      0.766      0.815      0.168      0.183     -0.071      0.502
6.9000       -29980.429   -29987.656        7.228   289.7     -0.486      0.578      0.480     -0.182      0.227      0.118
6.9500       -29980.351   -29987.859        7.508   301.0      0.741      0.192     -0.445     -0.108      0.094      0.493
7.0000       -29980.344   -29988.227        7.883   316.0     -0.444     -0.513     -0.206     -0.115     -0.460     -0.322
7.0500       -29980.656   -29988.195        7.539   302.2     -1.022     -0.136     -0.262     -0.472     -0.378      0.147
7.1000       -29980.957   -29988.992        8.035   322.1     -0.055     -0.673     -0.687      0.207      0.442     -0.535
7.1500       -29980.954   -29988.512        7.558   303.0      0.149     -0.784     -0.461     -0.824     -0.123     -0.292
7.2000       -29980.893   -29988.799        7.905   316.9     -0.706      0.042     -1.036      0.080     -0.056     -0.562
7.2500       -29980.718   -29988.252        7.534   302.0      0.718      0.626      0.978      0.282     -0.732      0.291
7.3000       -29980.821   -29988.100        7.279   291.8     -0.899     -0.091     -0.538      0.175      0.101     -0.030
7.3500       -29980.938   -29988.611        7.673   307.6     -1.217     -0.642     -0.326     -0.174      0.321     -0.078
7.4000       -29981.336   -29988.566        7.231   289.8     -0.458      0.118     -0.146      0.184     -0.455     -0.282
7.4500       -29980.472   -29988.605        8.133   326.0      0.295     -0.556     -0.004     -0.462     -0.429     -0.246
7.5000       -29980.371   -29987.682        7.311   293.1      0.385     -0.913     -0.100     -0.442      0.206     -0.181
7.5500       -29979.939   -29987.488        7.549   302.6     -0.185      0.646      0.013      0.109      0.494     -0.038
7.6000       -29980.192   -29987.703        7.511   301.1      0.207     -0.780     -0.402     -0.225      0.302     -0.067
7.6500       -29980.531   -29988.199        7.668   307.4     -1.531     -0.570     -0.923      0.149     -0.300     -0.680
7.7000       -29980.854   -29988.541        7.687   308.1      0.633     -0.243     -0.511      0.630      0.011     -0.041
7.7500       -29980.726   -29988.930        8.204   328.8     -0.779      0.288     -1.012     -0.474     -0.345     -0.391
7.8000       -29980.901   -29988.734        7.833   314.0      0.507      0.706     -0.689     -0.072      0.571     -0.110
7.8500       -29980.669   -29987.773        7.105   284.8      0.117     -0.864     -0.478      0.367     -0.427     -0.022
7.9000       -29980.604   -29988.203        7.599   304.6      0.342     -0.045      0.133     -1.181      0.443     -0.505
7.9500       -29980.624   -29988.279        7.655   306.9     -1.540     -0.319     -0.442     -0.257     -0.452      0.183
8.0000       -29980.810   -29989.119        8.309   333.1     -0.606     -0.626     -1.019     -0.117      0.231     -0.488
8.0500       -29980.557   -29987.984        7.427   297.7     -1.034     -0.248     -0.378     -0.029      0.553      0.432
8.1000       -29980.312   -29988.221        7.908   317.0     -0.914     -1.267     -1.127      0.119     -0.300     -0.663
8.1500       -29980.415   -29988.578        8.164   327.2     -1.221     -1.080      0.040      0.275      0.018      0.152
8.2000       -29980.812   -29988.277        7.466   299.3      0.101     -0.002     -0.136      0.047     -0.548     -0.372
8.2500       -29979.978   -29988.396        8.418   337.4     -0.464      0.114     -0.335     -0.346     -0.300      0.293
8.3000       -29979.629   -29989.107        9.478   379.9      0.105     -1.118     -1.193     -0.250     -0.162     -0.088
8.3500       -29979.736   -29987.568        7.832   313.9     -0.380     -0.261     -1.290     -0.672      0.209     -0.329
8.4000       -29979.651   -29988.096        8.444   338.5      0.100     -0.527      0.162     -0.251     -0.260      0.052
8.4500       -29979.648   -29988.117        8.469   339.5     -0.949      0.637     -0.727     -0.070     -0.129      0.364
8.5000       -29979.281   -29988.361        9.081   364.0     -1.144     -0.676     -0.359      0.171     -0.579      0.604
8.5500       -29979.997   -29988.404        8.407   337.0      0.241      0.438     -0.880      0.089      0.075     -0.004
8.6000       -29980.325   -29988.135        7.810   313.1     -0.060      0.846      0.565     -0.161     -0.030      0.617
8.6500       -29979.893   -29988.254        8.361   335.2      0.326     -0.522     -0.091      0.271     -0.051      0.023
8.7000       -29979.590   -29988.094        8.504   340.9     -0.148     -0.203      0.501      0.023     -0.177     -0.088
8.7500       -29979.726   -29988.633        8.907   357.0     -0.683     -0.714     -0.087      0.187     -0.244      0.027
8.8000       -29979.961   -29988.566        8.605   344.9      0.572     -0.201     -0.657      0.190      0.072      0.087
8.8500       -29980.314   -29988.525        8.212   329.2     -0.461     -0.904      0.212      0.184     -0.518      0.109
8.9000       -29980.132   -29988.314        8.183   328.0     -0.052     -0.361     -0.573     -0.337      0.742     -0.122
8.9500       -29980.778   -29988.729        7.951   318.7      0.049     -0.307     -0.233     -0.091     -0.060      0.376
9.0000       -29980.331   -29988.559        8.227   329.8     -0.440     -1.202      0.289      0.306     -0.271      0.315
9.0500       -29980.784   -29989.170        8.386   336.2     -0.273     -0.325      0.370     -0.500     -0.164     -0.127
9.1000       -29981.130   -29989.578        8.448   338.6      0.346      0.155      0.592      0.266     -0.229      0.302
9.1500       -29981.210   -29988.850        7.639   306.2     -0.266     -0.611     -0.278     -0.293     -0.308     -0.482
9.2000       -29981.057   -29989.330        8.274   331.6      0.009      0.534     -0.045     -0.249     -0.050      0.043
9.2500       -29981.151   -29988.600        7.448   298.6     -0.929     -0.029      0.374      0.361      0.473      0.277
9.3000       -29980.546   -29988.293        7.747   310.5      0.519     -0.930     -0.725     -0.595      0.094      0.115
9.3500       -29980.894   -29988.662        7.768   311.4     -1.140     -0.479     -1.090      0.011     -0.085     -0.244
9.4000       -29981.288   -29988.709        7.421   297.5     -0.611     -0.450     -0.008     -0.098      0.209     -0.002
9.4500       -29980.498   -29989.102        8.603   344.9     -0.520     -1.285     -0.652      0.122      0.016     -0.261
9.5000       -29980.178   -29987.791        7.613   305.2     -0.982     -0.624     -0.543     -0.042     -0.406     -0.050
9.5500       -29979.792   -29987.674        7.882   315.9      0.440     -0.269     -0.612      0.467     -0.088     -0.244
9.6000       -29980.070   -29987.615        7.545   302.4      0.043     -0.731      0.137     -0.254     -0.382      0.108
9.6500       -29979.851   -29987.717        7.866   315.3      0.128      0.204     -0.191     -0.303      0.510     -0.323
9.7000       -29979.529   -29988.441        8.913   357.3     -0.440     -1.012     -0.557      0.287      0.585     -0.440
9.7500       -29980.179   -29988.160        7.981   319.9     -0.043     -0.492     -1.288      0.170     -0.147      0.265
9.8000       -29980.002   -29988.871        8.870   355.5     -0.480     -0.209     -0.540     -0.342      0.713     -0.221
9.8500       -29980.049   -29988.406        8.358   335.0      0.686      0.026     -0.048     -0.141      0.267     -0.911
9.9000       -29980.020   -29988.229        8.209   329.0      0.235     -0.469     -0.069     -0.402      0.400     -0.408
9.9500       -29980.481   -29988.578        8.097   324.6      0.613      0.130      0.532     -0.308      0.264     -0.184
10.0000      -29980.338   -29988.742        8.404   336.9     -0.460     -0.478     -0.739      0.145      0.048      0.205
10.0500      -29979.849   -29988.127        8.278   331.8     -0.520     -0.607     -0.268     -0.493      0.159     -0.207
10.1000      -29979.788   -29988.359        8.572   343.6      0.105     -0.578     -0.844      0.376      0.361     -0.582
10.1500      -29979.569   -29987.863        8.295   332.5     -1.014     -0.078     -0.712     -0.212     -0.115     -0.150
10.2000      -29979.612   -29988.039        8.427   337.8     -0.267     -0.675     -0.497      0.591     -0.266      0.181
10.2500      -29980.243   -29988.535        8.292   332.4     -0.389      0.184      0.099     -0.707      0.524     -0.301
10.3000      -29980.133   -29988.121        7.988   320.2      0.025     -0.225     -0.043      0.021     -0.169      0.256
10.3500      -29980.126   -29988.223        8.097   324.6     -0.601     -1.239      0.354     -0.280      0.004      0.162
10.4000      -29980.151   -29988.223        8.072   323.6     -1.395     -0.349     -1.478      0.398      0.329     -0.161
10.4500      -29980.085   -29988.824        8.739   350.3     -0.106     -0.688     -0.726     -0.390      0.234     -0.696
10.5000      -29980.188   -29988.268        8.080   323.9     -1.334     -0.476     -1.127      0.152      0.210      0.613
10.5500      -29980.371   -29988.416        8.045   322.5      0.476     -0.458     -0.417      0.424      0.403     -0.452
10.6000      -29980.417   -29988.484        8.067   323.4     -0.601     -0.823     -0.194     -0.024      0.162     -0.106
10.6500      -29980.016   -29987.615        7.599   304.6     -0.501     -0.558      0.149      0.527     -0.078     -0.297
10.7000      -29979.685   -29988.410        8.725   349.7     -0.215      0.095     -0.038     -0.010      0.265      0.579
10.7500      -29979.977   -29987.988        8.012   321.1      0.653      0.419      0.596      0.364      0.082      0.200
10.8000      -29980.348   -29988.494        8.146   326.5      0.383     -0.164      0.949     -0.406     -0.339      0.163
10.8500      -29980.562   -29988.512        7.949   318.6      0.680      1.186      0.148      0.763     -0.217      0.374
10.9000      -29980.236   -29988.123        7.887   316.1     -0.677      0.337     -0.457     -0.130     -0.003     -0.406
10.9500      -29980.124   -29988.039        7.915   317.3      0.113     -0.483      0.185     -0.021     -0.358      0.591
11.0000      -29979.899   -29988.080        8.181   327.9     -0.585      0.060     -0.581     -0.296      0.149      0.129
11.0500      -29979.816   -29987.791        7.975   319.7     -0.475     -0.578     -0.351     -0.111      0.113      0.371
11.1000      -29979.681   -29987.951        8.270   331.5     -1.210     -0.604     -1.617      0.067     -0.665     -0.565
11.1500      -29979.581   -29988.277        8.697   348.6     -0.368     -0.548     -0.604      0.356     -0.288      0.637
11.2000      -29979.643   -29988.617        8.974   359.7     -0.353      0.266     -0.662      0.004      0.390     -0.442
11.2500      -29979.172   -29987.973        8.801   352.8      0.205      0.343     -1.067      0.035      0.133      0.210
11.3000      -29979.234   -29987.688        8.453   338.9     -0.100      0.743      0.605      0.006     -0.493      0.137
11.3500      -29979.292   -29987.400        8.108   325.0     -0.051     -0.330     -0.244     -0.086      0.204     -0.079
11.4000      -29979.197   -29987.510        8.312   333.2      0.113     -1.031      0.330      0.386     -0.239     -0.120
11.4500      -29979.188   -29988.148        8.960   359.2     -0.075      0.065     -0.373     -0.241     -0.454     -0.303
11.5000      -29979.192   -29987.729        8.537   342.2     -0.668     -0.258     -0.754      0.666      0.090      0.894
11.5500      -29979.326   -29987.680        8.354   334.9     -0.301     -0.432     -0.457      0.110      0.092     -0.331
11.6000      -29979.714   -29987.900        8.186   328.2     -0.023     -0.704     -0.557      0.139      0.444      0.005
11.6500      -29980.076   -29988.070        7.994   320.5     -0.789     -0.904      0.294      0.018      0.253     -0.081
11.7000      -29980.288   -29988.074        7.786   312.1      0.066     -0.713     -0.102      0.061      0.314      0.223
11.7500      -29980.650   -29988.508        7.858   315.0      0.517      0.103     -0.684      0.018      0.367     -0.021
11.8000      -29980.931   -29989.133        8.202   328.8     -0.145     -0.715      0.403     -0.257      0.279     -0.266
11.8500      -29981.399   -29989.412        8.013   321.2     -0.866     -0.907      0.030      0.100     -0.224     -0.014
11.9000      -29981.294   -29989.516        8.222   329.6     -0.505     -0.518      0.456      0.246      0.147     -0.059
11.9500      -29981.840   -29989.389        7.549   302.6     -0.759      0.012     -0.046      0.077     -0.232      0.365
12.0000      -29981.754   -29989.797        8.043   322.4     -0.904     -0.269     -0.021     -0.208     -0.329      0.379
12.0500      -29981.415   -29988.439        7.025   281.6      0.660      0.722     -0.088     -0.232     -0.201     -0.329
12.1000      -29981.076   -29989.482        8.406   337.0     -0.888     -0.475      0.019     -0.225      0.043     -0.289
12.1500      -29980.872   -29988.355        7.483   300.0     -0.045     -0.807     -0.702     -0.249     -0.939     -0.126
12.2000      -29980.611   -29988.762        8.151   326.7      0.498     -0.190      0.701     -0.383      0.237     -0.814
12.2500      -29980.148   -29988.547        8.399   336.7     -1.279     -1.031     -0.135     -0.629     -0.128      0.063
12.3000      -29979.346   -29988.404        9.058   363.1      0.168     -0.866      0.001      0.054      0.365      0.086
12.3500      -29979.577   -29988.967        9.390   376.4     -0.056     -0.278     -1.607     -0.043     -0.166     -0.661
12.4000      -29979.758   -29988.248        8.490   340.3     -0.615     -0.047      1.009     -0.275     -0.261      0.021
12.4500      -29979.895   -29988.684        8.788   352.3     -1.171     -0.081     -2.052     -0.020      0.058     -0.715
12.5000      -29980.806   -29988.980        8.174   327.7     -0.382     -0.632     -0.097      0.081     -0.029     -0.016
12.5500      -29980.119   -29988.299        8.180   327.9     -0.159     -0.188     -0.465     -0.334      0.435      0.068
12.6000      -29980.585   -29988.350        7.765   311.2      0.123     -0.063     -0.133     -0.249      0.160     -0.398
12.6500      -29980.293   -29988.484        8.191   328.3     -0.565     -0.033     -0.000     -0.213     -0.357     -1.069
12.7000      -29980.142   -29987.559        7.417   297.3     -0.504     -0.103     -0.231     -0.001      0.192      0.007
12.7500      -29980.398   -29988.189        7.792   312.3     -0.010     -0.008     -0.133     -0.020      0.202      0.179
12.8000      -29980.727   -29988.504        7.776   311.7      0.407     -0.340      0.180      0.101     -0.161      0.231
12.8500      -29980.669   -29987.832        7.163   287.1      0.059      0.146      0.234     -0.175      0.580     -0.383
12.9000      -29981.013   -29988.316        7.303   292.7     -0.462     -0.686     -0.226     -0.065      0.132     -0.233
12.9500      -29981.765   -29988.723        6.958   278.9     -0.009     -0.185     -0.350     -0.062     -0.847     -0.062
13.0000      -29981.314   -29989.115        7.801   312.7     -0.812     -0.131     -0.755     -0.247     -0.176     -0.102
13.0500      -29980.778   -29988.416        7.638   306.1     -1.199     -1.159     -0.426      0.521     -0.042      0.130
13.1000      -29980.381   -29988.053        7.672   307.5     -0.648     -0.203      0.031     -0.119     -0.273     -0.198
13.1500      -29980.147   -29987.807        7.659   307.0     -0.644     -0.451     -0.806     -0.174     -0.179      0.196
13.2000      -29979.708   -29988.092        8.384   336.1     -0.639     -0.460     -0.158     -0.899      0.343     -0.522
13.2500      -29979.162   -29988.350        9.188   368.3     -0.385     -1.487     -0.344     -0.082     -0.616     -0.314
13.3000      -29979.494   -29988.201        8.707   349.0     -0.330      0.053     -0.286      0.049      0.062      0.570
13.3500      -29979.729   -29987.617        7.888   316.2     -0.536     -1.110     -0.333      0.254     -0.003      0.552
13.4000      -29979.434   -29988.305        8.870   355.6      0.447      0.049      0.076      0.494     -0.224     -0.000
13.4500      -29979.897   -29988.543        8.646   346.6     -0.807     -0.581     -1.024     -0.041     -0.139      0.188
13.5000      -29979.788   -29988.225        8.437   338.2     -0.124     -0.053     -1.336     -0.135     -0.501     -0.022
13.5500      -29979.515   -29988.150        8.635   346.1     -0.545     -1.140     -0.423     -0.068      0.370     -0.216
13.6000      -29979.647   -29988.404        8.758   351.0      0.092      0.431      0.193      0.411     -0.348      0.431
13.6500      -29980.371   -29989.176        8.804   352.9      0.894     -0.026     -0.163     -0.285     -0.261     -0.058
13.7000      -29980.480   -29988.547        8.067   323.4     -0.610     -0.560      0.667      0.318     -0.017      0.678
13.7500      -29980.998   -29988.592        7.594   304.4     -0.093     -0.744     -0.528      0.015     -0.461     -0.365
13.8000      -29980.741   -29988.834        8.093   324.4     -0.573     -0.069     -0.396     -0.469     -0.554      0.060
13.8500      -29980.287   -29988.162        7.875   315.7     -0.665     -0.501     -0.157     -0.198      0.119     -0.304
13.9000      -29979.950   -29987.820        7.870   315.5     -0.038     -0.215     -1.039      0.357      0.380     -0.448
13.9500      -29980.554   -29988.340        7.786   312.1      0.111      0.599      0.452      0.019      0.605     -0.144
14.0000      -29980.554   -29988.619        8.065   323.3     -0.022     -0.137     -0.393     -0.450      0.002      0.226
14.0500      -29980.704   -29988.934        8.230   329.9     -0.035     -0.161     -0.419      0.294      0.343     -0.062
14.1000      -29980.680   -29988.744        8.064   323.2     -0.300     -0.676     -0.019     -0.284     -0.450     -0.025
14.1500      -29980.632   -29988.572        7.941   318.3     -0.169     -0.179     -0.784      0.215      0.354     -0.462
14.2000      -29980.953   -29988.912        7.959   319.1     -0.378      0.667      0.150     -0.526      0.068      0.044
14.2500      -29980.686   -29988.633        7.947   318.6      0.264     -0.236      0.676      0.349     -0.192     -0.173
14.3000      -29980.492   -29989.068        8.576   343.8      0.616      0.348     -1.271     -0.157     -0.275      0.046
14.3500      -29980.457   -29988.695        8.238   330.2     -0.818     -0.765      0.683     -0.106      0.132      0.025
14.4000      -29980.517   -29988.604        8.086   324.1     -0.059      0.276     -0.468      0.215     -0.711     -0.188
14.4500      -29980.572   -29988.361        7.790   312.3     -1.480     -1.341     -0.667     -0.208      0.327      0.433
14.5000      -29980.680   -29988.279        7.599   304.6     -0.252     -0.023     -0.249      0.415     -0.447      0.079
14.5500      -29980.717   -29989.541        8.824   353.7     -0.049      0.158     -0.771      0.116     -0.008      0.059
14.6000      -29980.543   -29988.727        8.183   328.0     -0.550     -0.580     -0.947      0.149      0.585      0.220
14.6500      -29980.550   -29988.199        7.649   306.6     -0.346     -0.470      0.183      0.315      0.040      0.214
14.7000      -29980.438   -29988.312        7.874   315.6     -1.072     -0.232     -0.478     -0.050     -0.106     -0.424
14.7500      -29980.464   -29988.523        8.060   323.1     -0.639     -0.622      0.415     -0.363     -0.145      0.166
14.8000      -29980.481   -29987.523        7.042   282.3     -0.052     -1.098     -0.194      0.536     -0.108     -0.341
14.8500      -29980.455   -29988.400        7.946   318.5      0.455     -0.115     -0.727     -0.061     -0.070      0.623
14.9000      -29980.360   -29988.701        8.341   334.4     -0.696      0.013     -1.331      0.056     -0.380      0.250
14.9500      -29980.715   -29988.555        7.840   314.3      0.380     -1.048      0.471      0.003      0.457     -0.049
15.0000      -29980.259   -29988.527        8.269   331.4     -0.429     -0.209     -0.548      0.532     -0.373      0.190
15.0500      -29979.783   -29988.186        8.402   336.8      0.060      0.231     -0.939      0.037      0.195     -0.259
15.1000      -29979.683   -29987.836        8.153   326.8     -0.986     -0.660      1.214     -0.096     -0.251      0.071
15.1500      -29979.887   -29988.068        8.181   327.9      0.012      1.158      0.109     -0.655      0.072     -0.328
15.2000      -29979.706   -29987.508        7.802   312.7     -0.410     -0.189     -0.272     -0.256     -0.176     -0.241
15.2500      -29979.752   -29988.139        8.386   336.2      0.245     -0.341      0.197      0.592      0.167     -0.618
15.3000      -29979.670   -29987.609        7.939   318.2     -0.947     -0.115     -0.147     -0.165      0.179     -0.029
15.3500      -29979.234   -29988.016        8.782   352.0      0.308      0.892     -0.576     -0.117      0.188     -0.061
15.4000      -29979.948   -29988.293        8.345   334.5      0.546      0.613     -0.333      0.626     -0.142     -0.188
15.4500      -29979.808   -29987.787        7.979   319.8      0.129      0.166     -0.291     -0.264      0.817      0.002
15.5000      -29979.940   -29988.105        8.165   327.3      0.363      0.494      0.247      0.363     -0.260      0.183
15.5500      -29980.315   -29988.012        7.697   308.5      0.677     -0.595      0.021      0.322      0.268     -0.357
15.6000      -29979.778   -29987.957        8.179   327.9     -0.462      0.473      0.974     -0.240     -0.291     -0.223
15.6500      -29979.716   -29987.398        7.682   307.9      0.004      0.671      0.229     -0.094      0.198     -0.080
15.7000      -29980.272   -29988.541        8.269   331.5     -0.447     -0.305     -0.124     -0.174     -0.231      0.232
15.7500      -29980.401   -29988.924        8.523   341.7     -0.125     -0.067      0.207      0.227     -0.320      0.374
15.8000      -29980.777   -29988.236        7.459   299.0     -0.882      0.127     -0.317     -0.421     -0.320     -0.463
15.8500      -29980.587   -29988.105        7.518   301.4     -1.035     -0.658     -0.357      0.051     -0.259      0.307
15.9000      -29980.416   -29988.199        7.783   312.0     -1.340      0.098     -1.213      0.786      0.179      0.284
15.9500      -29980.382   -29988.703        8.321   333.6      0.577      0.332      0.123     -0.498      0.326      0.282
16.0000      -29980.079   -29988.082        8.003   320.8     -0.838      0.424      0.729     -0.279      0.389     -0.082
16.0500      -29979.810   -29987.721        7.911   317.1     -0.361     -0.465     -0.353      0.753     -0.668     -0.134
16.1000      -29979.618   -29988.543        8.925   357.8     -0.098     -0.349     -0.170      0.214      0.243     -0.680
16.1500      -29979.644   -29987.287        7.643   306.4     -0.642      0.110      0.195     -0.460     -0.122     -0.949
16.2000      -29979.266   -29987.135        7.868   315.4      0.361     -0.589      0.035     -0.519     -0.047      0.073
16.2500      -29979.078   -29987.279        8.201   328.7     -0.282      0.413      0.555     -0.013      0.277     -0.227
16.3000      -29979.033   -29987.898        8.865   355.4      0.087     -0.535     -0.343     -0.454      0.400      0.882
16.3500      -29979.472   -29987.207        7.735   310.0     -0.459     -0.545     -0.459      0.311     -0.068      0.157
16.4000      -29979.549   -29986.941        7.392   296.3     -1.106     -0.773     -0.802     -0.181     -0.224     -0.039
16.4500      -29979.248   -29987.555        8.306   333.0     -0.080     -0.404     -0.500      0.129      0.396      0.442
16.5000      -29979.066   -29988.332        9.266   371.4     -1.063     -0.082     -0.563     -0.075      0.133     -0.297
16.5500      -29979.484   -29987.633        8.149   326.7      0.572     -0.775      0.743      0.196      0.193     -0.223
16.6000      -29979.275   -29988.100        8.825   353.7     -0.127      0.162     -0.184      0.181      0.142      0.213
16.6500      -29979.079   -29987.807        8.728   349.9      0.426      0.298      0.127      0.925      0.029     -0.366
16.7000      -29979.046   -29987.541        8.495   340.5     -0.461     -0.379     -0.469     -0.205      0.492     -0.112
16.7500      -29979.357   -29987.816        8.459   339.1     -0.979      0.132      0.716      0.734     -0.192      0.389
16.8000      -29979.498   -29987.658        8.160   327.1      0.481     -0.040     -0.444      0.868      0.067     -0.284
16.8500      -29979.034   -29987.385        8.351   334.7      0.694     -0.661     -0.400     -0.309      0.148     -0.052
16.9000      -29979.093   -29988.045        8.951   358.8      1.018      0.481      0.040     -0.044     -0.473      0.054
16.9500      -29979.556   -29988.248        8.692   348.4     -0.729     -1.274     -0.483      0.471      0.055     -0.059
17.0000      -29979.869   -29988.051        8.182   328.0      0.717      0.942     -0.290     -0.589      0.675      0.016
17.0500      -29980.362   -29988.600        8.238   330.2      0.727     -0.334      1.121      0.114     -0.322      0.086
17.1000      -29981.134   -29988.646        7.513   301.2      0.286      0.778      0.547     -0.287      0.290     -0.444
17.1500      -29980.594   -29988.600        8.006   320.9     -0.238     -0.294     -0.254      0.455     -0.394     -0.174
17.2000      -29980.651   -29988.654        8.004   320.8      0.282     -1.086      0.317     -0.215      0.073      0.475
17.2500      -29980.935   -29988.305        7.369   295.4     -1.537      0.150     -0.373     -0.817     -0.710     -0.001
17.3000      -29980.969   -29988.623        7.654   306.8     -0.728      0.444     -0.676      0.483     -0.107     -0.021
17.3500      -29981.098   -29988.484        7.387   296.1     -0.110      0.218     -0.057     -0.208      0.147     -0.084
17.4000      -29981.317   -29988.754        7.437   298.1     -0.363     -0.259      0.052     -0.185     -0.353      0.375
17.4500      -29980.765   -29988.688        7.923   317.6     -1.188     -0.170      0.182      0.204      0.012      0.133
17.5000      -29980.761   -29988.240        7.479   299.8      0.130     -0.043     -0.486      0.209     -0.143     -0.413
17.5500      -29980.445   -29988.098        7.653   306.8      0.738      0.021      0.455     -0.218     -0.054     -0.328
17.6000      -29979.812   -29988.230        8.419   337.5      0.012      0.198     -0.085      0.445      0.272      0.383
17.6500      -29980.227   -29988.518        8.291   332.3      0.736      0.122      0.423     -0.255      0.064     -0.254
17.7000      -29980.475   -29988.189        7.714   309.2      0.157     -0.631      0.346      0.732      0.191      0.028
17.7500      -29980.577   -29988.086        7.509   301.0     -0.568     -0.635     -1.347      0.515     -0.753     -0.629
17.8000      -29980.606   -29988.182        7.576   303.7     -0.802     -0.526      0.303      0.675      0.071      0.247
17.8500      -29980.764   -29988.969        8.205   328.9      0.477     -0.473     -0.262     -0.414      0.692      0.063
17.9000      -29980.992   -29989.662        8.670   347.6     -0.486     -0.093     -0.100      0.266      0.324      0.147
17.9500      -29980.446   -29988.322        7.876   315.7     -0.535     -0.171      0.100      0.229     -0.226     -0.168
18.0000      -29980.531   -29988.412        7.881   315.9     -0.750     -0.958     -1.305     -0.549     -0.059     -0.381
18.0500      -29980.498   -29988.031        7.533   302.0     -0.455     -0.243     -0.135      0.756      0.038      0.131
18.1000      -29980.427   -29988.650        8.223   329.6     -0.907     -1.949     -0.297     -0.279     -0.346      0.342
18.1500      -29980.770   -29988.699        7.929   317.8      0.028     -0.992      0.073      0.200     -0.052     -0.328
18.2000      -29980.454   -29989.240        8.786   352.2     -0.351     -0.099     -0.202     -0.005     -0.619     -0.041
18.2500      -29980.038   -29989.020        8.982   360.0     -0.910     -0.023      0.179     -0.313      0.452      0.588
18.3000      -29980.296   -29988.711        8.415   337.3     -0.402     -0.298      0.055      0.250     -0.881     -0.049
18.3500      -29980.832   -29988.766        7.934   318.0      0.230      0.459      0.055      0.367      0.592      0.102
18.4000      -29981.081   -29989.061        7.980   319.9     -0.497     -0.330     -0.730     -0.262      0.116      0.187
18.4500      -29980.532   -29989.115        8.583   344.0     -0.238     -0.171     -0.213      0.253     -0.335      0.180
18.5000      -29980.329   -29988.400        8.071   323.5      0.811     -0.018      1.528     -0.282     -0.041      0.308
18.5500      -29980.207   -29988.920        8.713   349.3     -0.770     -0.933     -0.806     -0.573     -0.080      0.146
18.6000      -29980.198   -29989.232        9.035   362.2     -0.875     -0.869     -0.005     -0.071      0.044     -0.528
18.6500      -29979.991   -29989.123        9.132   366.0     -0.396     -0.585     -0.989     -0.360     -0.092      0.135
18.7000      -29980.483   -29988.537        8.054   322.9     -0.564     -0.866     -0.670      0.591     -0.269      0.151
18.7500      -29980.299   -29988.879        8.580   343.9     -0.682     -0.147     -1.074     -0.247      0.095     -0.173
18.8000      -29980.553   -29989.090        8.536   342.2     -0.702     -0.277     -1.744     -0.088     -0.045     -0.242
18.8500      -29980.793   -29988.904        8.111   325.1     -1.155     -0.381      0.325      0.115     -0.060      0.291
18.9000      -29981.204   -29989.402        8.198   328.6      0.079     -0.795      0.084      0.146      0.145     -0.646
18.9500      -29981.004   -29989.475        8.470   339.5     -0.752     -0.355      0.183     -0.619      0.473      0.194
19.0000      -29980.688   -29989.557        8.868   355.5      0.272     -0.183      0.342     -0.312     -0.848     -0.459
19.0500      -29981.529   -29989.631        8.102   324.7     -0.634      0.388      0.099     -0.131     -0.018     -0.121
19.1000      -29981.912   -29989.490        7.578   303.8     -1.033      0.095      0.132     -0.748     -0.257      0.178
19.1500      -29981.336   -29989.516        8.180   327.9     -0.314     -1.090     -1.172     -0.291     -0.063     -0.119
19.2000      -29980.939   -29989.562        8.624   345.7     -1.088      0.140     -0.732      0.325      0.181     -0.191
19.2500      -29981.495   -29989.645        8.150   326.7     -0.218      0.879      0.295     -0.341      0.275     -0.072
19.3000      -29981.742   -29989.844        8.102   324.8     -0.721     -0.491     -0.235     -0.070     -0.159      0.217
19.3500      -29982.198   -29989.867        7.669   307.4     -0.518     -0.391     -0.288      0.157     -0.093      0.088
19.4000      -29982.133   -29989.697        7.565   303.2     -0.333     -0.454     -0.200      0.263     -0.005      0.285
19.4500      -29981.597   -29989.555        7.958   319.0     -1.255      0.221     -1.369      0.299      0.886      0.072
19.5000      -29981.605   -29989.961        8.356   334.9     -0.831      0.161     -0.160     -0.097     -0.452      0.374
19.5500      -29981.231   -29988.777        7.546   302.5     -0.092     -0.439     -0.760      0.424      0.004     -0.046
19.6000      -29981.016   -29989.725        8.709   349.1     -1.313     -1.138     -0.454      0.059      0.160      0.261
19.6500      -29981.194   -29989.111        7.917   317.4      0.469      1.054     -0.288      0.398     -0.112     -0.417
19.7000      -29980.968   -29989.572        8.605   344.9      0.190     -0.789     -0.578      0.032     -0.009     -0.738
19.7500      -29980.978   -29988.508        7.530   301.8     -0.644     -0.200     -0.138      0.420      0.153      0.050
19.8000      -29981.274   -29989.770        8.496   340.6     -0.214      0.118      0.197     -0.351      0.473      0.260
19.8500      -29981.528   -29989.617        8.089   324.2      0.496     -0.483     -0.892      0.107     -0.345     -0.398
19.9000      -29981.255   -29989.719        8.464   339.3     -1.682      0.476     -0.195     -0.446     -0.085     -0.463
19.9500      -29981.330   -29989.559        8.229   329.9      0.222      0.364     -0.567     -0.132      0.598     -0.469
20.0000      -29981.671   -29989.914        8.243   330.4     -0.421     -0.793     -0.747     -0.205      0.267     -0.218
20.0500      -29981.523   -29990.482        8.959   359.1     -0.320      0.210     -0.670     -0.361     -0.338     -0.035
20.1000      -29981.633   -29990.057        8.424   337.7     -1.140     -0.027     -0.292      0.181      0.319     -0.464
20.1500      -29981.223   -29989.498        8.275   331.7      0.358     -0.333     -0.659     -0.020      0.095     -0.128
20.2000      -29980.774   -29989.375        8.601   344.8     -0.712     -1.048     -0.904      0.203      0.236     -0.347
20.2500      -29980.758   -29988.887        8.129   325.8     -0.427     -0.309     -0.061     -0.035     -0.209      0.015
20.3000      -29981.168   -29989.406        8.238   330.2     -0.562     -1.087     -0.864      0.203      0.141     -0.300
20.3500      -29980.739   -29988.945        8.207   329.0     -0.535     -0.519     -0.528     -0.747     -0.473     -0.192
20.4000      -29980.095   -29989.033        8.938   358.3     -1.582     -0.770     -1.248      0.328      0.331      0.261
20.4500      -29979.543   -29988.688        9.145   366.6     -0.215     -1.132     -1.946     -0.061      0.109     -0.033
20.5000      -29979.737   -29988.092        8.354   334.9     -0.250      0.024     -0.380      0.078     -0.133      0.287
20.5500      -29980.131   -29988.553        8.422   337.6      0.848     -0.133      0.416      0.374      0.383      0.207
20.6000      -29980.288   -29989.117        8.830   353.9     -0.612      0.365     -0.012     -0.162     -0.022      0.303
20.6500      -29980.788   -29988.754        7.966   319.3      0.288      0.395     -0.096     -0.529     -0.172     -0.444
20.7000      -29980.312   -29988.508        8.196   328.5     -0.811     -1.198     -0.087      0.434      0.187      0.393
20.7500      -29979.856   -29988.953        9.097   364.6     -0.504     -0.266     -0.495     -0.945     -0.150      0.013
20.8000      -29979.555   -29988.533        8.978   359.9      0.208     -0.086     -0.124      0.586      0.365     -0.597
20.8500      -29979.537   -29988.090        8.553   342.8     -0.478     -0.868     -0.175      0.014     -0.155     -0.187
20.9000      -29979.718   -29988.754        9.036   362.2     -0.238      0.291     -0.843      0.430      0.053     -0.346
20.9500      -29979.374   -29988.322        8.949   358.7     -1.135     -1.205     -0.480     -0.209     -0.568     -0.036
21.0000      -29979.493   -29988.742        9.249   370.8     -0.738     -0.347     -0.125      0.103      0.145      0.361
21.0500      -29979.684   -29988.359        8.676   347.8     -1.444     -1.094     -1.495      0.148     -0.206      0.301
21.1000      -29979.180   -29987.463        8.283   332.0     -0.746     -0.983      0.067     -0.038     -0.094     -0.079
21.1500      -29979.289   -29987.885        8.596   344.6      0.891      0.950      0.410      0.143     -0.003      0.411
21.2000      -29979.018   -29987.672        8.653   346.9     -1.161     -0.782     -0.284     -0.426      0.200     -0.308
21.2500      -29979.453   -29988.006        8.553   342.8     -0.467      0.262     -0.755     -0.254     -0.016      0.575
21.3000      -29979.293   -29988.248        8.955   359.0     -1.386     -0.595     -0.667     -0.029     -0.239     -0.129
21.3500      -29979.484   -29988.207        8.723   349.7     -0.548     -0.217      0.833      0.255     -0.460      0.153
21.4000      -29979.214   -29988.213        8.999   360.7     -0.153      0.273      0.149     -0.290      0.269      0.048
21.4500      -29979.174   -29988.459        9.285   372.2     -0.136     -0.245      0.921     -0.285     -0.394      0.053
21.5000      -29979.088   -29987.602        8.514   341.3      0.912     -0.138      0.001     -0.126     -0.204     -0.502
21.5500      -29979.275   -29987.559        8.283   332.0     -0.169     -0.542     -0.440     -0.970     -0.514     -0.101
21.6000      -29979.286   -29988.293        9.007   361.0     -0.829     -0.103     -0.535     -0.256      0.446      0.346
21.6500      -29979.763   -29988.600        8.836   354.2     -0.267     -0.854     -0.288      0.442     -0.219     -0.380
21.7000      -29979.576   -29988.674        9.098   364.7     -1.219     -0.584     -0.469     -0.577     -0.218     -0.510
21.7500      -29979.493   -29988.496        9.003   360.9     -0.112     -0.781     -1.281      0.243     -0.203     -0.011
21.8000      -29980.110   -29987.854        7.744   310.4     -1.283     -1.341     -0.550      0.643      0.609     -0.478
21.8500      -29980.207   -29988.750        8.543   342.4     -0.251     -0.253     -0.526      0.033     -0.130      0.565
21.9000      -29979.929   -29988.574        8.645   346.5     -0.752      0.197      0.072     -0.363      0.313     -0.309
21.9500      -29979.851   -29987.836        7.985   320.1     -0.516      0.653      0.315     -0.245     -0.141     -0.344
22.0000      -29979.752   -29988.322        8.570   343.5     -0.485     -0.599      0.338     -0.262      0.010     -0.263
22.0500      -29979.579   -29988.299        8.720   349.5     -0.598      0.202      0.542     -0.065     -0.162     -0.482
22.1000      -29979.551   -29988.281        8.730   349.9      0.919     -0.511     -0.150     -0.716     -0.235     -0.258
22.1500      -29979.426   -29988.309        8.882   356.0     -0.449     -0.411     -0.582      0.170      0.241     -0.231
22.2000      -29980.045   -29987.709        7.664   307.2     -0.639     -1.070     -0.328     -0.155     -0.045      0.319
22.2500      -29980.158   -29987.715        7.556   302.9     -0.505      0.731      0.406     -0.263     -0.164     -0.353
22.3000      -29979.521   -29988.041        8.520   341.5     -0.066     -0.555      0.153      0.170     -0.541     -0.363
22.3500      -29978.805   -29988.299        9.494   380.6     -0.279     -0.252     -0.070     -0.133     -0.476      0.095
22.4000      -29979.316   -29988.094        8.778   351.8     -0.723      0.109     -0.183     -0.152     -0.079     -0.658
22.4500      -29979.754   -29987.736        7.982   320.0     -0.209     -0.579     -0.427     -0.137     -0.130     -0.409
22.5000      -29979.570   -29987.488        7.918   317.4      0.131     -0.713      0.358      0.020      0.645     -0.086
22.5500      -29979.453   -29988.615        9.162   367.3     -0.550     -1.203     -0.435      0.022      0.193     -0.122
22.6000      -29979.476   -29987.914        8.438   338.2      0.423     -0.323     -1.401      0.082      0.103      0.238
22.6500      -29979.493   -29988.090        8.597   344.6     -0.648     -1.029     -0.212     -0.227     -0.144     -0.471
22.7000      -29979.485   -29987.646        8.161   327.1      0.049     -0.502     -0.872      0.022     -0.283      0.223
22.7500      -29979.460   -29987.855        8.396   336.5     -0.371      0.083     -0.740     -0.257      0.566     -0.159
22.8000      -29980.011   -29988.576        8.565   343.3     -0.259      0.992      0.665      0.372     -0.393     -0.255
22.8500      -29979.970   -29988.395        8.424   337.7     -0.852     -0.042     -0.813     -0.365      0.256      0.078
22.9000      -29979.678   -29987.385        7.707   308.9     -0.675     -0.175     -1.105      0.184     -0.099      0.488
22.9500      -29979.923   -29987.664        7.741   310.3     -0.486      0.267     -0.291     -0.305     -0.169      0.260
23.0000      -29979.874   -29988.201        8.328   333.8     -0.618     -0.440     -0.220      0.162     -0.322      0.020
23.0500      -29980.013   -29988.068        8.055   322.9     -0.400     -0.410     -1.101     -0.412     -0.177      0.454
23.1000      -29980.170   -29988.012        7.842   314.3     -0.019      0.908      0.527      0.189     -0.242     -0.426
23.1500      -29980.112   -29988.123        8.011   321.1     -0.166     -1.011     -0.688     -0.222      0.169      0.034
23.2000      -29980.391   -29988.170        7.779   311.8      0.029     -0.354      0.367      0.178      0.036      0.040
23.2500      -29980.637   -29988.826        8.189   328.3      0.495      0.723     -0.068      0.118     -0.287     -0.235
23.3000      -29980.045   -29987.982        7.938   318.2     -0.077      0.304     -0.336     -0.082     -0.653      0.153
23.3500      -29980.426   -29988.625        8.199   328.7      0.104     -0.150      0.238      0.297     -0.647      0.296
23.4000      -29980.543   -29988.336        7.793   312.4     -0.718     -0.669     -0.754      0.662     -0.170     -0.178
23.4500      -29980.654   -29988.854        8.199   328.7     -0.868     -0.360     -0.215     -0.011     -0.458     -0.207
23.5000      -29980.805   -29989.055        8.249   330.7     -0.183      0.168     -0.121      0.449     -0.144     -0.162
23.5500      -29980.655   -29988.250        7.595   304.5     -0.315     -0.838     -0.897     -0.387     -0.317      0.415
23.6000      -29980.725   -29988.859        8.134   326.1     -0.049     -0.180     -0.150      0.693      0.192      0.096
23.6500      -29980.824   -29988.090        7.266   291.3      0.111     -0.279      0.499     -0.213     -0.187      0.304
23.7000      -29980.632   -29988.520        7.888   316.2     -0.577     -0.292     -0.353     -0.649      0.429     -0.247
23.7500      -29980.238   -29988.268        8.030   321.9     -1.439     -1.259     -1.054      0.284      0.133     -0.892
23.8000      -29980.501   -29988.764        8.263   331.2     -0.178     -0.344     -0.023     -0.200      0.551      0.043
23.8500      -29980.259   -29987.955        7.696   308.5      0.323      0.954      0.385     -0.235      0.176      0.690
23.9000      -29979.787   -29988.232        8.446   338.5     -0.853      0.001      1.022      0.378     -0.011      0.107
23.9500      -29979.556   -29987.488        7.933   318.0      0.412      0.218     -0.695      0.212     -0.186      0.365
24.0000      -29979.528   -29987.910        8.383   336.0     -0.130     -0.407      0.110     -0.196      0.272     -0.207
24.0500      -29978.975   -29987.758        8.783   352.1     -0.197      0.035     -0.629      0.610     -0.178     -0.338
24.1000      -29979.177   -29987.715        8.538   342.2     -0.764      0.161     -0.456     -0.147     -0.088     -0.355
24.1500      -29978.863   -29987.996        9.133   366.1      0.109     -0.708     -0.835     -0.192     -0.190     -0.181
24.2000      -29978.962   -29987.469        8.507   341.0     -0.623     -0.192     -0.537      0.596     -0.345      0.094
24.2500      -29979.011   -29987.314        8.304   332.9     -0.983     -1.228     -0.662     -0.607      0.001      0.194
24.3000      -29978.727   -29987.145        8.418   337.4     -0.365     -0.220     -0.505     -0.094     -0.083     -0.528
24.3500      -29978.638   -29987.145        8.507   341.0     -1.574     -0.986     -0.674      0.008      0.010     -0.264
24.4000      -29979.282   -29987.584        8.302   332.8     -0.715      0.271     -0.188     -0.077      0.327     -0.197
24.4500      -29979.502   -29988.461        8.959   359.1     -0.663     -0.265     -1.014      0.504      0.004     -0.138
24.5000      -29980.118   -29988.588        8.470   339.5     -0.088      0.017     -0.520     -0.434      0.175      0.605
24.5500      -29979.893   -29989.027        9.134   366.2      0.532     -0.786      0.025      0.437     -0.101     -0.027
24.6000      -29979.840   -29988.527        8.687   348.2     -1.145     -0.784     -0.363     -0.135      0.536      0.206
24.6500      -29979.971   -29988.422        8.451   338.8     -0.650      1.146      0.231     -0.142     -0.499      0.665
24.7000      -29980.351   -29988.320        7.970   319.5     -0.252     -0.998     -0.725     -0.039      0.381     -0.347
24.7500      -29980.091   -29988.350        8.258   331.0      0.634     -0.734      0.025     -0.174     -0.347     -0.564
24.8000      -29979.872   -29988.189        8.318   333.4     -0.278     -0.188     -0.034      0.450      0.145      0.251
24.8500      -29979.845   -29988.436        8.591   344.4      0.111     -0.452     -1.162      0.177      0.463      0.064
24.9000      -29979.680   -29988.541        8.861   355.2     -0.209     -0.009     -0.118      0.116      0.267      0.039
24.9500      -29979.161   -29987.629        8.468   339.4     -0.105     -0.756     -0.091     -0.912      0.206     -0.222
25.0000      -29978.890   -29987.502        8.612   345.2     -1.509     -0.182      0.117     -0.231     -0.252      0.029
25.0500      -29979.292   -29987.791        8.499   340.7     -0.396      0.030     -1.436     -0.311     -0.051     -0.019
25.1000      -29979.401   -29987.975        8.574   343.7     -0.259     -0.668     -0.280      0.366      0.279     -0.497
25.1500      -29979.284   -29987.807        8.522   341.6     -0.999     -1.343     -1.031     -0.206      0.263      0.390
25.2000      -29979.446   -29987.711        8.265   331.3      0.025      0.365     -0.110     -0.055      0.143      0.115
25.2500      -29979.311   -29988.088        8.777   351.8     -0.557     -0.368     -0.354      0.202     -0.249      0.154
25.3000      -29980.160   -29988.709        8.549   342.7     -0.924     -1.048     -1.269     -0.203      0.210     -0.021
25.3500      -29980.573   -29989.303        8.730   349.9     -0.691     -0.444     -0.664      0.388     -0.133      0.538
25.4000      -29980.668   -29988.969        8.300   332.7     -0.246     -1.071     -0.777     -0.442      0.054     -0.127
25.4500      -29980.904   -29989.059        8.154   326.9     -0.077     -0.624     -1.638      0.076     -0.547      0.347
25.5000      -29980.543   -29988.992        8.449   338.7     -1.043     -0.681      0.073     -0.078      0.604     -0.002
25.5500      -29980.735   -29989.650        8.915   357.4     -0.924     -0.320     -0.642     -0.763     -0.098     -0.160
25.6000      -29980.415   -29988.883        8.468   339.4     -0.164      0.353      0.483     -0.322      0.057      0.505
25.6500      -29980.389   -29989.363        8.974   359.7     -0.857     -0.729     -1.544     -0.044      0.208      0.125
25.7000      -29980.689   -29989.129        8.440   338.3      0.064     -0.026     -0.610      0.520      0.745     -0.878
25.7500      -29980.832   -29989.295        8.463   339.2      0.181     -0.687     -0.372      0.197      0.141      0.172
25.8000      -29980.726   -29988.498        7.772   311.5     -1.001     -0.708     -0.643     -0.088      0.138      0.365
25.8500      -29980.854   -29989.576        8.722   349.6     -0.364     -0.157     -0.864      0.034      0.797     -0.108
25.9000      -29981.046   -29989.096        8.049   322.7     -0.529     -0.409     -0.412     -0.648     -0.056     -0.172
25.9500      -29981.271   -29989.533        8.262   331.2     -0.033      0.410     -0.097      0.221     -0.026      0.362
26.0000      -29981.609   -29990.082        8.473   339.6      0.091      0.241     -0.163      0.299     -0.202     -0.026
26.0500      -29980.904   -29989.438        8.534   342.1     -0.345     -0.329     -2.159     -0.615      0.373      0.129
26.1000      -29980.542   -29988.578        8.036   322.1     -0.580      0.028      0.089     -0.055      0.416     -0.196
26.1500      -29980.211   -29988.455        8.244   330.5      0.340     -0.850     -0.949     -0.572     -0.179     -0.303
26.2000      -29980.274   -29988.203        7.929   317.8      0.127     -0.072      0.126      0.032      0.027     -0.200
26.2500      -29980.289   -29988.906        8.617   345.4      0.693      0.274     -0.208     -0.218      0.498     -0.283
26.3000      -29980.294   -29988.406        8.112   325.2     -0.716      0.057      0.255      0.414     -0.372     -0.055
26.3500      -29980.271   -29988.984        8.714   349.3      0.079      0.773     -0.148     -0.313     -0.162      0.024
26.4000      -29980.600   -29988.846        8.245   330.5     -1.298      0.200      0.529     -0.275     -0.113      0.246
26.4500      -29979.955   -29988.891        8.935   358.2      0.003      0.069     -0.544      0.340     -0.039     -0.463
26.5000      -29980.503   -29988.436        7.933   318.0      0.396     -0.779     -0.218     -0.211     -0.278     -0.186
26.5500      -29980.238   -29988.330        8.092   324.4     -0.825      0.051      0.029      0.454     -0.258     -0.171
26.6000      -29980.033   -29989.113        9.081   364.0      0.268      0.678     -0.651     -0.416     -0.170     -0.021
26.6500      -29980.232   -29988.426        8.194   328.4     -0.415      0.827      0.743      0.458     -0.324      0.050
26.7000      -29980.097   -29988.229        8.131   325.9      0.342      0.147     -0.363     -0.038     -0.214     -0.253
26.7500      -29979.759   -29988.508        8.749   350.7     -0.563      0.570     -0.052      0.130     -0.313     -0.076
26.8000      -29979.404   -29987.570        8.166   327.3     -0.648     -0.408     -1.366      0.022      0.201      0.051
26.8500      -29979.599   -29988.244        8.645   346.5     -0.627     -0.334     -1.216     -0.089      0.026     -0.463
26.9000      -29979.860   -29988.270        8.410   337.1     -0.186     -0.586     -0.748     -0.104      0.600      0.217
26.9500      -29980.122   -29988.377        8.255   330.9     -0.533     -0.021     -0.836      0.007     -0.761     -0.117
27.0000      -29980.073   -29988.359        8.286   332.2     -1.104     -1.306     -0.314      0.287     -0.531     -0.008
27.0500      -29980.569   -29989.131        8.562   343.2     -0.514     -0.494     -1.554     -0.232      0.536     -0.213
27.1000      -29981.121   -29989.336        8.215   329.3     -0.653     -0.497     -0.354     -0.342      0.275      0.178
27.1500      -29980.841   -29989.230        8.389   336.3     -0.698     -0.508      0.066      0.356     -0.115      0.252
27.2000      -29980.744   -29988.996        8.252   330.8     -1.185     -0.534     -0.156     -0.193      0.650      0.377
27.2500      -29980.595   -29989.551        8.955   359.0      0.117      0.192     -0.602     -0.314     -0.195     -0.343
27.3000      -29980.612   -29988.947        8.335   334.1     -0.047     -0.275     -0.195      0.172      0.133     -0.186
27.3500      -29980.590   -29989.021        8.432   338.0      0.027      0.353      0.074      0.063      0.262      0.128
27.4000      -29980.689   -29989.088        8.399   336.7     -0.772     -0.024     -0.194     -0.669     -0.089     -0.534
27.4500      -29980.448   -29988.707        8.259   331.0     -1.042     -0.242     -0.343     -0.030     -0.298      0.482
27.5000      -29981.063   -29988.555        7.492   300.3     -0.250      0.285      0.108     -0.187      0.058     -0.194
27.5500      -29981.261   -29988.332        7.071   283.5     -0.150     -0.229     -0.591      0.160      0.135      0.755
27.6000      -29981.284   -29988.869        7.585   304.0     -0.039      0.056     -0.592     -0.402     -0.178      0.230
27.6500      -29981.781   -29989.129        7.348   294.5     -1.173      0.280     -0.041     -0.274      0.379     -0.940
27.7000      -29982.083   -29990.057        7.973   319.6     -0.527     -0.273     -0.277     -0.191     -0.272      0.145
27.7500      -29981.319   -29989.119        7.800   312.7     -0.463     -0.655      0.709      0.545     -0.041     -0.021
27.8000      -29981.445   -29989.379        7.934   318.0     -0.418      0.016     -1.132      0.023      0.198     -0.489
27.8500      -29980.553   -29989.262        8.708   349.1     -0.987     -0.640      0.011      0.173     -0.235      0.270
27.9000      -29981.218   -29988.895        7.676   307.7     -0.426     -0.714      0.098      0.283      0.119      0.087
27.9500      -29980.984   -29989.182        8.198   328.6      0.555     -0.428      0.053     -0.264      0.375     -0.700
28.0000      -29980.531   -29988.936        8.405   336.9     -0.022      0.156     -0.294      0.301     -0.233      0.657
28.0500      -29980.144   -29988.062        7.918   317.4     -1.453     -1.093     -0.589      0.340     -0.424      0.040
28.1000      -29979.817   -29988.840        9.023   361.7     -0.529     -0.401     -0.199     -0.302      0.249     -0.094
28.1500      -29979.970   -29987.627        7.657   306.9      0.021     -0.388      0.367     -0.561      0.485     -0.466
28.2000      -29980.145   -29987.658        7.513   301.1      0.039      0.278      0.539      0.452      0.098      0.030
28.2500      -29980.246   -29988.201        7.955   318.9      0.319     -0.141     -0.096     -0.173     -0.557     -0.520
28.3000      -29980.027   -29987.486        7.459   299.0      0.243      0.925      0.389     -0.674     -0.250     -0.058
28.3500      -29980.302   -29988.273        7.971   319.5     -0.487      0.545      0.468      0.043     -0.361     -0.752
28.4000      -29979.735   -29988.303        8.568   343.4      0.248      0.619      0.396      0.052      0.316      0.451
28.4500      -29979.377   -29988.066        8.689   348.3     -0.777      0.216      0.386     -0.218     -0.082     -0.070
28.5000      -29979.250   -29988.123        8.873   355.7      0.621      0.601     -0.045      0.041      0.236     -0.321
28.5500      -29980.177   -29987.867        7.690   308.3     -1.471     -1.379     -0.401      0.345      0.343     -0.413
28.6000      -29979.690   -29988.092        8.402   336.8     -0.698      0.586     -0.600     -0.430     -0.235      0.593
28.6500      -29979.788   -29987.756        7.967   319.4     -0.338     -0.301      0.366      0.408     -0.030     -0.715
28.7000      -29980.120   -29988.285        8.165   327.3      0.526      1.089      0.446     -0.188      0.143      0.011
28.7500      -29979.860   -29987.758        7.897   316.6     -0.271      0.791      0.191     -0.592      0.009     -0.381
28.8000      -29979.834   -29987.531        7.698   308.6      0.155     -0.566     -0.423      1.119      0.206      0.357
28.8500      -29979.937   -29987.686        7.749   310.6     -0.549      0.380     -0.680     -0.853     -0.157     -0.589
28.9000      -29980.274   -29988.205        7.931   317.9      0.095      0.586     -0.145      0.490     -0.037      0.440
28.9500      -29980.437   -29988.359        7.922   317.6     -0.199     -0.741     -0.154     -0.028      0.343     -0.176
29.0000      -29980.290   -29988.537        8.248   330.6     -0.629     -0.842     -0.738     -0.014      0.049     -0.126
29.0500      -29979.959   -29988.986        9.028   361.9     -0.023      0.065     -0.583     -0.071      0.012      0.144
29.1000      -29979.446   -29987.717        8.271   331.5     -0.397     -0.803     -0.678      0.306      0.033     -0.099
29.1500      -29979.729   -29987.182        7.452   298.7      0.064     -0.474     -1.014     -0.105      0.087      0.026
29.2000      -29979.804   -29987.582        7.778   311.8     -0.176     -0.500     -0.789     -0.016     -0.329      0.108
29.2500      -29980.228   -29988.242        8.014   321.3      0.650      0.450     -0.209      0.123      0.860     -0.020
29.3000      -29979.979   -29988.076        8.097   324.6     -1.292     -0.892      0.174     -0.112      0.285     -0.317
29.3500      -29980.093   -29987.834        7.741   310.3      0.017      0.265     -0.567      0.072     -0.226     -0.519
29.4000      -29980.385   -29988.795        8.410   337.1     -1.026     -0.976      0.099      0.240      0.831     -0.006
29.4500      -29980.502   -29987.986        7.484   300.0     -0.067     -0.168     -1.151     -0.454     -0.092      0.284
29.5000      -29980.361   -29988.555        8.194   328.4      0.363     -0.248      0.566     -0.020      0.224      0.071
29.5500      -29980.921   -29988.773        7.852   314.8     -0.784      0.052     -0.625     -0.270     -0.083     -0.089
29.6000      -29980.306   -29988.719        8.413   337.2     -0.592     -1.282     -0.336      0.352      0.075     -0.469
29.6500      -29980.379   -29988.059        7.679   307.8     -1.097      0.039     -0.192      0.007      0.528     -0.160
29.7000      -29980.815   -29988.680        7.865   315.3     -0.089     -0.799     -0.676      0.130     -0.291      0.545
29.7500      -29980.519   -29987.764        7.245   290.4     -0.283     -0.855     -0.721     -0.764     -0.035     -0.274
29.8000      -29980.602   -29988.129        7.527   301.7     -0.071      0.419     -0.376      0.355      0.292      0.132
29.8500      -29980.310   -29988.488        8.178   327.8     -0.620     -0.857     -1.261     -0.303      0.173      0.156
29.9000      -29980.698   -29989.246        8.548   342.6     -0.732      0.432     -0.063      0.049      0.070      0.252
29.9500      -29980.855   -29989.238        8.383   336.0     -0.223     -0.582     -0.179      0.094     -0.353     -0.275
30.0000      -29980.481   -29988.354        7.872   315.6     -1.171     -0.289     -0.020     -0.229      0.256     -0.049
30.0500      -29980.530   -29989.014        8.484   340.1     -0.121     -0.402     -0.249      0.403      0.216      0.131
30.1000      -29980.105   -29987.789        7.684   308.0     -1.076     -0.506      0.106      0.137     -0.368     -0.241
30.1500      -29979.858   -29987.900        8.042   322.4      0.566     -0.177     -0.171     -0.226     -0.213      0.054
30.2000      -29980.122   -29988.137        8.015   321.3     -0.771     -0.006      0.204      0.464      0.032      0.568
30.2500      -29980.561   -29988.576        8.015   321.3      0.174      0.401     -0.699      0.181      0.443     -0.308
30.3000      -29980.717   -29988.236        7.520   301.4     -0.861     -0.528     -0.982     -0.161     -0.374      0.131
30.3500      -29980.974   -29989.371        8.397   336.6      0.507     -0.286      0.198     -0.768     -0.588     -0.074
30.4000      -29981.149   -29988.871        7.722   309.5      0.177     -0.033     -0.264      0.182      0.165      0.441
30.4500      -29980.467   -29988.680        8.213   329.2     -1.400      0.122     -0.342      0.276      0.072      0.368
30.5000      -29980.879   -29989.357        8.479   339.9     -0.118     -0.968     -0.122     -0.264      0.224      0.160
30.5500      -29980.904   -29989.234        8.330   333.9     -0.959      0.197     -0.118      0.174     -0.364      0.403
30.6000      -29981.044   -29988.584        7.540   302.2     -0.758     -0.327     -0.833     -0.698     -0.226     -0.012
30.6500      -29980.807   -29987.920        7.113   285.1     -0.704     -1.129     -1.316      0.260     -0.479      0.227
30.7000      -29980.257   -29988.914        8.657   347.0     -1.507      0.307     -0.027      0.326     -0.232      0.819
30.7500      -29980.309   -29988.354        8.045   322.5      0.364     -0.568     -0.270     -0.194     -0.056      0.072
30.8000      -29980.679   -29988.697        8.018   321.4      0.186     -1.131     -0.712      0.263      0.327     -0.338
30.8500      -29980.818   -29989.088        8.270   331.5     -0.357     -0.317     -0.895      0.417     -0.222     -0.246
30.9000      -29980.918   -29988.820        7.902   316.8     -0.049      0.060     -0.453      0.034     -0.737      0.285
30.9500      -29980.750   -29988.920        8.170   327.5     -0.751     -0.889     -0.691      0.187      0.409      0.008
31.0000      -29980.808   -29989.285        8.477   339.8      0.040      0.388     -0.153      0.056      0.132     -0.153
31.0500      -29980.743   -29988.799        8.056   322.9     -0.073     -0.400      0.098     -0.209      0.302      0.080
31.1000      -29981.321   -29989.158        7.837   314.2      0.032      0.601     -0.733      0.674      0.194     -0.304
31.1500      -29981.331   -29988.764        7.433   297.9      0.317     -0.316      0.916      0.067      0.147      0.504
31.2000      -29980.957   -29989.111        8.154   326.9     -0.244     -0.542     -1.233      0.135     -0.226      0.091
31.2500      -29980.609   -29988.566        7.957   319.0     -0.504     -0.659     -0.744     -0.242      0.373     -0.066
31.3000      -29980.678   -29989.127        8.449   338.7      0.016     -0.676     -1.067      0.108      0.328     -0.414
31.3500      -29980.232   -29988.375        8.143   326.4     -0.670     -0.396     -0.815      0.229     -0.204      0.183
31.4000      -29980.353   -29988.738        8.385   336.1      0.438     -0.349     -0.890      0.685      0.528      0.019
31.4500      -29979.951   -29988.648        8.697   348.6     -0.185      0.067     -1.107     -0.095      0.163     -0.141
31.5000      -29980.617   -29988.934        8.317   333.4      0.537     -0.500      0.410     -0.281      0.128     -0.018
31.5500      -29980.526   -29988.568        8.043   322.4     -0.319      0.484     -1.048     -0.019     -0.169     -0.781
31.6000      -29980.442   -29988.758        8.316   333.4      0.137     -0.608     -0.276      0.334      1.030      0.227
31.6500      -29980.870   -29990.055        9.184   368.1     -1.155     -1.346     -1.562     -0.328     -0.168     -0.654
31.7000      -29980.211   -29988.912        8.701   348.8      0.390      0.069      0.494     -0.594      0.208      0.001
31.7500      -29980.379   -29989.264        8.885   356.1     -1.272     -0.383     -0.840     -0.186      0.397     -0.075
31.8000      -29980.450   -29988.584        8.134   326.1     -1.158     -0.144     -0.289     -0.247      0.647     -0.004
31.8500      -29980.007   -29988.363        8.356   335.0      0.584     -0.376      0.063     -0.158      0.194     -0.600
31.9000      -29979.623   -29987.891        8.268   331.4     -0.252     -0.292     -0.428     -0.312     -0.013      0.684
31.9500      -29979.421   -29987.861        8.440   338.3      0.085      0.266      0.565     -0.001     -0.408     -0.387
32.0000      -29979.070   -29988.139        9.069   363.5     -0.003     -0.803     -1.444     -0.133     -0.321     -0.153
32.0500      -29979.393   -29988.445        9.053   362.9      1.035     -0.955      0.052      0.088      0.208     -0.180
32.1000      -29979.453   -29987.768        8.314   333.3      0.114     -0.279     -0.838      0.602     -0.070     -0.156
32.1500      -29979.434   -29988.539        9.105   365.0      0.280     -0.563      0.645     -0.743     -0.156     -0.037
32.2000      -29979.550   -29987.557        8.006   320.9     -0.395     -0.474     -0.600      0.689     -0.248     -0.369
32.2500      -29979.459   -29988.350        8.890   356.4     -0.785     -0.702      0.418     -0.207      0.781     -0.726
32.3000      -29979.278   -29987.932        8.653   346.9     -0.411     -0.419     -0.557     -0.085     -0.267      0.296
32.3500      -29979.561   -29987.908        8.347   334.6      0.676      0.522      0.655     -0.432     -0.229     -0.199
32.4000      -29979.198   -29987.510        8.311   333.2      0.031     -0.540     -0.870      0.063     -0.224      0.483
32.4500      -29979.165   -29988.033        8.868   355.5     -0.472      0.059     -0.226      0.159      0.719     -0.034
32.5000      -29979.258   -29988.008        8.750   350.7     -0.020     -0.645      0.523     -0.384     -0.724      0.111
32.5500      -29979.876   -29988.076        8.200   328.7     -0.407     -0.714     -0.685     -0.235     -0.029      0.051
32.6000      -29980.283   -29987.869        7.586   304.1      0.607      0.165     -0.022      0.222      0.087      0.642
32.6500      -29980.752   -29988.561        7.809   313.0     -0.839     -0.649     -0.419     -0.647      0.347      0.068
32.7000      -29980.427   -29987.814        7.387   296.1     -0.028     -0.191      0.270      0.553     -0.222      0.566
32.7500      -29979.866   -29987.832        7.966   319.3      0.389      0.359     -0.609     -0.340      0.751      0.111
32.8000      -29980.139   -29988.092        7.953   318.8     -1.065     -0.626      0.512      0.030     -0.014      0.063
32.8500      -29980.743   -29988.945        8.202   328.8     -0.647     -1.037     -0.819      0.193     -0.583     -0.156
32.9000      -29980.672   -29988.326        7.654   306.8      0.078     -0.441     -0.732      0.167      0.320      0.155
32.9500      -29980.549   -29989.758        9.209   369.1      0.158      0.407     -0.544     -0.164      0.161      0.462
33.0000      -29980.489   -29988.383        7.893   316.4      0.372     -0.721     -0.535      0.058      0.814      0.504
33.0500      -29980.153   -29988.826        8.673   347.7     -1.010     -0.162      0.134      0.282     -0.721     -0.073
33.1000      -29980.425   -29988.717        8.292   332.4     -0.451     -0.758     -0.690     -0.391     -0.677     -0.203
33.1500      -29980.153   -29988.412        8.259   331.1     -1.151     -0.218     -1.020      0.340      0.155      0.392
33.2000      -29980.117   -29988.404        8.287   332.2     -0.380     -0.339     -0.558     -0.550     -0.118      0.119
33.2500      -29980.473   -29988.357        7.885   316.1     -1.111     -1.312     -0.117      0.438     -0.462     -0.200
33.3000      -29980.099   -29988.525        8.426   337.8     -0.506     -0.344      0.911      0.523     -0.059     -0.141
33.3500      -29980.388   -29988.518        8.130   325.9      0.796     -0.238     -0.340     -0.493      0.368     -0.265
33.4000      -29980.433   -29988.777        8.344   334.5      0.110     -0.004      0.490      0.222     -0.116      0.319
33.4500      -29980.078   -29988.820        8.742   350.4     -0.168     -0.748     -0.952      0.243      0.344      0.205
33.5000      -29980.026   -29988.211        8.185   328.1      0.686      0.403     -0.450     -0.225      0.163      0.597
33.5500      -29980.234   -29988.266        8.032   322.0     -0.787     -0.000     -0.300      0.235     -0.883     -0.023
33.6000      -29980.544   -29989.152        8.609   345.1      0.436     -0.349     -0.581      0.383     -0.643     -0.265
33.6500      -29980.630   -29988.932        8.301   332.8     -0.448     -0.290      0.388     -0.190      0.410      0.422
33.7000      -29980.652   -29988.311        7.658   307.0      0.982     -0.155     -0.639      0.498     -0.372      0.136
33.7500      -29980.577   -29989.088        8.511   341.2     -0.621     -0.401      0.095     -0.146      0.046      0.593
33.8000      -29980.818   -29988.902        8.085   324.1     -0.565     -1.122      0.491     -0.417     -0.136      0.063
33.8500      -29980.556   -29988.256        7.699   308.6      0.481      0.356     -1.172     -0.049     -0.152      0.106
33.9000      -29980.231   -29988.469        8.238   330.2     -0.130     -0.409     -0.521      0.002     -0.247     -0.046
33.9500      -29980.274   -29989.025        8.751   350.8     -0.784     -0.188     -0.771      0.086     -0.187     -0.034
34.0000      -29980.319   -29989.008        8.689   348.3     -0.799     -1.237     -0.726     -0.169     -0.194      0.263
34.0500      -29980.341   -29988.762        8.420   337.5     -0.990     -0.348     -0.928      0.438      0.058      0.028
34.1000      -29980.341   -29988.709        8.368   335.4     -0.590     -0.594     -0.337     -0.557      0.373     -0.506
34.1500      -29980.817   -29988.918        8.101   324.7     -1.038     -0.657     -0.998      0.296      0.138     -0.457
34.2000      -29980.876   -29988.441        7.565   303.3      0.264     -0.724     -0.104      0.329      0.084     -0.032
34.2500      -29981.072   -29989.018        7.946   318.5     -1.067     -0.999     -1.178     -0.278     -0.199     -0.251
34.3000      -29980.802   -29988.344        7.542   302.3     -0.538     -0.429     -1.488     -0.014      0.414      0.220
34.3500      -29980.694   -29988.832        8.138   326.2     -0.548     -1.032      0.652     -0.018      0.180      0.187
34.4000      -29981.121   -29989.553        8.432   338.0      0.528     -0.342     -0.122     -0.265      0.517     -0.599
34.4500      -29981.000   -29989.736        8.737   350.2     -0.993      0.176     -0.183     -0.094     -0.019      0.534
34.5000      -29981.074   -29989.109        8.035   322.1      0.334     -0.117     -0.930      0.085     -0.147     -0.729
34.5500      -29980.870   -29989.527        8.658   347.0     -0.768     -0.854     -0.925     -0.187      0.293      0.492
34.6000      -29980.924   -29989.199        8.275   331.7      0.070     -0.860     -0.210     -0.386     -0.131     -0.455
34.6500      -29981.248   -29988.609        7.361   295.1     -0.696     -0.140     -0.683     -0.553      0.039     -0.072
34.7000      -29980.915   -29989.059        8.143   326.4     -0.574     -0.024      0.221     -0.394      0.185     -0.244
34.7500      -29980.863   -29988.449        7.586   304.1      0.352     -0.877     -0.002      0.425     -0.064     -0.489
34.8000      -29980.525   -29988.352        7.827   313.7     -0.099     -0.406     -0.609     -0.453      0.184     -0.168
34.8500      -29980.327   -29988.471        8.143   326.4     -0.315      0.684     -0.271      0.568     -0.365     -0.021
34.9000      -29980.519   -29988.682        8.163   327.2      0.479     -0.283      0.657     -0.814     -0.223     -0.411
34.9500      -29980.718   -29989.236        8.518   341.5      0.252     -0.808     -0.475      0.577      0.026      0.287
35.0000      -29980.297   -29988.996        8.699   348.7     -0.892     -0.641     -0.021     -0.054     -0.080     -0.700
35.0500      -29980.556   -29988.664        8.108   325.0     -0.039     -0.918     -0.824      0.107     -0.315     -0.287
35.1000      -29980.773   -29988.596        7.822   313.6      1.061     -0.742      0.077      0.240     -0.294     -0.080
35.1500      -29980.933   -29989.320        8.387   336.2      0.354      0.330     -0.499      0.350     -0.066      0.419
35.2000      -29980.886   -29989.418        8.532   342.0      0.230     -1.004     -0.401      0.007      0.233     -0.305
35.2500      -29980.741   -29988.826        8.085   324.1     -0.769     -0.117     -0.896      0.483     -0.284      0.173
35.3000      -29980.982   -29988.738        7.756   310.9      0.175     -1.265     -0.580     -0.303      0.080     -0.264
35.3500      -29980.784   -29988.541        7.757   310.9     -0.503     -0.567     -0.142      0.428      0.606      0.195
35.4000      -29980.758   -29988.658        7.900   316.7     -0.309     -0.584     -0.053      0.447      0.005     -0.105
35.4500      -29980.480   -29988.936        8.455   338.9     -0.558     -0.673     -0.555      0.132     -0.071     -1.218
35.5000      -29980.422   -29989.047        8.625   345.7     -0.800     -0.198      0.103      0.205     -0.230     -0.008
35.5500      -29980.608   -29988.023        7.415   297.2     -0.466      0.143      0.123      0.014      0.045      0.243
35.6000      -29980.782   -29988.693        7.911   317.1      0.740      0.036      0.304     -0.168     -0.167     -0.305
35.6500      -29980.755   -29988.715        7.960   319.1      0.035      0.284      0.354     -0.199      0.191     -0.338
35.7000      -29980.769   -29989.189        8.421   337.5      0.087     -0.130     -0.276      0.305      0.385     -0.184
35.7500      -29980.994   -29988.646        7.653   306.8     -0.553      0.319      0.594      0.348     -0.116      0.182
35.8000      -29980.848   -29988.406        7.558   303.0     -1.528      0.194     -0.325      0.083     -0.427     -0.329
35.8500      -29980.281   -29988.488        8.208   329.0     -0.355      0.492      0.130      0.396     -0.048      0.521
35.9000      -29980.292   -29988.732        8.441   338.3      1.232      0.204      0.105     -0.716     -0.189     -0.345
35.9500      -29980.369   -29988.828        8.459   339.1      1.561      1.749      1.128      0.363      0.048      0.479
36.0000      -29980.804   -29988.066        7.262   291.1     -0.386      0.052      0.567     -0.630     -0.478     -0.078
36.0500      -29980.248   -29988.223        7.975   319.7      0.195     -0.062      0.074      0.408      0.600      0.308
36.1000      -29980.351   -29988.164        7.813   313.2      0.108     -0.825     -1.700     -0.286     -0.579     -0.828
36.1500      -29980.878   -29988.230        7.353   294.7     -0.748     -1.179      0.532      0.208     -0.187      0.206
36.2000      -29980.219   -29988.342        8.122   325.6     -0.085      0.275     -0.909     -0.160      0.154      0.207
36.2500      -29979.980   -29988.939        8.960   359.2     -0.308     -1.029     -0.701     -0.283     -0.479     -0.347
36.3000      -29979.892   -29988.361        8.469   339.5     -0.567     -2.015     -1.201      0.117      0.415     -0.281
36.3500      -29980.200   -29988.383        8.183   328.0     -0.599     -0.563      0.015     -0.047     -0.252      0.155
36.4000      -29980.256   -29988.605        8.349   334.7      0.116     -0.866     -0.802      0.295     -0.222      0.373
36.4500      -29980.490   -29988.555        8.065   323.3     -0.629     -1.340     -0.555      0.349      0.377     -0.075
36.5000      -29980.533   -29988.363        7.830   313.9     -0.420     -1.012     -0.135     -0.143      0.004      0.365
36.5500      -29979.867   -29987.969        8.102   324.8     -0.851     -0.701     -1.049     -0.027      0.138     -0.007
36.6000      -29980.028   -29988.480        8.453   338.8     -0.350     -0.098      0.285     -0.567      0.047     -0.186
36.6500      -29980.225   -29988.686        8.461   339.1     -0.653     -0.751     -0.659      0.450     -0.551      0.451
36.7000      -29979.753   -29987.949        8.196   328.5     -0.222      0.264      0.214     -0.556     -0.250      0.418
36.7500      -29979.452   -29988.145        8.693   348.5      0.091     -0.064      0.463      0.247      0.196     -0.340
36.8000      -29979.297   -29988.209        8.912   357.2     -0.634     -1.489     -0.986     -0.730     -0.371      0.237
36.8500      -29979.648   -29987.979        8.331   333.9     -0.244     -0.440     -0.423     -0.230      0.196      0.230
36.9000      -29979.744   -29987.639        7.895   316.5     -0.349     -0.195      0.061      0.287      0.620      0.554
36.9500      -29979.725   -29987.111        7.387   296.1     -0.537      0.105     -0.042     -0.422      0.143     -0.134
37.0000      -29979.744   -29987.816        8.072   323.6      0.317      0.085      0.213      0.084      0.086     -0.319
37.0500      -29979.793   -29988.352        8.559   343.1     -0.098     -0.294     -0.814     -0.627     -0.039      0.521
37.1000      -29979.907   -29988.066        8.159   327.1     -0.061     -0.237     -0.853      0.294      0.047     -0.229
37.1500      -29979.570   -29988.867        9.297   372.7     -0.319     -0.780     -0.746      0.027     -0.258     -0.079
37.2000      -29979.735   -29987.770        8.034   322.1     -0.713     -1.076     -0.696     -1.326     -0.190      0.502
37.2500      -29980.146   -29988.312        8.167   327.4      0.060     -0.603     -0.055      0.569      1.348      0.270
37.3000      -29979.596   -29988.324        8.729   349.9     -0.086      0.039     -0.278     -0.088     -0.197      0.410
37.3500      -29979.085   -29987.832        8.747   350.6     -0.625     -0.049     -0.472      0.267      0.874     -0.170
37.4000      -29979.353   -29987.855        8.502   340.8      0.475      0.373     -0.757     -0.032      0.234      0.167
37.4500      -29979.400   -29987.854        8.454   338.9     -0.358      0.081      0.139     -0.029      0.031      0.043
37.5000      -29978.904   -29987.844        8.940   358.3     -1.372     -0.326     -0.115     -0.148      0.500     -0.386
37.5500      -29979.823   -29988.277        8.454   338.9     -0.031     -0.703     -0.220     -0.303     -0.484      0.004
37.6000      -29980.144   -29988.281        8.137   326.2     -0.034     -0.858      0.580      0.280      0.186      0.733
37.6500      -29980.007   -29987.668        7.661   307.1      0.801     -0.535     -0.488     -0.277      0.118     -0.064
37.7000      -29979.743   -29987.568        7.826   313.7     -0.158      0.132     -0.803     -0.463     -0.307      0.226
37.7500      -29979.943   -29987.961        8.018   321.4      0.791     -0.179     -1.374      0.118      0.516     -0.095
37.8000      -29979.837   -29988.014        8.177   327.8     -0.161     -0.374     -0.230      0.159     -0.202      0.549
37.8500      -29979.788   -29988.574        8.786   352.2     -0.334     -0.888     -1.041     -0.273      0.163     -0.044
37.9000      -29980.008   -29988.346        8.338   334.2     -1.155     -0.455      0.361     -0.218     -0.209      0.158
37.9500      -29980.101   -29988.352        8.251   330.7      0.385     -0.021     -0.235      0.246      0.272      0.791
38.0000      -29980.182   -29987.912        7.730   309.8     -0.221     -0.646      0.042     -0.714      0.476      0.271
38.0500      -29979.815   -29988.248        8.433   338.0      0.104     -0.640     -0.305      0.329     -0.342     -0.079
38.1000      -29980.159   -29988.494        8.335   334.1      0.333     -0.686     -0.457     -0.149     -0.228     -0.667
38.1500      -29980.240   -29988.299        8.059   323.0     -0.326      0.003     -0.655     -0.642     -0.104     -0.737
38.2000      -29980.691   -29988.367        7.676   307.7      0.388      0.743     -0.645     -0.304      0.067      0.278
38.2500      -29980.643   -29988.266        7.623   305.6     -0.150     -0.200      0.333     -0.238      0.088     -0.080
38.3000      -29980.803   -29988.559        7.756   310.9     -1.402     -0.463      0.228      0.098     -0.488     -0.115
38.3500      -29980.682   -29988.465        7.783   312.0      0.602     -0.169     -0.087     -0.376     -0.244     -0.355
38.4000      -29980.194   -29987.701        7.507   300.9     -0.080     -0.064     -0.871     -0.320      0.246     -0.104
38.4500      -29980.335   -29988.613        8.279   331.9     -0.141     -0.825     -0.974     -0.098     -0.346      0.214
38.5000      -29980.288   -29988.346        8.058   323.0      0.496      0.360     -0.148      0.040      0.191     -0.165
38.5500      -29979.772   -29987.914        8.142   326.4     -0.334     -0.193      0.290      0.228     -0.506     -0.266
38.6000      -29980.096   -29987.346        7.250   290.6     -0.784      0.221     -1.411     -0.259      0.850     -0.106
38.6500      -29979.798   -29988.453        8.655   346.9     -0.009     -0.058      1.087      0.043      0.306      0.427
38.7000      -29979.889   -29988.035        8.146   326.5     -0.420     -0.257      0.118     -0.156     -0.281     -0.526
38.7500      -29979.890   -29988.562        8.672   347.6      0.491      0.343     -0.003      0.234      0.678      0.180
38.8000      -29979.826   -29988.082        8.256   330.9     -0.600     -0.052      0.880      0.237     -0.074      0.594
38.8500      -29979.589   -29988.125        8.536   342.2     -0.085     -0.631     -0.921      0.085      0.241      0.021
38.9000      -29979.453   -29987.850        8.397   336.6     -0.593     -0.534     -0.108      0.322     -0.099      0.543
38.9500      -29979.884   -29988.275        8.391   336.4     -1.048      0.196     -0.732     -0.603     -0.035      0.314
39.0000      -29980.026   -29988.570        8.544   342.5     -0.701      0.753      0.461     -0.519     -0.293      0.670
39.0500      -29980.354   -29988.416        8.062   323.2     -0.725     -0.529     -0.822      0.227      0.313     -0.137
39.1000      -29980.543   -29988.609        8.066   323.3     -0.145      0.372     -0.143     -0.289     -0.394      0.348
39.1500      -29980.585   -29988.611        8.027   321.8     -0.263      0.412      0.124      0.114     -0.496      0.042
39.2000      -29980.751   -29988.363        7.613   305.2     -0.880      0.012     -0.788     -0.279     -0.071      0.404
39.2500      -29980.888   -29989.193        8.305   332.9      0.779      0.056     -0.149     -0.023      0.075      0.443
39.3000      -29981.395   -29988.977        7.581   303.9     -0.213     -0.435     -0.056      0.395      0.312      0.105
39.3500      -29981.336   -29989.291        7.955   318.9      0.071      0.157     -0.502     -0.490     -0.358     -0.475
39.4000      -29981.154   -29989.400        8.246   330.6     -0.509     -0.540     -0.628     -0.588      0.060      0.468
39.4500      -29981.072   -29989.713        8.641   346.4      0.019     -0.646     -1.168     -0.266     -0.012     -0.112
39.5000      -29980.334   -29988.889        8.554   342.9      0.621      0.502     -0.668     -0.248      0.094      0.172
39.5500      -29980.145   -29988.971        8.825   353.8     -0.278     -0.501     -0.229     -0.072     -0.150     -0.336
39.6000      -29980.272   -29987.814        7.542   302.3     -0.411      0.056      0.131     -0.590      0.028      0.095
39.6500      -29980.209   -29988.090        7.881   315.9     -0.605     -0.974     -0.735     -0.177      0.281     -0.261
39.7000      -29980.281   -29988.047        7.766   311.3     -0.817     -0.088     -0.474      0.076      0.270     -0.267
39.7500      -29979.946   -29988.613        8.667   347.4     -0.570     -0.060     -0.447     -0.213     -0.175      0.859
39.8000      -29980.302   -29987.896        7.595   304.4     -1.322     -0.656     -0.220     -0.372      0.111     -0.571
39.8500      -29979.650   -29988.816        9.166   367.4      0.598     -0.313     -0.035     -0.224     -0.052     -0.177
39.9000      -29980.211   -29989.232        9.022   361.6     -0.127      0.202     -0.154     -0.059      0.335      0.330
39.9500      -29979.983   -29988.867        8.884   356.1     -0.955     -1.381     -1.137     -0.142      1.175      0.682
40.0000      -29979.823   -29987.945        8.122   325.6     -0.191     -0.522      0.336     -0.186      0.458      0.605
