Time[ps]      Etot[eV]     Epot[eV]     Ekin[eV]    T[K]      ---------------------- stress [GPa] -----------------------
0.0000       -29982.523   -29990.904        8.382   336.0      0.675     -0.051     -0.008     -0.553     -0.228      0.188
0.0500       -29982.647   -29991.404        8.757   351.0     -0.135     -0.349     -0.233      0.191     -0.103      0.375
0.1000       -29982.524   -29990.738        8.214   329.3      0.015      0.416      1.054     -0.218      0.155     -0.090
0.1500       -29982.449   -29990.488        8.040   322.3     -0.487     -0.585      0.679     -0.064     -0.180      0.295
0.2000       -29981.882   -29990.629        8.747   350.6     -0.029      0.036     -0.376     -0.108     -0.222      0.055
0.2500       -29981.976   -29990.482        8.506   341.0     -0.338      0.351      0.674      0.720      0.109      0.661
0.3000       -29981.672   -29990.248        8.576   343.8      0.484     -0.304     -0.253      0.160     -0.067     -0.229
0.3500       -29981.821   -29990.445        8.624   345.7      0.236      0.870     -0.030     -0.143      0.104     -0.231
0.4000       -29982.338   -29989.877        7.538   302.2     -0.385     -1.360      0.308      0.233      0.104     -0.180
0.4500       -29982.245   -29990.639        8.394   336.5      0.763      0.279     -0.079      0.130      0.489      0.078
0.5000       -29982.621   -29990.670        8.048   322.6     -0.535     -0.286      0.063      0.306     -0.193      0.033
0.5500       -29982.253   -29990.818        8.566   343.4      0.420     -0.919     -0.065      0.224     -0.104      0.192
0.6000       -29982.461   -29990.580        8.119   325.5     -0.155      1.349      0.293     -0.224      0.191     -0.032
0.6500       -29982.336   -29990.836        8.500   340.7     -0.274     -0.073      0.701      0.142      0.611      0.239
0.7000       -29982.530   -29990.729        8.198   328.6      0.300      0.024     -0.479      0.268     -0.219     -0.444
0.7500       -29982.267   -29991.502        9.235   370.2      0.239      0.305      0.797      0.498      0.365     -0.306
0.8000       -29982.561   -29990.895        8.334   334.1      0.716      0.987      0.509     -0.002     -0.192      0.027
0.8500       -29982.156   -29990.555        8.399   336.7      1.398     -0.174      1.265     -0.517      0.332     -0.335
0.9000       -29982.109   -29989.957        7.848   314.6     -0.787     -0.619     -0.813      0.177      0.306      0.304
0.9500       -29982.086   -29990.438        8.352   334.8      0.530      0.176      0.427     -0.253     -0.174      0.339
1.0000       -29982.334   -29990.469        8.134   326.1      0.269     -0.609      0.107      0.174      0.194      0.029
1.0500       -29982.301   -29990.143        7.841   314.3     -0.075      0.246     -0.052     -0.335      0.225      0.061
1.1000       -29982.508   -29990.746        8.238   330.2      0.160     -0.674     -0.078      0.064     -0.260      0.224
1.1500       -29982.539   -29990.797        8.258   331.0     -0.088     -0.847     -0.125      0.638     -0.227     -0.144
1.2000       -29982.242   -29991.025        8.783   352.1     -0.114      0.209     -0.480     -0.283      0.283      0.501
1.2500       -29981.625   -29990.289        8.664   347.3     -0.423     -0.971     -0.705     -0.128      0.157     -0.304
1.3000       -29981.805   -29990.684        8.878   355.9      0.348     -0.455      0.700     -0.122     -0.202      0.770
1.3500       -29982.485   -29990.516        8.031   321.9      0.226      0.244      0.512     -0.551      0.337     -0.386
1.4000       -29982.646   -29990.613        7.967   319.4      0.309      0.652      0.715      0.411      0.628      0.182
1.4500       -29982.132   -29990.303        8.171   327.5      0.383     -0.261     -0.847      0.038     -0.322      0.616
1.5000       -29982.110   -29990.652        8.543   342.4      0.211     -0.277      0.259     -0.282     -0.067      0.102
1.5500       -29982.291   -29990.043        7.752   310.8      0.107      0.187      0.465      0.153      0.480      0.124
1.6000       -29981.901   -29989.986        8.085   324.1     -0.143      0.947      1.280      0.022     -0.036      1.039
1.6500       -29982.153   -29989.771        7.618   305.4      0.696      0.578      0.857      0.084      0.206      0.097
1.7000       -29982.301   -29990.152        7.851   314.7      0.373      0.116      0.060     -0.242     -0.478      0.105
1.7500       -29982.069   -29990.023        7.954   318.8     -0.893      0.278     -0.435      0.003     -0.030     -0.207
1.8000       -29982.300   -29990.221        7.921   317.5     -0.489     -0.511     -0.186      0.017     -0.089     -0.032
1.8500       -29981.774   -29990.555        8.780   352.0     -1.038     -0.303      0.415      0.271      0.151     -0.690
1.9000       -29981.778   -29989.377        7.599   304.6     -0.014     -0.393     -0.729      0.120      0.607     -0.208
1.9500       -29981.837   -29990.227        8.389   336.3     -0.426      0.743      0.425     -0.869     -0.151      0.031
2.0000       -29981.502   -29990.061        8.558   343.1      0.484      0.070     -1.388     -0.153     -0.109      0.017
2.0500       -29981.029   -29989.932        8.903   356.9      0.034      0.068      0.662      0.389      0.034     -0.586
2.1000       -29982.049   -29990.428        8.379   335.9      0.446      0.090      0.044     -0.441      0.018      0.142
2.1500       -29982.055   -29990.434        8.378   335.8     -0.336     -0.181     -0.099     -0.246     -0.033      0.694
2.2000       -29982.161   -29990.227        8.066   323.3     -0.436     -0.304      0.635      0.165      0.242     -0.504
2.2500       -29982.013   -29989.271        7.258   291.0     -0.241     -0.022     -0.205     -0.288     -0.661     -0.054
2.3000       -29981.104   -29989.820        8.716   349.4      0.607     -0.300      1.204     -0.307      0.703      0.161
2.3500       -29981.227   -29989.432        8.205   328.9      0.130      0.012      0.785      0.244     -0.473      0.783
2.4000       -29981.223   -29989.986        8.764   351.3      0.481     -0.173      0.300      0.300     -0.341     -0.478
2.4500       -29981.331   -29989.461        8.130   325.9      0.035     -0.504      0.491     -0.471      0.314     -0.256
2.5000       -29981.213   -29989.490        8.277   331.8      0.012     -0.784      0.644      0.259      0.066      0.352
2.5500       -29981.031   -29988.594        7.563   303.2     -1.530     -0.361     -0.546     -0.366     -0.024     -0.471
2.6000       -29981.061   -29989.418        8.357   335.0     -0.139      0.280      0.338     -0.084     -0.340      0.071
2.6500       -29981.245   -29989.150        7.905   316.9     -0.404      0.176      0.759      0.215      0.273     -0.290
2.7000       -29981.085   -29989.271        8.187   328.2     -0.746      1.177      0.369      0.309     -0.242      0.082
2.7500       -29981.463   -29990.020        8.557   343.0     -0.599     -0.175      0.354      0.095      0.287      0.059
2.8000       -29981.365   -29990.119        8.754   350.9      0.425      0.014      0.121     -0.302     -0.388      0.279
2.8500       -29981.370   -29990.143        8.772   351.6     -0.569      0.489      0.368     -0.768     -0.109      0.376
2.9000       -29981.117   -29989.375        8.258   331.0      0.365      1.083      0.550      0.770     -0.353      0.078
2.9500       -29981.356   -29989.756        8.400   336.7     -0.312     -0.200      0.690     -0.457     -0.003      0.225
3.0000       -29981.618   -29990.227        8.609   345.1      0.352      0.030     -0.024     -0.042     -0.100     -0.369
3.0500       -29981.120   -29989.250        8.130   325.9      0.149      0.335     -0.042      0.677     -0.280      0.149
3.1000       -29980.986   -29989.273        8.288   332.2     -0.085      0.291      0.546     -0.632      0.759     -0.133
3.1500       -29980.620   -29988.986        8.367   335.4      0.727      0.252     -0.765     -0.091      0.577      0.269
3.2000       -29980.889   -29989.369        8.480   339.9     -0.335      1.041      0.047     -0.871      0.029     -0.349
3.2500       -29981.251   -29989.248        7.997   320.6      0.621      0.893      1.429      0.452     -0.158      0.496
3.3000       -29980.862   -29989.859        8.997   360.6      0.081      0.022      0.416      0.523      0.738      0.040
3.3500       -29981.442   -29990.178        8.735   350.2      0.528     -0.210     -0.705      0.256      0.081     -0.082
3.4000       -29981.281   -29989.867        8.587   344.2     -0.389     -0.556     -0.748      0.313     -0.283     -0.424
3.4500       -29981.809   -29990.246        8.437   338.2      0.543     -0.247      0.017     -0.105     -0.812     -0.102
3.5000       -29982.406   -29989.984        7.578   303.8      0.300      0.314     -0.192      0.294     -0.150     -0.241
3.5500       -29982.468   -29990.336        7.868   315.4     -0.519      0.462     -0.696     -0.526      0.093      0.314
3.6000       -29982.086   -29989.389        7.303   292.7      0.629      0.117      0.003      0.090      0.133     -0.047
3.6500       -29981.713   -29990.148        8.436   338.1      0.103     -0.220      0.659      0.032      0.106     -0.109
3.7000       -29981.646   -29990.320        8.674   347.7     -0.091     -0.363      0.055     -0.146      0.413      0.479
3.7500       -29981.609   -29990.107        8.498   340.6     -0.010      1.008      0.940     -0.089      0.064      0.059
3.8000       -29981.301   -29989.699        8.398   336.6     -0.349      0.246     -0.577     -0.153      0.197      0.237
3.8500       -29981.684   -29989.902        8.218   329.4     -0.443     -0.438     -1.749     -0.113      0.047     -0.641
3.9000       -29982.121   -29990.262        8.140   326.3     -1.109     -1.466      0.065      0.124     -0.573     -0.044
3.9500       -29982.022   -29990.699        8.677   347.8     -0.584     -0.305      0.160     -0.297     -0.846     -0.140
4.0000       -29981.940   -29990.291        8.351   334.8     -0.937     -0.631     -0.937     -0.312     -0.133     -0.089
4.0500       -29982.470   -29990.365        7.895   316.5     -0.039     -0.130     -0.553      0.618     -0.053     -0.532
4.1000       -29982.777   -29991.391        8.614   345.3     -0.604     -0.294     -0.859     -0.390     -0.210     -0.606
4.1500       -29982.982   -29990.967        7.984   320.1     -0.698     -0.214     -0.213     -0.486     -0.038     -0.158
4.2000       -29982.843   -29990.406        7.563   303.2      0.121      0.274      0.208      0.137      0.344      0.181
4.2500       -29983.512   -29991.191        7.679   307.8      0.098     -0.429     -0.537      0.125      0.167     -0.105
4.3000       -29982.862   -29990.451        7.589   304.2      0.351     -0.046      0.274     -0.161      0.132      0.205
4.3500       -29983.157   -29991.051        7.894   316.4     -0.075     -0.019      1.691      0.346     -0.262     -0.079
4.4000       -29982.880   -29990.504        7.624   305.6     -0.585      0.110     -0.835      0.513     -0.828      0.555
4.4500       -29982.919   -29991.236        8.318   333.4      0.134     -0.064      0.122      0.475     -0.355     -0.414
4.5000       -29983.123   -29990.785        7.663   307.2      0.171      0.026     -0.174     -0.365      0.012      0.045
4.5500       -29983.071   -29990.826        7.755   310.9      0.085      0.369     -0.379     -0.452     -0.359      0.174
4.6000       -29983.196   -29990.680        7.484   300.0     -0.690      0.136      1.179      0.962      0.142      0.151
4.6500       -29982.638   -29990.619        7.981   319.9      0.156      0.664      0.125      0.139      0.312     -0.627
4.7000       -29982.629   -29990.486        7.857   315.0     -1.008     -0.756     -0.759      0.148      0.196     -0.219
4.7500       -29982.937   -29990.727        7.790   312.3      0.522     -0.341      0.251     -0.192      0.039      0.280
4.8000       -29983.000   -29990.623        7.623   305.6     -0.954     -0.408      0.473     -0.096      0.078     -0.050
4.8500       -29983.039   -29990.883        7.844   314.4     -0.891     -1.537     -0.167      0.264     -0.112     -0.047
4.9000       -29982.789   -29990.904        8.115   325.3     -0.583     -0.589      0.035     -0.354     -0.270      0.244
4.9500       -29982.884   -29990.125        7.241   290.3     -0.212     -0.169     -1.342     -0.226      0.827     -0.068
5.0000       -29982.396   -29990.479        8.083   324.0     -0.179     -0.971     -0.099     -0.279     -0.263      0.155
