Time[ps]      Etot[eV]     Epot[eV]     Ekin[eV]    T[K]      ---------------------- stress [GPa] -----------------------
0.0000       -29977.440   -29986.490        9.050   362.8      0.274     -1.516     -0.178      0.268     -0.330     -0.365
0.0500       -29977.606   -29987.025        9.420   377.6     -0.149      0.098     -0.203     -0.256      0.392     -0.541
0.1000       -29978.103   -29986.510        8.407   337.0      0.032     -0.087      0.512     -0.106      0.453     -0.261
0.1500       -29978.389   -29986.729        8.339   334.3      0.698     -0.067      0.468      0.047      0.517      0.693
0.2000       -29978.052   -29986.787        8.735   350.1      1.127      0.388     -1.032     -0.631      0.192     -0.768
0.2500       -29977.959   -29986.867        8.908   357.1     -0.765     -0.573     -0.313      0.487      0.099     -0.245
0.3000       -29978.637   -29987.170        8.533   342.0      0.546      0.233     -0.130      0.450      0.385      0.012
0.3500       -29978.510   -29987.506        8.996   360.6     -0.299      0.644     -0.596     -0.358      0.187      0.081
0.4000       -29978.608   -29987.678        9.070   363.6     -0.287     -0.682     -1.152     -0.331      0.137      0.509
0.4500       -29978.654   -29987.594        8.939   358.3     -0.830     -0.569     -0.314     -0.141      0.052     -0.460
0.5000       -29978.279   -29987.793        9.514   381.4      0.610     -0.025      0.495      0.121      0.139     -0.085
0.5500       -29978.167   -29986.957        8.790   352.3     -1.289     -0.536     -0.965      0.042     -0.593      0.115
0.6000       -29978.403   -29987.725        9.321   373.6     -0.078     -0.292     -1.371      0.285      0.417     -0.007
0.6500       -29977.976   -29986.959        8.983   360.1     -0.546      0.199      0.614     -0.595     -0.446      0.186
0.7000       -29978.022   -29987.982        9.961   399.3     -0.609     -1.192     -1.044      0.111     -0.021      0.475
0.7500       -29978.336   -29987.641        9.305   373.0     -0.897     -1.115     -0.368      0.794      0.121      0.065
0.8000       -29978.601   -29987.229        8.628   345.8      0.403      0.470     -0.406     -0.174     -0.047     -0.191
0.8500       -29979.108   -29987.197        8.089   324.3     -0.825      0.208     -2.094     -0.153     -0.443     -0.172
0.9000       -29979.477   -29987.006        7.528   301.8      0.346     -0.243      0.051      0.141      0.157      0.151
0.9500       -29979.570   -29986.918        7.348   294.5     -0.384     -0.037     -0.907     -0.768      0.437      0.414
1.0000       -29979.407   -29987.742        8.335   334.1     -0.647      0.125      0.006      0.195     -0.318     -0.363
1.0500       -29979.307   -29987.209        7.902   316.7      0.151     -1.000     -0.059     -0.184      0.588      0.045
1.1000       -29978.944   -29988.016        9.071   363.6     -0.082     -0.336     -0.009      0.217     -0.583      0.199
1.1500       -29978.618   -29987.170        8.552   342.8     -0.112      0.327     -0.464      0.544      0.366      0.050
1.2000       -29978.847   -29987.266        8.419   337.5      0.720     -0.189      0.645     -0.128      0.113      0.086
1.2500       -29979.236   -29987.598        8.361   335.2     -0.546     -0.346      0.423     -0.109      0.086     -0.003
1.3000       -29978.741   -29987.348        8.607   345.0     -0.174     -0.771      0.112      0.102      0.419      0.316
1.3500       -29978.493   -29987.531        9.038   362.3     -0.374     -0.296     -0.687      0.164      0.486      0.027
1.4000       -29979.065   -29987.148        8.084   324.0     -0.636     -0.853      0.015      0.067     -0.636      0.339
1.4500       -29978.762   -29987.514        8.751   350.8      0.192      0.867      0.087     -0.380      0.236     -0.151
1.5000       -29978.574   -29987.104        8.530   341.9     -0.061     -0.348      1.077     -0.654     -0.120     -0.220
1.5500       -29979.275   -29988.250        8.975   359.8     -0.091      0.318      0.343     -0.104      0.014      0.599
1.6000       -29979.577   -29987.498        7.921   317.5     -1.207     -1.463     -0.789      0.390      0.468     -0.726
1.6500       -29979.308   -29987.277        7.969   319.4     -0.534     -0.757     -0.080     -0.420     -0.362     -0.650
1.7000       -29979.660   -29987.697        8.037   322.2     -0.763      0.098     -0.534     -0.210     -0.046      0.129
1.7500       -29979.657   -29988.334        8.677   347.8     -0.799      0.298     -0.570      0.049      0.053     -0.326
1.8000       -29979.086   -29987.477        8.391   336.3     -1.009     -0.208      0.227      0.047     -0.262     -0.012
1.8500       -29978.745   -29987.965        9.220   369.6     -1.306     -1.046     -0.754      0.384     -0.114      0.076
1.9000       -29979.091   -29988.176        9.085   364.2     -0.385     -0.220     -0.904     -0.243      0.037     -0.773
1.9500       -29979.462   -29988.258        8.795   352.6     -0.617     -0.824      0.258     -0.367     -1.019      0.658
2.0000       -29979.056   -29987.908        8.852   354.8     -1.137     -1.909     -0.958     -0.293      0.141     -0.418
2.0500       -29978.714   -29987.662        8.948   358.7      0.951     -0.806     -0.425      0.267     -0.208      0.317
2.1000       -29979.085   -29988.010        8.924   357.7     -0.215     -0.119      0.078     -0.171      0.051      0.045
2.1500       -29978.855   -29987.535        8.680   347.9      0.308      0.232     -0.450     -0.793      0.498     -0.571
2.2000       -29978.785   -29986.979        8.193   328.4      0.644     -0.173      0.951     -0.053      0.161     -0.332
2.2500       -29978.749   -29987.305        8.556   343.0      0.815      1.633      1.033     -0.162      0.291      0.055
2.3000       -29978.347   -29986.443        8.097   324.6     -0.516      0.078      0.030      0.295      0.082      0.288
2.3500       -29978.108   -29986.203        8.095   324.5      1.342      0.427      0.016     -0.278      0.279     -0.338
2.4000       -29978.177   -29986.350        8.172   327.6     -0.283     -0.144      0.245     -0.431     -0.335     -0.053
2.4500       -29978.468   -29986.936        8.467   339.4      1.059      0.249      0.591     -0.294      0.453     -0.450
2.5000       -29978.227   -29986.729        8.501   340.8     -0.229     -1.086     -0.502      0.575     -0.736      0.551
2.5500       -29978.935   -29986.955        8.020   321.5      0.295      0.299      0.264     -0.457     -0.092      0.195
2.6000       -29978.757   -29986.801        8.044   322.4     -0.280     -0.755     -0.963      0.262      0.127     -0.134
2.6500       -29978.818   -29987.184        8.365   335.3      0.084      0.456      0.171     -0.013     -0.169     -0.098
2.7000       -29978.563   -29986.885        8.322   333.6      0.422      0.911     -0.113      0.136     -0.354     -0.678
2.7500       -29978.435   -29987.861        9.426   377.8     -0.438     -0.246     -0.380      0.028      0.554      0.259
2.8000       -29978.770   -29987.574        8.804   352.9     -0.381     -0.582     -0.026      0.115      0.173     -0.569
2.8500       -29978.477   -29987.332        8.855   354.9     -0.117     -0.301      0.070     -0.022     -0.033      0.225
2.9000       -29978.701   -29987.064        8.363   335.2      0.321      0.275      0.202      0.074     -0.226     -0.062
2.9500       -29978.791   -29987.434        8.642   346.4     -0.275     -0.743      0.481     -0.334     -0.118     -0.167
3.0000       -29979.037   -29987.363        8.327   333.8      0.296      0.168      0.500      0.142     -0.253      0.380
3.0500       -29978.770   -29987.137        8.366   335.4      1.286      0.944      0.777      0.109      0.060     -0.284
3.1000       -29979.219   -29986.750        7.531   301.9     -0.670      0.195     -0.179      0.284      0.477      0.208
3.1500       -29978.638   -29987.174        8.536   342.2      0.663      0.294      0.563      0.446      0.054     -0.249
3.2000       -29978.849   -29987.215        8.366   335.3     -1.011      0.551      0.197     -0.257     -0.084      0.116
3.2500       -29979.358   -29987.865        8.507   341.0     -0.208     -0.125     -1.084      0.170     -0.220     -0.205
3.3000       -29979.021   -29986.979        7.957   319.0     -0.486     -1.355     -0.219      0.171     -0.515     -0.201
3.3500       -29978.854   -29987.789        8.935   358.1     -0.673     -0.232      0.379      0.323     -0.017      0.029
3.4000       -29979.117   -29987.936        8.818   353.5      0.062     -0.096      0.854      0.553      0.260      0.258
3.4500       -29979.738   -29988.145        8.407   337.0      0.021      0.726      0.402     -0.122      0.101     -0.326
3.5000       -29980.061   -29988.020        7.959   319.0      0.141      0.680     -0.542      0.033     -0.182      0.216
3.5500       -29979.967   -29988.145        8.177   327.8      0.140     -0.516     -0.414     -0.500      0.732     -0.116
3.6000       -29980.205   -29988.148        7.943   318.4     -0.803      0.533      0.201     -0.020     -0.272      0.288
3.6500       -29980.123   -29987.732        7.610   305.0     -0.037      0.397     -0.105     -0.017     -0.545     -0.187
3.7000       -29979.622   -29988.000        8.378   335.8     -0.715     -1.071     -1.645     -0.098      0.371     -0.145
3.7500       -29979.327   -29987.875        8.548   342.7     -0.499     -1.360     -0.260      0.451      0.001      0.107
3.8000       -29980.049   -29988.018        7.968   319.4     -0.782     -0.641     -1.270      0.050     -0.440      0.199
3.8500       -29980.336   -29988.439        8.103   324.8     -0.186      0.133      0.340      0.054     -0.564     -0.519
3.9000       -29980.713   -29988.457        7.744   310.4      0.150     -0.314      0.096     -0.026      0.079     -0.305
3.9500       -29981.159   -29988.818        7.659   307.0     -0.729      0.476      0.339      0.355     -0.748      0.208
4.0000       -29981.028   -29989.449        8.421   337.6      0.100      0.348     -0.195      0.104      0.254      0.046
4.0500       -29981.277   -29989.498        8.221   329.5      0.071     -0.039     -1.004     -0.283      0.275      0.370
4.1000       -29981.082   -29988.590        7.508   300.9      0.249      0.748     -0.953      0.182     -0.369     -0.417
4.1500       -29980.536   -29989.562        9.026   361.8     -0.611     -0.255     -1.147      0.197      0.513      0.270
4.2000       -29980.000   -29988.232        8.232   330.0      0.223     -0.476     -0.973      0.348     -0.449      0.075
4.2500       -29980.065   -29988.762        8.697   348.6     -0.674     -0.864      0.280      0.249     -0.060     -0.368
4.3000       -29979.932   -29988.500        8.568   343.4     -0.328     -0.627     -1.002      0.812      0.408     -0.084
4.3500       -29980.197   -29987.471        7.274   291.6     -0.398     -0.141      0.477     -0.371     -0.147      0.037
4.4000       -29980.333   -29988.273        7.940   318.3     -0.333     -0.341      0.264      0.765     -0.484     -0.150
4.4500       -29980.096   -29988.098        8.002   320.7     -0.520     -0.432     -1.246      0.092      0.076     -0.041
4.5000       -29979.434   -29988.033        8.600   344.7     -0.647     -0.857     -0.031     -0.098     -0.320     -0.181
4.5500       -29979.448   -29987.803        8.355   334.9      0.047      1.202     -0.247      0.275      0.451     -0.104
4.6000       -29979.677   -29988.918        9.241   370.4     -0.131      0.150     -0.133     -0.115      0.066     -0.254
4.6500       -29979.670   -29987.428        7.758   311.0     -0.554      0.043     -0.440     -0.553     -0.017      0.026
4.7000       -29979.109   -29987.455        8.346   334.5      0.301      0.159     -0.476     -0.083      0.403     -0.144
4.7500       -29979.858   -29988.559        8.700   348.7      0.107     -0.040     -0.038      0.071      0.404      0.219
4.8000       -29979.954   -29988.627        8.673   347.7      0.034      0.590     -0.467      0.086     -0.336      0.046
4.8500       -29980.270   -29988.391        8.120   325.5      0.282     -0.016     -0.314      0.089      0.286     -0.176
4.9000       -29980.040   -29988.160        8.120   325.5      0.345      0.247      0.294     -0.227     -0.094     -0.307
4.9500       -29980.297   -29988.258        7.961   319.1     -0.343     -0.736     -0.050      0.083      0.287     -0.093
5.0000       -29980.489   -29988.781        8.292   332.4      0.015     -0.030     -0.222     -0.612     -0.178     -0.031
5.0500       -29980.415   -29988.562        8.147   326.6     -0.545     -0.327     -0.634      0.360     -0.286      0.568
5.1000       -29980.182   -29989.002        8.820   353.6      0.179     -0.682      0.263     -0.119      0.182      0.210
5.1500       -29980.100   -29988.211        8.111   325.1     -0.271      0.618      0.808      0.442     -0.165      0.409
5.2000       -29980.002   -29988.670        8.668   347.4      0.022      0.551     -0.803     -0.057      0.564      0.231
5.2500       -29979.874   -29987.961        8.087   324.2      0.892     -0.026     -1.321     -0.005     -0.347     -0.071
5.3000       -29979.788   -29988.496        8.709   349.1     -0.402     -0.216      0.013     -0.632      0.048      0.276
5.3500       -29979.662   -29988.256        8.594   344.5     -0.479     -1.016     -1.384      0.660      0.066     -0.092
5.4000       -29979.206   -29988.006        8.800   352.7     -0.829     -0.992     -0.724     -0.461      0.455      0.254
5.4500       -29978.932   -29987.555        8.623   345.6     -0.177     -0.572     -0.855      0.056     -0.114      0.232
5.5000       -29979.149   -29988.162        9.013   361.3      0.284     -0.339      0.330      0.184      0.073      0.587
5.5500       -29979.281   -29987.805        8.524   341.7      0.294      0.053     -0.491      0.233     -0.229     -0.965
5.6000       -29979.127   -29988.293        9.166   367.4     -0.574     -0.311      0.279      0.187     -0.057     -0.031
5.6500       -29979.516   -29987.963        8.447   338.6     -0.800     -0.395     -0.395      0.196     -0.327     -0.032
5.7000       -29979.351   -29987.730        8.379   335.9     -0.203     -0.411      0.307     -0.058      0.612     -0.004
5.7500       -29978.715   -29988.107        9.392   376.5     -0.279     -0.664     -0.396      0.474     -0.089     -0.240
5.8000       -29978.974   -29988.012        9.038   362.3     -0.758     -0.719     -0.399     -0.068     -0.038      0.555
5.8500       -29978.591   -29987.426        8.834   354.1     -0.269      0.549     -0.128      0.127      0.085     -0.176
5.9000       -29978.646   -29987.598        8.952   358.8      0.907     -0.386     -0.717      0.286      0.251     -0.256
5.9500       -29978.485   -29987.357        8.872   355.6      0.197      0.615      1.324     -0.956      0.436      0.660
6.0000       -29978.321   -29987.178        8.857   355.0      0.918      0.440      0.852      0.288      0.375      0.427
6.0500       -29977.808   -29986.361        8.553   342.9     -0.266     -0.177     -0.300     -0.805      0.092     -0.347
6.1000       -29977.768   -29986.244        8.476   339.7     -0.182     -0.059     -0.445      0.464      0.551     -0.342
6.1500       -29978.075   -29987.191        9.116   365.4      0.144     -0.145     -0.006     -0.363     -0.684     -0.013
6.2000       -29978.716   -29987.164        8.448   338.6      0.086      0.127      0.207      0.150      0.229     -0.293
6.2500       -29979.469   -29988.111        8.642   346.4     -0.443     -0.254     -0.569     -0.257      0.172     -0.896
6.3000       -29979.463   -29987.576        8.114   325.2     -0.954      0.567     -1.026     -0.367      0.260      0.217
6.3500       -29979.546   -29987.766        8.220   329.5      0.754      0.152      0.085      0.074     -0.600     -0.357
6.4000       -29979.028   -29987.383        8.355   334.9     -1.488     -0.536     -0.507      0.850     -0.497     -0.440
6.4500       -29979.548   -29987.125        7.577   303.7      0.632      0.600      0.419     -0.426     -0.020      0.241
6.5000       -29979.610   -29987.994        8.384   336.1      1.126      0.337     -0.424     -0.055      0.031      0.252
6.5500       -29979.165   -29987.930        8.765   351.3      1.103      0.778      0.397      0.351     -0.051     -0.312
6.6000       -29979.511   -29988.479        8.968   359.5     -1.352     -1.825     -0.785      0.065     -0.054     -0.479
6.6500       -29979.848   -29987.959        8.111   325.1      0.416     -0.003      0.030     -0.035      0.627      0.055
6.7000       -29980.017   -29987.922        7.905   316.9     -0.147      0.900     -0.454     -0.291     -0.165      0.036
6.7500       -29979.961   -29987.703        7.742   310.3      1.315     -0.285     -0.207      0.344     -0.256     -0.222
6.8000       -29980.427   -29987.916        7.489   300.2     -0.664      0.440     -0.159      0.195     -0.530     -0.059
6.8500       -29980.423   -29989.143        8.719   349.5      0.390     -0.609      0.182      0.083      0.116      0.013
6.9000       -29980.695   -29989.141        8.446   338.6     -1.149     -1.524     -0.659      0.382     -0.049      0.452
6.9500       -29981.005   -29988.859        7.854   314.8     -0.166     -0.280     -1.049     -0.060     -0.346     -0.201
7.0000       -29981.393   -29989.266        7.872   315.6      0.052     -0.734     -0.198      0.380      0.034      0.392
7.0500       -29981.332   -29988.803        7.471   299.5     -0.636     -0.510      0.557     -0.430      0.043      0.084
7.1000       -29980.683   -29989.125        8.442   338.4      1.496      0.259     -0.614     -0.282      0.744     -0.142
7.1500       -29980.838   -29989.234        8.396   336.6     -0.737     -1.046      0.801      0.157     -0.067     -0.694
7.2000       -29981.218   -29989.738        8.520   341.5     -0.416     -0.470     -0.866      0.516      0.269     -0.466
7.2500       -29980.881   -29989.254        8.373   335.6     -0.575     -1.024     -0.916      0.345      0.008     -0.201
7.3000       -29981.659   -29988.869        7.210   289.0     -0.479      0.512      0.004     -0.099      0.139      0.135
7.3500       -29981.821   -29989.455        7.634   306.0      1.149      0.251      0.023     -0.347     -0.059     -0.234
7.4000       -29981.443   -29989.062        7.619   305.4     -0.074     -0.649     -0.448      0.077     -0.050     -0.033
7.4500       -29981.774   -29989.693        7.919   317.4     -0.066      0.796      0.599      0.183      0.051      0.510
7.5000       -29981.539   -29989.211        7.672   307.5      0.745      0.504     -0.061      0.392     -0.318      0.109
7.5500       -29981.405   -29988.855        7.451   298.7      0.090     -0.539     -0.001     -0.232      0.034      0.140
7.6000       -29981.185   -29988.848        7.663   307.2     -0.418     -0.212     -0.763      0.090     -0.138      0.260
7.6500       -29981.624   -29989.428        7.804   312.8     -0.010      0.241     -0.025      0.262      0.241     -0.034
7.7000       -29981.333   -29989.393        8.060   323.1     -0.518      0.034      0.113     -0.023      0.200      0.338
7.7500       -29981.644   -29989.506        7.862   315.2      0.178     -0.050      0.494      0.494      0.057     -0.233
7.8000       -29981.313   -29989.125        7.812   313.1      0.749     -0.039     -0.566      0.075     -0.540     -0.280
7.8500       -29980.880   -29989.109        8.229   329.9     -0.186      0.013      0.166      0.002     -0.128     -0.551
7.9000       -29980.490   -29988.984        8.495   340.5      0.606      0.243     -0.660     -0.262     -0.179     -0.275
7.9500       -29981.344   -29989.271        7.927   317.8      0.227     -0.217      1.018     -0.451      0.209      0.286
8.0000       -29981.186   -29989.080        7.894   316.4      0.301     -0.398      0.249      0.116     -0.390     -0.136
8.0500       -29980.702   -29988.924        8.222   329.6      0.682      0.846      0.133      0.080     -0.241      0.320
8.1000       -29980.225   -29988.586        8.361   335.1      0.255     -0.973     -0.016      0.252     -0.280     -0.020
8.1500       -29980.084   -29987.523        7.439   298.2      0.142      0.116      0.759     -0.258      0.352     -0.316
8.2000       -29979.714   -29988.727        9.012   361.3      0.714      0.072      0.389      0.080     -0.196     -0.326
8.2500       -29980.223   -29987.855        7.633   306.0      0.253      0.395      0.619      0.262     -0.017     -0.432
8.3000       -29980.287   -29988.691        8.404   336.9     -0.624     -0.286      0.191     -0.247     -0.295     -0.275
8.3500       -29980.457   -29988.568        8.111   325.1      0.155     -0.378     -0.664      0.490      0.308     -0.187
8.4000       -29980.046   -29988.320        8.275   331.7      0.745     -0.373      0.812     -0.413     -0.013      0.029
8.4500       -29980.455   -29988.189        7.735   310.0     -0.394     -0.073      0.027      0.557     -0.222     -0.404
8.5000       -29980.221   -29988.381        8.160   327.1     -0.063      0.463     -0.144     -0.189     -0.077     -0.278
8.5500       -29980.465   -29987.990        7.526   301.7      0.243      0.120     -0.289      0.288     -0.344      0.317
8.6000       -29980.948   -29988.244        7.296   292.5      1.087      0.712      0.867      0.654      0.668     -0.488
8.6500       -29980.783   -29988.658        7.875   315.7     -0.065     -0.042     -0.435     -0.141      0.394     -0.086
8.7000       -29981.080   -29989.314        8.235   330.1      0.304      0.401     -0.275     -0.284      0.288     -0.041
8.7500       -29980.864   -29988.795        7.931   317.9      0.326     -0.168      0.469      0.663      0.462     -0.051
8.8000       -29980.550   -29988.369        7.820   313.4     -0.919     -0.472     -0.464     -0.223     -0.091      0.870
8.8500       -29980.451   -29988.506        8.055   322.9     -0.241      0.007     -0.419      0.212      0.507     -0.549
8.9000       -29980.795   -29988.887        8.091   324.3     -0.136     -0.390     -0.575      0.055      0.340     -0.172
8.9500       -29980.741   -29987.947        7.206   288.8     -0.298     -0.291      1.058      0.631     -0.343      0.040
9.0000       -29980.859   -29988.309        7.450   298.6     -0.733     -0.915     -0.967     -0.018      0.187     -0.249
9.0500       -29980.527   -29989.004        8.477   339.8     -0.219      0.307     -0.779      0.006      0.687     -0.283
9.1000       -29980.346   -29988.652        8.306   333.0     -0.595     -0.403     -0.361     -0.141     -0.020      0.371
9.1500       -29980.453   -29988.176        7.723   309.6     -0.373      0.298     -0.450     -0.142     -0.226      0.288
9.2000       -29979.743   -29988.652        8.909   357.1      0.084      0.180     -0.237     -0.481      0.565     -0.225
9.2500       -29980.227   -29988.660        8.433   338.0     -0.130      0.271      0.403      0.099      0.204     -0.389
9.3000       -29980.055   -29987.869        7.814   313.2     -0.084     -0.069     -0.793      0.155     -0.306      0.209
9.3500       -29980.508   -29988.213        7.705   308.9     -0.029      0.434      0.310     -0.470      0.194     -0.251
9.4000       -29980.780   -29988.320        7.540   302.2     -0.586     -0.597     -0.411     -0.316      0.277     -0.115
9.4500       -29981.396   -29988.873        7.477   299.7     -0.324      0.447      0.450     -0.375     -0.163     -0.144
9.5000       -29981.256   -29988.721        7.465   299.2      0.332     -0.499      0.505     -0.437     -0.049     -0.175
9.5500       -29981.611   -29988.910        7.299   292.6      0.744      0.722      0.880      0.448      0.215     -0.061
9.6000       -29981.512   -29988.775        7.264   291.2      0.256     -0.235     -0.964     -0.663      0.209     -0.006
9.6500       -29981.367   -29989.006        7.638   306.2      0.320      0.766      0.906      0.284      0.008     -0.159
9.7000       -29981.405   -29989.281        7.876   315.7     -0.875     -0.093     -0.116     -0.101      0.160      0.010
9.7500       -29981.326   -29989.674        8.348   334.6      0.425     -0.110      0.566      0.025     -0.023     -0.050
9.8000       -29981.312   -29989.291        7.979   319.8      0.504      0.094     -0.236     -0.089      0.170     -0.140
9.8500       -29981.294   -29989.617        8.323   333.6     -0.348      0.188      0.545     -0.311      0.002      0.197
9.9000       -29981.629   -29989.412        7.783   312.0      0.667      0.532     -0.361      0.171     -0.313      0.564
9.9500       -29981.353   -29989.279        7.927   317.7     -0.032      0.283      1.000     -0.393      0.152     -0.241
10.0000      -29981.217   -29988.752        7.535   302.0      0.478      1.097     -0.136     -0.525     -0.009      0.801
10.0500      -29981.131   -29989.100        7.968   319.4     -0.364     -0.332      0.140      0.122     -0.073     -0.174
10.1000      -29980.759   -29989.357        8.598   344.7     -0.028      0.511     -0.469     -0.424      0.149      0.502
10.1500      -29980.862   -29989.410        8.548   342.6     -0.064      0.311     -1.114     -0.157     -0.785      0.157
10.2000      -29980.983   -29989.074        8.091   324.3      0.278      0.572     -0.105     -0.156      0.077      0.003
10.2500      -29981.050   -29989.551        8.501   340.8     -0.638     -0.986     -0.458     -0.511      0.651     -0.153
10.3000      -29981.239   -29988.729        7.489   300.2      0.101     -0.046     -0.658      0.066      0.076     -0.015
10.3500      -29981.254   -29989.203        7.949   318.6     -0.791      0.004     -0.088      0.055      0.030     -0.126
10.4000      -29981.313   -29989.107        7.794   312.4     -0.238     -0.514     -0.354     -0.216     -0.111     -0.262
10.4500      -29981.255   -29989.314        8.060   323.1     -0.150      0.057     -0.050      0.123     -0.456      0.581
10.5000      -29981.684   -29989.117        7.433   298.0      0.760      0.809      0.826      0.246      0.134     -0.103
10.5500      -29981.194   -29989.053        7.859   315.0     -0.398      0.435     -0.514     -0.377      0.269     -0.261
10.6000      -29981.080   -29989.229        8.149   326.6     -0.434     -0.531     -0.155      0.094      0.206      0.264
10.6500      -29981.582   -29988.986        7.405   296.8     -0.162     -0.632     -0.247      0.095     -0.038      0.461
10.7000      -29981.440   -29989.572        8.132   326.0     -0.229     -0.049     -0.120     -0.018      0.109     -0.599
10.7500      -29981.478   -29989.154        7.677   307.7     -0.121     -0.003      0.180      0.230      0.057     -0.113
10.8000      -29981.560   -29989.760        8.200   328.7     -0.251     -0.735     -0.861     -0.192      0.692      0.013
10.8500      -29981.816   -29989.670        7.854   314.8      1.036      0.332     -0.076     -0.442     -0.024     -0.756
10.9000      -29981.848   -29989.402        7.554   302.8     -0.822     -0.016     -0.034     -0.180     -0.063      0.175
10.9500      -29981.525   -29990.051        8.526   341.8     -0.647     -0.678     -0.092      0.099      0.161     -0.498
11.0000      -29981.011   -29989.719        8.708   349.0      0.081     -0.122      0.283     -0.347      0.101     -0.085
11.0500      -29980.922   -29989.832        8.910   357.1      0.313     -0.345     -0.596     -0.559     -0.655      0.068
11.1000      -29981.073   -29988.896        7.823   313.6     -0.425     -0.869      0.325      0.316      0.091     -0.142
11.1500      -29981.503   -29989.291        7.788   312.2      0.350     -0.188     -0.609     -0.211      0.396     -0.340
11.2000      -29981.289   -29989.361        8.072   323.6     -0.696     -0.122     -0.265     -0.473      0.385     -0.148
11.2500      -29981.066   -29989.398        8.332   334.0     -1.010     -0.628     -1.095      0.136      0.125      0.309
11.3000      -29981.059   -29989.084        8.025   321.7     -0.791     -0.706     -0.891      0.011      0.447     -0.630
11.3500      -29980.933   -29989.152        8.219   329.5     -0.511     -0.247     -0.490     -0.235      0.182     -0.695
11.4000      -29981.116   -29989.422        8.306   332.9     -0.210     -0.347     -0.188     -0.389      0.044      0.186
11.4500      -29980.996   -29989.717        8.721   349.6     -0.564     -0.410     -0.599      0.275      0.034     -0.019
11.5000      -29981.103   -29989.400        8.297   332.6     -0.728     -0.620     -0.031     -0.102      0.232      0.009
11.5500      -29981.253   -29989.467        8.214   329.2     -1.328     -0.168     -0.781      0.169      0.175      0.295
11.6000      -29981.907   -29989.855        7.948   318.6     -0.100     -0.566      0.599     -0.318     -0.187      0.187
11.6500      -29982.335   -29990.283        7.948   318.6     -0.604      0.287     -0.249      0.235      0.213      0.353
11.7000      -29982.273   -29989.648        7.376   295.7      0.483     -1.104      0.062     -0.026     -0.228      0.078
11.7500      -29982.125   -29989.742        7.618   305.3      0.254      0.266      0.641      0.086     -0.279      0.102
11.8000      -29981.981   -29990.074        8.093   324.4      0.391     -0.068     -0.067     -0.208      0.232      0.051
11.8500      -29981.617   -29989.395        7.778   311.8     -0.873     -0.340     -0.445     -0.210     -0.103     -0.251
11.9000      -29981.254   -29989.602        8.348   334.6     -0.138      0.774     -0.227      0.079      0.443     -0.599
11.9500      -29980.934   -29989.227        8.293   332.4     -0.599     -0.098     -0.086      0.020     -0.150      0.296
12.0000      -29981.143   -29989.543        8.400   336.7     -0.609     -0.665     -0.573     -0.378     -0.116     -0.424
12.0500      -29980.784   -29989.176        8.392   336.4     -1.255     -0.366     -0.163      0.135     -0.364      0.547
12.1000      -29980.561   -29989.111        8.551   342.7      0.156     -0.509      0.031     -0.094     -0.310     -0.182
12.1500      -29980.539   -29988.863        8.324   333.7     -0.507     -1.120     -0.312     -0.034     -0.299     -0.165
12.2000      -29980.697   -29989.004        8.307   333.0      0.389      0.146     -0.600      0.129      0.448      0.123
12.2500      -29980.430   -29988.623        8.193   328.4     -0.677      0.532      0.146     -0.394     -0.416      0.205
12.3000      -29980.517   -29988.914        8.397   336.6     -1.067     -0.313     -0.530     -0.299     -0.028     -0.784
12.3500      -29980.608   -29988.664        8.056   322.9      0.076      0.176      0.459     -0.249     -0.174     -0.294
12.4000      -29980.901   -29989.398        8.498   340.6      0.123      0.428     -0.074      0.308      0.161      0.527
12.4500      -29980.951   -29988.977        8.025   321.7     -0.474     -0.109     -0.121      0.041     -0.202     -0.381
12.5000      -29981.343   -29989.229        7.886   316.1      0.260     -0.776     -1.120      0.437     -0.102      0.013
12.5500      -29981.234   -29989.377        8.143   326.4      0.397      0.485      0.223     -0.386      0.025      0.113
12.6000      -29980.883   -29988.615        7.732   310.0     -0.303      1.386      0.094     -0.263      0.884      0.384
12.6500      -29981.258   -29989.363        8.105   324.9     -0.236      0.113     -0.062      0.481      0.285      0.084
12.7000      -29981.292   -29989.023        7.731   309.9     -1.075     -0.040     -1.220      0.208     -0.185      0.089
12.7500      -29981.426   -29989.684        8.257   331.0     -0.545      0.433     -0.011     -0.296     -0.830     -0.006
12.8000      -29981.424   -29989.217        7.793   312.4      0.227     -0.096      0.148     -0.139      0.670      0.366
12.8500      -29980.832   -29989.254        8.422   337.6     -0.718      0.319     -0.040     -0.063     -0.583      0.221
12.9000      -29981.491   -29989.637        8.146   326.5     -0.465     -0.152     -0.070     -0.015      0.217      0.146
12.9500      -29981.432   -29989.594        8.161   327.1     -0.672      0.410     -0.853      0.602     -0.023      0.274
13.0000      -29981.195   -29989.494        8.299   332.7     -0.292     -0.567     -0.293      0.280      0.125     -0.018
13.0500      -29980.679   -29989.049        8.370   335.5     -0.254      0.226     -0.147      0.159     -0.568     -0.500
13.1000      -29980.430   -29989.301        8.871   355.6      0.239     -0.029     -1.109      0.403      0.025     -0.181
13.1500      -29980.555   -29989.004        8.449   338.7     -0.321     -0.511     -0.193      0.070      0.086      0.081
13.2000      -29980.897   -29989.414        8.517   341.4     -0.651     -0.678     -0.135     -0.010      0.066     -0.500
13.2500      -29980.344   -29988.750        8.406   336.9     -0.035     -0.338      0.624     -0.056      0.119     -0.324
13.3000      -29979.761   -29988.668        8.907   357.0     -0.675     -0.716     -0.745      0.122      0.136     -0.249
13.3500      -29980.305   -29988.877        8.572   343.6     -0.100     -0.341     -0.165     -0.125      0.059     -0.027
13.4000      -29980.580   -29988.543        7.963   319.2     -0.130      0.232      0.211     -0.338      0.583      0.250
13.4500      -29980.520   -29989.057        8.537   342.2     -0.429     -0.801     -0.634     -0.028      0.638     -0.175
13.5000      -29980.263   -29988.424        8.161   327.1     -0.919     -1.291      0.110      0.204      0.132      0.352
13.5500      -29979.893   -29988.857        8.965   359.3     -1.110     -0.126     -0.579      0.119     -0.176     -0.177
13.6000      -29979.756   -29988.639        8.883   356.1     -0.738     -0.923      0.022     -0.653      0.154      0.347
13.6500      -29980.097   -29987.848        7.751   310.7     -0.409      0.576      0.116     -0.293      0.326     -0.326
13.7000      -29980.014   -29988.033        8.020   321.5      0.496     -0.126      0.414     -0.263      0.010     -0.325
13.7500      -29980.077   -29988.719        8.642   346.4     -0.893      0.186     -0.628      0.555      0.456     -0.365
13.8000      -29980.431   -29988.818        8.388   336.2      0.215      0.067      0.706     -0.343     -0.414     -0.768
13.8500      -29980.913   -29989.385        8.472   339.6      0.389      1.451     -1.123     -0.437      0.389     -0.278
13.9000      -29980.270   -29988.537        8.267   331.4     -0.467      0.548      0.434      0.635     -0.303      0.168
13.9500      -29980.587   -29988.906        8.319   333.5     -0.683      0.026     -0.512      0.371     -0.409     -0.161
14.0000      -29980.377   -29988.838        8.461   339.2     -0.052     -0.166      0.554     -0.133      0.019      0.364
14.0500      -29980.480   -29989.236        8.757   351.0      0.012     -0.326     -0.263      0.125     -0.361     -0.482
14.1000      -29980.543   -29988.723        8.179   327.9      0.080     -0.053      0.277      0.130      0.079      0.931
14.1500      -29980.515   -29988.496        7.981   319.9      0.311      0.254     -0.221     -0.196      0.229     -0.237
14.2000      -29980.967   -29988.650        7.683   308.0      0.514      0.035      0.289      0.432     -0.105      0.638
14.2500      -29980.758   -29988.730        7.973   319.6     -0.162     -0.766     -0.296      0.112      0.202     -0.773
14.3000      -29980.226   -29988.408        8.182   328.0      0.390     -0.812     -0.343     -0.001      0.168      0.480
14.3500      -29980.706   -29989.148        8.442   338.4     -0.771      0.101      0.108      0.137      0.270      0.303
14.4000      -29980.301   -29988.645        8.343   334.4     -0.527      0.261     -0.866      0.666     -0.073     -0.376
14.4500      -29980.369   -29989.160        8.791   352.4     -0.673     -0.116     -0.111     -0.243      0.611      0.428
14.5000      -29980.023   -29988.426        8.403   336.8      0.407      0.503     -0.218     -0.424     -0.246      0.135
14.5500      -29979.408   -29988.516        9.108   365.1     -0.358     -0.937      0.219     -0.206      0.323     -0.140
14.6000      -29979.661   -29988.393        8.731   350.0     -0.593     -1.061     -0.476      0.458     -0.435     -0.657
14.6500      -29979.644   -29987.947        8.303   332.8      0.193      0.133     -0.790     -0.157     -0.081      0.313
14.7000      -29979.835   -29988.182        8.346   334.6     -0.153      0.251     -0.252     -0.289     -0.053     -0.208
14.7500      -29979.645   -29987.973        8.328   333.8     -0.249     -0.086     -0.958     -0.399     -0.837     -0.116
14.8000      -29979.389   -29988.617        9.228   369.9     -0.858     -0.379     -0.923     -0.045      0.149     -0.055
14.8500      -29979.130   -29987.979        8.849   354.7     -0.454     -1.103     -0.696     -0.425      0.454     -0.523
14.9000      -29978.802   -29987.854        9.052   362.8      0.281     -0.053     -0.046      0.268     -0.504     -0.162
14.9500      -29978.985   -29987.852        8.866   355.4     -0.730     -0.562     -0.677      0.088      0.216     -0.035
15.0000      -29979.167   -29987.842        8.675   347.7      0.514     -0.333     -0.121     -0.153     -0.102      0.544
15.0500      -29979.033   -29987.564        8.532   342.0     -0.048     -0.082      0.222      0.396     -0.155      0.103
15.1000      -29978.957   -29987.609        8.653   346.8     -0.949     -0.077     -0.231      0.103     -0.481      0.264
15.1500      -29978.373   -29987.896        9.524   381.8     -0.100      0.296     -0.758      0.398     -0.431     -0.045
15.2000      -29978.480   -29987.156        8.676   347.8      0.740     -0.760     -0.900     -0.294      0.688      0.271
15.2500      -29978.666   -29988.115        9.449   378.8     -1.124      0.387     -0.907      0.353     -0.126      0.056
15.3000      -29979.134   -29987.781        8.647   346.6     -0.346     -1.543     -0.432     -0.352      0.536      0.379
15.3500      -29979.304   -29987.523        8.220   329.5      1.053      0.497     -0.101     -0.122     -0.514      0.439
15.4000      -29979.183   -29987.738        8.555   342.9      0.209     -0.288     -0.649      0.348      0.078      0.078
15.4500      -29979.240   -29987.842        8.602   344.8     -1.181     -0.345     -0.869     -0.494     -0.327     -0.105
15.5000      -29980.173   -29989.242        9.069   363.5     -1.205     -0.568     -0.180     -0.205     -0.253     -0.039
15.5500      -29979.890   -29988.523        8.634   346.1      0.262     -0.532     -0.549      0.520      0.415      0.633
15.6000      -29980.421   -29988.764        8.343   334.4      0.624      0.183      0.628      0.402     -0.490     -0.035
15.6500      -29980.767   -29988.971        8.204   328.9      0.585      1.618      0.111     -0.438     -0.097     -0.503
15.7000      -29981.027   -29988.816        7.790   312.3     -0.999     -0.536     -0.456      0.406     -0.135      0.240
15.7500      -29980.541   -29988.344        7.802   312.8     -0.445      0.539     -0.333      0.182     -0.107     -0.731
15.8000      -29980.612   -29988.355        7.744   310.4     -0.490     -0.441      0.039      0.077      0.205     -0.084
15.8500      -29980.231   -29987.891        7.660   307.0      0.653     -0.091      0.111     -0.075      0.529     -0.237
15.9000      -29980.549   -29988.055        7.505   300.8     -1.162      0.149     -1.222     -0.371     -0.567      0.212
15.9500      -29980.870   -29989.145        8.275   331.7      0.077     -0.512      0.273      0.128      0.225     -0.143
16.0000      -29980.820   -29988.820        8.000   320.7      0.428      0.109     -0.477     -0.388     -0.572      0.207
16.0500      -29980.752   -29989.002        8.250   330.7     -0.064     -0.203     -0.232     -0.115     -0.298      0.015
16.1000      -29980.901   -29989.514        8.613   345.2     -0.204      0.910      0.670      0.252     -0.396      0.020
16.1500      -29980.924   -29989.463        8.539   342.3     -0.524     -0.155     -0.313     -0.362      0.176     -0.415
16.2000      -29981.010   -29989.314        8.304   332.9     -0.620      0.330     -0.181      0.237      0.064      0.610
16.2500      -29980.964   -29989.939        8.976   359.8     -0.372      0.861     -0.025     -0.128      0.896     -0.274
16.3000      -29981.390   -29989.641        8.251   330.7     -0.889     -0.624     -0.169     -0.038      0.088      0.255
16.3500      -29981.205   -29989.561        8.356   334.9     -0.776     -0.204     -0.050      0.490      0.094     -0.324
16.4000      -29980.895   -29989.623        8.728   349.9     -0.178     -0.653     -0.624     -0.037     -0.176     -0.095
16.4500      -29981.343   -29989.576        8.233   330.0     -0.615     -0.427      0.206     -0.026      0.409      0.060
16.5000      -29980.715   -29989.012        8.297   332.6     -0.356      0.456     -0.867     -0.007     -0.418      0.915
16.5500      -29980.525   -29989.186        8.660   347.1     -0.944     -0.543     -1.376     -0.069      0.032     -0.420
16.6000      -29980.839   -29989.270        8.431   337.9     -1.133     -0.017     -1.007      0.243      0.213      0.163
16.6500      -29980.346   -29988.873        8.527   341.8     -0.347      0.493     -0.648     -0.828      0.237      0.003
16.7000      -29980.918   -29988.830        7.912   317.2      0.266      0.088      0.263     -0.018     -0.427      0.104
16.7500      -29980.535   -29988.445        7.911   317.1     -0.336      0.088      0.017     -0.228     -0.253      0.264
16.8000      -29980.780   -29989.191        8.412   337.2     -1.054     -1.002     -0.260     -0.530     -0.459      0.027
16.8500      -29981.424   -29989.957        8.533   342.0      0.265     -0.277      0.934     -0.003     -0.537      0.041
16.9000      -29981.278   -29989.562        8.284   332.1     -0.140      0.998      0.456      0.064     -0.306     -0.875
16.9500      -29981.305   -29989.076        7.771   311.5      0.145     -0.413     -0.375      0.457     -0.435      0.174
17.0000      -29980.890   -29989.777        8.887   356.2     -0.539      0.421     -0.080      0.072      0.075     -0.473
17.0500      -29980.589   -29988.982        8.393   336.4      0.699      0.174     -0.135     -0.010      0.390     -0.098
17.1000      -29981.226   -29989.703        8.478   339.8     -0.199      0.826      0.074     -0.499     -0.404      0.312
17.1500      -29981.135   -29989.312        8.178   327.8     -0.388      0.031     -0.128     -0.250      0.069      0.288
17.2000      -29981.637   -29989.535        7.898   316.6      0.207     -0.197     -1.144     -0.262      0.043      0.407
17.2500      -29981.611   -29989.762        8.151   326.7     -0.464     -0.159     -0.559      0.500      0.095     -0.010
17.3000      -29981.266   -29989.695        8.430   337.9     -0.262      0.656      0.315     -0.570     -0.474      0.566
17.3500      -29980.983   -29990.119        9.136   366.2     -0.491     -0.706     -0.474      0.098      0.473      0.107
17.4000      -29981.116   -29988.809        7.692   308.3     -0.411     -0.255      0.215      0.366     -0.213     -0.046
17.4500      -29981.195   -29990.061        8.865   355.4      0.302      1.160      0.537      0.060     -0.115      0.513
17.5000      -29981.281   -29989.172        7.891   316.3     -0.499     -1.137     -0.507      0.761      0.079      0.238
17.5500      -29981.320   -29989.348        8.027   321.8     -0.629     -0.402     -0.394      0.373      0.043     -0.366
17.6000      -29980.377   -29989.482        9.106   365.0     -0.438     -0.659     -1.231      0.142      0.029      0.488
17.6500      -29980.443   -29988.947        8.504   340.9     -0.537     -0.917     -0.428      0.236     -0.442     -0.196
17.7000      -29980.370   -29988.727        8.357   335.0     -0.349     -0.777     -0.299      0.263      0.154     -0.340
17.7500      -29980.417   -29988.875        8.458   339.0      0.133      0.265     -0.496     -0.036      0.024     -0.266
17.8000      -29980.592   -29988.756        8.164   327.3      0.970      0.174      0.692     -0.404      0.816     -0.080
17.8500      -29980.188   -29988.531        8.343   334.4     -0.016     -0.569     -0.762      0.644      0.046     -0.118
17.9000      -29980.523   -29989.000        8.477   339.8     -0.070      0.637     -0.131      0.156     -0.340     -0.043
17.9500      -29980.269   -29989.145        8.876   355.8     -0.164      0.072      0.645      0.116      0.196      0.026
18.0000      -29980.695   -29988.699        8.004   320.8     -0.211     -0.105     -0.439      0.476      0.003      0.162
18.0500      -29981.228   -29989.221        7.992   320.4     -0.422      0.751     -0.319     -0.487     -0.034     -0.166
18.1000      -29981.620   -29989.299        7.679   307.8     -0.388     -0.154      0.328      0.313     -0.081     -0.530
18.1500      -29981.288   -29989.303        8.015   321.3     -0.683     -0.954     -0.742      0.113      0.393      0.228
18.2000      -29981.341   -29989.455        8.114   325.2      0.088     -0.376     -0.519     -0.691     -0.328      0.177
18.2500      -29980.867   -29989.535        8.668   347.5      0.384     -0.222      0.558      0.455      0.030      0.108
18.3000      -29981.509   -29989.195        7.687   308.1     -0.137      1.169      0.369      0.052     -0.059     -0.426
18.3500      -29981.746   -29989.160        7.414   297.2      0.311     -0.279      0.899      0.308     -0.369      0.004
18.4000      -29982.013   -29989.828        7.815   313.3     -0.078      0.011      0.134     -0.014     -0.018      0.519
18.4500      -29981.809   -29989.684        7.875   315.7      0.017      0.349     -0.101     -0.426      0.735     -0.300
18.5000      -29980.998   -29988.838        7.840   314.3     -0.329     -0.384      0.355      0.347     -0.507      0.422
18.5500      -29981.020   -29989.207        8.187   328.2     -0.422     -0.114     -0.108     -0.359      0.706     -0.304
18.6000      -29980.650   -29989.328        8.678   347.8     -0.245      0.063      0.053     -0.022      0.125     -0.192
18.6500      -29981.098   -29989.629        8.531   342.0      0.251      0.167      0.071      0.410      0.547     -0.513
18.7000      -29980.969   -29989.156        8.188   328.2     -0.408     -0.436     -0.987      0.022     -0.066      0.288
18.7500      -29980.768   -29988.285        7.517   301.3     -0.138      0.435      0.340     -0.228     -0.114      0.559
18.8000      -29980.817   -29988.941        8.125   325.7      0.447      0.148      0.164      0.124     -0.354     -0.253
18.8500      -29980.831   -29989.295        8.464   339.3      0.119     -0.386      0.721     -0.029     -0.070     -0.307
18.9000      -29980.815   -29988.924        8.109   325.0      0.315     -0.186      0.465      0.066      0.429     -0.177
18.9500      -29980.173   -29988.709        8.536   342.2     -0.087      0.101     -0.801     -0.220      0.038      0.144
19.0000      -29980.589   -29988.469        7.880   315.9      1.039      0.651      0.360     -0.251      0.224     -0.632
19.0500      -29980.614   -29988.988        8.374   335.7      0.334      0.586     -0.013     -0.374     -0.307      0.129
19.1000      -29980.624   -29988.783        8.159   327.1     -0.051     -0.098     -0.991     -0.156      0.093     -0.242
19.1500      -29980.585   -29989.072        8.487   340.2     -0.561     -0.413     -0.284     -0.552      0.470     -0.035
19.2000      -29980.065   -29988.471        8.406   336.9      0.166     -0.539      0.219     -0.001     -0.591      0.426
19.2500      -29979.383   -29987.568        8.186   328.1      0.311     -0.315     -0.203      0.731      0.098      0.306
19.3000      -29980.304   -29989.248        8.944   358.5     -0.774      0.106     -0.641     -0.704     -0.373     -0.117
19.3500      -29980.214   -29988.854        8.640   346.3     -0.002     -0.522      0.417     -0.195      0.168     -0.471
19.4000      -29979.871   -29987.727        7.855   314.9      1.048     -0.040      0.248      0.007     -0.454      0.156
19.4500      -29980.515   -29988.709        8.194   328.4     -0.234      0.825      0.594     -0.188     -0.252      0.073
19.5000      -29980.129   -29988.000        7.871   315.5     -1.377     -0.436      1.091      0.726     -0.206     -0.459
19.5500      -29980.405   -29988.018        7.612   305.1      0.018      1.067      0.108      0.268      0.156      0.203
19.6000      -29980.125   -29988.473        8.348   334.6      0.101     -0.540      0.412      0.132     -0.432     -0.222
19.6500      -29980.619   -29988.496        7.877   315.7     -0.136      0.439      0.724     -0.402     -0.201      0.022
19.7000      -29980.541   -29988.436        7.895   316.5      0.172      1.006     -0.208     -0.193      0.231     -0.621
19.7500      -29980.585   -29987.662        7.077   283.7      0.274      0.670      0.080      0.498     -0.396      0.195
19.8000      -29981.021   -29988.543        7.522   301.5      0.692      0.313     -0.309      0.305      0.094      0.103
19.8500      -29981.179   -29989.035        7.856   314.9      0.525     -0.242     -0.050     -0.146      0.023     -0.079
19.9000      -29980.974   -29989.139        8.165   327.3      1.289      0.563      1.022     -0.075     -0.016     -0.054
19.9500      -29980.597   -29988.697        8.101   324.7      0.935      0.274      0.137      0.473      0.084     -0.257
20.0000      -29980.918   -29988.816        7.899   316.6     -0.594     -0.079      0.465      0.402      0.311      0.621
